10-27 16:51:00.203 D/OplusTransitionController( 1888):  info: {id=331 t=OPEN f=0x0 trk=0 r=[0@Point(0, 0)] c=[{null m=OPEN f=TRANSLUCENT|FILLS_TASK leash=Surface(name=ActivityRecord{5903e16 u0 com.android.permissioncontroller/.permission.ui.GrantPermissionsActivity t10048})/@0x83a6396 sb=Rect(0, 0 - 0, 0) eb=Rect(0, 0 - 1080, 2412) d=-1->0 r=-1->0:-1}]}, 
10-27 16:51:00.203 D/OplusTransitionController( 1888):  targets : [ActivityRecord{5903e16 u0 com.android.permissioncontroller/.permission.ui.GrantPermissionsActivity t10048}]
10-27 16:51:00.205 V/WindowManagerShell( 2549): onTransitionReady android.os.BinderProxy@7b6aea1: {id=331 t=OPEN f=0x0 trk=0 r=[0@Point(0, 0)] c=[{null m=OPEN f=TRANSLUCENT|FILLS_TASK leash=Surface(name=ActivityRecord{5903e16 u0 com.android.permissioncontroller/.permission.ui.GrantPermissionsActivity t10048})/@0xa8a5d02 sb=Rect(0, 0 - 0, 0) eb=Rect(0, 0 - 1080, 2412) d=-1->0 r=-1->0:-1}]}
10-27 16:51:00.205 V/WindowManagerShell( 2549): Playing animation for (#331)android.os.BinderProxy@7b6aea1@0
10-27 16:51:00.205 V/WindowManagerShell( 2549):  try handler com.oplus.zoom.transition.ZoomTransitionController@bc9ab00
10-27 16:51:00.205 V/WindowManagerShell( 2549):  try handler com.android.wm.shell.transition.DefaultMixedHandler@8f7ff39
10-27 16:51:00.205 V/WindowManagerShell( 2549):  try handler com.android.wm.shell.keyguard.KeyguardTransitionHandler@1da8493
10-27 16:51:00.205 V/WindowManagerShell( 2549):  try handler com.android.wm.shell.activityembedding.ActivityEmbeddingController@b216cd0
10-27 16:51:00.205 V/WindowManagerShell( 2549):  try handler com.android.wm.shell.recents.RecentsTransitionHandler@542e4c9
10-27 16:51:00.205 V/WindowManagerShell( 2549): RecentsTransitionHandler.startAnimation: no controller found
10-27 16:51:00.205 V/WindowManagerShell( 2549):  try handler com.android.wm.shell.pip.PipTransition@ba6d7ce
10-27 16:51:00.205 V/WindowManagerShell( 2549):  try handler com.android.wm.shell.splitscreen.StageCoordinator@31ed6ef
10-27 16:51:00.205 V/WindowManagerShell( 2549):  try handler com.oplus.flexibleactivity.FlexibleActivityTransitionHandler@57885fc
10-27 16:51:00.205 V/WindowManagerShell( 2549):  try handler OnePuttTransitionHandler
10-27 16:51:00.205 V/WindowManagerShell( 2549):  try handler com.android.wm.shell.transition.RemoteTransitionHandler@9c605e8
10-27 16:51:00.205 V/WindowManagerShell( 2549): Transition doesn't have explicit remote, search filters for match for {id=331 t=OPEN f=0x0 trk=0 r=[0@Point(0, 0)] c=[{null m=OPEN f=TRANSLUCENT|FILLS_TASK leash=Surface(name=ActivityRecord{5903e16 u0 com.android.permissioncontroller/.permission.ui.GrantPermissionsActivity t10048})/@0xa8a5d02 sb=Rect(0, 0 - 0, 0) eb=Rect(0, 0 - 1080, 2412) d=-1->0 r=-1->0:-1}]}
10-27 16:51:00.205 V/WindowManagerShell( 2549):  Checking filter Pair{{types=[] flags=0x0] notFlags=0x100 checks=[{atype=home independent=true modes=[OPEN,TO_FRONT] flags=NONE mustBeTask=false order=TOP topActivity=ComponentInfo{com.android.launcher/com.android.launcher.Launcher}},{atype=standard independent=true modes=[CLOSE,TO_BACK] flags=NONE mustBeTask=false order=ANY topActivity=null}]} RemoteTransition { remoteTransition = android.window.IRemoteTransition$Stub$Proxy@88d6401, appThread = android.app.IApplicationThread$Stub$Proxy@27212a6, debugName = QuickstepLaunchHome }}
10-27 16:51:00.205 V/WindowManagerShell( 2549):  Delegate animation for #331 to null
10-27 16:51:00.205 V/WindowManagerShell( 2549):  try handler com.android.wm.shell.transition.DefaultTransitionHandler@ea4b4e7
10-27 16:51:00.205 V/WindowManagerShell( 2549): start default transition animation, info = {id=331 t=OPEN f=0x0 trk=0 r=[0@Point(0, 0)] c=[{null m=OPEN f=TRANSLUCENT|FILLS_TASK leash=Surface(name=ActivityRecord{5903e16 u0 com.android.permissioncontroller/.permission.ui.GrantPermissionsActivity t10048})/@0xa8a5d02 sb=Rect(0, 0 - 0, 0) eb=Rect(0, 0 - 1080, 2412) d=-1->0 r=-1->0:-1}]}
10-27 16:51:00.207 V/WindowManagerShell( 2549):  animated by com.android.wm.shell.transition.DefaultTransitionHandler@ea4b4e7
10-27 16:51:00.216 I/SurfaceAnimationRunner( 1888): startAnimation requiresEdgeExtension=false, animationLeash=Surface(name=Surface(name=Dim Layer for - Task=10048)/@0x3312322 - animation-leash of dimmer)/@0x2ec81b3, runningAnim=com.android.server.wm.SurfaceAnimationRunner$RunningAnimation@1a9f370, mPreProcessingAnimations={}
10-27 16:51:00.220 D/CompatibilityChangeReporter( 1888): Compat change id reported: 214016041; UID 10220; state: ENABLED
10-27 16:51:00.220 D/InputMethodManagerService( 1888): isSecurity: attribute.packageName = com.android.permissioncontroller mCurMethodId = com.tencent.wetype/.plugin.hld.WxHldService isSecurity = false ( enable = true needShow = false inBlackList = false isExist = true )
10-27 16:51:00.220 D/SurfaceAnimationRunner( 1888): onAnimationStart:Surface(name=Surface(name=Dim Layer for - Task=10048)/@0x3312322 - animation-leash of dimmer)/@0x2ec81b3
10-27 16:51:00.225 D/OplusAlarmAdjustment( 1888): unalignAlarmsByUid(), uid=10228, pkgName=com.nearme.gamecenter, actions=null, procs=null, requester=1
10-27 16:51:00.225 D/OplusAlarmAdjustment( 1888): unproxyAlarmsByUid(), uid=10232, pkgName=com.oplus.games, requester=1
10-27 16:51:00.225 D/OplusAlarmAdjustMap( 1888): removeAlignUid, uid=10228, requester=1
10-27 16:51:00.226 D/OplusAlarmAdjustMap( 1888): removeProxyUid, uid=10232, requester=1
10-27 16:51:00.229 D/ActivityTaskManager( 1888): Clearing startingData for token=null
10-27 16:51:00.243 W/Looper  ( 1888): Slow delivery took 230ms android.fg h=android.os.Handler c=<recycled PooledLambda@6c4c088> m=0
10-27 16:51:00.253 D/OAppNetControlService( 1888): Hans update:[10316=false][0|0] blackList:[10278, 10190, 10249, 10241, 10240, 10242]
10-27 16:51:00.278 D/OAppNetControlService( 1888): Hans update:[10242=false][0|0] blackList:[10278, 10190, 10249, 10241, 10240]
10-27 16:51:00.320 I/Quality ( 1888): LaunchTime2.0: com.android.permissioncontroller/.permission.ui.GrantPermissionsActivity 2 770 com.example.translatorapp -1 -1 19457 2963 191561728 0 0
10-27 16:51:00.321 V/WindowManager( 1888): Sent Transition #331 createdAt=10-27 16:50:59.525 via request=TransitionRequestInfo { type = OPEN, triggerTask = TaskInfo{userId=0 taskId=10048 displayId=0 isRunning=true baseIntent=Intent { act=android.intent.action.MAIN cat=[android.intent.category.LAUNCHER] flg=0x10200000 cmp=com.example.translatorapp/.MainActivity mCallingUid=10172 } baseActivity=ComponentInfo{com.example.translatorapp/com.example.translatorapp.MainActivity} topActivity=ComponentInfo{com.android.permissioncontroller/com.android.permissioncontroller.permission.ui.GrantPermissionsActivity} origActivity=null realActivity=ComponentInfo{com.example.translatorapp/com.example.translatorapp.MainActivity} numActivities=2 lastActiveTime=63582671 supportsSplitScreenMultiWindow=true supportsMultiWindow=true supportsPocketStudioMultiWindow=true isInFlexibleEmbedded = false uid = 10220 pid = 0 resizeMode=1 isResizeable=true minWidth=-1 minHeight=-1 defaultMinSize=220 token=WCT{RemoteToken{1253864 Task{5c8b52b #10048 type=standard A=10378:com.example.translatorapp}}} topActivityType=1 pictureInPictureParams=null shouldDockBigOverlays=false launchIntoPipHostTaskId=-1 lastParentTaskIdBeforePip=-1 displayCutoutSafeInsets=Rect(0, 96 - 0, 0) topActivityInfo=ActivityInfo{e107d8 com.android.permissioncontroller.permission.ui.GrantPermissionsActivity} launchCookies=[android.os.BinderProxy@e4926c9] positionInParent=Point(0, 0) parentTaskId=-1 isFocused=true isVisible=true isVisibleRequested=true isSleeping=false topActivityInSizeCompat=false topActivityInOplusCompatMode=false topActivityEligibleForLetterboxEducation= false topActivityLetterboxed= false isFromDoubleTap= false topActivityLetterboxVerticalPosition= -1 topActivityLetterboxHorizontalPosition= -1 topActivityLetterboxWidth=-1 topActivityLetterboxHeight=-1 locusId=null displayAreaFeatureId=1 cameraCompatControlState=hidden locusId= null topActivityLetterboxInsets=Rect(0, 0 - 0, 0)}, remoteTransition = null, displayChange = null }
10-27 16:51:00.321 V/WindowManager( 1888):     startWCT=WindowContainerTransaction { changes = {} hops = [] errorCallbackToken=null taskFragmentOrganizer=null }
10-27 16:51:00.321 V/WindowManager( 1888):     info={id=331 t=OPEN f=0x0 trk=0 r=[0@Point(0, 0)] c=[{null m=OPEN f=TRANSLUCENT|FILLS_TASK leash=Surface(name=ActivityRecord{5903e16 u0 com.android.permissioncontroller/.permission.ui.GrantPermissionsActivity t10048})/@0x83a6396 sb=Rect(0, 0 - 0, 0) eb=Rect(0, 0 - 1080, 2412) d=-1->0 r=-1->0:-1}]}
10-27 16:51:00.367 D/OplusProxyWakeLock( 1888):  Uid:10240 pids[[]] PackageName:com.coloros.weather2 UidState:1 ProxyButDropTypes:[26, 10, 32, 6]
10-27 16:51:00.367 D/OplusProxyWakeLock( 1888):  Uid:10241 pids[[]] PackageName:com.coloros.shortcuts UidState:1 ProxyButDropTypes:[26, 10, 32, 6]
10-27 16:51:00.367 D/OplusProxyWakeLock( 1888):  Uid:10243 pids[[]] PackageName:com.coloros.familyguard UidState:1 ProxyButDropTypes:[26, 10, 32, 6]
10-27 16:51:00.367 D/OplusProxyWakeLock( 1888):  Uid:10278 pids[[]] PackageName:com.xingin.xhs UidState:1 ProxyButDropTypes:[26, 10, 32, 6]
10-27 16:51:00.367 D/OplusProxyWakeLock( 1888):  Uid:10249 pids[[]] PackageName:com.ss.android.ugc.aweme UidState:1 ProxyButDropTypes:[26, 10, 32, 6]
10-27 16:51:00.367 D/OplusProxyWakeLock( 1888):  Uid:10190 pids[[]] PackageName:org.localsend.localsend_app UidState:1 ProxyButDropTypes:[26, 10, 32, 6]
10-27 16:51:00.367 D/OplusProxyWakeLock( 1888):  Uid:10292 pids[[]] PackageName:com.tencent.mobileqq UidState:1 ProxyButDropTypes:[26, 10, 32, 6]
10-27 16:51:00.375 D/OAppNetControlService( 1888): Hans update:[10088=true][0|0] blackList:[10278, 10190, 10249, 10241, 10240, 10088]
10-27 16:51:00.376 D/OplusAlarmAdjustment( 1888): proxyAlarmsByUid(), uid=10088, pkgName=com.heytap.themestore, requester=1
10-27 16:51:00.376 D/OplusAlarmAdjustMap( 1888): addProxyUid, uid=10088, pkgName=com.heytap.themestore, requester=1
10-27 16:51:00.426 I/OplusRecommendPermissionManager( 1888): cloud cache have no recommended data now to package: com.example.translatorapp
10-27 16:51:00.428 D/SurfaceAnimationRunner( 1888): onAnimationEnd:Surface(name=Surface(name=Dim Layer for - Task=10048)/@0x3312322 - animation-leash of dimmer)/@0x2ec81b3
10-27 16:51:00.444 V/WindowManager( 1888): Relayout Window{9eb7972 u0 com.android.permissioncontroller/com.android.permissioncontroller.permission.ui.GrantPermissionsActivity}: viewVisibility=0, oldvis=0, req=972x1159, vsysui=
10-27 16:51:00.465 I/Quality ( 9049): Skipped: false 1 cost 16.025444 refreshRate 8305476 bit true processName com.android.permissioncontroller
10-27 16:51:00.466 V/WindowManager( 1888): Relayout Window{9eb7972 u0 com.android.permissioncontroller/com.android.permissioncontroller.permission.ui.GrantPermissionsActivity}: viewVisibility=0, oldvis=0, req=972x1159, vsysui=
10-27 16:51:00.475 V/WindowManagerShell( 2549): Transition animation finished (aborted=false), notifying core (#331)android.os.BinderProxy@7b6aea1@0
10-27 16:51:00.476 I/OplusAppSwitchManagerService( 1888):  handleAppVisible , r = ActivityRecord{5903e16 u0 com.android.permissioncontroller/.permission.ui.GrantPermissionsActivity t10048}
10-27 16:51:00.476 V/WindowManager( 1888): Finish Transition #331: created at 10-27 16:50:59.525 collect-started=0.023ms request-sent=7.135ms started=8.328ms ready=418.722ms sent=678.518ms finished=950.287ms
10-27 16:51:00.476 W/Looper  ( 1888): Drained
10-27 16:51:00.476 D/OplusTransitionController( 1888): finishTransition, transition: TransitionRecord{c4a25a2 id=331 type=OPEN flags=0x0}
10-27 16:51:00.476 D/OplusTransitionAnimationManager( 1888): commitVisibilityWhenFinishTransition type=1, ar.isVisibleRequested=true, ar.isVisible=true, ar.isVisibleRequested=true, ar=ActivityRecord{5903e16 u0 com.android.permissioncontroller/.permission.ui.GrantPermissionsActivity t10048} ar type 1 ar state :RESUMED displayid :0, participants={ActivityRecord{5903e16 u0 com.android.permissioncontroller/.permission.ui.GrantPermissionsActivity t10048}}
10-27 16:51:00.476 D/OplusTransitionAnimationManager( 1888): updateTaskVisibleWhenFinishTransition task=Task{5c8b52b #10048 type=standard A=10378:com.example.translatorapp} top = ActivityRecord{5903e16 u0 com.android.permissioncontroller/.permission.ui.GrantPermissionsActivity t10048}
10-27 16:51:00.476 D/TransitionController( 1888): NFW_send RECOMPUTE_FOCUS in finishTransition
10-27 16:51:00.476 D/ShellTaskOrganizer( 2549): onTransitionFinish, isRecent:false
10-27 16:51:00.476 V/WindowManagerShell( 2549): Track 0 became idle
10-27 16:51:00.476 V/WindowManagerShell( 2549): All active transition animations finished
10-27 16:51:00.876 W/ProcessStats( 1888): Tracking association SourceState{5c63a7d com.oplus.metis/10144 BFgs #39710} whose proc state 4 is better than process ProcessState{1b9c8b4 com.oplus.onet/10094 pkg=com.oplus.onet} proc state 5 (1689 skipped)
10-27 16:51:00.884 V/AlarmManager( 1888): sending alarm Alarm{15e778c type 3 origWhen 63584025 whenElapsed 63584025 android} uid 1000 whenElapsed 63584025 windowLength 0 maxWhenElapsed 63584025 repeatInterval 0 action null component null tag *job.delay* flags 0x0 procName system_server
10-27 16:51:00.966 W/JobScheduler( 1888): Job didn't exist in JobStore: #com.oplus.dmp/2525
10-27 16:51:01.064 E/ActivityThread(  456): Failed to find provider info for com.oplus.account.provider.accountservice.support
10-27 16:51:01.065 E/ActivityThread(  456): Failed to find provider info for com.oplus.account.provider.accountservice.support
10-27 16:51:01.082 E/ActivityThread( 9493): Failed to find provider info for com.platform.usercenter.vip
10-27 16:51:01.084 E/ActivityThread( 9493): Failed to find provider info for com.platform.usercenter.vip
10-27 16:51:01.189 E/OplusAthenaAm( 1888): AthenaAmManagerInternal transact code hello:12,flags:0
10-27 16:51:01.523 D/PowerManagerService( 1888): userActivityNoUpdateLocked: groupId=0, eventTime=41981605, event=touch, flags=0x0, uid=1000
10-27 16:51:01.625 D/PowerManagerService( 1888): userActivityNoUpdateLocked: groupId=0, eventTime=41981708, event=touch, flags=0x0, uid=1000
10-27 16:51:01.634 D/OplusInputMethodManagerInternal( 9049): get inputMethodManager extension: com.android.internal.view.IInputMethodManager$Stub$Proxy@1d12049
10-27 16:51:01.648 I/OplusRecommendPermissionManager( 1888): cloud cache have no recommended data now to package: com.example.translatorapp
10-27 16:51:01.652 D/OplusTransitionController( 1888): requestStartTransition, requestInfo type: CLOSE, remoteTransition: null, displayChange: null, transition: TransitionRecord{cb27220 id=332 type=CLOSE flags=0x0}, caller: com.android.server.wm.TransitionControllerExtImpl.requestStartTransition:41 com.android.server.wm.TransitionController.requestStartTransition:738 com.android.server.wm.TransitionController.requestCloseTransitionIfNeeded:781 com.android.server.wm.ActivityRecord.finishIfPossible:4069 com.android.server.wm.ActivityClientController.finishActivity:602 
10-27 16:51:01.653 V/WindowManagerShell( 2549): Transition requested: android.os.BinderProxy@8cc1181 TransitionRequestInfo { type = CLOSE, triggerTask = null, remoteTransition = null, displayChange = null }
10-27 16:51:01.653 D/ActivityRecordExtImpl( 1888): skipPrepareAppTransitionForZoom false
10-27 16:51:01.654 D/ActivityTaskManager( 1888): setVisibility(Token{74ac984 ActivityRecord{5903e16 u0 com.android.permissioncontroller/.permission.ui.GrantPermissionsActivity t10048 f}}}, visible=false) defer commitVisibility for transition collecting
10-27 16:51:01.660 I/SurfaceAnimationRunner( 1888): startAnimation requiresEdgeExtension=false, animationLeash=Surface(name=Surface(name=Dim Layer for - Task=10048)/@0x3312322 - animation-leash of dimmer)/@0x3f8fdaa, runningAnim=com.android.server.wm.SurfaceAnimationRunner$RunningAnimation@9c9fd9b, mPreProcessingAnimations={}
10-27 16:51:01.665 D/SurfaceAnimationRunner( 1888): onAnimationStart:Surface(name=Surface(name=Dim Layer for - Task=10048)/@0x3312322 - animation-leash of dimmer)/@0x3f8fdaa
10-27 16:51:01.670 I/Quality ( 9049): Skipped: false 3 cost 25.33436 refreshRate 8306041 bit true processName com.android.permissioncontroller
10-27 16:51:01.671 V/WindowManager( 1888): Relayout Window{9eb7972 u0 com.android.permissioncontroller/com.android.permissioncontroller.permission.ui.GrantPermissionsActivity}: viewVisibility=0, oldvis=0, req=972x1159, vsysui=
10-27 16:51:01.682 D/ActivityTaskManager( 1888): NFW_setLastResumedActivityUncheckLocked:true r:ActivityRecord{6e931a5 u0 com.example.translatorapp/.MainActivity t10048} currentFocus:Window{9eb7972 u0 com.android.permissioncontroller/com.android.permissioncontroller.permission.ui.GrantPermissionsActivity}
10-27 16:51:01.683 V/WindowManager( 1888): Changing focus from Window{9eb7972 u0 com.android.permissioncontroller/com.android.permissioncontroller.permission.ui.GrantPermissionsActivity} to Window{be16d78 u0 com.example.translatorapp/com.example.translatorapp.MainActivity},diplayid=0
10-27 16:51:01.686 D/OplusFeatureHDREnhanceBrightness( 1888): checkIsPlayingHDR isPlayingHDR=0 rotation=0 whiteApp=false battery=100
10-27 16:51:01.689 I/OplusJoystickManager( 1888): handleApplicationSwitch deprecated!
10-27 16:51:01.690 D/OplusAppSwitchListener( 1888): Detect com.android.permissioncontroller switch to background
10-27 16:51:01.690 D/OplusFeatureReduceBrightness( 1888): onAppExit , info = com.android.permissioncontroller
10-27 16:51:01.691 D/OplusEapManager( 1888): mTargetExitName :com.android.permissioncontroller
10-27 16:51:01.692 D/WindowManager( 1888): updateOrientation: mLastOrientation = SCREEN_ORIENTATION_UNSPECIFIED(-1) newOrientation = SCREEN_ORIENTATION_UNSPECIFIED(-1) forceUpdate = true LastOrientationSource = ActivityRecord{6e931a5 u0 com.example.translatorapp/.MainActivity t10048}
10-27 16:51:01.692 D/WindowManager( 1888): rotation(ROTATION_0) no changed.
10-27 16:51:01.692 I/TaskOrganizerController( 1888): onTaskInfoChanged taskid 10048 config { mBounds=Rect(0, 0 - 1080, 2412) mAppBounds=Rect(0, 96 - 1080, 2263) mMaxBounds=Rect(0, 0 - 1080, 2412) mDisplayRotation=ROTATION_0 mWindowingMode=fullscreen mDisplayWindowingMode=fullscreen mActivityType=standard mAlwaysOnTop=undefined mRotation=ROTATION_0}
10-27 16:51:01.692 D/FlexibleWindowManager( 1888): onFlexibleWindowTaskInfoChanged: mTaskId = 10048 oldIsTaskEmbedded = false   curIsTaskEmbedded = false  topActivity = ComponentInfo{com.example.translatorapp/com.example.translatorapp.MainActivity}
10-27 16:51:01.692 D/OplusFlexibleWindowMinimizedManagerHelper( 1888): onTaskInfoChanged taskInfo:TaskInfo{userId=0 taskId=10048 displayId=0 isRunning=true baseIntent=Intent { act=android.intent.action.MAIN cat=[android.intent.category.LAUNCHER] flg=0x10200000 cmp=com.example.translatorapp/.MainActivity mCallingUid=10172 } baseActivity=ComponentInfo{com.example.translatorapp/com.example.translatorapp.MainActivity} topActivity=ComponentInfo{com.example.translatorapp/com.example.translatorapp.MainActivity} origActivity=null realActivity=ComponentInfo{com.example.translatorapp/com.example.translatorapp.MainActivity} numActivities=1 lastActiveTime=63584822 supportsSplitScreenMultiWindow=true supportsMultiWindow=true supportsPocketStudioMultiWindow=true isInFlexibleEmbedded = false uid = 10378 pid = 3360 resizeMode=1 isResizeable=true minWidth=-1 minHeight=-1 defaultMinSize=220 token=WCT{RemoteToken{1253864 Task{5c8b52b #10048 type=standard A=10378:com.example.translatorapp}}} topActivityType=1 pictureInPictureParams=null shouldDockBigOverlays=false launchIntoPipHostTaskId=-1 lastParentTaskIdBeforePip=-1 displayCutoutSafeInsets=Rect(0, 96 - 0, 0) topActivityInfo=ActivityInfo{e956bfa com.example.translatorapp.MainActivity} launchCookies=[android.os.BinderProxy@e4926c9] positionInParent=Point(0, 0) parentTaskId=-1 isFocused=true isVisible=true isVisibleRequested=true isSleeping=false topActivityInSizeCompat=false topActivityInOplusCompatMode=false topActivityEligibleForLetterboxEducation= false topActivityLetterboxed= false isFromDoubleTap= false topActivityLetterboxVerticalPosition= -1 topActivityLetterboxHorizontalPosition= -1 topActivityLetterboxWidth=-1 topActivityLetterboxHeight=-1 locusId=null displayAreaFeatureId=1 cameraCompatControlState=hidden locusId= null topActivityLetterboxInsets=Rect(0, 0 - 0, 0)} task:Task{5c8b52b #10048 type=standard A=10378:com.example.translatorapp}
10-27 16:51:01.693 D/TaskFragmentExtImpl( 1888): addColorModeOnResume resume=true pkg = com.example.translatorapp
10-27 16:51:01.693 D/VRR [OPlusRefreshRateService]( 1888): handleFrontAppChange pkgName: null
10-27 16:51:01.695 D/OplusKeepAliveManager( 1888): TOP_APP is ProcessRecord{8c099f6 3360:com.example.translatorapp/u0a378} uid is 10378
10-27 16:51:01.696 D/OplusFlexibleActivityTransitionManager( 1888): fixTransitType type result:2, targets: [ActivityRecord{5903e16 u0 com.android.permissioncontroller/.permission.ui.GrantPermissionsActivity t10048 f}}]
10-27 16:51:01.697 D/ShellTaskOrganizer( 2549): dispatchTaskEventToClientIfNeed, eventType:2, taskInfo:TaskInfo{userId=0 taskId=10048 displayId=0 isRunning=true baseIntent=Intent { act=android.intent.action.MAIN cat=[android.intent.category.LAUNCHER] flg=0x10200000 cmp=com.example.translatorapp/.MainActivity mCallingUid=10172 } baseActivity=ComponentInfo{com.example.translatorapp/com.example.translatorapp.MainActivity} topActivity=ComponentInfo{com.example.translatorapp/com.example.translatorapp.MainActivity} origActivity=null realActivity=ComponentInfo{com.example.translatorapp/com.example.translatorapp.MainActivity} numActivities=1 lastActiveTime=63584822 supportsSplitScreenMultiWindow=true supportsMultiWindow=true supportsPocketStudioMultiWindow=true isInFlexibleEmbedded = false uid = 10378 pid = 3360 resizeMode=1 isResizeable=true minWidth=-1 minHeight=-1 defaultMinSize=220 token=WCT{android.window.IWindowContainerToken$Stub$Proxy@6fef226} topActivityType=1 pictureInPictureParams=null shouldDockBigOverlays=false launchIntoPipHostTaskId=-1 lastParentTaskIdBeforePip=-1 displayCutoutSafeInsets=Rect(0, 96 - 0, 0) topActivityInfo=ActivityInfo{7b8de67 com.example.translatorapp.MainActivity} launchCookies=[android.os.BinderProxy@1fd6cb6] positionInParent=Point(0, 0) parentTaskId=-1 isFocused=true isVisible=true isVisibleRequested=true isSleeping=false topActivityInSizeCompat=false topActivityInOplusCompatMode=false topActivityEligibleForLetterboxEducation= false topActivityLetterboxed= false isFromDoubleTap= false topActivityLetterboxVerticalPosition= -1 topActivityLetterboxHorizontalPosition= -1 topActivityLetterboxWidth=-1 topActivityLetterboxHeight=-1 locusId=null displayAreaFeatureId=1 cameraCompatControlState=hidden locusId= null topActivityLetterboxInsets=Rect(0, 0 - 0, 0)}, leash:null
10-27 16:51:01.699 D/OplusTransitionController( 1888): onTransactionReady, syncId: 332, 
10-27 16:51:01.699 D/OplusTransitionController( 1888):  info: {id=332 t=CLOSE f=0x0 trk=0 r=[0@Point(0, 0)] c=[{null m=CLOSE f=TRANSLUCENT|FILLS_TASK leash=Surface(name=ActivityRecord{5903e16 u0 com.android.permissioncontroller/.permission.ui.GrantPermissionsActivity t10048})/@0x83a6396 sb=Rect(0, 0 - 1080, 2412) eb=Rect(0, 0 - 1080, 2412) d=0}]}, 
10-27 16:51:01.699 D/OplusTransitionController( 1888):  targets : [ActivityRecord{5903e16 u0 com.android.permissioncontroller/.permission.ui.GrantPermissionsActivity t10048 f}}]
10-27 16:51:01.701 V/WindowManager( 1888): Sent Transition #332 createdAt=10-27 16:51:01.650 via request=TransitionRequestInfo { type = CLOSE, triggerTask = null, remoteTransition = null, displayChange = null }
10-27 16:51:01.702 V/WindowManagerShell( 2549): onTransitionReady android.os.BinderProxy@8cc1181: {id=332 t=CLOSE f=0x0 trk=0 r=[0@Point(0, 0)] c=[{null m=CLOSE f=TRANSLUCENT|FILLS_TASK leash=Surface(name=ActivityRecord{5903e16 u0 com.android.permissioncontroller/.permission.ui.GrantPermissionsActivity t10048})/@0x8244414 sb=Rect(0, 0 - 1080, 2412) eb=Rect(0, 0 - 1080, 2412) d=0}]}
10-27 16:51:01.702 V/WindowManager( 1888):     startWCT=WindowContainerTransaction { changes = {} hops = [] errorCallbackToken=null taskFragmentOrganizer=null }
10-27 16:51:01.702 V/WindowManager( 1888):     info={id=332 t=CLOSE f=0x0 trk=0 r=[0@Point(0, 0)] c=[{null m=CLOSE f=TRANSLUCENT|FILLS_TASK leash=Surface(name=ActivityRecord{5903e16 u0 com.android.permissioncontroller/.permission.ui.GrantPermissionsActivity t10048})/@0x83a6396 sb=Rect(0, 0 - 1080, 2412) eb=Rect(0, 0 - 1080, 2412) d=0}]}
10-27 16:51:01.702 V/WindowManagerShell( 2549): Playing animation for (#332)android.os.BinderProxy@8cc1181@0
10-27 16:51:01.702 V/WindowManagerShell( 2549):  try handler com.oplus.zoom.transition.ZoomTransitionController@bc9ab00
10-27 16:51:01.702 V/WindowManagerShell( 2549):  try handler com.android.wm.shell.transition.DefaultMixedHandler@8f7ff39
10-27 16:51:01.702 V/WindowManagerShell( 2549):  try handler com.android.wm.shell.keyguard.KeyguardTransitionHandler@1da8493
10-27 16:51:01.702 V/WindowManagerShell( 2549):  try handler com.android.wm.shell.activityembedding.ActivityEmbeddingController@b216cd0
10-27 16:51:01.702 V/WindowManagerShell( 2549):  try handler com.android.wm.shell.recents.RecentsTransitionHandler@542e4c9
10-27 16:51:01.702 V/WindowManagerShell( 2549): RecentsTransitionHandler.startAnimation: no controller found
10-27 16:51:01.702 V/WindowManagerShell( 2549):  try handler com.android.wm.shell.pip.PipTransition@ba6d7ce
10-27 16:51:01.702 V/WindowManagerShell( 2549):  try handler com.android.wm.shell.splitscreen.StageCoordinator@31ed6ef
10-27 16:51:01.702 V/WindowManagerShell( 2549):  try handler com.oplus.flexibleactivity.FlexibleActivityTransitionHandler@57885fc
10-27 16:51:01.702 V/WindowManagerShell( 2549):  try handler OnePuttTransitionHandler
10-27 16:51:01.703 V/WindowManagerShell( 2549):  try handler com.android.wm.shell.transition.RemoteTransitionHandler@9c605e8
10-27 16:51:01.703 V/WindowManagerShell( 2549): Transition doesn't have explicit remote, search filters for match for {id=332 t=CLOSE f=0x0 trk=0 r=[0@Point(0, 0)] c=[{null m=CLOSE f=TRANSLUCENT|FILLS_TASK leash=Surface(name=ActivityRecord{5903e16 u0 com.android.permissioncontroller/.permission.ui.GrantPermissionsActivity t10048})/@0x8244414 sb=Rect(0, 0 - 1080, 2412) eb=Rect(0, 0 - 1080, 2412) d=0}]}
10-27 16:51:01.703 V/WindowManagerShell( 2549):  Checking filter Pair{{types=[] flags=0x0] notFlags=0x100 checks=[{atype=home independent=true modes=[OPEN,TO_FRONT] flags=NONE mustBeTask=false order=TOP topActivity=ComponentInfo{com.android.launcher/com.android.launcher.Launcher}},{atype=standard independent=true modes=[CLOSE,TO_BACK] flags=NONE mustBeTask=false order=ANY topActivity=null}]} RemoteTransition { remoteTransition = android.window.IRemoteTransition$Stub$Proxy@88d6401, appThread = android.app.IApplicationThread$Stub$Proxy@27212a6, debugName = QuickstepLaunchHome }}
10-27 16:51:01.703 V/WindowManagerShell( 2549):  Delegate animation for #332 to null
10-27 16:51:01.703 V/WindowManagerShell( 2549):  try handler com.android.wm.shell.transition.DefaultTransitionHandler@ea4b4e7
10-27 16:51:01.703 V/WindowManagerShell( 2549): start default transition animation, info = {id=332 t=CLOSE f=0x0 trk=0 r=[0@Point(0, 0)] c=[{null m=CLOSE f=TRANSLUCENT|FILLS_TASK leash=Surface(name=ActivityRecord{5903e16 u0 com.android.permissioncontroller/.permission.ui.GrantPermissionsActivity t10048})/@0x8244414 sb=Rect(0, 0 - 1080, 2412) eb=Rect(0, 0 - 1080, 2412) d=0}]}
10-27 16:51:01.704 V/WindowManagerShell( 2549):  animated by com.android.wm.shell.transition.DefaultTransitionHandler@ea4b4e7
10-27 16:51:01.710 D/ActivityThread( 3360): ComponentInfo{com.example.translatorapp/com.example.translatorapp.MainActivity} checkFinished=false 4
10-27 16:51:01.711 D/ResourcesManagerExtImpl( 3360): applyConfigurationToAppResourcesLocked app.getDisplayId() return callback.displayId:-1
10-27 16:51:01.714 D/OplusAppSwitchListener( 1888): Detect com.example.translatorapp switch to foreground
10-27 16:51:01.818 I/Quality ( 3360): Skipped: false 10 cost 89.928696 refreshRate 8306238 bit true processName com.example.translatorapp
10-27 16:51:01.818 D/OplusEapManager( 1888): mTargetEnterName :com.example.translatorapp
10-27 16:51:01.843 W/Looper  ( 1888): Slow dispatch took 143ms main h=android.app.PropertyInvalidatedCache$AutoCorker$1 c=null m=0
10-27 16:51:01.856 D/VRR [OPlusRefreshRateService]( 1888):  setFrameRateTargetControl [ 0.0 , com.android.permissioncontroller , false , com.oplus.battery ]
10-27 16:51:01.856 D/VRR [OPlusExternalRefreshRateManager]( 1888):  [FRTC] FrameRate : 0 com.android.permissioncontroller false com.oplus.battery 0 1000
10-27 16:51:01.869 D/OplusBatteryServiceFeature( 1888): setSmartCoolDown: coolDown = 7, normalCoolDown = 7, pkgName = com.example.translatorapp
10-27 16:51:01.871 V/WindowManagerShell( 2549): Transition animation finished (aborted=false), notifying core (#332)android.os.BinderProxy@8cc1181@0
10-27 16:51:01.873 V/WindowManager( 1888): Finish Transition #332: created at 10-27 16:51:01.650 collect-started=0.121ms request-sent=0.936ms started=11.087ms ready=42.606ms sent=48.856ms finished=221.48ms
10-27 16:51:01.874 D/OplusTransitionController( 1888): finishTransition, transition: TransitionRecord{cb27220 id=332 type=CLOSE flags=0x0}
10-27 16:51:01.874 D/OplusTransitionAnimationManager( 1888): commitVisibilityWhenFinishTransition type=2, ar.isVisibleRequested=false, ar.isVisible=false, ar.isVisibleRequested=false, ar=ActivityRecord{5903e16 u0 com.android.permissioncontroller/.permission.ui.GrantPermissionsActivity t10048 f}} ar type 1 ar state :DESTROYING displayid :0, participants={ActivityRecord{5903e16 u0 com.android.permissioncontroller/.permission.ui.GrantPermissionsActivity t10048 f}}}
10-27 16:51:01.875 D/TransitionController( 1888): NFW_send RECOMPUTE_FOCUS in finishTransition
10-27 16:51:01.875 D/ShellTaskOrganizer( 2549): onTransitionFinish, isRecent:false
10-27 16:51:01.875 V/WindowManagerShell( 2549): Track 0 became idle
10-27 16:51:01.875 V/WindowManagerShell( 2549): All active transition animations finished
10-27 16:51:01.878 I/Quality ( 3360): Skipped: false 3 cost 25.651533 refreshRate 8305115 bit true processName com.example.translatorapp
10-27 16:51:01.880 D/SurfaceAnimationRunner( 1888): onAnimationEnd:Surface(name=Surface(name=Dim Layer for - Task=10048)/@0x3312322 - animation-leash of dimmer)/@0x3f8fdaa
10-27 16:51:01.887 D/InputMethodManagerService( 1888): isSecurity: attribute.packageName = com.example.translatorapp mCurMethodId = com.tencent.wetype/.plugin.hld.WxHldService isSecurity = false ( enable = true needShow = false inBlackList = false isExist = true )
10-27 16:51:01.901 D/VRR [OPlusFrontAppManager]( 1888): OnAppSwitchObserver: onAppEnter , info.targetName = com.example.translatorapp
10-27 16:51:01.903 D/VRR [OPlusRefreshRateService]( 1888): handleFrontAppChange pkgName: com.example.translatorapp
10-27 16:51:01.913 E/OplusThermalStats( 1888): Error getting package info: com.example.translatorapp
10-27 16:51:01.913 I/OplusRecommendPermissionManager( 1888): cloud cache have no recommended data now to package: com.example.translatorapp
10-27 16:51:01.940 I/OplusRecommendPermissionManager( 1888): cloud cache have no recommended data now to package: com.example.translatorapp
10-27 16:51:01.946 I/Quality ( 9049): UISlowBinder:238030385
10-27 16:51:01.961 D/CoreBackPreview( 1888): Window{9eb7972 u0 com.android.permissioncontroller/com.android.permissioncontroller.permission.ui.GrantPermissionsActivity}: Setting back callback null
10-27 16:51:01.963 I/WindowManager( 1888): Window{9eb7972 u0 com.android.permissioncontroller/com.android.permissioncontroller.permission.ui.GrantPermissionsActivity} state from HAS_DRAWN to NO_SURFACE; reason: destroySurface
10-27 16:51:01.984 D/ActivityTaskManager( 1888): removeAppToken: ActivityRecord{5903e16 u0 com.android.permissioncontroller/.permission.ui.GrantPermissionsActivity t10048 f}} delayed=false parent=Task{5c8b52b #10048 type=standard A=10378:com.example.translatorapp} animating=false Callers=com.android.server.wm.DisplayContent.removeAppToken:1669 com.android.server.wm.ActivityRecord.removeFromHistory:4599 com.android.server.wm.ActivityRecord.destroyed:4692 com.android.server.wm.ActivityClientController.activityDestroyed:333 
10-27 16:51:01.985 D/TaskFragmentExtImpl( 1888): remove ActivityRecord{5903e16 u0 com.android.permissioncontroller/.permission.ui.GrantPermissionsActivity t-1 f}} to mActivityRecordSum = Counter{ com.example.translatorapp/.MainActivity(1) }
10-27 16:51:01.991 I/TaskOrganizerController( 1888): onTaskInfoChanged taskid 10048 config { mBounds=Rect(0, 0 - 1080, 2412) mAppBounds=Rect(0, 96 - 1080, 2263) mMaxBounds=Rect(0, 0 - 1080, 2412) mDisplayRotation=ROTATION_0 mWindowingMode=fullscreen mDisplayWindowingMode=fullscreen mActivityType=standard mAlwaysOnTop=undefined mRotation=ROTATION_0}
10-27 16:51:01.991 D/FlexibleWindowManager( 1888): onFlexibleWindowTaskInfoChanged: mTaskId = 10048 oldIsTaskEmbedded = false   curIsTaskEmbedded = false  topActivity = ComponentInfo{com.example.translatorapp/com.example.translatorapp.MainActivity}
10-27 16:51:01.991 D/OplusFlexibleWindowMinimizedManagerHelper( 1888): onTaskInfoChanged taskInfo:TaskInfo{userId=0 taskId=10048 displayId=0 isRunning=true baseIntent=Intent { act=android.intent.action.MAIN cat=[android.intent.category.LAUNCHER] flg=0x10200000 cmp=com.example.translatorapp/.MainActivity mCallingUid=10172 } baseActivity=ComponentInfo{com.example.translatorapp/com.example.translatorapp.MainActivity} topActivity=ComponentInfo{com.example.translatorapp/com.example.translatorapp.MainActivity} origActivity=null realActivity=ComponentInfo{com.example.translatorapp/com.example.translatorapp.MainActivity} numActivities=1 lastActiveTime=63584822 supportsSplitScreenMultiWindow=true supportsMultiWindow=true supportsPocketStudioMultiWindow=true isInFlexibleEmbedded = false uid = 10378 pid = 3360 resizeMode=1 isResizeable=true minWidth=-1 minHeight=-1 defaultMinSize=220 token=WCT{RemoteToken{1253864 Task{5c8b52b #10048 type=standard A=10378:com.example.translatorapp}}} topActivityType=1 pictureInPictureParams=null shouldDockBigOverlays=false launchIntoPipHostTaskId=-1 lastParentTaskIdBeforePip=-1 displayCutoutSafeInsets=Rect(0, 96 - 0, 0) topActivityInfo=ActivityInfo{e956bfa com.example.translatorapp.MainActivity} launchCookies=[android.os.BinderProxy@e4926c9] positionInParent=Point(0, 0) parentTaskId=-1 isFocused=true isVisible=true isVisibleRequested=true isSleeping=false topActivityInSizeCompat=false topActivityInOplusCompatMode=false topActivityEligibleForLetterboxEducation= false topActivityLetterboxed= false isFromDoubleTap= false topActivityLetterboxVerticalPosition= -1 topActivityLetterboxHorizontalPosition= -1 topActivityLetterboxWidth=-1 topActivityLetterboxHeight=-1 locusId=null displayAreaFeatureId=1 cameraCompatControlState=hidden locusId= null topActivityLetterboxInsets=Rect(0, 0 - 0, 0)} task:Task{5c8b52b #10048 type=standard A=10378:com.example.translatorapp}
10-27 16:51:01.998 D/ShellTaskOrganizer( 2549): dispatchTaskEventToClientIfNeed, eventType:2, taskInfo:TaskInfo{userId=0 taskId=10048 displayId=0 isRunning=true baseIntent=Intent { act=android.intent.action.MAIN cat=[android.intent.category.LAUNCHER] flg=0x10200000 cmp=com.example.translatorapp/.MainActivity mCallingUid=10172 } baseActivity=ComponentInfo{com.example.translatorapp/com.example.translatorapp.MainActivity} topActivity=ComponentInfo{com.example.translatorapp/com.example.translatorapp.MainActivity} origActivity=null realActivity=ComponentInfo{com.example.translatorapp/com.example.translatorapp.MainActivity} numActivities=1 lastActiveTime=63584822 supportsSplitScreenMultiWindow=true supportsMultiWindow=true supportsPocketStudioMultiWindow=true isInFlexibleEmbedded = false uid = 10378 pid = 3360 resizeMode=1 isResizeable=true minWidth=-1 minHeight=-1 defaultMinSize=220 token=WCT{android.window.IWindowContainerToken$Stub$Proxy@447a67b} topActivityType=1 pictureInPictureParams=null shouldDockBigOverlays=false launchIntoPipHostTaskId=-1 lastParentTaskIdBeforePip=-1 displayCutoutSafeInsets=Rect(0, 96 - 0, 0) topActivityInfo=ActivityInfo{55d8c98 com.example.translatorapp.MainActivity} launchCookies=[android.os.BinderProxy@1fd6cb6] positionInParent=Point(0, 0) parentTaskId=-1 isFocused=true isVisible=true isVisibleRequested=true isSleeping=false topActivityInSizeCompat=false topActivityInOplusCompatMode=false topActivityEligibleForLetterboxEducation= false topActivityLetterboxed= false isFromDoubleTap= false topActivityLetterboxVerticalPosition= -1 topActivityLetterboxHorizontalPosition= -1 topActivityLetterboxWidth=-1 topActivityLetterboxHeight=-1 locusId=null displayAreaFeatureId=1 cameraCompatControlState=hidden locusId= null topActivityLetterboxInsets=Rect(0, 0 - 0, 0)}, leash:null
10-27 16:51:02.425 I/Quality ( 3360): Skipped: false 2 cost 24.261148 refreshRate 8305399 bit true processName com.example.translatorapp
10-27 16:51:02.486 V/WindowManager( 1888): Relayout Window{a2f54bd u0 StatusBar}: viewVisibility=0, oldvis=0, req=1080x96, vsysui=
10-27 16:51:02.560 I/SoundTriggerMiddlewareLogging( 1888): RESOURCES_AVAILABLE ()
10-27 16:51:02.587 I/SoundTriggerMiddlewareLogging( 1888): RESOURCES_AVAILABLE ()
10-27 16:51:02.748 I/Quality ( 3360): Skipped: false 19 cost 164.27391 refreshRate 8305128 bit true processName com.example.translatorapp
10-27 16:51:02.909 V/MonthTrafficAlert( 2965): getWarningNotification subId:1 numWarningNotificaion:0
10-27 16:51:02.909 V/TrafficAlert( 2965): getLimitNotification subId:1 ,numLimitNotificaion:0
10-27 16:51:02.994 I/iopgp   ( 3226): kTraceEnded and trace_end_kind = kOutproto history_id = 2483
10-27 16:51:03.226 D/OplusAlarmAdjustment( 1888): proxyAlarmsByUid(), uid=10232, pkgName=com.oplus.games, requester=1
10-27 16:51:03.226 D/OplusAlarmAdjustMap( 1888): addProxyUid, uid=10232, pkgName=com.oplus.games, requester=1
10-27 16:51:03.230 D/OplusAlarmAdjustment( 1888): alignAlarmsByUid(), uid=10228, pkgName=com.nearme.gamecenter, actions=null, procs=null, requester=1
10-27 16:51:03.231 D/OplusAlarmAdjustMap( 1888): addAlignUid, uid=10228, pkgName=com.nearme.gamecenter, requester=1, mode=1
10-27 16:51:03.231 D/OAppNetControlService( 1888): Hans update:[10232=true][0|0] blackList:[10278, 10190, 10249, 10241, 10240, 10088, 10232]
10-27 16:51:03.470 D/OAppNetControlService( 1888): Hans update:[10316=true][0|0] blackList:[10278, 10190, 10249, 10241, 10240, 10088, 10232, 10316]
10-27 16:51:03.477 D/OAppNetControlService( 1888): Hans update:[10242=true][0|0] blackList:[10278, 10190, 10249, 10241, 10240, 10088, 10232, 10316, 10242]
10-27 16:51:03.668 V/MonthTrafficAlert( 2965): getWarningNotification subId:1 numWarningNotificaion:0
10-27 16:51:03.668 V/TrafficAlert( 2965): getLimitNotification subId:1 ,numLimitNotificaion:0
10-27 16:51:03.691 W/SettingsStatsUtil( 1888): Can not parse value to float: gps,network
10-27 16:51:03.809 I/TcpSyn  ( 2965): onIfNameChange: foregroundAppChange
10-27 16:51:03.809 I/TcpSyn  ( 2965): onIfNameChange: foregroundAppChange appUid=[10378]
10-27 16:51:03.809 I/TcpSyn  ( 2965): updateAllUids
10-27 16:51:04.325 V/WindowManager( 1888): Relayout Window{bcb5122 u0 OplusPrivacyIconTopLeft}: viewVisibility=8, oldvis=8, req=14x14, vsysui=LAYOUT_STABLE
10-27 16:51:04.334 V/WindowManager( 1888): Relayout Window{a2f54bd u0 StatusBar}: viewVisibility=0, oldvis=0, req=1080x96, vsysui=
10-27 16:51:04.348 V/WindowManager( 1888): Relayout Window{2e87259 u0 OplusPrivacyIconTopRight}: viewVisibility=0, oldvis=8, req=14x14, vsysui=LAYOUT_STABLE
10-27 16:51:04.350 I/WindowManager( 1888): Window{2e87259 u0 OplusPrivacyIconTopRight} state from NO_SURFACE to DRAW_PENDING; reason: resetDrawState
10-27 16:51:04.381 I/WindowManager( 1888): Window{2e87259 u0 OplusPrivacyIconTopRight} state from DRAW_PENDING to COMMIT_DRAW_PENDING; reason: finishDrawingLocked
10-27 16:51:04.386 I/WindowManager( 1888): Window{2e87259 u0 OplusPrivacyIconTopRight} state from COMMIT_DRAW_PENDING to READY_TO_SHOW; reason: commitFinishDrawingLocked
10-27 16:51:04.387 I/WindowManager( 1888): Window{2e87259 u0 OplusPrivacyIconTopRight} state from READY_TO_SHOW to HAS_DRAWN; reason: performShowLocked
10-27 16:51:04.853 D/TrimMemoryHandler( 1888): Unable do gfx trim on fg process: ProcessRecord{662bc16 9049:com.android.permissioncontroller/u0a220}, state=6
10-27 16:51:05.484 D/OplusProxyWakeLock( 1888):  Uid:10240 pids[[]] PackageName:com.coloros.weather2 UidState:1 ProxyButDropTypes:[26, 10, 32, 6]
10-27 16:51:05.485 D/OplusProxyWakeLock( 1888):  Uid:10241 pids[[]] PackageName:com.coloros.shortcuts UidState:1 ProxyButDropTypes:[26, 10, 32, 6]
10-27 16:51:05.487 D/OplusProxyWakeLock( 1888):  Uid:10242 pids[[]] PackageName:com.coloros.note UidState:1 ProxyButDropTypes:[26, 10, 32, 6]
10-27 16:51:05.487 D/OplusProxyWakeLock( 1888):  Uid:10243 pids[[]] PackageName:com.coloros.familyguard UidState:1 ProxyButDropTypes:[26, 10, 32, 6]
10-27 16:51:05.488 D/OplusProxyWakeLock( 1888):  Uid:10278 pids[[]] PackageName:com.xingin.xhs UidState:1 ProxyButDropTypes:[26, 10, 32, 6]
10-27 16:51:05.488 D/OplusProxyWakeLock( 1888):  Uid:10088 pids[[]] PackageName:com.heytap.themestore UidState:1 ProxyButDropTypes:[26, 10, 32, 6]
10-27 16:51:05.488 D/OplusProxyWakeLock( 1888):  Uid:10249 pids[[]] PackageName:com.ss.android.ugc.aweme UidState:1 ProxyButDropTypes:[26, 10, 32, 6]
10-27 16:51:05.488 D/OplusProxyWakeLock( 1888):  Uid:10316 pids[[]] PackageName:com.coloros.calendar UidState:1 ProxyButDropTypes:[26, 10, 32, 6]
10-27 16:51:05.489 D/OplusProxyWakeLock( 1888):  Uid:10190 pids[[]] PackageName:org.localsend.localsend_app UidState:1 ProxyButDropTypes:[26, 10, 32, 6]
10-27 16:51:05.489 D/OplusProxyWakeLock( 1888):  Uid:10292 pids[[]] PackageName:com.tencent.mobileqq UidState:1 ProxyButDropTypes:[26, 10, 32, 6]
10-27 16:51:05.489 D/OplusProxyWakeLock( 1888):  Uid:10228 pids[[]] PackageName:com.nearme.gamecenter UidState:1 ProxyButDropTypes:[26, 10, 32, 6]
10-27 16:51:05.490 D/OplusProxyWakeLock( 1888):  Uid:10232 pids[[]] PackageName:com.oplus.games UidState:1 ProxyButDropTypes:[26, 10, 32, 6]
10-27 16:51:05.929 D/PowerManagerService( 1888): userActivityNoUpdateLocked: groupId=0, eventTime=41986011, event=touch, flags=0x0, uid=1000
10-27 16:51:05.985 I/Quality ( 3360): Skipped: false 2 cost 21.068272 refreshRate 8306336 bit true processName com.example.translatorapp
10-27 16:51:06.022 D/OplusInputMethodManagerInternal( 3360): get inputMethodManager extension: com.android.internal.view.IInputMethodManager$Stub$Proxy@39fe30d
10-27 16:51:06.034 D/PowerManagerService( 1888): userActivityNoUpdateLocked: groupId=0, eventTime=41986115, event=touch, flags=0x0, uid=1000
10-27 16:51:06.118 D/OplusAlarmAdjustment( 1888): unalignAlarmsByUid(), uid=10228, pkgName=com.nearme.gamecenter, actions=null, procs=null, requester=1
10-27 16:51:06.119 D/OAppNetControlService( 1888): Hans update:[10232=false][0|0] blackList:[10278, 10190, 10249, 10241, 10240, 10088, 10316, 10242]
10-27 16:51:06.122 D/OplusAlarmAdjustment( 1888): unproxyAlarmsByUid(), uid=10232, pkgName=com.oplus.games, requester=1
10-27 16:51:06.123 D/OplusAlarmAdjustMap( 1888): removeAlignUid, uid=10228, requester=1
10-27 16:51:06.123 D/OplusAlarmAdjustMap( 1888): removeProxyUid, uid=10232, requester=1
10-27 16:51:06.123 D/OAppNetControlService( 1888): Hans update:[10316=false][0|0] blackList:[10278, 10190, 10249, 10241, 10240, 10088, 10242]
10-27 16:51:06.124 D/OAppNetControlService( 1888): Hans update:[10242=false][0|0] blackList:[10278, 10190, 10249, 10241, 10240, 10088]
10-27 16:51:06.125 D/OAppNetControlService( 1888): Hans update:[10088=false][0|0] blackList:[10278, 10190, 10249, 10241, 10240]
10-27 16:51:06.126 D/OplusAlarmAdjustment( 1888): unproxyAlarmsByUid(), uid=10088, pkgName=com.heytap.themestore, requester=1
10-27 16:51:06.126 D/OplusAlarmAdjustMap( 1888): removeProxyUid, uid=10088, requester=1
10-27 16:51:06.137 D/PowerManagerService( 1888): userActivityNoUpdateLocked: groupId=0, eventTime=41986219, event=touch, flags=0x0, uid=1000
10-27 16:51:06.205 I/keystore2(  706): system/security/keystore2/src/watchdog.rs:319 - Watchdog thread idle -> terminating. Have a great day.
10-27 16:51:06.242 D/PowerManagerService( 1888): userActivityNoUpdateLocked: groupId=0, eventTime=41986324, event=touch, flags=0x0, uid=1000
10-27 16:51:06.328 D/WindowManager( 1888): logOutWindowState-SCREEN_SHOT displayId=0 DC.isOnTop()= true DC.isReady()= true DC.inTransition()= false DC.mWaitingForConfig= false DC.isRotationChanging= false TC.isPlaying() = false TC.isCollecting() = false TC.inTransition() = false
10-27 16:51:06.330 D/WindowManager( 1888):  mCurrentFocus =Window{be16d78 u0 com.example.translatorapp/com.example.translatorapp.MainActivity},drawState=HAS_DRAWN,w.getFrame() =Rect(0, 0 - 1080, 2412),mSyncState=0,flags =-1920925440,canReceiveKeys = true,reasonfromTouch= false isVisibleRequestedOrAdding=true mViewVisibility=0 mRemoveOnExit=false flags=-1920925440 appWindowsAreFocusable=true canReceiveTouchInput=true displayIsOnTop=true displayIsTrusted=true transitShouldKeepFocus=false,isFocusable=true,mHasSurface=true
10-27 16:51:06.331 D/WindowManager( 1888):  log WindowState end, mFocusedApp =ActivityRecord{6e931a5 u0 com.example.translatorapp/.MainActivity t10048}
10-27 16:51:06.351 D/CompatibilityChangeReporter( 1888): Compat change id reported: 135634846; UID 10102; state: DISABLED
10-27 16:51:06.352 D/CompatibilityChangeReporter( 1888): Compat change id reported: 177438394; UID 10102; state: DISABLED
10-27 16:51:06.352 D/CompatibilityChangeReporter( 1888): Compat change id reported: 135772972; UID 10102; state: DISABLED
10-27 16:51:06.353 D/CompatibilityChangeReporter( 1888): Compat change id reported: 135754954; UID 10102; state: ENABLED
10-27 16:51:06.354 D/CompatibilityChangeReporter( 1888): Compat change id reported: 143937733; UID 10102; state: ENABLED
10-27 16:51:06.369 I/ActivityManager( 1888): Start proc 3897:com.oplus.screenshot/u0a102 for service {com.oplus.screenshot/com.oplus.screenshot.service.ScreenshotService}
10-27 16:51:06.408 D/CompatibilityChangeReporter( 1888): Compat change id reported: 168419799; UID 10102; state: DISABLED
10-27 16:51:06.408 D/CompatibilityChangeReporter( 1888): Compat change id reported: 273564678; UID 10102; state: DISABLED
10-27 16:51:06.408 D/ActivityTaskManagerServiceExtImpl( 1888): preBindApplication record is null
10-27 16:51:06.412 D/CompatibilityChangeReporter( 1888): Compat change id reported: 265195908; UID 10102; state: ENABLED
10-27 16:51:06.427 D/CompatibilityChangeReporter( 1888): Compat change id reported: 170503758; UID 10102; state: ENABLED
10-27 16:51:06.554 D/ResourcesManagerExtImpl( 3897): applyConfigurationToAppResourcesLocked app.getDisplayId() return callback.displayId:-1
10-27 16:51:06.591 I/ActivityManager( 1888): Flag disabled. Ignoring finishAttachApplication from uid: 10102. pid: 3897
10-27 16:51:06.637 E/OplusCustomizeRestrictionManager( 3897): sInstance is null, start a new sInstance
10-27 16:51:06.649 D/OplusUserManagerServiceEnhance( 1888): getMultiSystemUserId  res = -10000
10-27 16:51:06.666 D/OplusDisplayManagerServiceEnhance( 1888): OplusDisplayManagerServiceEnhance getPhysicalDisplayToken physicalDisplayId = 4627039422300187648
10-27 16:51:06.680 D/OplusDisplayManagerServiceEnhance( 1888): OplusDisplayManagerServiceEnhance getPhysicalDisplayToken physicalDisplayId = 4627039422300187648
10-27 16:51:06.704 D/CompatibilityChangeReporter( 1888): Compat change id reported: 182734110; UID 10102; state: ENABLED
10-27 16:51:06.705 D/CompatibilityChangeReporter( 1888): Compat change id reported: 161145287; UID 10102; state: ENABLED
10-27 16:51:06.707 D/OplusPowerManager( 3897): registerScreenStatusListener listener=com.oplus.screenshot.common.receiver.ScreenReceiver@d16ce0a
10-27 16:51:06.720 D/OplusInputMethodUtil( 3897): init sDebug to false, init sDebugIme to false, init sAlwaysOn to false
10-27 16:51:06.720 D/OplusInputMethodUtil( 3897): updateDebugToClass InputMethodManager.DEBUG = false
10-27 16:51:06.720 D/OplusInputMethodUtil( 3897): updateDebugToClass ImeFocusController.DEBUG = false
10-27 16:51:06.720 D/OplusInputMethodUtil( 3897): updateDebugToClass BaseInputConnection.DEBUG = false
10-27 16:51:06.733 D/VRR [OPlusExternalRefreshRateManager]( 1888): isPkgTfcEnable: pkgName = com.oplus.screenshot, enable = false
10-27 16:51:06.733 D/VRR [OPlusExternalRefreshRateManager]( 1888): getTfcMinFramerate: pkgName = com.oplus.screenshot, min framerate = 0
10-27 16:51:06.756 V/WindowManager( 1888): Changing focus from Window{be16d78 u0 com.example.translatorapp/com.example.translatorapp.MainActivity} to Window{4ece0f4 u0 com.oplus.screenshot/LongshotCapture},diplayid=0
10-27 16:51:06.757 I/WindowManager( 1888): addWindow: New client android.os.BinderProxy@8c062c7 : window=Window{4ece0f4 u0 com.oplus.screenshot/LongshotCapture}
10-27 16:51:06.771 D/CoreBackPreview( 1888): Window{4ece0f4 u0 com.oplus.screenshot/LongshotCapture}: Setting back callback OnBackInvokedCallbackInfo{mCallback=android.window.IOnBackInvokedCallback$Stub$Proxy@b711860, mPriority=0, mIsAnimationCallback=false}
10-27 16:51:06.774 D/WindowManagerServiceExtImpl( 1888): extractConfigInfoAndRealFlags rotation=0, screenDp=640, win=Window{4ece0f4 u0 com.oplus.screenshot/LongshotCapture}
10-27 16:51:06.775 V/WindowManager( 1888): Relayout Window{4ece0f4 u0 com.oplus.screenshot/LongshotCapture}: viewVisibility=0, oldvis=0, req=1080x2412, vsysui=
10-27 16:51:06.775 I/WindowManager( 1888): Window{4ece0f4 u0 com.oplus.screenshot/LongshotCapture} state from NO_SURFACE to DRAW_PENDING; reason: resetDrawState
10-27 16:51:06.782 W/VRI[screenshot/LongshotCapture]( 3897): updateBlastSurfaceIfNeeded, surfaceSize:Point(1080, 2412), lastSurfaceSize:Point(0, 0), format:-3, blastBufferQueue:null
