10-27 16:52:09.695 D/ShellTaskOrganizer( 2549): dispatchTaskEventToClientIfNeed, eventType:1, taskInfo:TaskInfo{userId=0 taskId=10048 displayId=-1 isRunning=false baseIntent=Intent { act=android.intent.action.MAIN cat=[android.intent.category.LAUNCHER] flg=0x10200000 cmp=com.example.translatorapp/.MainActivity mCallingUid=10172 } baseActivity=null topActivity=null origActivity=null realActivity=ComponentInfo{com.example.translatorapp/com.example.translatorapp.MainActivity} numActivities=0 lastActiveTime=63584822 supportsSplitScreenMultiWindow=false supportsMultiWindow=false supportsPocketStudioMultiWindow=true isInFlexibleEmbedded = false uid = -1 pid = -1 resizeMode=1 isResizeable=true minWidth=-1 minHeight=-1 defaultMinSize=220 token=WCT{android.window.IWindowContainerToken$Stub$Proxy@2dea5e5} topActivityType=1 pictureInPictureParams=null shouldDockBigOverlays=false launchIntoPipHostTaskId=-1 lastParentTaskIdBeforePip=-1 displayCutoutSafeInsets=null topActivityInfo=null launchCookies=[] positionInParent=Point(0, 0) parentTaskId=-1 isFocused=false isVisible=false isVisibleRequested=false isSleeping=false topActivityInSizeCompat=false topActivityInOplusCompatMode=false topActivityEligibleForLetterboxEducation= false topActivityLetterboxed= false isFromDoubleTap= false topActivityLetterboxVerticalPosition= -1 topActivityLetterboxHorizontalPosition= -1 topActivityLetterboxWidth=-1 topActivityLetterboxHeight=-1 locusId=null displayAreaFeatureId=-1 cameraCompatControlState=hidden locusId= null topActivityLetterboxInsets=Rect(0, 0 - 0, 0)}, leash:null
10-27 16:52:09.696 D/ShellTaskOrganizer( 2549): dispatchTaskEventToClientIfNeed, eventType:2, taskInfo:TaskInfo{userId=0 taskId=1 displayId=0 isRunning=true baseIntent=Intent { act=android.intent.action.MAIN cat=[android.intent.category.HOME] flg=0x10000100 cmp=com.android.launcher/.Launcher mCallingUid=1000 } baseActivity=ComponentInfo{com.android.launcher/com.android.launcher.Launcher} topActivity=ComponentInfo{com.android.launcher/com.android.launcher.Launcher} origActivity=null realActivity=null numActivities=1 lastActiveTime=18427 supportsSplitScreenMultiWindow=false supportsMultiWindow=true supportsPocketStudioMultiWindow=true isInFlexibleEmbedded = false uid = 10172 pid = 2620 resizeMode=2 isResizeable=true minWidth=-1 minHeight=-1 defaultMinSize=220 token=WCT{android.window.IWindowContainerToken$Stub$Proxy@37698ba} topActivityType=2 pictureInPictureParams=null shouldDockBigOverlays=false launchIntoPipHostTaskId=-1 lastParentTaskIdBeforePip=-1 displayCutoutSafeInsets=null topActivityInfo=ActivityInfo{5e3e36b com.android.launcher.Launcher} launchCookies=[] positionInParent=Point(0, 0) parentTaskId=-1 isFocused=true isVisible=false isVisibleRequested=true isSleeping=false topActivityInSizeCompat=false topActivityInOplusCompatMode=false topActivityEligibleForLetterboxEducation= false topActivityLetterboxed= false isFromDoubleTap= false topActivityLetterboxVerticalPosition= -1 topActivityLetterboxHorizontalPosition= -1 topActivityLetterboxWidth=-1 topActivityLetterboxHeight=-1 locusId=LocusId[17_chars] displayAreaFeatureId=1 cameraCompatControlState=hidden locusId= LocusId[17_chars] topActivityLetterboxInsets=Rect(0, 0 - 0, 0)}, leash:null
10-27 16:52:09.696 D/WindowManagerServiceExtImpl( 1888): extractConfigInfoAndRealFlags rotation=0, screenDp=320, win=Window{f6e43f3 u0 com.android.launcher/com.android.launcher.Launcher}
10-27 16:52:09.696 D/PackageManager( 1888): send ACTION_PACKAGE_FULLY_REMOVED reason:mDataRemoved=false !mIsRemovedPackageSystemUpdate=true
10-27 16:52:09.697 I/AppsFilter( 1888): interaction: PackageSetting{6f06fdd com.android.microdroid.empty_payload/10361} -> PackageSetting{d1a7a1 com.example.translatorapp/10378} BLOCKED
10-27 16:52:09.697 I/AppsFilter( 1888): interaction: PackageSetting{45d8711 com.oplus.securitykeyboard/10147} -> PackageSetting{d1a7a1 com.example.translatorapp/10378} BLOCKED
10-27 16:52:09.697 V/WindowManager( 1888): Relayout Window{f6e43f3 u0 com.android.launcher/com.android.launcher.Launcher}: viewVisibility=0, oldvis=8, req=1080x2412, vsysui=LAYOUT_STABLE LAYOUT_HIDE_NAVIGATION LAYOUT_FULLSCREEN
10-27 16:52:09.697 I/WindowManager( 1888): Window{f6e43f3 u0 com.android.launcher/com.android.launcher.Launcher} state from NO_SURFACE to DRAW_PENDING; reason: resetDrawState
10-27 16:52:09.698 D/OplusAppSwitchListener( 1888): Detect com.example.translatorapp switch to background
10-27 16:52:09.698 D/OplusFeatureReduceBrightness( 1888): onAppExit , info = com.example.translatorapp
10-27 16:52:09.698 D/OplusEapManager( 1888): mTargetExitName :com.example.translatorapp
10-27 16:52:09.699 D/OplusAppSwitchListener( 1888): Detect com.android.launcher switch to foreground
10-27 16:52:09.699 D/OplusEapManager( 1888): mTargetEnterName :com.android.launcher
10-27 16:52:09.699 D/VRR [OPlusFrontAppManager]( 1888): OnAppSwitchObserver: onAppEnter , info.targetName = com.android.launcher
10-27 16:52:09.702 V/WindowManager( 1888): Changing focus from null to Window{f6e43f3 u0 com.android.launcher/com.android.launcher.Launcher},diplayid=0
10-27 16:52:09.703 D/VRR [OPlusRefreshRateService]( 1888): handleFrontAppChange pkgName: com.android.launcher
10-27 16:52:09.707 D/VRI[Launcher]( 2620): relayoutWindow result, sizeChanged:false, surfaceControlChanged:true, transformHintChanged:false, mSurfaceSize:Point(1080, 2412), mLastSurfaceSize:Point(1080, 2412), mWidth:1080, mHeight:2412, requestedWidth:1080, requestedHeight:2412, transformHint:0, lastTransformHint:0, installOrientation:0, displayRotation:0, isSurfaceValid:true, attr.flag:-2121203456, useBlast:true, tmpFrames:ClientWindowFrames{frame=[0,0][1080,2412] display=[0,0][1080,2412] parentFrame=[0,0][0,0]}
10-27 16:52:09.708 W/VRI[Launcher]( 2620): updateBlastSurfaceIfNeeded, surfaceSize:Point(1080, 2412), lastSurfaceSize:Point(1080, 2412), format:-2, blastBufferQueue:null
10-27 16:52:09.710 D/VRR [OPlusRefreshRateService]( 1888):  setFrameRateTargetControl [ 0.0 , com.example.translatorapp , false , com.oplus.battery ]
10-27 16:52:09.710 D/VRR [OPlusExternalRefreshRateManager]( 1888):  [FRTC] FrameRate : 0 com.example.translatorapp false com.oplus.battery 0 1000
10-27 16:52:09.711 W/ActivityManager( 1888): setHasOverlayUi called on unknown pid: 3360
10-27 16:52:09.712 V/ActivityManager( 1888): Got obituary of 3360:com.example.translatorapp
10-27 16:52:09.716 D/InstallerExtImpl( 1888): Avoid to hold lock when rmPackageDir
10-27 16:52:09.718 I/Quality ( 2620): Skipped: false 1 cost 15.668031 refreshRate 8333333 bit true processName com.android.launcher
10-27 16:52:09.718 D/CompatibilityChangeReporter( 1888): Compat change id reported: 157233955; UID 1000; state: ENABLED
10-27 16:52:09.718 D/InstallerExtImpl( 1888): Avoid to hold lock when rmPackageDir
10-27 16:52:09.719 D/OplusTransitionController( 1888): onSyncFinishedDrawing, Window{f6e43f3 u0 com.android.launcher/com.android.launcher.Launcher}
10-27 16:52:09.719 I/WindowManager( 1888): finishDrawing skipLayout:false Window{f6e43f3 u0 com.android.launcher/com.android.launcher.Launcher} com.android.server.wm.WindowManagerService.finishDrawingWindow:2972 com.android.server.wm.Session.finishDrawing:311 android.view.IWindowSession$Stub.onTransact:779 
10-27 16:52:09.719 I/WindowManager( 1888): Window{f6e43f3 u0 com.android.launcher/com.android.launcher.Launcher} state from DRAW_PENDING to COMMIT_DRAW_PENDING; reason: finishDrawingLocked
10-27 16:52:09.719 D/OplusTransitionAnimationManager( 1888): skipFinishDrawingIfNeed clientRotation=0, currentRotation=0, hasFixedRotationApp=false, requestedOrientation=5, win=Window{f6e43f3 u0 com.android.launcher/com.android.launcher.Launcher}, activity=ActivityRecord{8b2657a u0 com.android.launcher/.Launcher t5}, currentConfig={1.15 ??mcc??mnc [zh_CN,en_US] ldltr sw320dp w320dp h642dp 540dpi nrml long widecg port night finger -keyb/h/h -nav/h winConfig={ mBounds=Rect(0, 0 - 1080, 2412) mAppBounds=Rect(0, 96 - 1080, 2263) mMaxBounds=Rect(0, 0 - 1080, 2412) mDisplayRotation=ROTATION_0 mWindowingMode=fullscreen mDisplayWindowingMode=fullscreen mActivityType=home mAlwaysOnTop=undefined mRotation=ROTATION_0} s.9 fontWeightAdjustment=0mThemeChanged= 0, mThemeChangedFlags= 0, mFlipFont= 0, mScenario= -1, mAccessibleChanged= -1, mUxIconConfig= 3468921665126662176, mMaterialColor= 2, mUserId= 0, mFontUserId= 0, mFontVariationSettings= 1226, mFoldingAngle = -1.0, mIconPackName= , mDarkModeBackgroundMaxL= 8.0, mDarkModeDialogBgMaxL= 27.0, mDarkModeForegroundMinL= 100.0, mOplusConfigType= 1, mOplusChangedConfigs= 0, OpSans= -1, mBurmeseFontFlag= 2, mFlag= 0, mFlexibleActivitySuitable= -1, mPuttDisplayFlag= -1}
10-27 16:52:09.720 V/WindowManager( 1888): Unknown focus tokens, dropping reportFocusChanged
10-27 16:52:09.722 D/UserUninstallRecorder( 1888): not care com.example.translatorapp installed.
10-27 16:52:09.722 E/ActivityThread( 2620): Failed to find provider info for com.android.launcher.EventContentProvider
10-27 16:52:09.722 D/OplusOsPackageManager( 1888): addPkgToNotLaunchedList com.example.translatorapp
10-27 16:52:09.723 I/ActivityManager( 1888): Force stopping com.example.translatorapp appid=10378 user=0: pkg removed
10-27 16:52:09.724 I/WindowManager( 1888): Window{f6e43f3 u0 com.android.launcher/com.android.launcher.Launcher} state from COMMIT_DRAW_PENDING to READY_TO_SHOW; reason: commitFinishDrawingLocked
10-27 16:52:09.724 E/ActivityThread( 2620): Failed to find provider info for com.android.launcher.EventContentProvider
10-27 16:52:09.724 D/ActivityTaskManager( 1888): Clearing startingData for token=null
10-27 16:52:09.726 D/ActivityTaskManager( 1888): Clearing startingData for token=null
10-27 16:52:09.727 I/WindowManager( 1888): Window{f6e43f3 u0 com.android.launcher/com.android.launcher.Launcher} state from READY_TO_SHOW to HAS_DRAWN; reason: performShowLocked
10-27 16:52:09.727 D/OplusFlexibleActivityTransitionManager( 1888): fixTransitType type result:2, targets: [Task{58e02d4 #1 type=home}, WallpaperWindowToken{f4c970f token=android.os.Binder@31046e}]
10-27 16:52:09.730 D/OplusTransitionController( 1888): onTransactionReady, syncId: 333, 
10-27 16:52:09.730 D/OplusTransitionController( 1888):  info: {id=333 t=CLOSE f=0x0 trk=0 r=[0@Point(0, 0)] c=[{WCT{RemoteToken{20ba6cd Task{58e02d4 #1 type=home}}} m=TO_FRONT f=SHOW_WALLPAPER|MOVE_TO_TOP leash=Surface(name=Task=1)/@0xc3acd59 sb=Rect(0, 0 - 1080, 2412) eb=Rect(0, 0 - 1080, 2412) d=0},{null m=TO_FRONT f=IS_WALLPAPER leash=Surface(name=WallpaperWindowToken{f4c970f token=android.os.Binder@31046e})/@0xbd3d9ff sb=Rect(0, 0 - 1080, 2412) eb=Rect(0, 0 - 1080, 2412) d=0}]}, 
10-27 16:52:09.730 D/OplusTransitionController( 1888):  targets : [Task{58e02d4 #1 type=home}, WallpaperWindowToken{f4c970f token=android.os.Binder@31046e}]
10-27 16:52:09.730 D/OplusTransitionAnimationManager( 1888): mOpeningTasks add Task{58e02d4 #1 type=home}
10-27 16:52:09.732 V/WindowManagerShell( 2549): onTransitionReady android.os.BinderProxy@a16814f: {id=333 t=CLOSE f=0x0 trk=0 r=[0@Point(0, 0)] c=[{WCT{android.window.IWindowContainerToken$Stub$Proxy@c38df74} m=TO_FRONT f=SHOW_WALLPAPER|MOVE_TO_TOP leash=Surface(name=Task=1)/@0x4d8bb61 sb=Rect(0, 0 - 1080, 2412) eb=Rect(0, 0 - 1080, 2412) d=0},{null m=TO_FRONT f=IS_WALLPAPER leash=Surface(name=WallpaperWindowToken{f4c970f token=android.os.Binder@31046e})/@0x7658686 sb=Rect(0, 0 - 1080, 2412) eb=Rect(0, 0 - 1080, 2412) d=0}]}
10-27 16:52:09.733 V/WindowManagerShell( 2549): Playing animation for (#333)android.os.BinderProxy@a16814f@0
10-27 16:52:09.733 V/WindowManagerShell( 2549):  try handler com.oplus.zoom.transition.ZoomTransitionController@bc9ab00
10-27 16:52:09.733 V/WindowManagerShell( 2549):  try handler com.android.wm.shell.transition.DefaultMixedHandler@8f7ff39
10-27 16:52:09.733 V/WindowManagerShell( 2549):  try handler com.android.wm.shell.keyguard.KeyguardTransitionHandler@1da8493
10-27 16:52:09.733 V/WindowManagerShell( 2549):  try handler com.android.wm.shell.activityembedding.ActivityEmbeddingController@b216cd0
10-27 16:52:09.733 V/WindowManagerShell( 2549):  try handler com.android.wm.shell.recents.RecentsTransitionHandler@542e4c9
10-27 16:52:09.734 V/WindowManagerShell( 2549): RecentsTransitionHandler.startAnimation: no controller found
10-27 16:52:09.734 V/WindowManagerShell( 2549):  try handler com.android.wm.shell.pip.PipTransition@ba6d7ce
10-27 16:52:09.734 V/WindowManagerShell( 2549):  try handler com.android.wm.shell.splitscreen.StageCoordinator@31ed6ef
10-27 16:52:09.734 I/TaskOrganizerController( 1888): onTaskInfoChanged taskid 1 config { mBounds=Rect(0, 0 - 1080, 2412) mAppBounds=Rect(0, 96 - 1080, 2263) mMaxBounds=Rect(0, 0 - 1080, 2412) mDisplayRotation=ROTATION_0 mWindowingMode=fullscreen mDisplayWindowingMode=fullscreen mActivityType=home mAlwaysOnTop=undefined mRotation=ROTATION_0}
10-27 16:52:09.734 V/WindowManagerShell( 2549):  try handler com.oplus.flexibleactivity.FlexibleActivityTransitionHandler@57885fc
10-27 16:52:09.734 V/WindowManagerShell( 2549):  try handler OnePuttTransitionHandler
10-27 16:52:09.734 D/FlexibleWindowManager( 1888): onFlexibleWindowTaskInfoChanged: mTaskId = 1 oldIsTaskEmbedded = false   curIsTaskEmbedded = false  topActivity = ComponentInfo{com.android.launcher/com.android.launcher.Launcher}
10-27 16:52:09.734 D/OplusFlexibleWindowMinimizedManagerHelper( 1888): onTaskInfoChanged taskInfo:TaskInfo{userId=0 taskId=1 displayId=0 isRunning=true baseIntent=Intent { act=android.intent.action.MAIN cat=[android.intent.category.HOME] flg=0x10000100 cmp=com.android.launcher/.Launcher mCallingUid=1000 } baseActivity=ComponentInfo{com.android.launcher/com.android.launcher.Launcher} topActivity=ComponentInfo{com.android.launcher/com.android.launcher.Launcher} origActivity=null realActivity=null numActivities=1 lastActiveTime=18427 supportsSplitScreenMultiWindow=false supportsMultiWindow=true supportsPocketStudioMultiWindow=true isInFlexibleEmbedded = false uid = 10172 pid = 2620 resizeMode=2 isResizeable=true minWidth=-1 minHeight=-1 defaultMinSize=220 token=WCT{RemoteToken{20ba6cd Task{58e02d4 #1 type=home}}} topActivityType=2 pictureInPictureParams=null shouldDockBigOverlays=false launchIntoPipHostTaskId=-1 lastParentTaskIdBeforePip=-1 displayCutoutSafeInsets=null topActivityInfo=ActivityInfo{2633be9 com.android.launcher.Launcher} launchCookies=[] positionInParent=Point(0, 0) parentTaskId=-1 isFocused=true isVisible=true isVisibleRequested=true isSleeping=false topActivityInSizeCompat=false topActivityInOplusCompatMode=false topActivityEligibleForLetterboxEducation= false topActivityLetterboxed= false isFromDoubleTap= false topActivityLetterboxVerticalPosition= -1 topActivityLetterboxHorizontalPosition= -1 topActivityLetterboxWidth=-1 topActivityLetterboxHeight=-1 locusId=LocusId[17_chars] displayAreaFeatureId=1 cameraCompatControlState=hidden locusId= LocusId[17_chars] topActivityLetterboxInsets=Rect(0, 0 - 0, 0)} task:Task{58e02d4 #1 type=home}
10-27 16:52:09.734 V/WindowManagerShell( 2549):  try handler com.android.wm.shell.transition.RemoteTransitionHandler@9c605e8
10-27 16:52:09.734 V/WindowManagerShell( 2549): Transition doesn't have explicit remote, search filters for match for {id=333 t=CLOSE f=0x0 trk=0 r=[0@Point(0, 0)] c=[{WCT{android.window.IWindowContainerToken$Stub$Proxy@c38df74} m=TO_FRONT f=SHOW_WALLPAPER|MOVE_TO_TOP leash=Surface(name=Task=1)/@0x4d8bb61 sb=Rect(0, 0 - 1080, 2412) eb=Rect(0, 0 - 1080, 2412) d=0},{null m=TO_FRONT f=IS_WALLPAPER leash=Surface(name=WallpaperWindowToken{f4c970f token=android.os.Binder@31046e})/@0x7658686 sb=Rect(0, 0 - 1080, 2412) eb=Rect(0, 0 - 1080, 2412) d=0}]}
10-27 16:52:09.734 V/WindowManagerShell( 2549):  Checking filter Pair{{types=[] flags=0x0] notFlags=0x100 checks=[{atype=home independent=true modes=[OPEN,TO_FRONT] flags=NONE mustBeTask=false order=TOP topActivity=ComponentInfo{com.android.launcher/com.android.launcher.Launcher}},{atype=standard independent=true modes=[CLOSE,TO_BACK] flags=NONE mustBeTask=false order=ANY topActivity=null}]} RemoteTransition { remoteTransition = android.window.IRemoteTransition$Stub$Proxy@88d6401, appThread = android.app.IApplicationThread$Stub$Proxy@27212a6, debugName = QuickstepLaunchHome }}
10-27 16:52:09.734 V/WindowManagerShell( 2549):  Delegate animation for #333 to null
10-27 16:52:09.734 V/WindowManagerShell( 2549):  try handler com.android.wm.shell.transition.DefaultTransitionHandler@ea4b4e7
10-27 16:52:09.734 V/WindowManagerShell( 2549): start default transition animation, info = {id=333 t=CLOSE f=0x0 trk=0 r=[0@Point(0, 0)] c=[{WCT{android.window.IWindowContainerToken$Stub$Proxy@c38df74} m=TO_FRONT f=SHOW_WALLPAPER|MOVE_TO_TOP leash=Surface(name=Task=1)/@0x4d8bb61 sb=Rect(0, 0 - 1080, 2412) eb=Rect(0, 0 - 1080, 2412) d=0},{null m=TO_FRONT f=IS_WALLPAPER leash=Surface(name=WallpaperWindowToken{f4c970f token=android.os.Binder@31046e})/@0x7658686 sb=Rect(0, 0 - 1080, 2412) eb=Rect(0, 0 - 1080, 2412) d=0}]}
10-27 16:52:09.737 D/ActivityTaskManager( 1888): Clearing startingData for token=null
10-27 16:52:09.737 V/WindowManagerShell( 2549): loadAnimation: anim=android.view.animation.AnimationSet@b405c3f animAttr=0x10 type=CLOSE isEntrance=true
10-27 16:52:09.739 V/WindowManagerShell( 2549):  animated by com.android.wm.shell.transition.DefaultTransitionHandler@ea4b4e7
10-27 16:52:09.747 D/ActivityTaskManager( 1888): Skipping, invisible task: Task{32a27cc #5 type=home I=com.android.launcher/.Launcher}
10-27 16:52:09.747 D/OplusAppListInterceptManager( 1888): shouldFilterTask
10-27 16:52:09.747 D/OplusAppListInterceptManager( 1888): shouldFilterTask::packageName = com.example.translatorapp
10-27 16:52:09.747 D/OplusAppListInterceptManager( 1888): shouldFilterTask
10-27 16:52:09.747 D/OplusAppListInterceptManager( 1888): shouldFilterTask::packageName = com.tencent.mm
10-27 16:52:09.747 D/OplusAppListInterceptManager( 1888): shouldFilterTask
10-27 16:52:09.747 D/OplusAppListInterceptManager( 1888): shouldFilterTask::packageName = com.ss.android.ugc.aweme
10-27 16:52:09.747 D/OplusAppListInterceptManager( 1888): shouldFilterTask
10-27 16:52:09.747 D/OplusAppListInterceptManager( 1888): shouldFilterTask::packageName = com.android.settings
10-27 16:52:09.748 D/CompatibilityChangeReporter( 1888): Compat change id reported: 197654537; UID 1000; state: ENABLED
10-27 16:52:09.748 D/OplusSplitScreenManagerService( 1888): com.android.settings unSupportsSplitScreen by blockList or ForbidActivityList
10-27 16:52:09.748 D/OplusSplitScreenManagerService( 1888): com.android.settings unSupportsSplitScreen by blockList or ForbidActivityList
10-27 16:52:09.748 D/OplusAppListInterceptManager( 1888): shouldFilterTask
10-27 16:52:09.748 D/OplusAppListInterceptManager( 1888): shouldFilterTask::packageName = com.levelinfinite.sgameGlobal.midaspay
10-27 16:52:09.748 D/OplusAppListInterceptManager( 1888): shouldFilterTask
10-27 16:52:09.748 D/OplusAppListInterceptManager( 1888): shouldFilterTask::packageName = com.xingin.xhs
10-27 16:52:09.748 D/OplusAppListInterceptManager( 1888): shouldFilterTask
10-27 16:52:09.748 D/OplusAppListInterceptManager( 1888): shouldFilterTask::packageName = com.heytap.browser
10-27 16:52:09.748 D/OplusAppListInterceptManager( 1888): shouldFilterTask
10-27 16:52:09.748 D/OplusAppListInterceptManager( 1888): shouldFilterTask::packageName = com.ss.android.article.video
10-27 16:52:09.748 D/OplusAppListInterceptManager( 1888): shouldFilterTask
10-27 16:52:09.748 D/OplusAppListInterceptManager( 1888): shouldFilterTask::packageName = com.android.settings
10-27 16:52:09.748 D/OplusSplitScreenManagerService( 1888): com.android.settings unSupportsSplitScreen by blockList or ForbidActivityList
10-27 16:52:09.748 D/OplusAppListInterceptManager( 1888): shouldFilterTask
10-27 16:52:09.748 D/OplusAppListInterceptManager( 1888): shouldFilterTask::packageName = com.coloros.calendar
10-27 16:52:09.748 D/ActivityTaskManager( 1888): after skip size 10
10-27 16:52:09.749 D/InputMethodManagerService( 1888): isSecurity: attribute.packageName = com.android.launcher mCurMethodId = com.tencent.wetype/.plugin.hld.WxHldService isSecurity = false ( enable = true needShow = false inBlackList = false isExist = true )
10-27 16:52:09.763 D/OAppNetControlService( 1888): Hans update:[10088=false][0|0] blackList:[10278, 10190, 10249, 10241, 10240, 10316, 10232, 10242]
10-27 16:52:09.763 D/OAppNetControlService( 1888): Hans update:[10232=false][0|0] blackList:[10278, 10190, 10249, 10241, 10240, 10316, 10242]
10-27 16:52:09.763 D/OAppNetControlService( 1888): Hans update:[10316=false][0|0] blackList:[10278, 10190, 10249, 10241, 10240, 10242]
10-27 16:52:09.763 D/OAppNetControlService( 1888): Hans update:[10242=false][0|0] blackList:[10278, 10190, 10249, 10241, 10240]
10-27 16:52:09.763 D/OAppNetControlService( 1888): Hans update:[10241=false][0|0] blackList:[10278, 10190, 10249, 10240]
10-27 16:52:09.772 D/OplusDisplayManagerServiceEnhance( 1888): OplusDisplayManagerServiceEnhance setSpecBrightness gear = 0 reason = com.android.launcher@temperature@31@normal rate = -1
10-27 16:52:09.772 D/DisplayManagerServiceExtImpl( 1888): scheduleTraversalLocked intraversal=false
10-27 16:52:09.772 I/OplusSmartBrightnessController( 1888): handleMessage MSG_TEMPERATURE_LIMIT_BRIGHTNESS_CHANGED.
10-27 16:52:09.773 D/OplusFeatureTemperatureLimitBrightness( 1888): new parameter!ControlInfo:[ gear = 0 reason = com.android.launcher@temperature@31@normal brightness = 10239 package = com.android.launcher type = temperature temperature = 31 priority = normal rate = -1] HadDragPoint = false mode = 0
10-27 16:52:09.773 D/OplusFeatureTemperatureLimitBrightness( 1888): isResetUpdate = false isNormalUpdate = false isSafetyRegulationsForceUpdate = false mLastBrightnessLimit = 10239
10-27 16:52:09.773 D/ColorAutomaticBrightnessController( 1888): MSG_UPDATE_BRIGHTNESS
10-27 16:52:09.780 I/ActivityManager( 1888): Force stopping com.example.translatorapp appid=10378 user=0: pkg removed
10-27 16:52:09.785 D/RefreshRate( 1888): setHighTemperatureStatusWithoutUpdate: status = 0, rate = 0
10-27 16:52:09.785 D/RefreshRate( 1888): app is in transition, stop setting high temperature status.
10-27 16:52:09.801 W/PackageManager( 1888): package com.coloros.familyguard uid 10243 pid 32721 call SetEnabledSetting(com.coloros.familyguard component = com.coloros.sharescreen.compat.injectevent.AssistanceInputService, 2, 0)
10-27 16:52:09.807 D/OplusAlarmAdjustment( 1888): unproxyAlarmsByUid(), uid=10088, pkgName=com.heytap.themestore, requester=1
10-27 16:52:09.807 D/OplusAlarmAdjustment( 1888): unalignAlarmsByUid(), uid=10228, pkgName=com.nearme.gamecenter, actions=null, procs=null, requester=1
10-27 16:52:09.807 D/OplusAlarmAdjustment( 1888): unproxyAlarmsByUid(), uid=10232, pkgName=com.oplus.games, requester=1
10-27 16:52:09.807 D/OplusAlarmAdjustment( 1888): unalignAlarmsByUid(), uid=10243, pkgName=com.coloros.familyguard, actions=null, procs=null, requester=1
10-27 16:52:09.808 D/OplusAlarmAdjustment( 1888): unalignAlarmsByUid(), uid=10241, pkgName=com.coloros.shortcuts, actions=null, procs=null, requester=1
10-27 16:52:09.809 D/VRR [OPlusRefreshRateService]( 1888):  setFrameRateTargetControl [ 0.0 , com.android.launcher , false , com.oplus.battery ]
10-27 16:52:09.809 D/VRR [OPlusExternalRefreshRateManager]( 1888):  [FRTC] FrameRate : 0 com.android.launcher false com.oplus.battery 0 1000
10-27 16:52:09.815 D/DisplayManagerService( 1888): MSG_REQUEST_TRAVERSAL pendingCompleted=false
10-27 16:52:09.816 D/OplusAlarmAdjustMap( 1888): removeProxyUid, uid=10088, requester=1
10-27 16:52:09.817 D/OplusAlarmAdjustMap( 1888): removeAlignUid, uid=10228, requester=1
10-27 16:52:09.817 D/OplusAlarmAdjustMap( 1888): removeProxyUid, uid=10232, requester=1
10-27 16:52:09.817 D/OplusAlarmAdjustMap( 1888): removeAlignUid, uid=10243, requester=1
10-27 16:52:09.817 D/OplusAlarmAdjustMap( 1888): removeAlignUid, uid=10241, requester=1
10-27 16:52:09.819 D/DisplayManagerService( 1888): performTraversalInternal pendingTraversal
10-27 16:52:09.819 D/DisplayDevice( 1888): setLayerStackLocked id=local:4627039422300187648 token=android.os.BinderProxy@547e04e stack=0->0
10-27 16:52:09.819 D/DisplayDevice( 1888): setLayerStackLocked id=virtual:com.android.shell,2000,scrcpy,0 token=android.os.BinderProxy@342754c stack=3->3
10-27 16:52:09.819 D/LocalDisplayAdapter( 1888): setDesiredDisplayModeSpecsAsync: display unique id = local:4627039422300187648, display mode specs = defaultMode=1 allowGroupSwitching=false primaryRanges=physical: (0.0 Infinity) render:  (0.0 120.00001) appRequestRanges=physical: (0.0 Infinity) render:  (0.0 120.00001)
10-27 16:52:09.827 D/CompatibilityChangeReporter( 1888): Compat change id reported: 168419799; UID 10378; state: DISABLED
10-27 16:52:09.827 D/CompatibilityChangeReporter( 1888): Compat change id reported: 273564678; UID 10378; state: DISABLED
10-27 16:52:09.830 D/OplusBatteryServiceFeature( 1888): setSmartCoolDown: coolDown = 0, normalCoolDown = 0, pkgName = com.android.launcher
10-27 16:52:09.846 W/OplusSelfProtectManager( 1888): pkg[com.oplus.crashbox] not in policy list
10-27 16:52:09.870 D/PackageInstallerSessionExtImpl( 1888): recordSotaAppResult stagedSession is null
10-27 16:52:09.870 D/PackageInstallerSession( 1888): Marking session 1287226616 as applied
10-27 16:52:09.870 D/InstallerExtImpl( 1888): Avoid to hold lock when rmPackageDir
10-27 16:52:09.876 D/OplusInstallAccelerateManager( 1888): stopAccelerate()
10-27 16:52:09.876 D/OplusInstallAccelerateManager( 1888): operateCpuBouncingIfNeeded()
10-27 16:52:09.876 D/OplusInstallAccelerateManager( 1888): originatingPackageName = unknown
10-27 16:52:09.876 D/OplusInstallAccelerateManager( 1888): initiatingPackageName = com.android.shell
10-27 16:52:09.876 D/OplusInstallAccelerateManager( 1888): installerPackageName = pc
10-27 16:52:09.877 W/Looper  ( 1888): Slow delivery took 200ms android.fg h=android.os.Handler c=<recycled PooledLambda@c1611a2> m=0
10-27 16:52:09.879 D/VRR [OPlusRefreshRateService]( 1888): handleConfigIdChange physicalDisplayId: 4627039422300187648 configId: 1
10-27 16:52:09.881 D/ShellTaskOrganizer( 2549): dispatchTaskEventToClientIfNeed, eventType:2, taskInfo:TaskInfo{userId=0 taskId=1 displayId=0 isRunning=true baseIntent=Intent { act=android.intent.action.MAIN cat=[android.intent.category.HOME] flg=0x10000100 cmp=com.android.launcher/.Launcher mCallingUid=1000 } baseActivity=ComponentInfo{com.android.launcher/com.android.launcher.Launcher} topActivity=ComponentInfo{com.android.launcher/com.android.launcher.Launcher} origActivity=null realActivity=null numActivities=1 lastActiveTime=18427 supportsSplitScreenMultiWindow=false supportsMultiWindow=true supportsPocketStudioMultiWindow=true isInFlexibleEmbedded = false uid = 10172 pid = 2620 resizeMode=2 isResizeable=true minWidth=-1 minHeight=-1 defaultMinSize=220 token=WCT{android.window.IWindowContainerToken$Stub$Proxy@a06a46a} topActivityType=2 pictureInPictureParams=null shouldDockBigOverlays=false launchIntoPipHostTaskId=-1 lastParentTaskIdBeforePip=-1 displayCutoutSafeInsets=null topActivityInfo=ActivityInfo{ee87d5b com.android.launcher.Launcher} launchCookies=[] positionInParent=Point(0, 0) parentTaskId=-1 isFocused=true isVisible=true isVisibleRequested=true isSleeping=false topActivityInSizeCompat=false topActivityInOplusCompatMode=false topActivityEligibleForLetterboxEducation= false topActivityLetterboxed= false isFromDoubleTap= false topActivityLetterboxVerticalPosition= -1 topActivityLetterboxHorizontalPosition= -1 topActivityLetterboxWidth=-1 topActivityLetterboxHeight=-1 locusId=LocusId[17_chars] displayAreaFeatureId=1 cameraCompatControlState=hidden locusId= LocusId[17_chars] topActivityLetterboxInsets=Rect(0, 0 - 0, 0)}, leash:null
10-27 16:52:09.883 V/AutofillManagerService( 1888): onPackageUpdateStarted(): com.example.translatorapp
10-27 16:52:09.886 D/OplusInstallAccelerateManager( 1888): handleMessage(1000)
10-27 16:52:09.886 D/OplusInstallAccelerateManager( 1888): recoveryCpuBouncingIfNeeded(1287226616, false)
10-27 16:52:09.886 D/OplusInstallAccelerateManager( 1888): remove message 1287226616
10-27 16:52:09.886 D/OplusInstallAccelerateManager( 1888): recoveryCpuBouncing()
10-27 16:52:09.889 V/MonthTrafficAlert( 2965): getWarningNotification subId:1 numWarningNotificaion:0
10-27 16:52:09.889 V/TrafficAlert( 2965): getLimitNotification subId:1 ,numLimitNotificaion:0
10-27 16:52:09.889 I/TcpCongestControl( 2965): onPackageChange:pkgname:com.example.translatorapp, uid:10378,action:android.intent.action.PACKAGE_REMOVED
10-27 16:52:09.894 I/TcpCongestControl( 2965): onPackageChange:pkgname:com.example.translatorapp, uid:10378,action:android.intent.action.PACKAGE_ADDED
10-27 16:52:09.894 I/TcpCongestControl( 2965): onPackageChange:pkgname:com.example.translatorapp, uid:10378,action:android.intent.action.PACKAGE_REPLACED
10-27 16:52:09.921 W/ContextImpl( 2986): Calling a method in the system process without a qualified user: android.app.ContextImpl.startService:1929 android.content.ContextWrapper.startService:835 j.c.e:7 j.c.a:3 o0.b.f:4 
10-27 16:52:09.952 W/TextServicesManagerService( 1888): no available spell checker services found
10-27 16:52:09.952 W/PackageConfigPersister( 1888): App-specific configuration not found for packageName: com.example.translatorapp and userId: 0
10-27 16:52:09.971 D/CompatibilityChangeReporter( 1888): Compat change id reported: 135634846; UID 1000; state: DISABLED
10-27 16:52:09.971 D/CompatibilityChangeReporter( 1888): Compat change id reported: 177438394; UID 1000; state: DISABLED
10-27 16:52:09.971 D/CompatibilityChangeReporter( 1888): Compat change id reported: 135772972; UID 1000; state: DISABLED
10-27 16:52:09.971 D/CompatibilityChangeReporter( 1888): Compat change id reported: 135754954; UID 1000; state: ENABLED
10-27 16:52:09.978 V/WindowManagerShell( 2549): Transition animation finished (aborted=false), notifying core (#333)android.os.BinderProxy@a16814f@0
10-27 16:52:09.980 I/OplusAppSwitchManagerService( 1888):  handleAppVisible , r = ActivityRecord{8b2657a u0 com.android.launcher/.Launcher t5}
10-27 16:52:09.981 D/OplusTransitionController( 1888): finishTransition, transition: TransitionRecord{3221c8a id=333 type=CLOSE flags=0x0}
10-27 16:52:09.981 D/OplusTransitionAnimationManager( 1888): commitVisibilityWhenFinishTransition type=2, ar.isVisibleRequested=false, ar.isVisible=true, ar.isVisibleRequested=false, ar=ActivityRecord{6e931a5 u0 com.example.translatorapp/.MainActivity t-1 f}} ar type 1 ar state :DESTROYED displayid :-1, participants={Task{32a27cc #5 type=home I=com.android.launcher/.Launcher}, Task{58e02d4 #1 type=home}, Task{5c8b52b #10048 type=standard A=10378:com.example.translatorapp}, ActivityRecord{6e931a5 u0 com.example.translatorapp/.MainActivity t-1 f}}, ActivityRecord{8b2657a u0 com.android.launcher/.Launcher t5}, WallpaperWindowToken{f4c970f token=android.os.Binder@31046e}}
10-27 16:52:09.981 D/OplusTransitionAnimationManager( 1888): commitVisibilityWhenFinishTransition type=2, ar.isVisibleRequested=true, ar.isVisible=true, ar.isVisibleRequested=true, ar=ActivityRecord{8b2657a u0 com.android.launcher/.Launcher t5} ar type 2 ar state :RESUMED displayid :0, participants={Task{32a27cc #5 type=home I=com.android.launcher/.Launcher}, Task{58e02d4 #1 type=home}, Task{5c8b52b #10048 type=standard A=10378:com.example.translatorapp}, ActivityRecord{6e931a5 u0 com.example.translatorapp/.MainActivity t-1 f}}, ActivityRecord{8b2657a u0 com.android.launcher/.Launcher t5}, WallpaperWindowToken{f4c970f token=android.os.Binder@31046e}}
10-27 16:52:09.982 D/RefreshRate( 1888): transition is finished, try to finish setting pending high temperature status.
10-27 16:52:09.982 D/RefreshRate( 1888): setHighTemperatureStatusWithoutUpdate: status = 0, rate = 0
10-27 16:52:09.982 D/RefreshRate( 1888): ***** request traversal for refresh rate change : mChangeInAnimation = false, highTempRefreshRateChanged = true *****
10-27 16:52:09.982 D/TransitionController( 1888): NFW_send RECOMPUTE_FOCUS in finishTransition
10-27 16:52:09.982 D/ShellTaskOrganizer( 2549): onTransitionFinish, isRecent:false
10-27 16:52:09.983 V/WindowManagerShell( 2549): Track 0 became idle
10-27 16:52:09.983 V/WindowManagerShell( 2549): All active transition animations finished
10-27 16:52:09.987 W/VRI[Launcher]( 2620): handleResized abandoned!
10-27 16:52:09.992 D/ColorAutomaticBrightnessController( 1888): CtsTest = false
10-27 16:52:09.992 D/DeviceIdleHelper( 1888): pacakge removed: name=com.example.translatorapp not in PowerSaveWhitelist
10-27 16:52:10.003 I/OplusMediaControlService( 1888): package is replacing
10-27 16:52:10.004 D/LightsServiceExtImpl( 1888): isCtsHardwareTestCases = false
10-27 16:52:10.004 D/OplusSmartBrightnessController( 1888): CtsTest = false
10-27 16:52:10.004 D/OplusFeatureMEMCGame_PW( 1888): The same ThermalThrottling: 0, return
10-27 16:52:10.004 I/ActivityManager( 1888): Start proc 4152:com.android.keychain/1000 for service {com.android.keychain/com.android.keychain.KeyChainService}
10-27 16:52:10.010 D/OplusCustomizeService( 1888): mCoreAppIsEnable = false
10-27 16:52:10.010 D/OplusCustomizeService( 1888): pkgName = com.example.translatorapp
10-27 16:52:10.010 D/OplusCustomizeService( 1888): Add packages name is :com.example.translatorapp;dir:/data/app/~~tkozUBYRz3X1rsvRHN1d0w==/com.example.translatorapp-5RLX_RkB3jyW1btx0mVclg==/base.apk
10-27 16:52:10.010 W/WindowMagnificationMgr( 1888): requestConnection duplicated request: connect=false, mConnectionState=DISCONNECTED
10-27 16:52:10.018 W/WindowMagnificationMgr( 1888): requestConnection duplicated request: connect=false, mConnectionState=DISCONNECTED
10-27 16:52:10.020 D/ColorAutomaticBrightnessController( 1888): CtsTest = false
10-27 16:52:10.023 D/OplusOsPackageManager( 1888): uploadInstallAppInfos:{code=1, abi1=arm64-v8a, abi2=null, update=1, cert=9C0D84ECC1;, targetSdkVersion=34, source=pc, app_pkg=com.example.translatorapp, version=1.0.0, md5=b3846eb6beb71d25d96b9582e282f24c},path=/data/app/~~tkozUBYRz3X1rsvRHN1d0w==/com.example.translatorapp-5RLX_RkB3jyW1btx0mVclg==/base.apk,installerPackageName:pc
10-27 16:52:10.025 V/AutofillManagerService( 1888): onPackageUpdateFinished(): com.example.translatorapp
10-27 16:52:10.025 V/AutofillManagerService( 1888): onPackageModified(): com.example.translatorapp
10-27 16:52:10.027 W/VoiceInteractionManager( 1888): no available voice recognition services found for user 0
10-27 16:52:10.047 W/VRI[NavigationBar_displayId_0]( 2549): handleResized abandoned!
10-27 16:52:10.047 W/VRI[StatusBar]( 2549): handleResized abandoned!
10-27 16:52:10.052 D/OplusMediaControlService( 1888): dispatch getHistoryMediaPlayerInfoList
10-27 16:52:10.055 W/OplusSelfProtectManager( 1888): pkg[com.oplus.crashbox] not in policy list
10-27 16:52:10.057 W/OplusSelfProtectManager( 1888): pkg[com.oplus.crashbox] not in policy list
10-27 16:52:10.058 W/OplusSelfProtectManager( 1888): pkg[com.oplus.crashbox] not in policy list
10-27 16:52:10.061 D/OplusMediaControlService( 1888): InHistoryPlayInfoWhiteList: com.luna.music, 0
10-27 16:52:10.062 D/IntervalStats( 1888): Unable to parse usage stats packages: [152, 307, 336, 341, 342, 343, 375, 584, 607, 637, 643, 698, 733, 734, 751, 754, 757, 759]
10-27 16:52:10.062 D/UsageStatsService( 1888): User[0] type=3 b=1730148730059 e=1761598330059 cb=1752633092919 ce=1761598329982 disk=415 all=812
10-27 16:52:10.063 D/CompatibilityChangeReporter( 1888): Compat change id reported: 168419799; UID 1000; state: DISABLED
10-27 16:52:10.063 D/CompatibilityChangeReporter( 1888): Compat change id reported: 273564678; UID 1000; state: DISABLED
10-27 16:52:10.063 D/ActivityTaskManagerServiceExtImpl( 1888): preBindApplication record is null
10-27 16:52:10.073 I/OplusMediaControlService( 1888): getHistoryMediaPlayerInfoList historyInfoList size: 1
10-27 16:52:10.073 I/iopgp   ( 3226): PreloadService: TRANSACTION_IOPGP_ON_PACKAGES_CHANGED
10-27 16:52:10.073 I/iopgp   ( 3226): Iopgp: TRANSACTION_IOPGP_ON_PACKAGES_CHANGED  pkg_name = com.example.translatorapp pkg_version = 1 isDeleted = 0
10-27 16:52:10.073 D/iopgp   ( 3226): Same version package com.example.translatorapp with version 1
10-27 16:52:10.073 D/iopgp   ( 3226): OnPackageChangeEvent:old package version is 1
10-27 16:52:10.074 D/iopgp   ( 3226): Clean up files for package com.example.translatorapp with version 1
10-27 16:52:10.074 D/iopgp   ( 3226): Clean up files for activity com.example.translatorapp.MainActivity
10-27 16:52:10.075 W/OplusSelfProtectManager( 1888): pkg[com.oplus.crashbox] not in policy list
10-27 16:52:10.088 D/CompatibilityChangeReporter( 1888): Compat change id reported: 171306433; UID 10378; state: ENABLED
10-27 16:52:10.088 D/CompatibilityChangeReporter( 1888): Compat change id reported: 226439802; UID 10378; state: ENABLED
10-27 16:52:10.089 W/AlarmManager( 1888): Package com.example.translatorapp, uid 10378 lost permission to set exact alarms!
10-27 16:52:10.090 D/LightsServiceExtImpl( 1888): isCtsHardwareTestCases = false
10-27 16:52:10.090 D/OplusSmartBrightnessController( 1888): CtsTest = false
10-27 16:52:10.098 V/BackupManagerConstants( 1888): getFullBackupIntervalMilliseconds(...) returns 86400000
10-27 16:52:10.098 V/BackupManagerConstants( 1888): getFullBackupRequiredNetworkType(...) returns 2
10-27 16:52:10.098 V/BackupManagerConstants( 1888): getFullBackupRequireCharging(...) returns true
10-27 16:52:10.098 D/CompatibilityChangeReporter( 1888): Compat change id reported: 271850009; UID 1000; state: ENABLED
10-27 16:52:10.099 D/CompatibilityChangeReporter( 1888): Compat change id reported: 271850009; UID 1000; state: DISABLED
10-27 16:52:10.100 D/CompatibilityChangeReporter( 1888): Compat change id reported: 253665015; UID 1000; state: ENABLED
10-27 16:52:10.100 D/CompatibilityChangeReporter( 1888): Compat change id reported: 253665015; UID 1000; state: DISABLED
10-27 16:52:10.102 D/CompatibilityChangeReporter( 1888): Compat change id reported: 194532703; UID 1000; state: ENABLED
10-27 16:52:10.115 D/CNGmsControlService( 2435): receive:android.intent.action.PACKAGE_ADDED
10-27 16:52:10.128 W/Looper  ( 1888): Slow dispatch took 134ms android.perm h=android.os.Handler c=<recycled PooledLambda@d3d6d06> m=0
10-27 16:52:10.137 W/LoadedApk( 1888): System took : 185ms in onReceive of class com.android.server.accounts.AccountManagerService$3 for action : android.intent.action.PACKAGE_ADDED
10-27 16:52:10.156 I/OMG_Service( 2583): onStartCommand...0|7
10-27 16:52:10.157 I/OMG_Service( 2583): updateGlobalGestureObserver, gesture = 0x2, sPhoneMode=1, threeScreenshotEnable = true, threeAreaScreenshotEnable = true, threeSplitScreenEnable = true, supportTwoFingerSplit = false
10-27 16:52:10.168 V/ActivityManager( 1888): Has totaly same connectionRecord, just reuse it!
10-27 16:52:10.171 W/ContextImpl( 2990): Calling a method in the system process without a qualified user: android.app.ContextImpl.startService:1929 android.content.ContextWrapper.startService:835 android.content.ContextWrapper.startService:835 com.oplusos.securitypermission.permission.OplusPermissionReceiver.l:13 com.oplusos.securitypermission.permission.OplusPermissionReceiver.onReceive:23 
10-27 16:52:10.185 W/ContextImpl( 3276): Calling a method in the system process without a qualified user: android.app.ContextImpl.sendBroadcast:1247 com.oplus.notificationmanager.AppModificationReceiver.notifyAppModified:4 com.oplus.notificationmanager.NotificationBackend.processPackageBroadcast:16 com.oplus.notificationmanager.NotificationBackend.lambda$onReceivedBroadcast$4:1 com.oplus.notificationmanager.NotificationBackend.d:0 
10-27 16:52:10.214 W/ContextImpl( 3276): Calling a method in the system process without a qualified user: android.app.ContextImpl.sendBroadcast:1247 com.oplus.notificationmanager.AppModificationReceiver.notifyAppModified:4 com.oplus.notificationmanager.NotificationBackend.processPackageBroadcast:16 com.oplus.notificationmanager.NotificationBackend.lambda$onReceivedBroadcast$4:1 com.oplus.notificationmanager.NotificationBackend.d:0 
10-27 16:52:10.214 D/CompatibilityChangeReporter( 1888): Compat change id reported: 261072174; UID 1000; state: ENABLED
10-27 16:52:10.215 W/ContextImpl( 2990): Calling a method in the system process without a qualified user: android.app.ContextImpl.startService:1929 android.content.ContextWrapper.startService:835 android.content.ContextWrapper.startService:835 com.oplusos.securitypermission.permission.OplusPermissionReceiver.l:13 com.oplusos.securitypermission.permission.OplusPermissionReceiver.onReceive:25 
10-27 16:52:10.216 W/ContextImpl( 3276): Calling a method in the system process without a qualified user: android.app.ContextImpl.sendBroadcast:1247 com.oplus.notificationmanager.AppModificationReceiver.notifyAppModified:4 com.oplus.notificationmanager.NotificationBackend.processPackageBroadcast:16 com.oplus.notificationmanager.NotificationBackend.lambda$onReceivedBroadcast$4:1 com.oplus.notificationmanager.NotificationBackend.d:0 
10-27 16:52:10.223 V/WindowManager( 1888): Sent Transition #333 createdAt=10-27 16:52:09.676 via request=TransitionRequestInfo { type = CLOSE, triggerTask = TaskInfo{userId=0 taskId=10048 displayId=0 isRunning=false baseIntent=Intent { act=android.intent.action.MAIN cat=[android.intent.category.LAUNCHER] flg=0x10200000 cmp=com.example.translatorapp/.MainActivity mCallingUid=10172 } baseActivity=null topActivity=null origActivity=null realActivity=ComponentInfo{com.example.translatorapp/com.example.translatorapp.MainActivity} numActivities=0 lastActiveTime=63584822 supportsSplitScreenMultiWindow=true supportsMultiWindow=true supportsPocketStudioMultiWindow=true isInFlexibleEmbedded = false uid = -1 pid = -1 resizeMode=1 isResizeable=true minWidth=-1 minHeight=-1 defaultMinSize=220 token=WCT{RemoteToken{1253864 Task{5c8b52b #10048 type=standard A=10378:com.example.translatorapp}}} topActivityType=1 pictureInPictureParams=null shouldDockBigOverlays=false launchIntoPipHostTaskId=-1 lastParentTaskIdBeforePip=-1 displayCutoutSafeInsets=Rect(0, 96 - 0, 0) topActivityInfo=null launchCookies=[android.os.BinderProxy@e4926c9] positionInParent=Point(0, 0) parentTaskId=-1 isFocused=true isVisible=true isVisibleRequested=true isSleeping=false topActivityInSizeCompat=false topActivityInOplusCompatMode=false topActivityEligibleForLetterboxEducation= false topActivityLetterboxed= false isFromDoubleTap= false topActivityLetterboxVerticalPosition= -1 topActivityLetterboxHorizontalPosition= -1 topActivityLetterboxWidth=-1 topActivityLetterboxHeight=-1 locusId=null displayAreaFeatureId=1 cameraCompatControlState=hidden locusId= null topActivityLetterboxInsets=Rect(0, 0 - 0, 0)}, remoteTransition = null, displayChange = null }
10-27 16:52:10.223 V/WindowManager( 1888):     startWCT=WindowContainerTransaction { changes = {} hops = [] errorCallbackToken=null taskFragmentOrganizer=null }
10-27 16:52:10.223 V/WindowManager( 1888):     info={id=333 t=CLOSE f=0x0 trk=0 r=[0@Point(0, 0)] c=[{WCT{RemoteToken{20ba6cd Task{58e02d4 #1 type=home}}} m=TO_FRONT f=SHOW_WALLPAPER|MOVE_TO_TOP leash=Surface(name=Task=1)/@0xc3acd59 sb=Rect(0, 0 - 1080, 2412) eb=Rect(0, 0 - 1080, 2412) d=0},{null m=TO_FRONT f=IS_WALLPAPER leash=Surface(name=WallpaperWindowToken{f4c970f token=android.os.Binder@31046e})/@0xbd3d9ff sb=Rect(0, 0 - 1080, 2412) eb=Rect(0, 0 - 1080, 2412) d=0}]}
10-27 16:52:10.224 V/WindowManager( 1888): Finish Transition #333: created at 10-27 16:52:09.676 collect-started=0.051ms request-sent=0.813ms started=14.346ms ready=14.307ms sent=54.104ms finished=302.789ms
10-27 16:52:10.224 I/ActivityManager( 1888): Flag disabled. Ignoring finishAttachApplication from uid: 1000. pid: 4152
10-27 16:52:10.229 I/SecurityPermissionService( 1888): updateCachedPermission pkgName:com.example.translatorapp, userId:0, delete:false
10-27 16:52:10.236 W/OplusSelfProtectManager( 1888): pkg[com.android.keychain] not in policy list
10-27 16:52:10.308 W/Looper  ( 1888): Drained
10-27 16:52:10.326 I/AppWidgetServiceImpl( 1888): handleNotifyUpdateAppWidget,appWidgetId: 2,packageName:com.coloros.alarmclock
10-27 16:52:10.413 D/CompatibilityChangeReporter( 1888): Compat change id reported: 161252188; UID 10378; state: DISABLED
10-27 16:52:10.585 D/UsageStatsService( 1888): User[0] type=0 b=1761598255922 e=1761598330581 cb=1761578634395 ce=1761598330569 disk=0 all=17
10-27 16:52:11.275 D/PowerManagerService( 1888): userActivityNoUpdateLocked: groupId=0, eventTime=42051352, event=touch, flags=0x0, uid=1000
10-27 16:52:11.280 I/iopgp   ( 3226): Iopgp: TRANSACTION_IOPGP_ON_KEY_DOWN sequence_id = 14 pkg_name = com.example.translatorapp isProfile = 0
10-27 16:52:11.281 D/iopgp   ( 3226): cannot find a compiledtrace, need to start tracing on intentstart.
10-27 16:52:11.352 I/iopgp   ( 3226): Iopgp: TRANSACTION_IOPGP_ON_INTENT_STARTED sequence_id = 14 pkg_name = com.example.translatorapp class_name = com.example.translatorapp.MainActivity
10-27 16:52:11.353 D/OplusOsPackageManager( 1888): removePkgFromNotLaunchedList com.example.translatorapp
10-27 16:52:11.354 D/iopgp   ( 3226): Create Perfetto handle 8
10-27 16:52:11.355 D/MultiApp.CMAService( 1888): changeIntentIfNeed --- from launcher
10-27 16:52:11.356 D/CompatibilityChangeReporter( 1888): Compat change id reported: 265464455; UID 10378; state: DISABLED
10-27 16:52:11.356 D/CompatibilityChangeReporter( 1888): Compat change id reported: 265452344; UID 10378; state: DISABLED
10-27 16:52:11.356 D/CompatibilityChangeReporter( 1888): Compat change id reported: 266124927; UID 10378; state: DISABLED
10-27 16:52:11.356 D/CompatibilityChangeReporter( 1888): Compat change id reported: 265451093; UID 10378; state: DISABLED
10-27 16:52:11.356 D/CompatibilityChangeReporter( 1888): Compat change id reported: 265456536; UID 10378; state: DISABLED
10-27 16:52:11.356 D/CompatibilityChangeReporter( 1888): Compat change id reported: 255940284; UID 10378; state: DISABLED
10-27 16:52:11.356 D/CompatibilityChangeReporter( 1888): Compat change id reported: 236283604; UID 10378; state: DISABLED
10-27 16:52:11.356 D/CompatibilityChangeReporter( 1888): Compat change id reported: 263959004; UID 10378; state: DISABLED
10-27 16:52:11.356 D/CompatibilityChangeReporter( 1888): Compat change id reported: 264304459; UID 10378; state: DISABLED
10-27 16:52:11.356 D/CompatibilityChangeReporter( 1888): Compat change id reported: 264301586; UID 10378; state: DISABLED
10-27 16:52:11.356 D/CompatibilityChangeReporter( 1888): Compat change id reported: 254631730; UID 10378; state: DISABLED
10-27 16:52:11.356 D/CompatibilityChangeReporter( 1888): Compat change id reported: 273509367; UID 10378; state: DISABLED
10-27 16:52:11.356 D/CompatibilityChangeReporter( 1888): Compat change id reported: 263259275; UID 10378; state: DISABLED
10-27 16:52:11.356 D/CompatibilityChangeReporter( 1888): Compat change id reported: 174042980; UID 10378; state: DISABLED
10-27 16:52:11.356 D/CompatibilityChangeReporter( 1888): Compat change id reported: 174042936; UID 10378; state: DISABLED
10-27 16:52:11.356 D/CompatibilityChangeReporter( 1888): Compat change id reported: 181136395; UID 10378; state: DISABLED
10-27 16:52:11.359 D/CompatibilityChangeReporter( 1888): Compat change id reported: 194480991; UID 10378; state: ENABLED
10-27 16:52:11.360 D/FlexibleTaskController( 1888): adjustOptionsForFlexibleTask skip adjust options reason:2
10-27 16:52:11.360 D/FlexibleWindowManager( 1888): no reused task found for ActivityRecord{84e987e u0 com.example.translatorapp/.MainActivity
10-27 16:52:11.363 I/OplusScreenSecurityMask( 1888): onStackAdded task = Task{f906e2c #10049 type=standard} record = null displayId = 0
10-27 16:52:11.363 I/OplusScreenSecurityMask( 1888): onStackAdded task = Task{f906e2c #10049 type=standard A=10378:com.example.translatorapp} record = null displayId = 0
10-27 16:52:11.364 D/CompatibilityChangeReporter( 1888): Compat change id reported: 184838306; UID 10378; state: DISABLED
10-27 16:52:11.364 D/CompatibilityChangeReporter( 1888): Compat change id reported: 185004937; UID 10378; state: DISABLED
10-27 16:52:11.365 D/TaskFragmentExtImpl( 1888): add ActivityRecord{84e987e u0 com.example.translatorapp/.MainActivity t10049} to mActivityRecordSum = Counter{ com.example.translatorapp/.MainActivity(1) }
10-27 16:52:11.366 D/OplusStartingWindowManager( 1888): reviseWindowFlagsForStarting activityRecord =:ActivityRecord{84e987e u0 com.example.translatorapp/.MainActivity t10049}, RUS version:20240710
10-27 16:52:11.366 D/ActivityTaskManager( 1888): validateStartingWindowTheme:  Pkg=com.example.translatorapp, Translucent=false, Floating=false, ShowWallpaper=false, Disable=false, LaunchSource=2
10-27 16:52:11.366 D/OplusAlwaysAliveManager( 1888): save launch theme 0x7f0f0279 for Task{f906e2c #10049 type=standard A=10378:com.example.translatorapp}, act=com.android.server.wm.OplusAlwaysAliveManager@a3f7dc9
10-27 16:52:11.366 D/ActivityTaskManager( 1888): getStartingWindowType: , newTask=true, taskSwitch=true, processRunning=false, allowTaskSnapshot=true, activityCreated=false, activityAllDrawn=false, snapshot=null, record:ActivityRecord{84e987e u0 com.example.translatorapp/.MainActivity t10049}
10-27 16:52:11.366 D/ActivityRecordExtImpl( 1888): handleStartingWindowForCompactWindow origin type:2, adjustType : 2
10-27 16:52:11.366 D/CompatibilityChangeReporter( 1888): Compat change id reported: 205907456; UID 10378; state: ENABLED
10-27 16:52:11.367 D/OplusZoomWindowRUSConfigManager( 1888): isSupportZoomModeWithPolicyLocked: target = com.example.translatorapp/.MainActivity
10-27 16:52:11.367 D/OplusZoomWindowRUSConfigManager( 1888): targetPkg = com.example.translatorapp
10-27 16:52:11.367 I/TaskFragmentExtImpl( 1888): hookSetBinderUxFlag:true prev:ActivityRecord{8b2657a u0 com.android.launcher/.Launcher t5}
