10-27 16:52:12.307 D/ShellTaskOrganizer( 2549): dispatchTaskEventToClientIfNeed, eventType:2, taskInfo:TaskInfo{userId=0 taskId=10049 displayId=0 isRunning=true baseIntent=Intent { act=android.intent.action.MAIN cat=[android.intent.category.LAUNCHER] flg=0x10200000 cmp=com.example.translatorapp/.MainActivity mCallingUid=10172 } baseActivity=ComponentInfo{com.example.translatorapp/com.example.translatorapp.MainActivity} topActivity=ComponentInfo{com.example.translatorapp/com.example.translatorapp.MainActivity} origActivity=null realActivity=ComponentInfo{com.example.translatorapp/com.example.translatorapp.MainActivity} numActivities=1 lastActiveTime=63654613 supportsSplitScreenMultiWindow=true supportsMultiWindow=true supportsPocketStudioMultiWindow=true isInFlexibleEmbedded = false uid = 10378 pid = 4315 resizeMode=1 isResizeable=true minWidth=-1 minHeight=-1 defaultMinSize=220 token=WCT{android.window.IWindowContainerToken$Stub$Proxy@871d401} topActivityType=1 pictureInPictureParams=null shouldDockBigOverlays=false launchIntoPipHostTaskId=-1 lastParentTaskIdBeforePip=-1 displayCutoutSafeInsets=Rect(0, 96 - 0, 0) topActivityInfo=ActivityInfo{d5c2a6 com.example.translatorapp.MainActivity} launchCookies=[android.os.BinderProxy@6f779b1] positionInParent=Point(0, 0) parentTaskId=-1 isFocused=true isVisible=true isVisibleRequested=true isSleeping=false topActivityInSizeCompat=false topActivityInOplusCompatMode=false topActivityEligibleForLetterboxEducation= false topActivityLetterboxed= false isFromDoubleTap= false topActivityLetterboxVerticalPosition= -1 topActivityLetterboxHorizontalPosition= -1 topActivityLetterboxWidth=-1 topActivityLetterboxHeight=-1 locusId=null displayAreaFeatureId=1 cameraCompatControlState=hidden locusId= null topActivityLetterboxInsets=Rect(0, 0 - 0, 0)}, leash:null
10-27 16:52:12.313 D/CompatibilityChangeReporter( 1888): Compat change id reported: 170503758; UID 10241; state: ENABLED
10-27 16:52:12.355 D/ResourcesManagerExtImpl( 4364): applyConfigurationToAppResourcesLocked app.getDisplayId() return callback.displayId:-1
10-27 16:52:12.391 D/OplusPowerManager( 4364): OplusPowerManager, getMaximumScreenBrightnessSetting
10-27 16:52:12.393 D/OplusPowerManagerServiceEnhance( 1888): getMaximumScreenBrightnessSetting
10-27 16:52:12.393 I/ActivityManager( 1888): Flag disabled. Ignoring finishAttachApplication from uid: 10241. pid: 4364
10-27 16:52:12.393 D/OplusPowerManager( 4364): OplusPowerManager, getMinimumScreenBrightnessSetting
10-27 16:52:12.394 D/OplusPowerManagerServiceEnhance( 1888): getMinimumScreenBrightnessSetting
10-27 16:52:12.403 D/CompatibilityChangeReporter( 1888): Compat change id reported: 161145287; UID 10241; state: ENABLED
10-27 16:52:12.431 D/CompatibilityChangeReporter( 1888): Compat change id reported: 253665015; UID 10241; state: ENABLED
10-27 16:52:12.431 D/CompatibilityChangeReporter( 1888): Compat change id reported: 194532703; UID 10241; state: ENABLED
10-27 16:52:12.589 D/CoreBackPreview( 1888): Window{42112d1 u0 com.example.translatorapp/com.example.translatorapp.MainActivity}: Setting back callback OnBackInvokedCallbackInfo{mCallback=android.window.IOnBackInvokedCallback$Stub$Proxy@496e264, mPriority=0, mIsAnimationCallback=false}
10-27 16:52:12.728 D/WindowManagerServiceExtImpl( 1888): extractConfigInfoAndRealFlags rotation=0, screenDp=320, win=Window{42112d1 u0 com.example.translatorapp/com.example.translatorapp.MainActivity}
10-27 16:52:12.728 V/WindowManager( 1888): Relayout Window{42112d1 u0 com.example.translatorapp/com.example.translatorapp.MainActivity}: viewVisibility=0, oldvis=4, req=1080x2412, vsysui=LAYOUT_STABLE LAYOUT_HIDE_NAVIGATION LAYOUT_FULLSCREEN LIGHT_STATUS_BAR LIGHT_NAVIGATION_BAR
10-27 16:52:12.728 I/WindowManager( 1888): Window{42112d1 u0 com.example.translatorapp/com.example.translatorapp.MainActivity} state from NO_SURFACE to DRAW_PENDING; reason: resetDrawState
10-27 16:52:12.733 V/WindowManager( 1888): Changing focus from null to Window{42112d1 u0 com.example.translatorapp/com.example.translatorapp.MainActivity},diplayid=0
10-27 16:52:12.739 D/VRI[MainActivity]( 4315): relayoutWindow result, sizeChanged:true, surfaceControlChanged:true, transformHintChanged:true, mSurfaceSize:Point(1080, 2412), mLastSurfaceSize:Point(0, 0), mWidth:-1, mHeight:-1, requestedWidth:1080, requestedHeight:2412, transformHint:0, lastTransformHint:-2147483648, installOrientation:0, displayRotation:0, isSurfaceValid:true, attr.flag:-1920925440, useBlast:true, tmpFrames:ClientWindowFrames{frame=[0,0][1080,2412] display=[0,0][1080,2412] parentFrame=[0,0][0,0]}
10-27 16:52:12.739 W/VRI[MainActivity]( 4315): updateBlastSurfaceIfNeeded, surfaceSize:Point(1080, 2412), lastSurfaceSize:Point(0, 0), format:-1, blastBufferQueue:null
10-27 16:52:12.775 I/WindowManager( 1888): Window{42112d1 u0 com.example.translatorapp/com.example.translatorapp.MainActivity} state from DRAW_PENDING to COMMIT_DRAW_PENDING; reason: finishDrawingLocked
10-27 16:52:12.775 D/OplusTransitionAnimationManager( 1888): skipFinishDrawingIfNeed clientRotation=0, currentRotation=0, hasFixedRotationApp=false, requestedOrientation=-1, win=Window{42112d1 u0 com.example.translatorapp/com.example.translatorapp.MainActivity}, activity=ActivityRecord{84e987e u0 com.example.translatorapp/.MainActivity t10049}, currentConfig={1.15 ??mcc??mnc [zh_CN,en_US] ldltr sw320dp w320dp h642dp 540dpi nrml long widecg port night finger -keyb/h/h -nav/h winConfig={ mBounds=Rect(0, 0 - 1080, 2412) mAppBounds=Rect(0, 96 - 1080, 2263) mMaxBounds=Rect(0, 0 - 1080, 2412) mDisplayRotation=ROTATION_0 mWindowingMode=fullscreen mDisplayWindowingMode=fullscreen mActivityType=standard mAlwaysOnTop=undefined mRotation=ROTATION_0} s.1 fontWeightAdjustment=0mThemeChanged= 0, mThemeChangedFlags= 0, mFlipFont= 0, mScenario= -1, mAccessibleChanged= -1, mUxIconConfig= 3468921665126662176, mMaterialColor= 2, mUserId= 0, mFontUserId= 0, mFontVariationSettings= 1226, mFoldingAngle = -1.0, mIconPackName= , mDarkModeBackgroundMaxL= 8.0, mDarkModeDialogBgMaxL= 27.0, mDarkModeForegroundMinL= 100.0, mOplusConfigType= 1, mOplusChangedConfigs= 0, OpSans= -1, mBurmeseFontFlag= 2, mFlag= 0, mFlexibleActivitySuitable= -1, mPuttDisplayFlag= -1}
10-27 16:52:12.778 I/WindowManager( 1888): Window{42112d1 u0 com.example.translatorapp/com.example.translatorapp.MainActivity} state from COMMIT_DRAW_PENDING to READY_TO_SHOW; reason: commitFinishDrawingLocked
10-27 16:52:12.778 D/ActivityTaskManager( 1888): Finish StartingWindow: ActivityRecord{84e987e u0 com.example.translatorapp/.MainActivity t10049}first real window is shown
10-27 16:52:12.778 D/ActivityTaskManager( 1888): removeStartingWindowAnimation starting ActivityRecord{84e987e u0 com.example.translatorapp/.MainActivity t10049} startingWindow=null ,startingView=com.android.server.wm.StartingSurfaceController$StartingSurface@eecd9e8,Callers=com.android.server.wm.ActivityRecord.removeStartingWindow:3193 com.android.server.wm.ActivityRecord.onFirstWindowDrawn:7958 com.android.server.wm.WindowState.performShowLocked:4878 com.android.server.wm.WindowStateAnimator.commitFinishDrawingLocked:321 com.android.server.wm.DisplayContent.lambda$new$8:1192 
10-27 16:52:12.778 D/OplusStartingWindowManager( 1888): interceptRemoveStartingWindow: packageName=com.example.translatorapp, componentName=com.example.translatorapp/.MainActivity, isSnapshot=false, startingSurfaceRunnable=null,isDrawCompleted=false, hasSurfaceView=false, inTransition=false
10-27 16:52:12.778 D/OplusSplitScreenManagerService( 1888): notifyRemoveStartingWindow mOplusSpiltScreenDnDUI is null, just return!
10-27 16:52:12.783 I/iopgp   ( 3226): Iopgp: TRANSACTION_IOPGP_ON_ACTIVITY_LAUNCH_FINISHED sequence_id = 14 timestamp_nanos = 42052866175583
10-27 16:52:12.784 I/WindowManager( 1888): Window{42112d1 u0 com.example.translatorapp/com.example.translatorapp.MainActivity} state from READY_TO_SHOW to HAS_DRAWN; reason: performShowLocked
10-27 16:52:12.785 D/OplusAlarmAdjustment( 1888): proxyAlarmsByUid(), uid=10088, pkgName=com.heytap.themestore, requester=1
10-27 16:52:12.788 I/Quality ( 4315): Skipped: false 56 cost 468.12454 refreshRate 8309116 bit true processName com.example.translatorapp
10-27 16:52:12.790 D/ActivityTaskManager( 1888): Clearing startingData for token=null
10-27 16:52:12.790 D/ActivityTaskManager( 1888): onStartingWindowDrawn: wasTaskVisible=true, mStartingData=null, finishing=false,mLaunchedFromBubble=false, mVisibleRequested=true, mDisplayContent=Display{#0 state=ON size=1080x2412 ROTATION_0}, isZoomMode=false
10-27 16:52:12.791 D/OplusAlarmAdjustment( 1888): alignAlarmsByUid(), uid=10228, pkgName=com.nearme.gamecenter, actions=null, procs=null, requester=1
10-27 16:52:12.791 D/OplusAlarmAdjustMap( 1888): addProxyUid, uid=10088, pkgName=com.heytap.themestore, requester=1
10-27 16:52:12.796 I/Quality ( 1888): LaunchTime2.0: com.example.translatorapp/.MainActivity 1 1425 com.android.launcher 55 115 33973 17 298594304 0 0
10-27 16:52:12.796 D/OAppNetControlService( 1888): Hans update:[10088=true][0|0] blackList:[10278, 10190, 10249, 10240, 10088]
10-27 16:52:12.798 D/OplusAlarmAdjustMap( 1888): addAlignUid, uid=10228, pkgName=com.nearme.gamecenter, requester=1, mode=1
10-27 16:52:12.803 D/OplusAlarmAdjustment( 1888): proxyAlarmsByUid(), uid=10232, pkgName=com.oplus.games, requester=1
10-27 16:52:12.803 D/OplusAlarmAdjustMap( 1888): addProxyUid, uid=10232, pkgName=com.oplus.games, requester=1
10-27 16:52:12.808 D/OAppNetControlService( 1888): Hans update:[10232=true][0|0] blackList:[10278, 10190, 10249, 10240, 10088, 10232]
10-27 16:52:12.812 D/OplusAlarmAdjustment( 1888): alignAlarmsByUid(), uid=10243, pkgName=com.coloros.familyguard, actions=null, procs=null, requester=1
10-27 16:52:12.812 D/OplusAlarmAdjustMap( 1888): addAlignUid, uid=10243, pkgName=com.coloros.familyguard, requester=1, mode=1
10-27 16:52:12.813 D/OAppNetControlService( 1888): Hans update:[10316=true][0|0] blackList:[10278, 10190, 10249, 10240, 10088, 10232, 10316]
10-27 16:52:12.817 D/OAppNetControlService( 1888): Hans update:[10242=true][0|0] blackList:[10278, 10190, 10249, 10240, 10088, 10232, 10316, 10242]
10-27 16:52:13.101 W/VRI[MainActivity]( 4315): handleResized, msg:5, frameChanged:false, configChanged:false, displayChanged:false, attachedFrameChanged:false, compatScaleChanged:false, pendingDragResizing=false
10-27 16:52:13.111 I/Quality ( 4315): Skipped: false 38 cost 317.8494 refreshRate 8308993 bit true processName com.example.translatorapp
10-27 16:52:13.136 D/WindowManagerServiceExtImpl( 1888): extractConfigInfoAndRealFlags rotation=0, screenDp=320, win=Window{a1ba5c u0 Splash Screen com.example.translatorapp}
10-27 16:52:13.136 V/WindowManager( 1888): Relayout Window{a1ba5c u0 Splash Screen com.example.translatorapp}: viewVisibility=8, oldvis=0, req=1080x2412, vsysui=
10-27 16:52:13.139 I/SurfaceAnimationRunner( 1888): startAnimation requiresEdgeExtension=false, animationLeash=Surface(name=Surface(name=a1ba5c Splash Screen com.example.translatorapp)/@0x818f5ad - animation-leash of window_animation)/@0xe4980e2, runningAnim=com.android.server.wm.SurfaceAnimationRunner$RunningAnimation@b5cec73, mPreProcessingAnimations={}
10-27 16:52:13.146 D/SurfaceAnimationRunner( 1888): onAnimationStart:Surface(name=Surface(name=a1ba5c Splash Screen com.example.translatorapp)/@0x818f5ad - animation-leash of window_animation)/@0xe4980e2
10-27 16:52:13.146 D/CoreBackPreview( 1888): Window{a1ba5c u0 Splash Screen com.example.translatorapp EXITING}: Setting back callback null
10-27 16:52:13.157 E/ActivityThread( 2620): Failed to find provider info for com.android.launcher.EventContentProvider
10-27 16:52:13.158 D/OplusTransitionAnimationManager( 1888): skipFinishDrawingIfNeed clientRotation=0, currentRotation=0, hasFixedRotationApp=false, requestedOrientation=-1, win=Window{42112d1 u0 com.example.translatorapp/com.example.translatorapp.MainActivity}, activity=ActivityRecord{84e987e u0 com.example.translatorapp/.MainActivity t10049}, currentConfig={1.15 ??mcc??mnc [zh_CN,en_US] ldltr sw320dp w320dp h642dp 540dpi nrml long widecg port night finger -keyb/h/h -nav/h winConfig={ mBounds=Rect(0, 0 - 1080, 2412) mAppBounds=Rect(0, 96 - 1080, 2263) mMaxBounds=Rect(0, 0 - 1080, 2412) mDisplayRotation=ROTATION_0 mWindowingMode=fullscreen mDisplayWindowingMode=fullscreen mActivityType=standard mAlwaysOnTop=undefined mRotation=ROTATION_0} s.1 fontWeightAdjustment=0mThemeChanged= 0, mThemeChangedFlags= 0, mFlipFont= 0, mScenario= -1, mAccessibleChanged= -1, mUxIconConfig= 3468921665126662176, mMaterialColor= 2, mUserId= 0, mFontUserId= 0, mFontVariationSettings= 1226, mFoldingAngle = -1.0, mIconPackName= , mDarkModeBackgroundMaxL= 8.0, mDarkModeDialogBgMaxL= 27.0, mDarkModeForegroundMinL= 100.0, mOplusConfigType= 1, mOplusChangedConfigs= 0, OpSans= -1, mBurmeseFontFlag= 2, mFlag= 0, mFlexibleActivitySuitable= -1, mPuttDisplayFlag= -1}
10-27 16:52:13.161 D/CompatibilityChangeReporter( 1888): Compat change id reported: 214016041; UID 10378; state: ENABLED
10-27 16:52:13.161 D/InputMethodManagerService( 1888): isSecurity: attribute.packageName = com.example.translatorapp mCurMethodId = com.tencent.wetype/.plugin.hld.WxHldService isSecurity = false ( enable = true needShow = false inBlackList = false isExist = true )
10-27 16:52:13.161 I/WindowManager( 1888): Window{f6e43f3 u0 com.android.launcher/com.android.launcher.Launcher} state from HAS_DRAWN to NO_SURFACE; reason: destroySurface
10-27 16:52:13.162 D/ActivityTaskManager( 1888): Clearing startingData for token=null
10-27 16:52:13.166 E/ActivityThread( 2620): Failed to find provider info for com.android.launcher.EventContentProvider
10-27 16:52:13.172 I/Quality ( 4315): Skipped: false 3 cost 29.566532 refreshRate 8309905 bit true processName com.example.translatorapp
10-27 16:52:13.290 I/Quality ( 4315): Skipped: false 3 cost 31.072712 refreshRate 8310309 bit true processName com.example.translatorapp
10-27 16:52:13.304 D/SurfaceAnimationRunner( 1888): onAnimationEnd:Surface(name=Surface(name=a1ba5c Splash Screen com.example.translatorapp)/@0x818f5ad - animation-leash of window_animation)/@0xe4980e2
10-27 16:52:13.304 I/WindowStateExtImpl( 1888): onSurfaceShowChange show = false mPackageName = com.example.translatorapp parentPkgName = com.example.translatorapp
10-27 16:52:13.304 I/WindowManager( 1888): Window{a1ba5c u0 Splash Screen com.example.translatorapp EXITING} state from HAS_DRAWN to NO_SURFACE; reason: destroySurface
10-27 16:52:13.344 V/WindowManager( 1888): Relayout Window{a2f54bd u0 StatusBar}: viewVisibility=0, oldvis=0, req=1080x96, vsysui=
10-27 16:52:13.361 D/TelephonyManagerProxy( 2965): onTelephonyEventReport,cb list: 3
10-27 16:52:13.361 D/TelephonyManagerProxy( 2965): onTelephonyEventReport,cb: m8.a$a@7e496fa
10-27 16:52:13.361 D/TelephonyManagerProxy( 2965): onTelephonyEventReport,cb: e8.d$a@1a46708
10-27 16:52:13.361 D/TelephonyManagerProxy( 2965): onTelephonyEventReport,cb: e8.d$a@2947ea1
10-27 16:52:13.363 D/CommSceneService( 1888): my telephony callback proxy invoke method=onTelephonyEventReport
10-27 16:52:13.489 I/SoundTriggerMiddlewareLogging( 1888): RESOURCES_AVAILABLE ()
10-27 16:52:13.508 I/SoundTriggerMiddlewareLogging( 1888): RESOURCES_AVAILABLE ()
10-27 16:52:13.546 I/Quality ( 4315): Skipped: false 6 cost 55.090286 refreshRate 8310858 bit true processName com.example.translatorapp
10-27 16:52:13.718 I/Quality ( 4315): Skipped: false 18 cost 152.30496 refreshRate 8310799 bit true processName com.example.translatorapp
10-27 16:52:13.946 V/MonthTrafficAlert( 2965): getWarningNotification subId:1 numWarningNotificaion:0
10-27 16:52:13.946 V/TrafficAlert( 2965): getLimitNotification subId:1 ,numLimitNotificaion:0
10-27 16:52:13.983 D/CompatibilityChangeReporter( 1888): Compat change id reported: 151105954; UID 1000; state: ENABLED
10-27 16:52:13.992 E/AppOps  ( 1888): attributionTag  not declared in manifest of com.oplus.healthservice
10-27 16:52:13.998 E/AppOps  ( 1888): attributionTag  not declared in manifest of com.oplus.healthservice
10-27 16:52:15.050 D/OplusFeatureHDREnhanceBrightness( 1888): checkIsPlayingHDR isPlayingHDR=0 rotation=0 whiteApp=false battery=100
10-27 16:52:15.185 V/WindowManager( 1888): Relayout Window{bcb5122 u0 OplusPrivacyIconTopLeft}: viewVisibility=8, oldvis=8, req=14x14, vsysui=LAYOUT_STABLE
10-27 16:52:15.198 V/WindowManager( 1888): Relayout Window{a2f54bd u0 StatusBar}: viewVisibility=0, oldvis=0, req=1080x96, vsysui=
10-27 16:52:15.216 V/WindowManager( 1888): Relayout Window{2e87259 u0 OplusPrivacyIconTopRight}: viewVisibility=0, oldvis=8, req=14x14, vsysui=LAYOUT_STABLE
10-27 16:52:15.216 I/WindowManager( 1888): Window{2e87259 u0 OplusPrivacyIconTopRight} state from NO_SURFACE to DRAW_PENDING; reason: resetDrawState
10-27 16:52:15.293 I/WindowManager( 1888): Window{2e87259 u0 OplusPrivacyIconTopRight} state from DRAW_PENDING to COMMIT_DRAW_PENDING; reason: finishDrawingLocked
10-27 16:52:15.302 I/WindowManager( 1888): Window{2e87259 u0 OplusPrivacyIconTopRight} state from COMMIT_DRAW_PENDING to READY_TO_SHOW; reason: commitFinishDrawingLocked
10-27 16:52:15.303 I/WindowManager( 1888): Window{2e87259 u0 OplusPrivacyIconTopRight} state from READY_TO_SHOW to HAS_DRAWN; reason: performShowLocked
10-27 16:52:15.607 I/UsageStatsService( 1888): User[0] Flushing usage stats to disk
10-27 16:52:16.383 I/iopgp   ( 3226): kTraceEnded and trace_end_kind = kOutproto history_id = 2484
10-27 16:52:17.287 D/PowerManagerService( 1888): userActivityNoUpdateLocked: groupId=0, eventTime=42057368, event=touch, flags=0x0, uid=1000
10-27 16:52:17.389 D/PowerManagerService( 1888): userActivityNoUpdateLocked: groupId=0, eventTime=42057471, event=touch, flags=0x0, uid=1000
10-27 16:52:17.482 D/OplusInputMethodManagerInternal( 4315): get inputMethodManager extension: com.android.internal.view.IInputMethodManager$Stub$Proxy@1e3d2f2
10-27 16:52:17.505 I/Quality ( 4315): Skipped: true 1 cost 16.234917 refreshRate 8311320 bit true processName com.example.translatorapp
10-27 16:52:17.532 I/Quality ( 4315): Skipped: false 1 cost 9.899085 refreshRate 8311341 bit true processName com.example.translatorapp
10-27 16:52:17.665 I/Quality ( 4315): Skipped: false 1 cost 9.892986 refreshRate 8310152 bit true processName com.example.translatorapp
10-27 16:52:17.697 I/Quality ( 4315): Skipped: true 3 cost 24.936895 refreshRate 8310360 bit true processName com.example.translatorapp
10-27 16:52:17.789 I/Quality ( 4315): Skipped: false 1 cost 8.813544 refreshRate 8310180 bit true processName com.example.translatorapp
10-27 16:52:18.114 I/Quality ( 4315): Skipped: false 2 cost 17.960773 refreshRate 8309815 bit true processName com.example.translatorapp
10-27 16:52:18.407 V/WindowManager( 1888): Relayout Window{2e87259 u0 OplusPrivacyIconTopRight}: viewVisibility=8, oldvis=0, req=14x14, vsysui=LAYOUT_STABLE
10-27 16:52:18.408 I/WindowManager( 1888): Window{2e87259 u0 OplusPrivacyIconTopRight} state from HAS_DRAWN to NO_SURFACE; reason: destroySurface
10-27 16:52:18.466 D/PowerManagerService( 1888): userActivityNoUpdateLocked: groupId=0, eventTime=42058547, event=touch, flags=0x0, uid=1000
10-27 16:52:18.568 D/PowerManagerService( 1888): userActivityNoUpdateLocked: groupId=0, eventTime=42058651, event=touch, flags=0x0, uid=1000
10-27 16:52:18.628 I/Quality ( 4315): Skipped: false 4 cost 34.41704 refreshRate 8309084 bit true processName com.example.translatorapp
10-27 16:52:18.673 D/PowerManagerService( 1888): userActivityNoUpdateLocked: groupId=0, eventTime=42058755, event=touch, flags=0x0, uid=1000
10-27 16:52:18.707 D/OAppNetControlService( 1888): Hans update:[10232=false][0|0] blackList:[10278, 10190, 10249, 10240, 10088, 10316, 10242]
10-27 16:52:18.713 D/OAppNetControlService( 1888): Hans update:[10316=false][0|0] blackList:[10278, 10190, 10249, 10240, 10088, 10242]
10-27 16:52:18.715 D/OplusAlarmAdjustment( 1888): unalignAlarmsByUid(), uid=10228, pkgName=com.nearme.gamecenter, actions=null, procs=null, requester=1
10-27 16:52:18.715 D/OplusAlarmAdjustment( 1888): unproxyAlarmsByUid(), uid=10232, pkgName=com.oplus.games, requester=1
10-27 16:52:18.716 D/OAppNetControlService( 1888): Hans update:[10242=false][0|0] blackList:[10278, 10190, 10249, 10240, 10088]
10-27 16:52:18.716 D/OAppNetControlService( 1888): Hans update:[10088=false][0|0] blackList:[10278, 10190, 10249, 10240]
10-27 16:52:18.719 D/OplusAlarmAdjustMap( 1888): removeAlignUid, uid=10228, requester=1
10-27 16:52:18.719 D/OplusAlarmAdjustment( 1888): unproxyAlarmsByUid(), uid=10088, pkgName=com.heytap.themestore, requester=1
10-27 16:52:18.722 D/OplusAlarmAdjustMap( 1888): removeProxyUid, uid=10232, requester=1
10-27 16:52:18.722 D/OplusAlarmAdjustMap( 1888): removeProxyUid, uid=10088, requester=1
10-27 16:52:18.723 V/MonthTrafficAlert( 2965): getWarningNotification subId:1 numWarningNotificaion:0
10-27 16:52:18.723 V/TrafficAlert( 2965): getLimitNotification subId:1 ,numLimitNotificaion:0
10-27 16:52:18.777 D/PowerManagerService( 1888): userActivityNoUpdateLocked: groupId=0, eventTime=42058859, event=touch, flags=0x0, uid=1000
10-27 16:52:18.889 D/PowerManagerService( 1888): userActivityNoUpdateLocked: groupId=0, eventTime=42058972, event=touch, flags=0x0, uid=1000
10-27 16:52:18.994 D/PowerManagerService( 1888): userActivityNoUpdateLocked: groupId=0, eventTime=42059076, event=touch, flags=0x0, uid=1000
10-27 16:52:19.453 D/PowerManagerService( 1888): userActivityNoUpdateLocked: groupId=0, eventTime=42059533, event=touch, flags=0x0, uid=1000
10-27 16:52:19.470 I/Quality ( 4315): Skipped: true 1 cost 11.077137 refreshRate 8311635 bit true processName com.example.translatorapp
10-27 16:52:19.556 D/PowerManagerService( 1888): userActivityNoUpdateLocked: groupId=0, eventTime=42059638, event=touch, flags=0x0, uid=1000
10-27 16:52:19.626 I/Quality ( 4315): Skipped: false 4 cost 34.190285 refreshRate 8311635 bit true processName com.example.translatorapp
10-27 16:52:19.659 D/PowerManagerService( 1888): userActivityNoUpdateLocked: groupId=0, eventTime=42059742, event=touch, flags=0x0, uid=1000
10-27 16:52:19.764 D/PowerManagerService( 1888): userActivityNoUpdateLocked: groupId=0, eventTime=42059846, event=touch, flags=0x0, uid=1000
10-27 16:52:19.818 W/ProcessStats( 1888): Tracking association SourceState{b30e51d com.oplus.battery/1000 BFgs #40163} whose proc state 4 is better than process ProcessState{a370c2a com.oplus.deepthinker/10170 pkg=com.oplus.deepthinker} proc state 5 (1042 skipped)
10-27 16:52:19.868 D/PowerManagerService( 1888): userActivityNoUpdateLocked: groupId=0, eventTime=42059951, event=touch, flags=0x0, uid=1000
10-27 16:52:19.973 D/PowerManagerService( 1888): userActivityNoUpdateLocked: groupId=0, eventTime=42060055, event=touch, flags=0x0, uid=1000
10-27 16:52:20.077 D/PowerManagerService( 1888): userActivityNoUpdateLocked: groupId=0, eventTime=42060159, event=touch, flags=0x0, uid=1000
10-27 16:52:20.181 D/PowerManagerService( 1888): userActivityNoUpdateLocked: groupId=0, eventTime=42060264, event=touch, flags=0x0, uid=1000
10-27 16:52:20.287 D/PowerManagerService( 1888): userActivityNoUpdateLocked: groupId=0, eventTime=42060369, event=touch, flags=0x0, uid=1000
10-27 16:52:20.471 D/PowerManagerService( 1888): userActivityNoUpdateLocked: groupId=0, eventTime=42060553, event=touch, flags=0x0, uid=1000
10-27 16:52:20.650 D/PowerManagerService( 1888): userActivityNoUpdateLocked: groupId=0, eventTime=42060730, event=touch, flags=0x0, uid=1000
10-27 16:52:20.741 I/Quality ( 4315): Skipped: false 1 cost 11.171891 refreshRate 8310516 bit true processName com.example.translatorapp
10-27 16:52:20.752 D/PowerManagerService( 1888): userActivityNoUpdateLocked: groupId=0, eventTime=42060834, event=touch, flags=0x0, uid=1000
10-27 16:52:20.857 D/PowerManagerService( 1888): userActivityNoUpdateLocked: groupId=0, eventTime=42060939, event=touch, flags=0x0, uid=1000
10-27 16:52:20.960 D/PowerManagerService( 1888): userActivityNoUpdateLocked: groupId=0, eventTime=42061043, event=touch, flags=0x0, uid=1000
10-27 16:52:21.124 D/PowerManagerService( 1888): userActivityNoUpdateLocked: groupId=0, eventTime=42061204, event=touch, flags=0x0, uid=1000
10-27 16:52:21.226 D/PowerManagerService( 1888): userActivityNoUpdateLocked: groupId=0, eventTime=42061308, event=touch, flags=0x0, uid=1000
10-27 16:52:21.331 D/PowerManagerService( 1888): userActivityNoUpdateLocked: groupId=0, eventTime=42061413, event=touch, flags=0x0, uid=1000
10-27 16:52:21.374 V/MonthTrafficAlert( 2965): getWarningNotification subId:1 numWarningNotificaion:0
10-27 16:52:21.375 V/TrafficAlert( 2965): getLimitNotification subId:1 ,numLimitNotificaion:0
10-27 16:52:21.499 D/PowerManagerService( 1888): userActivityNoUpdateLocked: groupId=0, eventTime=42061582, event=touch, flags=0x0, uid=1000
10-27 16:52:21.628 D/PowerManagerService( 1888): userActivityNoUpdateLocked: groupId=0, eventTime=42061710, event=touch, flags=0x0, uid=1000
10-27 16:52:21.726 D/OplusAlarmAdjustment( 1888): alignAlarmsByUid(), uid=10228, pkgName=com.nearme.gamecenter, actions=null, procs=null, requester=1
10-27 16:52:21.727 D/OplusAlarmAdjustMap( 1888): addAlignUid, uid=10228, pkgName=com.nearme.gamecenter, requester=1, mode=1
10-27 16:52:21.732 D/PowerManagerService( 1888): userActivityNoUpdateLocked: groupId=0, eventTime=42061814, event=touch, flags=0x0, uid=1000
10-27 16:52:21.734 D/OplusAlarmAdjustment( 1888): proxyAlarmsByUid(), uid=10232, pkgName=com.oplus.games, requester=1
10-27 16:52:21.734 D/OplusAlarmAdjustMap( 1888): addProxyUid, uid=10232, pkgName=com.oplus.games, requester=1
10-27 16:52:21.738 D/OplusAlarmAdjustment( 1888): proxyAlarmsByUid(), uid=10088, pkgName=com.heytap.themestore, requester=1
10-27 16:52:21.738 D/OAppNetControlService( 1888): Hans update:[10316=true][0|0] blackList:[10278, 10190, 10249, 10240, 10316]
10-27 16:52:21.740 D/OplusAlarmAdjustMap( 1888): addProxyUid, uid=10088, pkgName=com.heytap.themestore, requester=1
10-27 16:52:21.745 D/OAppNetControlService( 1888): Hans update:[10232=true][0|0] blackList:[10278, 10190, 10249, 10240, 10316, 10232]
10-27 16:52:21.748 D/OAppNetControlService( 1888): Hans update:[10242=true][0|0] blackList:[10278, 10190, 10249, 10240, 10316, 10232, 10242]
10-27 16:52:21.750 D/OAppNetControlService( 1888): Hans update:[10088=true][0|0] blackList:[10278, 10190, 10249, 10240, 10316, 10232, 10242, 10088]
10-27 16:52:21.837 D/PowerManagerService( 1888): userActivityNoUpdateLocked: groupId=0, eventTime=42061919, event=touch, flags=0x0, uid=1000
10-27 16:52:21.941 D/PowerManagerService( 1888): userActivityNoUpdateLocked: groupId=0, eventTime=42062023, event=touch, flags=0x0, uid=1000
10-27 16:52:22.046 D/PowerManagerService( 1888): userActivityNoUpdateLocked: groupId=0, eventTime=42062128, event=touch, flags=0x0, uid=1000
10-27 16:52:22.504 D/PowerManagerService( 1888): userActivityNoUpdateLocked: groupId=0, eventTime=42062586, event=touch, flags=0x0, uid=1000
10-27 16:52:22.608 D/PowerManagerService( 1888): userActivityNoUpdateLocked: groupId=0, eventTime=42062689, event=touch, flags=0x0, uid=1000
10-27 16:52:22.713 D/PowerManagerService( 1888): userActivityNoUpdateLocked: groupId=0, eventTime=42062794, event=touch, flags=0x0, uid=1000
10-27 16:52:24.767 D/OplusAlarmAdjustment( 1888): unalignAlarmsByUid(), uid=10228, pkgName=com.nearme.gamecenter, actions=null, procs=null, requester=1
10-27 16:52:24.767 D/OplusAlarmAdjustMap( 1888): removeAlignUid, uid=10228, requester=1
10-27 16:52:24.768 D/OplusAlarmAdjustment( 1888): unproxyAlarmsByUid(), uid=10232, pkgName=com.oplus.games, requester=1
10-27 16:52:24.768 D/OplusAlarmAdjustMap( 1888): removeProxyUid, uid=10232, requester=1
10-27 16:52:24.773 D/OAppNetControlService( 1888): Hans update:[10232=false][0|0] blackList:[10278, 10190, 10249, 10240, 10316, 10242, 10088]
10-27 16:52:24.773 D/OAppNetControlService( 1888): Hans update:[10316=false][0|0] blackList:[10278, 10190, 10249, 10240, 10242, 10088]
10-27 16:52:24.773 D/OAppNetControlService( 1888): Hans update:[10242=false][0|0] blackList:[10278, 10190, 10249, 10240, 10088]
10-27 16:52:24.773 D/OAppNetControlService( 1888): Hans update:[10088=false][0|0] blackList:[10278, 10190, 10249, 10240]
10-27 16:52:24.773 D/OplusAlarmAdjustment( 1888): unproxyAlarmsByUid(), uid=10088, pkgName=com.heytap.themestore, requester=1
10-27 16:52:24.774 D/OplusAlarmAdjustMap( 1888): removeProxyUid, uid=10088, requester=1
10-27 16:52:27.787 D/OplusAlarmAdjustment( 1888): alignAlarmsByUid(), uid=10228, pkgName=com.nearme.gamecenter, actions=null, procs=null, requester=1
10-27 16:52:27.787 D/OplusAlarmAdjustment( 1888): proxyAlarmsByUid(), uid=10232, pkgName=com.oplus.games, requester=1
10-27 16:52:27.787 D/OplusAlarmAdjustMap( 1888): addAlignUid, uid=10228, pkgName=com.nearme.gamecenter, requester=1, mode=1
10-27 16:52:27.788 D/OplusAlarmAdjustMap( 1888): addProxyUid, uid=10232, pkgName=com.oplus.games, requester=1
10-27 16:52:27.793 D/OAppNetControlService( 1888): Hans update:[10232=true][0|0] blackList:[10278, 10190, 10249, 10240, 10232]
10-27 16:52:27.794 D/OplusAlarmAdjustment( 1888): proxyAlarmsByUid(), uid=10088, pkgName=com.heytap.themestore, requester=1
10-27 16:52:27.794 D/OplusAlarmAdjustMap( 1888): addProxyUid, uid=10088, pkgName=com.heytap.themestore, requester=1
10-27 16:52:27.796 D/OAppNetControlService( 1888): Hans update:[10316=true][0|0] blackList:[10278, 10190, 10249, 10240, 10232, 10316]
10-27 16:52:27.797 D/OplusAlarmAdjustment( 1888): unalignAlarmsByUid(), uid=10228, pkgName=com.nearme.gamecenter, actions=null, procs=null, requester=1
10-27 16:52:27.797 D/OplusAlarmAdjustMap( 1888): removeAlignUid, uid=10228, requester=1
10-27 16:52:27.798 D/OplusAlarmAdjustment( 1888): unproxyAlarmsByUid(), uid=10232, pkgName=com.oplus.games, requester=1
10-27 16:52:27.798 D/OplusAlarmAdjustMap( 1888): removeProxyUid, uid=10232, requester=1
10-27 16:52:27.798 D/OAppNetControlService( 1888): Hans update:[10242=true][0|0] blackList:[10278, 10190, 10249, 10240, 10232, 10316, 10242]
10-27 16:52:27.800 D/OAppNetControlService( 1888): Hans update:[10088=true][0|0] blackList:[10278, 10190, 10249, 10240, 10232, 10316, 10242, 10088]
10-27 16:52:27.800 D/OAppNetControlService( 1888): Hans update:[10232=false][0|0] blackList:[10278, 10190, 10249, 10240, 10316, 10242, 10088]
10-27 16:52:27.801 D/OAppNetControlService( 1888): Hans update:[10316=false][0|0] blackList:[10278, 10190, 10249, 10240, 10242, 10088]
10-27 16:52:27.802 D/OAppNetControlService( 1888): Hans update:[10242=false][0|0] blackList:[10278, 10190, 10249, 10240, 10088]
10-27 16:52:27.803 D/OAppNetControlService( 1888): Hans update:[10088=false][0|0] blackList:[10278, 10190, 10249, 10240]
10-27 16:52:27.803 D/OplusAlarmAdjustment( 1888): unproxyAlarmsByUid(), uid=10088, pkgName=com.heytap.themestore, requester=1
10-27 16:52:27.803 D/OplusAlarmAdjustMap( 1888): removeProxyUid, uid=10088, requester=1
10-27 16:52:30.813 D/OplusAlarmAdjustment( 1888): alignAlarmsByUid(), uid=10228, pkgName=com.nearme.gamecenter, actions=null, procs=null, requester=1
10-27 16:52:30.815 D/OplusAlarmAdjustMap( 1888): addAlignUid, uid=10228, pkgName=com.nearme.gamecenter, requester=1, mode=1
10-27 16:52:30.817 D/OplusAlarmAdjustment( 1888): proxyAlarmsByUid(), uid=10232, pkgName=com.oplus.games, requester=1
10-27 16:52:30.819 D/OplusAlarmAdjustMap( 1888): addProxyUid, uid=10232, pkgName=com.oplus.games, requester=1
10-27 16:52:30.820 D/OAppNetControlService( 1888): Hans update:[10232=true][0|0] blackList:[10278, 10190, 10249, 10240, 10232]
10-27 16:52:30.823 D/OAppNetControlService( 1888): Hans update:[10316=true][0|0] blackList:[10278, 10190, 10249, 10240, 10232, 10316]
10-27 16:52:30.824 D/OplusAlarmAdjustment( 1888): proxyAlarmsByUid(), uid=10088, pkgName=com.heytap.themestore, requester=1
10-27 16:52:30.825 D/OplusAlarmAdjustMap( 1888): addProxyUid, uid=10088, pkgName=com.heytap.themestore, requester=1
10-27 16:52:30.825 D/OplusAlarmAdjustment( 1888): unalignAlarmsByUid(), uid=10228, pkgName=com.nearme.gamecenter, actions=null, procs=null, requester=1
10-27 16:52:30.825 D/OplusAlarmAdjustMap( 1888): removeAlignUid, uid=10228, requester=1
10-27 16:52:30.826 D/OAppNetControlService( 1888): Hans update:[10242=true][0|0] blackList:[10278, 10190, 10249, 10240, 10232, 10316, 10242]
10-27 16:52:30.826 D/OplusAlarmAdjustment( 1888): unproxyAlarmsByUid(), uid=10232, pkgName=com.oplus.games, requester=1
10-27 16:52:30.828 D/OplusAlarmAdjustMap( 1888): removeProxyUid, uid=10232, requester=1
10-27 16:52:30.828 D/OAppNetControlService( 1888): Hans update:[10088=true][0|0] blackList:[10278, 10190, 10249, 10240, 10232, 10316, 10242, 10088]
10-27 16:52:30.828 D/OAppNetControlService( 1888): Hans update:[10232=false][0|0] blackList:[10278, 10190, 10249, 10240, 10316, 10242, 10088]
10-27 16:52:30.832 D/OAppNetControlService( 1888): Hans update:[10316=false][0|0] blackList:[10278, 10190, 10249, 10240, 10242, 10088]
10-27 16:52:30.833 D/OAppNetControlService( 1888): Hans update:[10242=false][0|0] blackList:[10278, 10190, 10249, 10240, 10088]
10-27 16:52:30.833 D/OAppNetControlService( 1888): Hans update:[10088=false][0|0] blackList:[10278, 10190, 10249, 10240]
10-27 16:52:30.834 D/OplusAlarmAdjustment( 1888): unproxyAlarmsByUid(), uid=10088, pkgName=com.heytap.themestore, requester=1
10-27 16:52:30.835 D/OplusAlarmAdjustMap( 1888): removeProxyUid, uid=10088, requester=1
10-27 16:52:33.840 D/OplusAlarmAdjustment( 1888): alignAlarmsByUid(), uid=10228, pkgName=com.nearme.gamecenter, actions=null, procs=null, requester=1
10-27 16:52:33.842 D/OplusAlarmAdjustMap( 1888): addAlignUid, uid=10228, pkgName=com.nearme.gamecenter, requester=1, mode=1
10-27 16:52:33.844 D/OplusAlarmAdjustment( 1888): proxyAlarmsByUid(), uid=10232, pkgName=com.oplus.games, requester=1
10-27 16:52:33.845 D/OplusAlarmAdjustMap( 1888): addProxyUid, uid=10232, pkgName=com.oplus.games, requester=1
10-27 16:52:33.849 D/OAppNetControlService( 1888): Hans update:[10232=true][0|0] blackList:[10278, 10190, 10249, 10240, 10232]
10-27 16:52:33.853 D/OAppNetControlService( 1888): Hans update:[10316=true][0|0] blackList:[10278, 10190, 10249, 10240, 10232, 10316]
10-27 16:52:33.854 D/OplusAlarmAdjustment( 1888): proxyAlarmsByUid(), uid=10088, pkgName=com.heytap.themestore, requester=1
10-27 16:52:33.855 D/OplusAlarmAdjustMap( 1888): addProxyUid, uid=10088, pkgName=com.heytap.themestore, requester=1
10-27 16:52:33.856 D/OAppNetControlService( 1888): Hans update:[10242=true][0|0] blackList:[10278, 10190, 10249, 10240, 10232, 10316, 10242]
10-27 16:52:33.859 D/OAppNetControlService( 1888): Hans update:[10088=true][0|0] blackList:[10278, 10190, 10249, 10240, 10232, 10316, 10242, 10088]
10-27 16:52:39.910 I/ActivityManager( 1888): Killing 31467:com.oplus.exserviceui/u0a183 (adj 999): empty #33
10-27 16:52:39.913 W/ProcessStats( 1888): Tracking association SourceState{63c18df com.microsoft.appmanager/10342 Service #40189} whose proc state 8 is better than process ProcessState{43cfd3c com.microsoft.deviceintegrationservice/10340 pkg=com.microsoft.deviceintegrationservice} proc state 10 (12 skipped)
10-27 16:52:39.940 I/OplusAppSwitchManagerService( 1888): hanldeBinderDied
10-27 16:52:39.940 I/OplusAppSwitchManagerService( 1888): appswitch unregisterAppSwitchObserver pkgName = com.oplus.exserviceui config = OplusAppSwitchConfig = {  mConfigs = {2=null} observerFingerPrint = 38537973}
10-27 16:52:39.940 I/OplusSplitScreenManagerService( 1888): CSWMS: binderDied, mObserverId = 212727547
10-27 16:52:39.940 I/OplusAppSwitchManagerService( 1888): hanldeBinderDied
10-27 16:52:39.940 I/OplusAppSwitchStateDispatcher( 1888): unregisterAppSwitchObserver ok, pkgName = com.oplus.exserviceui info = OplusAppSwitchRuleInfo = {  observer = null observerFingerPrint = 38537973}
10-27 16:52:39.941 I/OplusAppSwitchManagerService( 1888): appswitch unregisterAppSwitchObserver pkgName = com.oplus.exserviceui config = OplusAppSwitchConfig = {  mConfigs = {1=[TOM@@tencent@@mm@@plugin@@appbrand@@ui@@AppBrandUI1, TOM@@tencent@@mm@@plugin@@appbrand@@ui@@AppBrandUI2, TOM@@tencent@@mm@@plugin@@appbrand@@ui@@AppBrandUI3, TOM@@tencent@@mobileqq@@minigame@@ui@@GameActivity3, TOM@@tencent@@mobileqq@@minigame@@ui@@GameActivity4, TOM@@tencent@@mobileqq@@minigame@@ui@@GameActivity5, TOM@@tencent@@mobileqq@@mini@@appbrand@@ui@@AppBrandUI1, TOM@@tencent@@mobileqq@@mini@@appbrand@@ui@@AppBrandUI2, TOM@@tt@@miniapphost@@placeholder@@MiniappTabActivity0, TOM@@tt@@miniapphost@@placeholder@@MiniappTabActivity1, TOM@@tt@@miniapphost@@placeholder@@MiniappTabActivity2, TOM@@tt@@miniapphost@@placeholder@@MiniappTabActivity3, TOM@@tt@@miniapphost@@placeholder@@MiniappTabActivity4, TOM@@baidu@@swan@@apps@@SwanAppActivity, TOM@@baidu@@swan@@apps@@SwanAppActivity1, TOM@@baidu@@swan@@apps@@SwanAppActivity2, TOM@@baidu@@swan@@apps@@SwanAppActivity3, TOM@@baidu@@swan@@apps@@SwanAppActivity4, TOM@@baidu@@swan@@apps@@SwanAppActivity5, TOM@@baidu@@searchbox@@TOMic@@web@@ComicLightBrowserActivityStandard, TOM@@baidu@@megapp@@proxy@@activity@@FragmentActivityProxy]} observerFingerPrint = 197586224}
10-27 16:52:39.941 I/OplusAppSwitchStateDispatcher( 1888): unregisterAppSwitchObserver ok, pkgName = com.oplus.exserviceui info = OplusAppSwitchRuleInfo = {  observer = null observerFingerPrint = 197586224}
10-27 16:52:39.947 E/OAPM    ( 1888): activity preload is not enabled
10-27 16:52:39.947 D/OplusSplitScreenManagerService( 1888): OplusSplitScreenManagerService onStateChanged mMinimized = false,mExitingMiniziedToHome=true
10-27 16:52:39.947 D/OplusSplitScreenManagerService( 1888): onDockedStackMinimizedChanged: minimized = false mSplitLaunchState: NONE mPendingAppLaunchInfo =null
10-27 16:52:39.948 D/OplusVideoFeatureModeAtlas( 4189): split state changed: splitScreenMinimizedChange
10-27 16:52:39.948 D/OplusFeatureMEMCGame_PW( 1888): OMGSplitScreenObserver onStateChanged event: splitScreenMinimizedChange
10-27 16:52:39.949 D/OplusFeatureMEMCGame_PW( 1888): OMGSplitScreenObserver onStateChanged event: splitScreenModeChange
10-27 16:52:39.949 D/OplusFeatureMEMCGame_PW( 1888): mSplitMode is: false
10-27 16:52:39.949 D/DisplayManagerService( 1888): Drop pending events for gone uid 10183
10-27 16:52:39.950 D/OplusFeatureMEMCGame_PW( 1888): checkTopActivity topActivityName: com.example.translatorapp.MainActivity topPackageName: com.example.translatorapp
10-27 16:52:39.950 D/OplusFeatureMEMCGame_PW( 1888): checkTopActivity no function
10-27 16:52:39.950 D/OplusVideoFeatureModeAtlas( 4189): split state changed: splitScreenModeChange
10-27 16:52:39.951 D/OplusSplitScreenManagerService( 1888): OplusSplitScreenManagerService onStateChanged isInSplitScreenMode = false
10-27 16:52:39.951 D/OplusSplitScreenManagerService( 1888): onDockedStackExistsChanged: false
10-27 16:52:39.957 D/OneHandedController( 2549): onStateChanged: event = splitScreenModeChange , mState = 0 , isInSplitScreenMode = false
10-27 16:52:40.548 D/OplusSplitScreenManagerService( 1888): MSG_EXIT_SPLIT_MINIZIED_OVER  mExitingMiniziedToHome = false
10-27 16:52:42.312 D/OplusAlarmAdjustment( 1888): alignAlarmsByUid(), uid=10241, pkgName=com.coloros.shortcuts, actions=null, procs=null, requester=1
10-27 16:52:42.312 D/OplusAlarmAdjustMap( 1888): addAlignUid, uid=10241, pkgName=com.coloros.shortcuts, requester=1, mode=1
10-27 16:52:42.317 D/OAppNetControlService( 1888): Hans update:[10241=true][0|0] blackList:[10278, 10190, 10249, 10240, 10232, 10316, 10242, 10088, 10241]
10-27 16:52:43.880 V/MonthTrafficAlert( 2965): getWarningNotification subId:1 numWarningNotificaion:0
10-27 16:52:43.881 V/TrafficAlert( 2965): getLimitNotification subId:1 ,numLimitNotificaion:0
10-27 16:53:00.000 V/AlarmManager( 1888): sending alarm Alarm{128b3b3 type 3 origWhen 63703140 whenElapsed 63703140 android} uid 1000 whenElapsed 63703140 windowLength 0 maxWhenElapsed 63703140 repeatInterval 0 action null component null tag TIME_TICK flags 0x9 procName system_server
10-27 16:53:00.045 E/OplusCustomizeRestrictionManagerService( 1888): isBiometricDisabled start
10-27 16:53:01.236 E/OplusAthenaAm( 1888): AthenaAmManagerInternal transact code hello:12,flags:0
10-27 16:53:08.029 E/OplusCustomizePackageManagerService( 1888): getAdbInstallUninstallDisabled start
10-27 16:53:09.139 V/MonthTrafficAlert( 2965): getWarningNotification subId:1 numWarningNotificaion:0
10-27 16:53:09.140 V/TrafficAlert( 2965): getLimitNotification subId:1 ,numLimitNotificaion:0
10-27 16:53:10.126 D/OplusAlarmAdjustment( 1888): unalignAlarmsByUid(), uid=10228, pkgName=com.nearme.gamecenter, actions=null, procs=null, requester=1
10-27 16:53:10.126 D/OplusAlarmAdjustment( 1888): unproxyAlarmsByUid(), uid=10232, pkgName=com.oplus.games, requester=1
10-27 16:53:10.126 D/OplusAlarmAdjustMap( 1888): removeAlignUid, uid=10228, requester=1
10-27 16:53:10.127 D/OplusAlarmAdjustment( 1888): unproxyAlarmsByUid(), uid=10088, pkgName=com.heytap.themestore, requester=1
10-27 16:53:10.127 D/OplusAlarmAdjustMap( 1888): removeProxyUid, uid=10232, requester=1
10-27 16:53:10.127 D/OplusAlarmAdjustMap( 1888): removeProxyUid, uid=10088, requester=1
10-27 16:53:10.130 D/OAppNetControlService( 1888): Hans update:[10232=false][0|0] blackList:[10278, 10190, 10249, 10240, 10316, 10242, 10088, 10241]
10-27 16:53:10.130 D/OAppNetControlService( 1888): Hans update:[10316=false][0|0] blackList:[10278, 10190, 10249, 10240, 10242, 10088, 10241]
10-27 16:53:10.130 D/OAppNetControlService( 1888): Hans update:[10242=false][0|0] blackList:[10278, 10190, 10249, 10240, 10088, 10241]
10-27 16:53:10.130 D/OAppNetControlService( 1888): Hans update:[10088=false][0|0] blackList:[10278, 10190, 10249, 10240, 10241]
10-27 16:53:10.141 D/PackageInstallerSessionExtImpl( 1888): no pre: undesired name
10-27 16:53:10.142 D/OplusInstallAccelerateManager( 1888): startAccelerate()
10-27 16:53:10.142 D/OplusInstallAccelerateManager( 1888): operateCpuBouncingIfNeeded()
10-27 16:53:10.142 D/OplusInstallAccelerateManager( 1888): originatingPackageName = unknown
10-27 16:53:10.142 D/OplusInstallAccelerateManager( 1888): initiatingPackageName = com.android.shell
10-27 16:53:10.142 D/OplusInstallAccelerateManager( 1888): installerPackageName = unknown
10-27 16:53:10.142 D/OplusInstallAccelerateManager( 1888): disableCpuBouncing()
10-27 16:53:10.148 D/PackageInstallerSessionExtImpl( 1888): not get pre-parsed ret
10-27 16:53:10.208 D/PackageInstallerSessionExtImpl( 1888): hasPreExtract: false
10-27 16:53:10.219 I/PackageManager( 1888): Integrity check passed for file:///data/app/vmdl1996772852.tmp
10-27 16:53:10.219 D/OplusPackageInstallInterceptManager( 1888): installStage send adb install pkg:com.example.translatorapp   path: /data/app/vmdl1996772852.tmp/base.apk installFlags:4194418
10-27 16:53:10.219 D/OplusPackageInstallInterceptManager( 1888): installStage send adb replace install, silent
10-27 16:53:10.219 D/PackageManager( 1888): installStage com.example.translatorapp, dir=/data/app/vmdl1996772852.tmp, installerPackageName=pc, installerUid=2000, full=false
10-27 16:53:10.219 D/PackageManager( 1888): installStage com.example.translatorapp0
10-27 16:53:10.221 D/PackageManager( 1888): installStage use for0
10-27 16:53:10.230 W/ProcessStats( 1888): Tracking association SourceState{491ed27 com.oplus.pantanal.ums/10052 BFgs #40201} whose proc state 4 is better than process ProcessState{a370c2a com.oplus.deepthinker/10170 pkg=com.oplus.deepthinker} proc state 5 (9 skipped)
10-27 16:53:10.232 W/OplusCustomizePmsFeature( 1888): getCustomDisallowInstallListFromPolicy disallowInstallList: null
10-27 16:53:10.235 I/ActivityManager( 1888): Force stopping com.example.translatorapp appid=10378 user=-1: installPackageLI
10-27 16:53:10.235 I/PackageManager( 1888): Update package com.example.translatorapp code path from /data/app/~~tkozUBYRz3X1rsvRHN1d0w==/com.example.translatorapp-5RLX_RkB3jyW1btx0mVclg== to /data/app/~~C3U9kUNA7pPp91fdnIS1EA==/com.example.translatorapp-8kCgyrduI1aXWNTFIyiIbw==; Retain data and using new
10-27 16:53:10.236 I/AppsFilter( 1888): interaction: PackageSetting{6f06fdd com.android.microdroid.empty_payload/10361} -> PackageSetting{15445c7 com.example.translatorapp/10378} BLOCKED
10-27 16:53:10.236 I/AppsFilter( 1888): interaction: PackageSetting{45d8711 com.oplus.securitykeyboard/10147} -> PackageSetting{15445c7 com.example.translatorapp/10378} BLOCKED
10-27 16:53:10.236 I/AppsFilter( 1888): interaction: PackageSetting{6f06fdd com.android.microdroid.empty_payload/10361} -> PackageSetting{d1a7a1 com.example.translatorapp/10378} BLOCKED
10-27 16:53:10.236 I/AppsFilter( 1888): interaction: PackageSetting{45d8711 com.oplus.securitykeyboard/10147} -> PackageSetting{d1a7a1 com.example.translatorapp/10378} BLOCKED
10-27 16:53:10.237 I/ActivityManager( 1888): Killing 4315:com.example.translatorapp/u0a378 (adj 0): stop com.example.translatorapp due to installPackageLI
10-27 16:53:10.241 I/PermissionManager( 1888): Permission ownership changed. Updating all permissions.
10-27 16:53:10.244 W/PermissionManager( 1888): Package com.android.adservices.api is an APK in APEX, but has permission allowlist on the system image. Please bundle the allowlist in the com.android.adservices APEX instead.
10-27 16:53:10.272 I/WindowManager( 1888): WIN DEATH: Window{42112d1 u0 com.example.translatorapp/com.example.translatorapp.MainActivity}
10-27 16:53:10.273 I/WindowManager( 1888): Window{42112d1 u0 com.example.translatorapp/com.example.translatorapp.MainActivity} state from HAS_DRAWN to NO_SURFACE; reason: destroySurface
10-27 16:53:10.275 D/DisplayContentExtImpl( 1888): target is same with the last, remove the ime snapshot immediately.
10-27 16:53:10.275 V/WindowManager( 1888): Changing focus from Window{42112d1 u0 com.example.translatorapp/com.example.translatorapp.MainActivity} to null,diplayid=0
10-27 16:53:10.281 D/OplusSensitivePermGrantPolicyManager( 1888): no OplusPermissionKey in com.oplus.uiengine
10-27 16:53:10.281 D/OplusSensitivePermGrantPolicyManager( 1888): no OplusPermissionKey in com.oplus.uiengine
10-27 16:53:10.283 W/PermissionManager( 1888): Package com.android.cellbroadcastservice is an APK in APEX, but has permission allowlist on the system image. Please bundle the allowlist in the com.android.cellbroadcast APEX instead.
10-27 16:53:10.283 W/PermissionManager( 1888): Package com.android.cellbroadcastservice is an APK in APEX, but has permission allowlist on the system image. Please bundle the allowlist in the com.android.cellbroadcast APEX instead.
10-27 16:53:10.286 D/OplusSensitivePermGrantPolicyManager( 1888): no OplusPermissionKey in com.ss.android.ugc.aweme
10-27 16:53:10.286 D/OplusSensitivePermGrantPolicyManager( 1888): no OplusPermissionKey in com.ss.android.ugc.aweme
10-27 16:53:10.289 W/PermissionManager( 1888): Package android.ext.services is an APK in APEX, but has permission allowlist on the system image. Please bundle the allowlist in the com.android.extservices APEX instead.
10-27 16:53:10.289 W/PermissionManager( 1888): Package android.ext.services is an APK in APEX, but has permission allowlist on the system image. Please bundle the allowlist in the com.android.extservices APEX instead.
10-27 16:53:10.289 W/PermissionManager( 1888): Package android.ext.services is an APK in APEX, but has permission allowlist on the system image. Please bundle the allowlist in the com.android.extservices APEX instead.
10-27 16:53:10.289 W/PermissionManager( 1888): Package android.ext.services is an APK in APEX, but has permission allowlist on the system image. Please bundle the allowlist in the com.android.extservices APEX instead.
10-27 16:53:10.293 W/PermissionManager( 1888): Package com.android.networkstack.tethering is an APK in APEX, but has permission allowlist on the system image. Please bundle the allowlist in the com.android.tethering APEX instead.
10-27 16:53:10.293 W/PermissionManager( 1888): Package com.android.networkstack.tethering is an APK in APEX, but has permission allowlist on the system image. Please bundle the allowlist in the com.android.tethering APEX instead.
10-27 16:53:10.294 W/PermissionManager( 1888): Package com.android.networkstack.tethering is an APK in APEX, but has permission allowlist on the system image. Please bundle the allowlist in the com.android.tethering APEX instead.
10-27 16:53:10.294 W/PermissionManager( 1888): Package com.android.networkstack.tethering is an APK in APEX, but has permission allowlist on the system image. Please bundle the allowlist in the com.android.tethering APEX instead.
10-27 16:53:10.294 W/PermissionManager( 1888): Package com.android.networkstack.tethering is an APK in APEX, but has permission allowlist on the system image. Please bundle the allowlist in the com.android.tethering APEX instead.
10-27 16:53:10.294 W/PermissionManager( 1888): Package com.android.networkstack.tethering is an APK in APEX, but has permission allowlist on the system image. Please bundle the allowlist in the com.android.tethering APEX instead.
10-27 16:53:10.294 W/PermissionManager( 1888): Package com.android.networkstack.tethering is an APK in APEX, but has permission allowlist on the system image. Please bundle the allowlist in the com.android.tethering APEX instead.
10-27 16:53:10.300 W/PermissionManager( 1888): Package com.android.cellbroadcastreceiver.module is an APK in APEX, but has permission allowlist on the system image. Please bundle the allowlist in the com.android.cellbroadcast APEX instead.
10-27 16:53:10.300 W/PermissionManager( 1888): Package com.android.cellbroadcastreceiver.module is an APK in APEX, but has permission allowlist on the system image. Please bundle the allowlist in the com.android.cellbroadcast APEX instead.
10-27 16:53:10.300 W/PermissionManager( 1888): Package com.android.cellbroadcastreceiver.module is an APK in APEX, but has permission allowlist on the system image. Please bundle the allowlist in the com.android.cellbroadcast APEX instead.
