10-27 16:51:06.804 I/WindowManager( 1888): Window{4ece0f4 u0 com.oplus.screenshot/LongshotCapture} state from DRAW_PENDING to COMMIT_DRAW_PENDING; reason: finishDrawingLocked
10-27 16:51:06.805 W/VRI[screenshot/LongshotCapture]( 3897): handleResized, msg:5, frameChanged:false, configChanged:false, displayChanged:false, attachedFrameChanged:false, compatScaleChanged:false, pendingDragResizing=false
10-27 16:51:06.805 I/WindowManager( 1888): Window{4ece0f4 u0 com.oplus.screenshot/LongshotCapture} state from COMMIT_DRAW_PENDING to READY_TO_SHOW; reason: commitFinishDrawingLocked
10-27 16:51:06.805 I/WindowManager( 1888): Window{4ece0f4 u0 com.oplus.screenshot/LongshotCapture} state from READY_TO_SHOW to HAS_DRAWN; reason: performShowLocked
10-27 16:51:07.549 V/WindowManager( 1888): Relayout Window{2e87259 u0 OplusPrivacyIconTopRight}: viewVisibility=8, oldvis=0, req=14x14, vsysui=LAYOUT_STABLE
10-27 16:51:07.550 I/WindowManager( 1888): Window{2e87259 u0 OplusPrivacyIconTopRight} state from HAS_DRAWN to NO_SURFACE; reason: destroySurface
10-27 16:51:09.131 D/CompatibilityChangeReporter( 1888): Compat change id reported: 197654537; UID 10378; state: ENABLED
10-27 16:51:09.137 D/OplusAlarmAdjustment( 1888): alignAlarmsByUid(), uid=10228, pkgName=com.nearme.gamecenter, actions=null, procs=null, requester=1
10-27 16:51:09.137 D/OplusAlarmAdjustMap( 1888): addAlignUid, uid=10228, pkgName=com.nearme.gamecenter, requester=1, mode=1
10-27 16:51:09.153 D/OplusAlarmAdjustment( 1888): proxyAlarmsByUid(), uid=10232, pkgName=com.oplus.games, requester=1
10-27 16:51:09.153 D/OplusAlarmAdjustMap( 1888): addProxyUid, uid=10232, pkgName=com.oplus.games, requester=1
10-27 16:51:09.159 D/OAppNetControlService( 1888): Hans update:[10232=true][0|0] blackList:[10278, 10190, 10249, 10241, 10240, 10232]
10-27 16:51:09.164 D/OAppNetControlService( 1888): Hans update:[10316=true][0|0] blackList:[10278, 10190, 10249, 10241, 10240, 10232, 10316]
10-27 16:51:09.165 D/OplusAlarmAdjustment( 1888): proxyAlarmsByUid(), uid=10088, pkgName=com.heytap.themestore, requester=1
10-27 16:51:09.166 D/OplusAlarmAdjustMap( 1888): addProxyUid, uid=10088, pkgName=com.heytap.themestore, requester=1
10-27 16:51:09.169 D/OAppNetControlService( 1888): Hans update:[10242=true][0|0] blackList:[10278, 10190, 10249, 10241, 10240, 10232, 10316, 10242]
10-27 16:51:09.174 D/OAppNetControlService( 1888): Hans update:[10088=true][0|0] blackList:[10278, 10190, 10249, 10241, 10240, 10232, 10316, 10242, 10088]
10-27 16:51:10.993 W/PackageManager( 1888): package com.oplus.dmp uid 10344 pid 8661 call SetEnabledSetting(com.oplus.dmp component = androidx.work.impl.background.systemalarm.RescheduleReceiver, 2, 0)
10-27 16:51:11.960 W/ProcessStats( 1888): Tracking association SourceState{b30e51d com.oplus.battery/1000 BFgs #39815} whose proc state 4 is better than process ProcessState{a370c2a com.oplus.deepthinker/10170 pkg=com.oplus.deepthinker} proc state 5 (302 skipped)
10-27 16:51:11.996 I/AppsFilter( 1888): interaction: PackageSetting{8f0cc57 com.android.microdroid.empty_payload/10361} -> PackageSetting{4ae0b1c com.oplus.dmp/10344} BLOCKED
10-27 16:51:11.996 I/AppsFilter( 1888): interaction: PackageSetting{6cd1e8f com.example.translatorapp/10378} -> PackageSetting{4ae0b1c com.oplus.dmp/10344} BLOCKED
10-27 16:51:11.996 I/AppsFilter( 1888): interaction: PackageSetting{69a3c2d com.oplus.securitykeyboard/10147} -> PackageSetting{4ae0b1c com.oplus.dmp/10344} BLOCKED
10-27 16:51:12.018 V/AutofillManagerService( 1888): onPackageModified(): com.oplus.dmp
10-27 16:51:12.020 W/VoiceInteractionManager( 1888): no available voice recognition services found for user 0
10-27 16:51:12.042 D/AppProfilerExtImpl( 1888): Skipped pss collection for CPU busy
10-27 16:51:12.055 D/OplusPowerManager( 3897): unregisterScreenStatusListener listener=com.oplus.screenshot.common.receiver.ScreenReceiver@d16ce0a
10-27 16:51:12.057 D/CoreBackPreview( 1888): Window{4ece0f4 u0 com.oplus.screenshot/LongshotCapture}: Setting back callback null
10-27 16:51:12.064 I/WindowManager( 1888): Window{4ece0f4 u0 com.oplus.screenshot/LongshotCapture} state from HAS_DRAWN to NO_SURFACE; reason: destroySurface
10-27 16:51:12.065 V/WindowManager( 1888): Changing focus from Window{4ece0f4 u0 com.oplus.screenshot/LongshotCapture} to Window{be16d78 u0 com.example.translatorapp/com.example.translatorapp.MainActivity},diplayid=0
10-27 16:51:12.076 V/WindowManager( 1888): Unknown focus tokens, dropping reportFocusChanged
10-27 16:51:12.080 D/CompatibilityChangeReporter( 1888): Compat change id reported: 180326732; UID 10102; state: ENABLED
10-27 16:51:12.088 D/InputMethodManagerService( 1888): isSecurity: attribute.packageName = com.example.translatorapp mCurMethodId = com.tencent.wetype/.plugin.hld.WxHldService isSecurity = false ( enable = true needShow = false inBlackList = false isExist = true )
10-27 16:51:12.163 D/OAppNetControlService( 1888): Hans update:[10232=false][0|0] blackList:[10278, 10190, 10249, 10241, 10240, 10316, 10242, 10088]
10-27 16:51:12.166 D/OplusAlarmAdjustment( 1888): unalignAlarmsByUid(), uid=10228, pkgName=com.nearme.gamecenter, actions=null, procs=null, requester=1
10-27 16:51:12.166 D/OplusAlarmAdjustment( 1888): unproxyAlarmsByUid(), uid=10232, pkgName=com.oplus.games, requester=1
10-27 16:51:12.168 D/OAppNetControlService( 1888): Hans update:[10316=false][0|0] blackList:[10278, 10190, 10249, 10241, 10240, 10242, 10088]
10-27 16:51:12.169 D/OAppNetControlService( 1888): Hans update:[10242=false][0|0] blackList:[10278, 10190, 10249, 10241, 10240, 10088]
10-27 16:51:12.169 D/OplusAlarmAdjustMap( 1888): removeAlignUid, uid=10228, requester=1
10-27 16:51:12.170 D/OAppNetControlService( 1888): Hans update:[10088=false][0|0] blackList:[10278, 10190, 10249, 10241, 10240]
10-27 16:51:12.171 D/OplusAlarmAdjustment( 1888): unproxyAlarmsByUid(), uid=10088, pkgName=com.heytap.themestore, requester=1
10-27 16:51:12.176 D/OplusAlarmAdjustMap( 1888): removeProxyUid, uid=10232, requester=1
10-27 16:51:12.176 D/OplusAlarmAdjustMap( 1888): removeProxyUid, uid=10088, requester=1
10-27 16:51:12.195 D/CompatibilityChangeReporter( 1888): Compat change id reported: 135634846; UID 1000; state: DISABLED
10-27 16:51:12.195 D/CompatibilityChangeReporter( 1888): Compat change id reported: 177438394; UID 1000; state: DISABLED
10-27 16:51:12.195 D/CompatibilityChangeReporter( 1888): Compat change id reported: 135772972; UID 1000; state: DISABLED
10-27 16:51:12.195 D/CompatibilityChangeReporter( 1888): Compat change id reported: 135754954; UID 1000; state: ENABLED
10-27 16:51:12.199 V/ActivityManager( 1888): Has totaly same connectionRecord, just reuse it!
10-27 16:51:12.207 I/ActivityManager( 1888): Start proc 4000:com.oplus.sau/1000 for service {com.oplus.sau/com.oplusos.sau.aidl.SauBinderUpdateService}
10-27 16:51:12.249 D/CompatibilityChangeReporter( 1888): Compat change id reported: 168419799; UID 1000; state: DISABLED
10-27 16:51:12.249 D/CompatibilityChangeReporter( 1888): Compat change id reported: 273564678; UID 1000; state: DISABLED
10-27 16:51:12.249 D/ActivityTaskManagerServiceExtImpl( 1888): preBindApplication record is null
10-27 16:51:12.256 D/CompatibilityChangeReporter( 1888): Compat change id reported: 261072174; UID 10102; state: ENABLED
10-27 16:51:12.435 W/ContextImpl( 4000): Calling a method in the system process without a qualified user: android.app.ContextImpl.startService:1929 android.content.ContextWrapper.startService:835 com.oplusos.sau.SAUApplication.onCreate:161 android.app.Instrumentation.callApplicationOnCreate:1335 android.app.ActivityThread.handleBindApplication:7594 
10-27 16:51:12.439 W/ContextImpl( 4000): Calling a method in the system process without a qualified user: android.app.ContextImpl.startService:1929 android.content.ContextWrapper.startService:835 com.oplusos.sau.SAUApplication.onCreate:163 android.app.Instrumentation.callApplicationOnCreate:1335 android.app.ActivityThread.handleBindApplication:7594 
10-27 16:51:12.442 D/CompatibilityChangeReporter( 1888): Compat change id reported: 161145287; UID 1000; state: ENABLED
10-27 16:51:12.443 D/CompatibilityChangeReporter( 1888): Compat change id reported: 161145287; UID 1000; state: DISABLED
10-27 16:51:12.447 I/ActivityManager( 1888): Flag disabled. Ignoring finishAttachApplication from uid: 1000. pid: 4000
10-27 16:51:12.448 W/ContextImpl( 4000): Calling a method in the system process without a qualified user: android.app.ContextImpl.bindService:2032 android.content.ContextWrapper.bindService:871 com.oplusos.sau.aidl.SauBinderUpdateService.onCreate:9 android.app.ActivityThread.handleCreateService:4928 android.app.ActivityThread.-$$Nest$mhandleCreateService:0 
10-27 16:51:12.450 D/CompatibilityChangeReporter( 1888): Compat change id reported: 261072174; UID 1000; state: ENABLED
10-27 16:51:12.470 W/ContextImpl( 4000): Calling a method in the system process without a qualified user: android.app.ContextImpl.startService:1929 android.content.ContextWrapper.startService:835 x2.e.F:9 com.oplusos.sau.service.SAUAppService.onStartCommand:32 android.app.ActivityThread.handleServiceArgs:5116 
10-27 16:51:12.631 I/ActivityManager( 1888): Killing 9346:com.android.cellbroadcastreceiver.module/u0a322 (adj 999): empty #33
10-27 16:51:12.633 I/ActivityManager( 1888): Killing 17335:com.oplus.blacklistapp/u0a199 (adj 945): empty #34
10-27 16:51:12.664 E/OAPM    ( 1888): activity preload is not enabled
10-27 16:51:12.664 D/DisplayManagerService( 1888): Drop pending events for gone uid 10322
10-27 16:51:12.672 E/OAPM    ( 1888): activity preload is not enabled
10-27 16:51:12.672 D/DisplayManagerService( 1888): Drop pending events for gone uid 10199
10-27 16:51:12.907 V/MonthTrafficAlert( 2965): getWarningNotification subId:1 numWarningNotificaion:0
10-27 16:51:12.908 V/TrafficAlert( 2965): getLimitNotification subId:1 ,numLimitNotificaion:0
10-27 16:51:13.986 D/CompatibilityChangeReporter( 1888): Compat change id reported: 151105954; UID 1000; state: ENABLED
10-27 16:51:13.994 E/AppOps  ( 1888): attributionTag  not declared in manifest of com.oplus.healthservice
10-27 16:51:14.001 E/AppOps  ( 1888): attributionTag  not declared in manifest of com.oplus.healthservice
10-27 16:51:15.181 D/OplusAlarmAdjustment( 1888): alignAlarmsByUid(), uid=10228, pkgName=com.nearme.gamecenter, actions=null, procs=null, requester=1
10-27 16:51:15.182 D/OplusAlarmAdjustMap( 1888): addAlignUid, uid=10228, pkgName=com.nearme.gamecenter, requester=1, mode=1
10-27 16:51:15.190 D/OplusAlarmAdjustment( 1888): proxyAlarmsByUid(), uid=10232, pkgName=com.oplus.games, requester=1
10-27 16:51:15.190 D/OplusAlarmAdjustMap( 1888): addProxyUid, uid=10232, pkgName=com.oplus.games, requester=1
10-27 16:51:15.195 D/OAppNetControlService( 1888): Hans update:[10316=true][0|0] blackList:[10278, 10190, 10249, 10241, 10240, 10316]
10-27 16:51:15.195 D/OplusAlarmAdjustment( 1888): proxyAlarmsByUid(), uid=10088, pkgName=com.heytap.themestore, requester=1
10-27 16:51:15.195 D/OplusAlarmAdjustMap( 1888): addProxyUid, uid=10088, pkgName=com.heytap.themestore, requester=1
10-27 16:51:15.200 D/OAppNetControlService( 1888): Hans update:[10232=true][0|0] blackList:[10278, 10190, 10249, 10241, 10240, 10316, 10232]
10-27 16:51:15.206 D/OAppNetControlService( 1888): Hans update:[10242=true][0|0] blackList:[10278, 10190, 10249, 10241, 10240, 10316, 10232, 10242]
10-27 16:51:15.210 D/OAppNetControlService( 1888): Hans update:[10088=true][0|0] blackList:[10278, 10190, 10249, 10241, 10240, 10316, 10232, 10242, 10088]
10-27 16:51:16.336 I/ActivityManager( 1888): Process com.oplus.deepthinker:worker (pid 2670) has died: cch+25 CEM 
10-27 16:51:16.872 V/AlarmManager( 1888): sending alarm Alarm{e4ec8e8 type 2 origWhen 63617078 whenElapsed 63600000 com.tencent.mobileqq} uid 10292 whenElapsed 63600000 windowLength 134998 maxWhenElapsed 63600000 repeatInterval 0 action com.tencent.mobileqq:MSF_103258150 component null flags 0x8 procName com.tencent.mobileqq:MSF
10-27 16:51:16.872 D/OplusAlarmAdjustment( 1888): unalignAlarmsByUid(), uid=10292, pkgName=com.tencent.mobileqq, actions=null, procs=null, requester=1
10-27 16:51:16.872 D/OplusAlarmAdjustMap( 1888): removeAlignUid, uid=10292, requester=1
10-27 16:51:16.874 V/AlarmManager( 1888): sending alarm Alarm{4326b01 type 0 origWhen 1761598413672 whenElapsed 63600000 com.tencent.mobileqq} uid 10292 whenElapsed 63600000 windowLength 224999 maxWhenElapsed 63600000 repeatInterval 0 action com.tencent.mobileqq:MSF_142043255 component null flags 0x8 procName com.tencent.mobileqq:MSF
10-27 16:51:21.236 D/CompatibilityChangeReporter( 1888): Compat change id reported: 266524688; UID 1000; state: ENABLED
10-27 16:51:23.792 W/ProcessStats( 1888): Tracking association SourceState{63c18df com.microsoft.appmanager/10342 Service #39866} whose proc state 8 is better than process ProcessState{43cfd3c com.microsoft.deviceintegrationservice/10340 pkg=com.microsoft.deviceintegrationservice} proc state 10 (54 skipped)
10-27 16:51:26.887 D/OplusAlarmAdjustment( 1888): alignAlarmsByUid(), uid=10292, pkgName=com.tencent.mobileqq, actions=null, procs=null, requester=1
10-27 16:51:26.888 D/OplusAlarmAdjustMap( 1888): addAlignUid, uid=10292, pkgName=com.tencent.mobileqq, requester=1, mode=1
10-27 16:51:26.923 I/ActivityManager( 1888): Killing 18589:com.tencent.wetype/u0a51 (adj 999): empty #33
10-27 16:51:26.926 I/ActivityManager( 1888): Killing 15830:com.coloros.ocs.opencapabilityservice:ocs/u0a146 (adj 999): empty #34
10-27 16:51:26.927 I/ActivityManager( 1888): Killing 8598:com.heytap.pictorial/u0a157 (adj 999): empty #35
10-27 16:51:26.965 E/OAPM    ( 1888): activity preload is not enabled
10-27 16:51:26.966 D/DisplayManagerService( 1888): Drop pending events for gone uid 10146
10-27 16:51:26.975 D/DisplayManagerService( 1888): Drop pending events for gone uid 10157
10-27 16:51:26.976 E/OAPM    ( 1888): activity preload is not enabled
10-27 16:51:27.860 V/AlarmManager( 1888): sending alarm Alarm{5152c56 type 3 origWhen 63611000 whenElapsed 63611000 android} uid 1000 whenElapsed 63611000 windowLength 0 maxWhenElapsed 63611000 repeatInterval 0 action null component null tag StatsCompanionService.periodic flags 0x9 procName system_server
10-27 16:51:27.868 D/CompatibilityChangeReporter( 1888): Compat change id reported: 171306433; UID 1000; state: ENABLED
10-27 16:51:28.778 V/AlarmManager( 1888): sending alarm Alarm{bcfb7e2 type 3 origWhen 63611918 whenElapsed 63611918 android} uid 1000 whenElapsed 63611918 windowLength 0 maxWhenElapsed 63611918 repeatInterval 0 action null component null tag StatsCompanionService.pull flags 0x9 procName system_server
10-27 16:51:28.821 V/MonthTrafficAlert( 2965): getWarningNotification subId:1 numWarningNotificaion:0
10-27 16:51:28.821 V/TrafficAlert( 2965): getLimitNotification subId:1 ,numLimitNotificaion:0
10-27 16:51:28.920 D/OplusThermalStats( 1888): REPORT_UPDATE_CPU  ->  phoneTemp:320  preHeatThreshold:400
10-27 16:51:28.934 I/ActivityManager( 1888): Killing 18294:com.coloros.oshare/u0a96 (adj 999): empty #33
10-27 16:51:28.966 E/OAPM    ( 1888): activity preload is not enabled
10-27 16:51:28.967 D/DisplayManagerService( 1888): Drop pending events for gone uid 10096
10-27 16:51:29.050 D/ProcessCpuTrackerExtImpl( 1888): mContext is already set, return now! 
10-27 16:51:34.875 D/OplusAlarmAdjustment( 1888): unalignAlarmsByUid(), uid=10292, pkgName=com.tencent.mobileqq, actions=null, procs=null, requester=1
10-27 16:51:34.875 D/OplusAlarmAdjustMap( 1888): removeAlignUid, uid=10292, requester=1
10-27 16:51:39.054 D/UsageStatsService( 1888): User[0] type=0 b=1761598105498 e=1761598299053 cb=1761578634395 ce=1761598276756 disk=0 all=32
10-27 16:51:42.879 D/OplusAlarmAdjustment( 1888): unalignAlarmsByUid(), uid=10228, pkgName=com.nearme.gamecenter, actions=null, procs=null, requester=1
10-27 16:51:42.881 D/OplusAlarmAdjustMap( 1888): removeAlignUid, uid=10228, requester=1
10-27 16:51:44.897 D/OplusAlarmAdjustment( 1888): alignAlarmsByUid(), uid=10292, pkgName=com.tencent.mobileqq, actions=null, procs=null, requester=1
10-27 16:51:44.897 D/OplusAlarmAdjustMap( 1888): addAlignUid, uid=10292, pkgName=com.tencent.mobileqq, requester=1, mode=1
10-27 16:51:47.583 V/MonthTrafficAlert( 2965): getWarningNotification subId:1 numWarningNotificaion:0
10-27 16:51:47.583 V/TrafficAlert( 2965): getLimitNotification subId:1 ,numLimitNotificaion:0
10-27 16:51:52.890 D/OplusAlarmAdjustment( 1888): alignAlarmsByUid(), uid=10228, pkgName=com.nearme.gamecenter, actions=null, procs=null, requester=1
10-27 16:51:52.891 D/OplusAlarmAdjustMap( 1888): addAlignUid, uid=10228, pkgName=com.nearme.gamecenter, requester=1, mode=1
10-27 16:51:54.639 I/ActivityManager( 1888): Killing 26977:com.coloros.colordirectservice/u0a130 (adj 945): empty #33
10-27 16:51:54.645 W/ProcessStats( 1888): Tracking association SourceState{491ed27 com.oplus.pantanal.ums/10052 BFgs #39891} whose proc state 4 is better than process ProcessState{a370c2a com.oplus.deepthinker/10170 pkg=com.oplus.deepthinker} proc state 5 (25 skipped)
10-27 16:51:54.686 D/DisplayManagerService( 1888): Drop pending events for gone uid 10130
10-27 16:51:54.686 E/OAPM    ( 1888): activity preload is not enabled
10-27 16:51:54.699 I/ActivityManager( 1888): Killing 11531:com.android.keychain/1000 (adj 999): empty #33
10-27 16:51:56.809 W/ActivityManager( 1888): Stopping service due to app idle: u0a173 -1m15s957ms com.android.packageinstaller/.oplus.service.AppInstallerService
10-27 16:51:57.078 V/AlarmManager( 1888): sending alarm Alarm{1972961 type 3 origWhen 63600056 whenElapsed 63600056 com.oplus.metis} uid 10144 whenElapsed 63600056 windowLength 225000 maxWhenElapsed 63825056 repeatInterval 0 action com.oplus.action.TIMER_ALARM_TASK component null flags 0x8 procName com.oplus.metis
10-27 16:51:57.082 V/AlarmManager( 1888): sending alarm Alarm{b226947 type 3 origWhen 63620471 whenElapsed 63620471 android} uid 1000 whenElapsed 63620471 windowLength 19746 maxWhenElapsed 63640217 repeatInterval 0 action null component null tag *job.delay* flags 0x0 procName system_server
10-27 16:51:57.092 I/ActivityManager( 1888): Killing 12809:com.android.providers.downloads/u0a47 (adj 999): empty #33
10-27 16:51:57.128 E/OAPM    ( 1888): activity preload is not enabled
10-27 16:51:57.129 D/DisplayManagerService( 1888): Drop pending events for gone uid 10047
10-27 16:51:58.049 D/ProcessCpuTrackerExtImpl( 1888): mContext is already set, return now! 
10-27 16:52:00.001 V/AlarmManager( 1888): sending alarm Alarm{45cf336 type 3 origWhen 63643141 whenElapsed 63643141 android} uid 1000 whenElapsed 63643141 windowLength 0 maxWhenElapsed 63643141 repeatInterval 0 action null component null tag TIME_TICK flags 0x9 procName system_server
10-27 16:52:00.039 E/OplusCustomizeRestrictionManagerService( 1888): isBiometricDisabled start
10-27 16:52:07.314 E/OplusCustomizePackageManagerService( 1888): getAdbInstallUninstallDisabled start
10-27 16:52:08.427 V/MonthTrafficAlert( 2965): getWarningNotification subId:1 numWarningNotificaion:0
10-27 16:52:08.428 V/TrafficAlert( 2965): getLimitNotification subId:1 ,numLimitNotificaion:0
10-27 16:52:09.417 D/PackageInstallerSessionExtImpl( 1888): no pre: undesired name
10-27 16:52:09.417 D/OplusInstallAccelerateManager( 1888): startAccelerate()
10-27 16:52:09.417 D/OplusInstallAccelerateManager( 1888): operateCpuBouncingIfNeeded()
10-27 16:52:09.417 D/OplusInstallAccelerateManager( 1888): originatingPackageName = unknown
10-27 16:52:09.417 D/OplusInstallAccelerateManager( 1888): initiatingPackageName = com.android.shell
10-27 16:52:09.417 D/OplusInstallAccelerateManager( 1888): installerPackageName = unknown
10-27 16:52:09.417 D/OplusInstallAccelerateManager( 1888): disableCpuBouncing()
10-27 16:52:09.423 D/PackageInstallerSessionExtImpl( 1888): not get pre-parsed ret
10-27 16:52:09.483 D/PackageInstallerSessionExtImpl( 1888): hasPreExtract: false
10-27 16:52:09.493 I/PackageManager( 1888): Integrity check passed for file:///data/app/vmdl1287226616.tmp
10-27 16:52:09.494 D/OplusPackageInstallInterceptManager( 1888): installStage send adb install pkg:com.example.translatorapp   path: /data/app/vmdl1287226616.tmp/base.apk installFlags:4194418
10-27 16:52:09.494 D/OplusPackageInstallInterceptManager( 1888): installStage send adb replace install, silent
10-27 16:52:09.494 D/PackageManager( 1888): installStage com.example.translatorapp, dir=/data/app/vmdl1287226616.tmp, installerPackageName=pc, installerUid=2000, full=false
10-27 16:52:09.494 D/PackageManager( 1888): installStage com.example.translatorapp0
10-27 16:52:09.496 D/PackageManager( 1888): installStage use for0
10-27 16:52:09.505 W/OplusCustomizePmsFeature( 1888): getCustomDisallowInstallListFromPolicy disallowInstallList: null
10-27 16:52:09.507 W/ProcessStats( 1888): Tracking association SourceState{56b5b4e com.android.launcher/10172 BFgs #39910} whose proc state 4 is better than process ProcessState{a7caae com.heytap.openid/10082 pkg=com.heytap.openid} proc state 5 (32 skipped)
10-27 16:52:09.508 I/PackageManager( 1888): Update package com.example.translatorapp code path from /data/app/~~E_wS1Z22BkSkkJji-sdAHg==/com.example.translatorapp-wCTGNuvIkd2YZb5PEQGRpg== to /data/app/~~tkozUBYRz3X1rsvRHN1d0w==/com.example.translatorapp-5RLX_RkB3jyW1btx0mVclg==; Retain data and using new
10-27 16:52:09.509 I/AppsFilter( 1888): interaction: PackageSetting{6f06fdd com.android.microdroid.empty_payload/10361} -> PackageSetting{5bb988 com.example.translatorapp/10378} BLOCKED
10-27 16:52:09.509 I/AppsFilter( 1888): interaction: PackageSetting{45d8711 com.oplus.securitykeyboard/10147} -> PackageSetting{5bb988 com.example.translatorapp/10378} BLOCKED
10-27 16:52:09.509 I/AppsFilter( 1888): interaction: PackageSetting{6f06fdd com.android.microdroid.empty_payload/10361} -> PackageSetting{d1a7a1 com.example.translatorapp/10378} BLOCKED
10-27 16:52:09.509 I/AppsFilter( 1888): interaction: PackageSetting{45d8711 com.oplus.securitykeyboard/10147} -> PackageSetting{d1a7a1 com.example.translatorapp/10378} BLOCKED
10-27 16:52:09.510 I/ActivityManager( 1888): Force stopping com.example.translatorapp appid=10378 user=-1: installPackageLI
10-27 16:52:09.512 I/ActivityManager( 1888): Killing 3360:com.example.translatorapp/u0a378 (adj 0): stop com.example.translatorapp due to installPackageLI
10-27 16:52:09.513 I/PermissionManager( 1888): Permission ownership changed. Updating all permissions.
10-27 16:52:09.517 W/PermissionManager( 1888): Package com.android.adservices.api is an APK in APEX, but has permission allowlist on the system image. Please bundle the allowlist in the com.android.adservices APEX instead.
10-27 16:52:09.552 I/WindowManager( 1888): WIN DEATH: Window{be16d78 u0 com.example.translatorapp/com.example.translatorapp.MainActivity}
10-27 16:52:09.552 I/WindowManager( 1888): Window{be16d78 u0 com.example.translatorapp/com.example.translatorapp.MainActivity} state from HAS_DRAWN to NO_SURFACE; reason: destroySurface
10-27 16:52:09.553 D/OplusSensitivePermGrantPolicyManager( 1888): no OplusPermissionKey in com.oplus.uiengine
10-27 16:52:09.553 D/OplusSensitivePermGrantPolicyManager( 1888): no OplusPermissionKey in com.oplus.uiengine
10-27 16:52:09.555 D/DisplayContentExtImpl( 1888): target is same with the last, remove the ime snapshot immediately.
10-27 16:52:09.555 V/WindowManager( 1888): Changing focus from Window{be16d78 u0 com.example.translatorapp/com.example.translatorapp.MainActivity} to null,diplayid=0
10-27 16:52:09.555 W/PermissionManager( 1888): Package com.android.cellbroadcastservice is an APK in APEX, but has permission allowlist on the system image. Please bundle the allowlist in the com.android.cellbroadcast APEX instead.
10-27 16:52:09.555 W/PermissionManager( 1888): Package com.android.cellbroadcastservice is an APK in APEX, but has permission allowlist on the system image. Please bundle the allowlist in the com.android.cellbroadcast APEX instead.
10-27 16:52:09.557 D/OplusSensitivePermGrantPolicyManager( 1888): no OplusPermissionKey in com.ss.android.ugc.aweme
10-27 16:52:09.557 D/OplusSensitivePermGrantPolicyManager( 1888): no OplusPermissionKey in com.ss.android.ugc.aweme
10-27 16:52:09.560 W/PermissionManager( 1888): Package android.ext.services is an APK in APEX, but has permission allowlist on the system image. Please bundle the allowlist in the com.android.extservices APEX instead.
10-27 16:52:09.560 W/PermissionManager( 1888): Package android.ext.services is an APK in APEX, but has permission allowlist on the system image. Please bundle the allowlist in the com.android.extservices APEX instead.
10-27 16:52:09.560 W/PermissionManager( 1888): Package android.ext.services is an APK in APEX, but has permission allowlist on the system image. Please bundle the allowlist in the com.android.extservices APEX instead.
10-27 16:52:09.560 W/PermissionManager( 1888): Package android.ext.services is an APK in APEX, but has permission allowlist on the system image. Please bundle the allowlist in the com.android.extservices APEX instead.
10-27 16:52:09.565 W/PermissionManager( 1888): Package com.android.networkstack.tethering is an APK in APEX, but has permission allowlist on the system image. Please bundle the allowlist in the com.android.tethering APEX instead.
10-27 16:52:09.565 W/PermissionManager( 1888): Package com.android.networkstack.tethering is an APK in APEX, but has permission allowlist on the system image. Please bundle the allowlist in the com.android.tethering APEX instead.
10-27 16:52:09.565 W/PermissionManager( 1888): Package com.android.networkstack.tethering is an APK in APEX, but has permission allowlist on the system image. Please bundle the allowlist in the com.android.tethering APEX instead.
10-27 16:52:09.565 W/PermissionManager( 1888): Package com.android.networkstack.tethering is an APK in APEX, but has permission allowlist on the system image. Please bundle the allowlist in the com.android.tethering APEX instead.
10-27 16:52:09.565 W/PermissionManager( 1888): Package com.android.networkstack.tethering is an APK in APEX, but has permission allowlist on the system image. Please bundle the allowlist in the com.android.tethering APEX instead.
10-27 16:52:09.565 W/PermissionManager( 1888): Package com.android.networkstack.tethering is an APK in APEX, but has permission allowlist on the system image. Please bundle the allowlist in the com.android.tethering APEX instead.
10-27 16:52:09.565 W/PermissionManager( 1888): Package com.android.networkstack.tethering is an APK in APEX, but has permission allowlist on the system image. Please bundle the allowlist in the com.android.tethering APEX instead.
10-27 16:52:09.571 W/PermissionManager( 1888): Package com.android.cellbroadcastreceiver.module is an APK in APEX, but has permission allowlist on the system image. Please bundle the allowlist in the com.android.cellbroadcast APEX instead.
10-27 16:52:09.571 W/PermissionManager( 1888): Package com.android.cellbroadcastreceiver.module is an APK in APEX, but has permission allowlist on the system image. Please bundle the allowlist in the com.android.cellbroadcast APEX instead.
10-27 16:52:09.571 W/PermissionManager( 1888): Package com.android.cellbroadcastreceiver.module is an APK in APEX, but has permission allowlist on the system image. Please bundle the allowlist in the com.android.cellbroadcast APEX instead.
10-27 16:52:09.571 W/PermissionManager( 1888): Package com.android.cellbroadcastreceiver.module is an APK in APEX, but has permission allowlist on the system image. Please bundle the allowlist in the com.android.cellbroadcast APEX instead.
10-27 16:52:09.571 W/PermissionManager( 1888): Package com.android.cellbroadcastreceiver.module is an APK in APEX, but has permission allowlist on the system image. Please bundle the allowlist in the com.android.cellbroadcast APEX instead.
10-27 16:52:09.571 W/PermissionManager( 1888): Package com.android.cellbroadcastreceiver.module is an APK in APEX, but has permission allowlist on the system image. Please bundle the allowlist in the com.android.cellbroadcast APEX instead.
10-27 16:52:09.571 W/PermissionManager( 1888): Package com.android.cellbroadcastreceiver.module is an APK in APEX, but has permission allowlist on the system image. Please bundle the allowlist in the com.android.cellbroadcast APEX instead.
10-27 16:52:09.571 W/PermissionManager( 1888): Package com.android.cellbroadcastreceiver.module is an APK in APEX, but has permission allowlist on the system image. Please bundle the allowlist in the com.android.cellbroadcast APEX instead.
10-27 16:52:09.571 W/PermissionManager( 1888): Package com.android.cellbroadcastreceiver.module is an APK in APEX, but has permission allowlist on the system image. Please bundle the allowlist in the com.android.cellbroadcast APEX instead.
10-27 16:52:09.582 D/OplusSensitivePermGrantPolicyManager( 1888): no OplusPermissionKey in com.oplus.portrait
10-27 16:52:09.582 D/OplusSensitivePermGrantPolicyManager( 1888): no OplusPermissionKey in com.oplus.portrait
10-27 16:52:09.599 W/PermissionManager( 1888): Package com.android.providers.media.module is an APK in APEX, but has permission allowlist on the system image. Please bundle the allowlist in the com.android.mediaprovider APEX instead.
10-27 16:52:09.599 W/PermissionManager( 1888): Package com.android.providers.media.module is an APK in APEX, but has permission allowlist on the system image. Please bundle the allowlist in the com.android.mediaprovider APEX instead.
10-27 16:52:09.599 W/PermissionManager( 1888): Package com.android.providers.media.module is an APK in APEX, but has permission allowlist on the system image. Please bundle the allowlist in the com.android.mediaprovider APEX instead.
10-27 16:52:09.599 W/PermissionManager( 1888): Package com.android.providers.media.module is an APK in APEX, but has permission allowlist on the system image. Please bundle the allowlist in the com.android.mediaprovider APEX instead.
10-27 16:52:09.599 W/PermissionManager( 1888): Package com.android.providers.media.module is an APK in APEX, but has permission allowlist on the system image. Please bundle the allowlist in the com.android.mediaprovider APEX instead.
10-27 16:52:09.599 W/PermissionManager( 1888): Package com.android.providers.media.module is an APK in APEX, but has permission allowlist on the system image. Please bundle the allowlist in the com.android.mediaprovider APEX instead.
10-27 16:52:09.599 W/PermissionManager( 1888): Package com.android.providers.media.module is an APK in APEX, but has permission allowlist on the system image. Please bundle the allowlist in the com.android.mediaprovider APEX instead.
10-27 16:52:09.599 W/PermissionManager( 1888): Package com.android.providers.media.module is an APK in APEX, but has permission allowlist on the system image. Please bundle the allowlist in the com.android.mediaprovider APEX instead.
10-27 16:52:09.599 W/PermissionManager( 1888): Package com.android.providers.media.module is an APK in APEX, but has permission allowlist on the system image. Please bundle the allowlist in the com.android.mediaprovider APEX instead.
10-27 16:52:09.599 W/PermissionManager( 1888): Package com.android.providers.media.module is an APK in APEX, but has permission allowlist on the system image. Please bundle the allowlist in the com.android.mediaprovider APEX instead.
10-27 16:52:09.599 W/PermissionManager( 1888): Package com.android.providers.media.module is an APK in APEX, but has permission allowlist on the system image. Please bundle the allowlist in the com.android.mediaprovider APEX instead.
10-27 16:52:09.599 W/PermissionManager( 1888): Package com.android.providers.media.module is an APK in APEX, but has permission allowlist on the system image. Please bundle the allowlist in the com.android.mediaprovider APEX instead.
10-27 16:52:09.599 W/PermissionManager( 1888): Package com.android.providers.media.module is an APK in APEX, but has permission allowlist on the system image. Please bundle the allowlist in the com.android.mediaprovider APEX instead.
10-27 16:52:09.619 D/OplusSensitivePermGrantPolicyManager( 1888): no OplusPermissionKey in com.eg.android.AlipayGphone
10-27 16:52:09.619 D/OplusSensitivePermGrantPolicyManager( 1888): no OplusPermissionKey in com.eg.android.AlipayGphone
10-27 16:52:09.670 D/OplusPackageAbiHelper( 1888): notifyPackageAddOrChange :com.example.translatorapp primaryabi = arm64-v8a secondabi = null
10-27 16:52:09.676 W/Looper  ( 1888): Slow dispatch took 160ms android.fg h=android.os.Handler c=<recycled PooledLambda@f01c2c> m=0
10-27 16:52:09.676 W/ActivityTaskManager( 1888): Force removing ActivityRecord{6e931a5 u0 com.example.translatorapp/.MainActivity t10048 f}}: app died, no saved state
10-27 16:52:09.677 D/OplusTransitionController( 1888): requestStartTransition, requestInfo type: CLOSE, remoteTransition: null, displayChange: null, transition: TransitionRecord{3221c8a id=333 type=CLOSE flags=0x0}, caller: com.android.server.wm.TransitionControllerExtImpl.requestStartTransition:41 com.android.server.wm.TransitionController.requestStartTransition:738 com.android.server.wm.TransitionController.requestCloseTransitionIfNeeded:781 com.android.server.wm.ActivityRecord.handleAppDied:4908 com.android.server.wm.WindowProcessController.handleAppDied:1523 
10-27 16:52:09.678 V/WindowManagerShell( 2549): Transition requested: android.os.BinderProxy@a16814f TransitionRequestInfo { type = CLOSE, triggerTask = TaskInfo{userId=0 taskId=10048 displayId=0 isRunning=false baseIntent=Intent { act=android.intent.action.MAIN cat=[android.intent.category.LAUNCHER] flg=0x10200000 cmp=com.example.translatorapp/.MainActivity mCallingUid=10172 } baseActivity=null topActivity=null origActivity=null realActivity=ComponentInfo{com.example.translatorapp/com.example.translatorapp.MainActivity} numActivities=0 lastActiveTime=63584822 supportsSplitScreenMultiWindow=true supportsMultiWindow=true supportsPocketStudioMultiWindow=true isInFlexibleEmbedded = false uid = -1 pid = -1 resizeMode=1 isResizeable=true minWidth=-1 minHeight=-1 defaultMinSize=220 token=WCT{android.window.IWindowContainerToken$Stub$Proxy@91550dc} topActivityType=1 pictureInPictureParams=null shouldDockBigOverlays=false launchIntoPipHostTaskId=-1 lastParentTaskIdBeforePip=-1 displayCutoutSafeInsets=Rect(0, 96 - 0, 0) topActivityInfo=null launchCookies=[android.os.BinderProxy@1fd6cb6] positionInParent=Point(0, 0) parentTaskId=-1 isFocused=true isVisible=true isVisibleRequested=true isSleeping=false topActivityInSizeCompat=false topActivityInOplusCompatMode=false topActivityEligibleForLetterboxEducation= false topActivityLetterboxed= false isFromDoubleTap= false topActivityLetterboxVerticalPosition= -1 topActivityLetterboxHorizontalPosition= -1 topActivityLetterboxWidth=-1 topActivityLetterboxHeight=-1 locusId=null displayAreaFeatureId=1 cameraCompatControlState=hidden locusId= null topActivityLetterboxInsets=Rect(0, 0 - 0, 0)}, remoteTransition = null, displayChange = null }
10-27 16:52:09.679 D/ActivityTaskManager( 1888): removeAppToken: ActivityRecord{6e931a5 u0 com.example.translatorapp/.MainActivity t10048 f}} delayed=true parent=Task{5c8b52b #10048 type=standard A=10378:com.example.translatorapp} animating=true Callers=com.android.server.wm.DisplayContent.removeAppToken:1669 com.android.server.wm.ActivityRecord.removeFromHistory:4599 com.android.server.wm.ActivityRecord.handleAppDied:4929 com.android.server.wm.WindowProcessController.handleAppDied:1523 
10-27 16:52:09.680 E/OAPM    ( 1888): activity preload is not enabled
10-27 16:52:09.681 D/DisplayManagerService( 1888): Drop pending events for gone uid 10378
10-27 16:52:09.681 W/Looper  ( 1888): Slow dispatch took 170ms android.ui h=com.android.server.am.ActivityManagerService$UiHandler c=com.android.server.am.UidObserverController$$ExternalSyntheticLambda0@c7981f5 m=0
10-27 16:52:09.681 D/OplusMirageWindowManagerService( 1888): onTaskRemoved displayid:0 taskId:10048 callers:com.android.server.wm.MirageWindowManagerExtImpl.onTaskRemoved:47 com.android.server.wm.TaskDisplayArea.removeChildTask:393 com.android.server.wm.TaskDisplayArea.removeChild:382 com.android.server.wm.WindowContainer.removeImmediately:888 com.android.server.wm.TaskFragment.removeImmediately:3348 
10-27 16:52:09.681 I/OplusScreenSecurityMask( 1888): onStackRemoved task = Task{5c8b52b #10048 type=standard A=10378:com.example.translatorapp} record = null displayId = 0
10-27 16:52:09.681 D/TaskFragmentExtImpl( 1888): remove ActivityRecord{6e931a5 u0 com.example.translatorapp/.MainActivity t-1 f}} to mActivityRecordSum = Counter{ }
10-27 16:52:09.682 D/FlexibleWindowManager( 1888): [resetSiblingEmbeddedTasksToFullScreen]size of embedded tasks is illegal
10-27 16:52:09.683 D/ActivityTaskManager( 1888): setVisibility(Token{4db4a15 ActivityRecord{8b2657a u0 com.android.launcher/.Launcher t5}}, visible=true) defer commitVisibility for transition collecting
10-27 16:52:09.684 D/ActivityTaskManager( 1888): onWindowFocusChanged Task{32a27cc #5 type=home I=com.android.launcher/.Launcher} would transfer to compact
10-27 16:52:09.684 D/ActivityTaskManager( 1888): NFW_setLastResumedActivityUncheckLocked:true r:ActivityRecord{8b2657a u0 com.android.launcher/.Launcher t5} currentFocus:null
10-27 16:52:09.684 D/FlexibleTaskController( 1888): onTaskFocusChanged prevTask:null ,currentTask:Task{32a27cc #5 type=home I=com.android.launcher/.Launcher}
10-27 16:52:09.684 I/OplusJoystickManager( 1888): handleApplicationSwitch deprecated!
10-27 16:52:09.686 D/WindowManager( 1888): updateOrientation: mLastOrientation = SCREEN_ORIENTATION_UNSPECIFIED(-1) newOrientation = SCREEN_ORIENTATION_NOSENSOR(5) forceUpdate = true LastOrientationSource = ActivityRecord{8b2657a u0 com.android.launcher/.Launcher t5}
10-27 16:52:09.686 D/WindowManager( 1888): rotation(ROTATION_0) no changed.
10-27 16:52:09.687 I/TaskFragmentExtImpl( 1888): hookSetBinderUxFlag:true prev:ActivityRecord{8b2657a u0 com.android.launcher/.Launcher t5}
10-27 16:52:09.687 D/TaskFragmentExtImpl( 1888): addColorModeOnResume resume=true pkg = com.android.launcher
10-27 16:52:09.687 I/TaskFragmentExtImpl( 1888): hookSetBinderUxFlag:false prev:ActivityRecord{8b2657a u0 com.android.launcher/.Launcher t5}
10-27 16:52:09.687 D/ActivityTaskManager( 1888): setVisibility(Token{4db4a15 ActivityRecord{8b2657a u0 com.android.launcher/.Launcher t5}}, visible=true) defer commitVisibility for transition collecting
10-27 16:52:09.688 D/ActivityThread( 2620): ComponentInfo{com.android.launcher/com.android.launcher.Launcher} checkFinished=false 2
10-27 16:52:09.688 D/ResourcesManagerExtImpl( 2620): applyConfigurationToAppResourcesLocked app.getDisplayId() return callback.displayId:0
10-27 16:52:09.689 D/OplusFlexibleWindowMinimizedManagerHelper( 1888): onTaskVanished taskInfo:10048 task:Task{5c8b52b #10048 type=standard A=10378:com.example.translatorapp}
10-27 16:52:09.689 I/FlexibleTaskController( 1888): releaseFlexibleTaskCaptionView task=Task{5c8b52b #10048 type=standard A=10378:com.example.translatorapp}
10-27 16:52:09.689 I/FlexibleTaskController( 1888): java.lang.Throwable
10-27 16:52:09.689 I/FlexibleTaskController( 1888): 	at com.android.server.wm.FlexibleTaskController.releaseFlexibleCaptionView(FlexibleTaskController.java:1224)
10-27 16:52:09.689 I/FlexibleTaskController( 1888): 	at com.android.server.wm.FlexibleWindowManagerService.onFlexibleWindowTaskVanished(FlexibleWindowManagerService.java:797)
10-27 16:52:09.689 I/FlexibleTaskController( 1888): 	at com.android.server.wm.TaskOrganizerControllerExtImpl.onTaskVanished(TaskOrganizerControllerExtImpl.java:105)
10-27 16:52:09.689 I/FlexibleTaskController( 1888): 	at com.android.server.wm.TaskOrganizerController$TaskOrganizerCallbacks.onTaskVanished(TaskOrganizerController.java:158)
10-27 16:52:09.689 I/FlexibleTaskController( 1888): 	at com.android.server.wm.TaskOrganizerController$TaskOrganizerPendingEventsQueue.dispatchPendingEvent(TaskOrganizerController.java:316)
10-27 16:52:09.689 I/FlexibleTaskController( 1888): 	at com.android.server.wm.TaskOrganizerController$TaskOrganizerPendingEventsQueue.dispatchPendingEvents(TaskOrganizerController.java:302)
10-27 16:52:09.689 I/FlexibleTaskController( 1888): 	at com.android.server.wm.TaskOrganizerController.dispatchPendingEvents(TaskOrganizerController.java:1050)
10-27 16:52:09.689 I/FlexibleTaskController( 1888): 	at com.android.server.wm.RootWindowContainer.performSurfacePlacementNoTrace(RootWindowContainer.java:895)
10-27 16:52:09.689 I/FlexibleTaskController( 1888): 	at com.android.server.wm.RootWindowContainer.performSurfacePlacement(RootWindowContainer.java:839)
10-27 16:52:09.689 I/FlexibleTaskController( 1888): 	at com.android.server.wm.WindowSurfacePlacer.performSurfacePlacementLoop(WindowSurfacePlacer.java:182)
10-27 16:52:09.689 I/FlexibleTaskController( 1888): 	at com.android.server.wm.WindowSurfacePlacer.performSurfacePlacement(WindowSurfacePlacer.java:126)
10-27 16:52:09.689 I/FlexibleTaskController( 1888): 	at com.android.server.wm.WindowSurfacePlacer.performSurfacePlacement(WindowSurfacePlacer.java:115)
10-27 16:52:09.689 I/FlexibleTaskController( 1888): 	at com.android.server.wm.WindowSurfacePlacer.continueLayout(WindowSurfacePlacer.java:97)
10-27 16:52:09.689 I/FlexibleTaskController( 1888): 	at com.android.server.wm.ActivityTaskManagerService.continueWindowLayout(ActivityTaskManagerService.java:5001)
10-27 16:52:09.689 I/FlexibleTaskController( 1888): 	at com.android.server.wm.ActivityTaskManagerService$LocalService.handleAppDied(ActivityTaskManagerService.java:6797)
10-27 16:52:09.689 I/FlexibleTaskController( 1888): 	at com.android.server.am.ActivityManagerService.handleAppDiedLocked(ActivityManagerService.java:3726)
10-27 16:52:09.689 I/FlexibleTaskController( 1888): 	at com.android.server.am.ProcessList.removeProcessLocked(ProcessList.java:3292)
10-27 16:52:09.689 I/FlexibleTaskController( 1888): 	at com.android.server.am.ProcessList.killPackageProcessesLSP(ProcessList.java:3205)
10-27 16:52:09.689 I/FlexibleTaskController( 1888): 	at com.android.server.am.ActivityManagerService.forceStopPackageLocked(ActivityManagerService.java:4889)
10-27 16:52:09.689 I/FlexibleTaskController( 1888): 	at com.android.server.am.ActivityManagerService$MainHandler.handleMessage(ActivityManagerService.java:2083)
10-27 16:52:09.689 I/FlexibleTaskController( 1888): 	at android.os.Handler.dispatchMessage(Handler.java:106)
10-27 16:52:09.689 I/FlexibleTaskController( 1888): 	at android.os.Looper.loopOnce(Looper.java:257)
10-27 16:52:09.689 I/FlexibleTaskController( 1888): 	at android.os.Looper.loop(Looper.java:368)
10-27 16:52:09.689 I/FlexibleTaskController( 1888): 	at android.os.HandlerThread.run(HandlerThread.java:67)
10-27 16:52:09.689 I/FlexibleTaskController( 1888): 	at com.android.server.ServiceThread.run(ServiceThread.java:46)
10-27 16:52:09.690 D/OplusFlexibleWindowMinimizedManagerHelper( 1888): onTaskVanished taskInfo:10048 task:Task{5c8b52b #10048 type=standard A=10378:com.example.translatorapp}
10-27 16:52:09.690 I/FlexibleTaskController( 1888): releaseFlexibleTaskCaptionView task=Task{5c8b52b #10048 type=standard A=10378:com.example.translatorapp}
10-27 16:52:09.690 I/FlexibleTaskController( 1888): java.lang.Throwable
10-27 16:52:09.690 I/FlexibleTaskController( 1888): 	at com.android.server.wm.FlexibleTaskController.releaseFlexibleCaptionView(FlexibleTaskController.java:1224)
10-27 16:52:09.690 I/FlexibleTaskController( 1888): 	at com.android.server.wm.FlexibleWindowManagerService.onFlexibleWindowTaskVanished(FlexibleWindowManagerService.java:797)
10-27 16:52:09.690 I/FlexibleTaskController( 1888): 	at com.android.server.wm.TaskOrganizerControllerExtImpl.onTaskVanished(TaskOrganizerControllerExtImpl.java:105)
10-27 16:52:09.690 I/FlexibleTaskController( 1888): 	at com.android.server.wm.TaskOrganizerController$TaskOrganizerPendingEventsQueue.dispatchPendingEvent(TaskOrganizerController.java:319)
10-27 16:52:09.690 I/FlexibleTaskController( 1888): 	at com.android.server.wm.TaskOrganizerController$TaskOrganizerPendingEventsQueue.dispatchPendingEvents(TaskOrganizerController.java:302)
10-27 16:52:09.690 I/FlexibleTaskController( 1888): 	at com.android.server.wm.TaskOrganizerController.dispatchPendingEvents(TaskOrganizerController.java:1050)
10-27 16:52:09.690 I/FlexibleTaskController( 1888): 	at com.android.server.wm.RootWindowContainer.performSurfacePlacementNoTrace(RootWindowContainer.java:895)
10-27 16:52:09.690 I/FlexibleTaskController( 1888): 	at com.android.server.wm.RootWindowContainer.performSurfacePlacement(RootWindowContainer.java:839)
10-27 16:52:09.690 I/FlexibleTaskController( 1888): 	at com.android.server.wm.WindowSurfacePlacer.performSurfacePlacementLoop(WindowSurfacePlacer.java:182)
10-27 16:52:09.690 I/FlexibleTaskController( 1888): 	at com.android.server.wm.WindowSurfacePlacer.performSurfacePlacement(WindowSurfacePlacer.java:126)
10-27 16:52:09.690 I/FlexibleTaskController( 1888): 	at com.android.server.wm.WindowSurfacePlacer.performSurfacePlacement(WindowSurfacePlacer.java:115)
10-27 16:52:09.690 I/FlexibleTaskController( 1888): 	at com.android.server.wm.WindowSurfacePlacer.continueLayout(WindowSurfacePlacer.java:97)
10-27 16:52:09.690 I/FlexibleTaskController( 1888): 	at com.android.server.wm.ActivityTaskManagerService.continueWindowLayout(ActivityTaskManagerService.java:5001)
10-27 16:52:09.690 I/FlexibleTaskController( 1888): 	at com.android.server.wm.ActivityTaskManagerService$LocalService.handleAppDied(ActivityTaskManagerService.java:6797)
10-27 16:52:09.690 I/FlexibleTaskController( 1888): 	at com.android.server.am.ActivityManagerService.handleAppDiedLocked(ActivityManagerService.java:3726)
10-27 16:52:09.690 I/FlexibleTaskController( 1888): 	at com.android.server.am.ProcessList.removeProcessLocked(ProcessList.java:3292)
10-27 16:52:09.690 I/FlexibleTaskController( 1888): 	at com.android.server.am.ProcessList.killPackageProcessesLSP(ProcessList.java:3205)
10-27 16:52:09.690 I/FlexibleTaskController( 1888): 	at com.android.server.am.ActivityManagerService.forceStopPackageLocked(ActivityManagerService.java:4889)
10-27 16:52:09.690 I/FlexibleTaskController( 1888): 	at com.android.server.am.ActivityManagerService$MainHandler.handleMessage(ActivityManagerService.java:2083)
10-27 16:52:09.690 I/FlexibleTaskController( 1888): 	at android.os.Handler.dispatchMessage(Handler.java:106)
10-27 16:52:09.690 I/FlexibleTaskController( 1888): 	at android.os.Looper.loopOnce(Looper.java:257)
10-27 16:52:09.690 I/FlexibleTaskController( 1888): 	at android.os.Looper.loop(Looper.java:368)
10-27 16:52:09.690 I/FlexibleTaskController( 1888): 	at android.os.HandlerThread.run(HandlerThread.java:67)
10-27 16:52:09.690 I/FlexibleTaskController( 1888): 	at com.android.server.ServiceThread.run(ServiceThread.java:46)
10-27 16:52:09.690 I/TaskOrganizerController( 1888): onTaskInfoChanged taskid 1 config { mBounds=Rect(0, 0 - 1080, 2412) mAppBounds=Rect(0, 96 - 1080, 2263) mMaxBounds=Rect(0, 0 - 1080, 2412) mDisplayRotation=ROTATION_0 mWindowingMode=fullscreen mDisplayWindowingMode=fullscreen mActivityType=home mAlwaysOnTop=undefined mRotation=ROTATION_0}
10-27 16:52:09.690 D/FlexibleWindowManager( 1888): onFlexibleWindowTaskInfoChanged: mTaskId = 1 oldIsTaskEmbedded = false   curIsTaskEmbedded = false  topActivity = ComponentInfo{com.android.launcher/com.android.launcher.Launcher}
10-27 16:52:09.690 D/OplusFlexibleWindowMinimizedManagerHelper( 1888): onTaskInfoChanged taskInfo:TaskInfo{userId=0 taskId=1 displayId=0 isRunning=true baseIntent=Intent { act=android.intent.action.MAIN cat=[android.intent.category.HOME] flg=0x10000100 cmp=com.android.launcher/.Launcher mCallingUid=1000 } baseActivity=ComponentInfo{com.android.launcher/com.android.launcher.Launcher} topActivity=ComponentInfo{com.android.launcher/com.android.launcher.Launcher} origActivity=null realActivity=null numActivities=1 lastActiveTime=18427 supportsSplitScreenMultiWindow=false supportsMultiWindow=true supportsPocketStudioMultiWindow=true isInFlexibleEmbedded = false uid = 10172 pid = 2620 resizeMode=2 isResizeable=true minWidth=-1 minHeight=-1 defaultMinSize=220 token=WCT{RemoteToken{20ba6cd Task{58e02d4 #1 type=home}}} topActivityType=2 pictureInPictureParams=null shouldDockBigOverlays=false launchIntoPipHostTaskId=-1 lastParentTaskIdBeforePip=-1 displayCutoutSafeInsets=null topActivityInfo=ActivityInfo{2633be9 com.android.launcher.Launcher} launchCookies=[] positionInParent=Point(0, 0) parentTaskId=-1 isFocused=true isVisible=false isVisibleRequested=true isSleeping=false topActivityInSizeCompat=false topActivityInOplusCompatMode=false topActivityEligibleForLetterboxEducation= false topActivityLetterboxed= false isFromDoubleTap= false topActivityLetterboxVerticalPosition= -1 topActivityLetterboxHorizontalPosition= -1 topActivityLetterboxWidth=-1 topActivityLetterboxHeight=-1 locusId=LocusId[17_chars] displayAreaFeatureId=1 cameraCompatControlState=hidden locusId= LocusId[17_chars] topActivityLetterboxInsets=Rect(0, 0 - 0, 0)} task:Task{58e02d4 #1 type=home}
10-27 16:52:09.691 E/OplusThermalStats( 1888): Error getting package info: com.android.launcher
10-27 16:52:09.691 D/OplusKeepAliveManager( 1888): TOP_APP is ProcessRecord{b166a3b 2620:com.android.launcher/u0a172} uid is 10172
