10-23 09:02:00.037 E/OplusCustomizeRestrictionManagerService( 1875): isBiometricDisabled start
10-23 09:02:08.706 W/ContextImpl( 4695): Calling a method in the system process without a qualified user: android.app.ContextImpl.startService:1929 android.content.ContextWrapper.startService:835 lb.u.f:20 ka.a.c:31 ka.a$a.handleMessage:17 
10-23 09:02:08.706 W/ContextImpl( 4694): Calling a method in the system process without a qualified user: android.app.ContextImpl.startService:1929 android.content.ContextWrapper.startService:835 com.heytap.mcs.biz.statistics.StaticProcessTrackStatusManager.exitCurrentProcess:74 com.heytap.mcs.biz.statistics.StaticProcessTrackStatusManager$1.handleMessage:19 android.os.Handler.dispatchMessage:102 
10-23 09:02:08.709 W/ProcessStats( 1875): Tracking association SourceState{1fb4af6 com.heytap.htms:cloudctrl/10143 BFgs #82850} whose proc state 4 is better than process ProcessState{70b6ba5 com.heytap.htms/10143 pkg=com.heytap.htms} proc state 9 (4 skipped)
10-23 09:02:08.746 I/ActivityManager( 1875): Process com.heytap.mcs.biz.message (pid 4695) has died: fg  SVC 
10-23 09:02:08.753 W/ActivityManager( 1875): Process 4694 does not match uid 1000 ignore setting hits oom adj
10-23 09:02:08.760 I/ActivityManager( 1875): Process com.heytap.mcs.statistics (pid 4694) has died: vis BFGS
10-23 09:02:08.762 I/ActivityThread( 3193): Removing dead content provider:android.content.ContentProviderProxy@eb8b0c2
10-23 09:02:13.403 V/AlarmManager( 1875): sending alarm Alarm{7a9e28c type 2 origWhen 110512663 whenElapsed 110512663 com.tencent.mm} uid 10280 whenElapsed 110512663 windowLength 0 maxWhenElapsed 110512663 repeatInterval 0 action ALARM_ACTION(10000) component null flags 0x9 procName com.tencent.mm:push
10-23 09:02:13.405 D/OplusProxyWakeLock( 1875): acquireProxyWakeLock failed, prevent uid: 1000 tag:*alar  WorkSource{10280} result: TAG_NULL
10-23 09:02:13.430 V/MonthTrafficAlert( 2844): getWarningNotification subId:1 numWarningNotificaion:0
10-23 09:02:13.430 V/TrafficAlert( 2844): getLimitNotification subId:1 ,numLimitNotificaion:0
10-23 09:02:23.444 W/ProcessStats( 1875): Tracking association SourceState{1fb4af6 com.heytap.htms:cloudctrl/10143 BFgs #82866} whose proc state 4 is better than process ProcessState{70b6ba5 com.heytap.htms/10143 pkg=com.heytap.htms} proc state 9 (12 skipped)
10-23 09:02:29.239 V/MonthTrafficAlert( 2844): getWarningNotification subId:1 numWarningNotificaion:0
10-23 09:02:29.239 V/TrafficAlert( 2844): getLimitNotification subId:1 ,numLimitNotificaion:0
10-23 09:02:29.735 E/OplusAthenaAm( 1875): AthenaAmManagerInternal transact code hello:12,flags:0
10-23 09:02:31.732 V/AlarmManager( 1875): sending alarm Alarm{33f84a1 type 3 origWhen 110531000 whenElapsed 110531000 android} uid 1000 whenElapsed 110531000 windowLength 0 maxWhenElapsed 110531000 repeatInterval 0 action null component null tag StatsCompanionService.periodic flags 0x9 procName system_server
10-23 09:02:41.080 V/AlarmManager( 1875): sending alarm Alarm{ad326d9 type 3 origWhen 110540348 whenElapsed 110540348 android} uid 1000 whenElapsed 110540348 windowLength 0 maxWhenElapsed 110540348 repeatInterval 0 action null component null tag *usage.launchTime* flags 0x9 procName system_server
10-23 09:02:43.850 D/CompatibilityChangeReporter( 1875): Compat change id reported: 151105954; UID 1000; state: ENABLED
10-23 09:02:43.858 E/AppOps  ( 1875): attributionTag  not declared in manifest of com.oplus.healthservice
10-23 09:02:43.863 E/AppOps  ( 1875): attributionTag  not declared in manifest of com.oplus.healthservice
10-23 09:03:00.000 V/AlarmManager( 1875): sending alarm Alarm{6cafb4c type 3 origWhen 110559268 whenElapsed 110559268 android} uid 1000 whenElapsed 110559268 windowLength 0 maxWhenElapsed 110559268 repeatInterval 0 action null component null tag TIME_TICK flags 0x9 procName system_server
10-23 09:03:00.046 E/OplusCustomizeRestrictionManagerService( 1875): isBiometricDisabled start
10-23 09:03:01.094 V/MonthTrafficAlert( 2844): getWarningNotification subId:1 numWarningNotificaion:0
10-23 09:03:01.094 V/TrafficAlert( 2844): getLimitNotification subId:1 ,numLimitNotificaion:0
10-23 09:03:15.243 D/CompatibilityChangeReporter( 1875): Compat change id reported: 266524688; UID 1000; state: ENABLED
10-23 09:03:30.112 V/MonthTrafficAlert( 2844): getWarningNotification subId:1 numWarningNotificaion:0
10-23 09:03:30.112 V/TrafficAlert( 2844): getLimitNotification subId:1 ,numLimitNotificaion:0
10-23 09:03:32.330 D/CompatibilityChangeReporter( 1875): Compat change id reported: 168936375; UID 1000; state: ENABLED
10-23 09:03:32.344 D/CompatibilityChangeReporter( 1875): Compat change id reported: 73144566; UID 1000; state: ENABLED
10-23 09:03:35.161 W/AlarmManager( 1875): Window length 1383505805511600128ms too long; limiting to 1 day
10-23 09:03:43.851 E/AppOps  ( 1875): attributionTag  not declared in manifest of com.oplus.healthservice
10-23 09:03:43.856 E/AppOps  ( 1875): attributionTag  not declared in manifest of com.oplus.healthservice
10-23 09:03:45.309 D/PowerManagerService( 1875): userActivityNoUpdateLocked: groupId=0, eventTime=67384739, event=touch, flags=0x0, uid=1000
10-23 09:03:45.378 I/Quality ( 4131): Skipped: true 1 cost 11.046607 refreshRate 8333333 bit true processName com.example.translatorapp
10-23 09:03:45.514 I/Quality ( 4131): Skipped: false 15 cost 130.08989 refreshRate 8333333 bit true processName com.example.translatorapp
10-23 09:03:45.554 I/Quality ( 4131): Skipped: true 4 cost 36.98231 refreshRate 8307762 bit true processName com.example.translatorapp
10-23 09:03:45.579 I/Quality ( 4131): Skipped: false 2 cost 21.280556 refreshRate 8311004 bit true processName com.example.translatorapp
10-23 09:03:45.598 I/Quality ( 4131): Skipped: false 1 cost 15.106478 refreshRate 8310994 bit true processName com.example.translatorapp
10-23 09:03:45.619 I/Quality ( 4131): Skipped: false 2 cost 18.9749 refreshRate 8311055 bit true processName com.example.translatorapp
10-23 09:03:45.638 I/Quality ( 4131): Skipped: false 1 cost 12.863916 refreshRate 8310816 bit true processName com.example.translatorapp
10-23 09:03:46.187 D/PowerManagerService( 1875): userActivityNoUpdateLocked: groupId=0, eventTime=67385620, event=touch, flags=0x0, uid=1000
10-23 09:03:46.270 I/Quality ( 4131): Skipped: false 5 cost 47.322422 refreshRate 8308783 bit true processName com.example.translatorapp
10-23 09:03:46.429 I/Quality ( 4131): Skipped: false 16 cost 139.64072 refreshRate 8306555 bit true processName com.example.translatorapp
10-23 09:03:46.459 I/Quality ( 4131): Skipped: false 2 cost 20.571192 refreshRate 8307717 bit true processName com.example.translatorapp
10-23 09:03:46.504 I/Quality ( 4131): Skipped: false 4 cost 40.020405 refreshRate 8307801 bit true processName com.example.translatorapp
10-23 09:03:46.525 I/Quality ( 4131): Skipped: false 2 cost 19.474264 refreshRate 8307870 bit true processName com.example.translatorapp
10-23 09:03:46.541 I/Quality ( 4131): Skipped: false 1 cost 11.156805 refreshRate 8308231 bit true processName com.example.translatorapp
10-23 09:03:46.799 I/Quality ( 4131): Skipped: false 4 cost 35.819965 refreshRate 8307967 bit true processName com.example.translatorapp
10-23 09:03:46.961 I/Quality ( 4131): Skipped: true 1 cost 14.963115 refreshRate 8309800 bit true processName com.example.translatorapp
10-23 09:03:46.967 V/MonthTrafficAlert( 2844): getWarningNotification subId:1 numWarningNotificaion:0
10-23 09:03:46.967 V/TrafficAlert( 2844): getLimitNotification subId:1 ,numLimitNotificaion:0
10-23 09:03:46.980 I/Quality ( 4131): Skipped: true 1 cost 8.533639 refreshRate 8309800 bit true processName com.example.translatorapp
10-23 09:03:49.367 D/UsageStatsService( 1875): User[0] type=0 b=1761224348376 e=1761224629366 cb=1761146447435 ce=1761224533422 disk=0 all=1
10-23 09:04:00.001 V/AlarmManager( 1875): sending alarm Alarm{e12b84f type 3 origWhen 110619269 whenElapsed 110619269 android} uid 1000 whenElapsed 110619269 windowLength 0 maxWhenElapsed 110619269 repeatInterval 0 action null component null tag TIME_TICK flags 0x9 procName system_server
10-23 09:04:00.039 E/OplusCustomizeRestrictionManagerService( 1875): isBiometricDisabled start
10-23 09:04:02.185 W/ProcessStats( 1875): Tracking association SourceState{1fb4af6 com.heytap.htms:cloudctrl/10143 BFgs #82871} whose proc state 4 is better than process ProcessState{70b6ba5 com.heytap.htms/10143 pkg=com.heytap.htms} proc state 9 (2 skipped)
10-23 09:04:05.860 V/AlarmManager( 1875): sending alarm Alarm{2f7f9e0 type 3 origWhen 110400114 whenElapsed 110400114 com.oplus.metis} uid 10144 whenElapsed 110400114 windowLength 224999 maxWhenElapsed 110625113 repeatInterval 0 action com.oplus.action.TIMER_ALARM_TASK component null flags 0x8 procName com.oplus.metis
10-23 09:04:05.862 V/AlarmManager( 1875): sending alarm Alarm{4f7d499 type 3 origWhen 110420007 whenElapsed 110420007 android} uid 1000 whenElapsed 110420007 windowLength 243423 maxWhenElapsed 110663430 repeatInterval 0 action null component null tag *job.delay* flags 0x0 procName system_server
10-23 09:04:05.862 V/AlarmManager( 1875): sending alarm Alarm{7a2535e type 3 origWhen 110424081 whenElapsed 110424081 com.oplus.nhs} uid 1001 whenElapsed 110424081 windowLength 225000 maxWhenElapsed 110649081 repeatInterval 300000 action oplus.intent.action.INTERNAL_LOOP_UPDATE_ACTIVITYINFO_ALARM component ComponentInfo{com.oplus.nhs/com.oplus.nhs.pwr.ModemAci.ModemAciAlarmReceiver} flags 0x8 procName com.oplus.nhs
10-23 09:04:05.874 V/AlarmManager( 1875): sending alarm Alarm{912d40c type 3 origWhen 110536146 whenElapsed 110536146 com.oplus.metis} uid 10144 whenElapsed 110536146 windowLength 225000 maxWhenElapsed 110761146 repeatInterval 300000 action oplus.intent.action.SORT_ALARM_ACTION component null flags 0x8 procName com.oplus.metis
10-23 09:04:05.875 V/AlarmManager( 1875): sending alarm Alarm{6e82155 type 3 origWhen 110536748 whenElapsed 110536748 com.oplus.deepthinker} uid 10170 whenElapsed 110536748 windowLength 225000 maxWhenElapsed 110761748 repeatInterval 300000 action com.oplus.deepthinker.action.INTENT_DECISION_PREDICT component null flags 0x0 procName com.oplus.deepthinker
10-23 09:04:05.876 V/AlarmManager( 1875): sending alarm Alarm{7bc476a type 3 origWhen 110574044 whenElapsed 110582710 com.tencent.mm} uid 10280 whenElapsed 110582710 windowLength 225000 maxWhenElapsed 110804046 repeatInterval 300000 action com.tencent.mm.TrafficStatsReceiver component null flags 0x8 procName com.tencent.mm:push
10-23 09:04:05.905 V/MonthTrafficAlert( 2844): getWarningNotification subId:1 numWarningNotificaion:0
10-23 09:04:05.905 V/TrafficAlert( 2844): getLimitNotification subId:1 ,numLimitNotificaion:0
10-23 09:04:13.474 V/MonthTrafficAlert( 2844): getWarningNotification subId:1 numWarningNotificaion:0
10-23 09:04:13.475 V/TrafficAlert( 2844): getLimitNotification subId:1 ,numLimitNotificaion:0
10-23 09:04:22.220 W/ProcessStats( 1875): Tracking association SourceState{d27c70 com.nearme.instant.platform:provider/10115 BFgs #82886} whose proc state 4 is better than process ProcessState{310b7e5 com.oppo.instant.local.service/10113 pkg=com.oppo.instant.local.service} proc state 8 (18 skipped)
10-23 09:04:27.216 V/MonthTrafficAlert( 2844): getWarningNotification subId:1 numWarningNotificaion:0
10-23 09:04:27.216 V/TrafficAlert( 2844): getLimitNotification subId:1 ,numLimitNotificaion:0
10-23 09:04:29.817 E/OplusAthenaAm( 1875): AthenaAmManagerInternal transact code hello:12,flags:0
10-23 09:04:30.330 D/PowerManagerService( 1875): userActivityNoUpdateLocked: groupId=0, eventTime=67429758, event=touch, flags=0x0, uid=1000
10-23 09:04:30.430 I/Quality ( 4131): Skipped: false 1 cost 10.997713 refreshRate 8333333 bit true processName com.example.translatorapp
10-23 09:04:30.571 I/Quality ( 4131): Skipped: false 15 cost 127.31432 refreshRate 8304657 bit true processName com.example.translatorapp
10-23 09:04:30.604 I/Quality ( 4131): Skipped: true 3 cost 28.104448 refreshRate 8310461 bit true processName com.example.translatorapp
10-23 09:04:30.631 I/Quality ( 4131): Skipped: false 2 cost 21.532635 refreshRate 8310248 bit true processName com.example.translatorapp
10-23 09:04:30.648 I/Quality ( 4131): Skipped: false 1 cost 13.842826 refreshRate 8309068 bit true processName com.example.translatorapp
10-23 09:04:30.668 I/Quality ( 4131): Skipped: false 2 cost 16.862036 refreshRate 8308782 bit true processName com.example.translatorapp
10-23 09:04:30.688 I/Quality ( 4131): Skipped: false 1 cost 12.183218 refreshRate 8309374 bit true processName com.example.translatorapp
10-23 09:04:31.318 I/Quality ( 4131): Skipped: true 4 cost 35.58669 refreshRate 8310794 bit true processName com.example.translatorapp
10-23 09:04:31.588 D/PowerManagerService( 1875): userActivityNoUpdateLocked: groupId=0, eventTime=67431018, event=touch, flags=0x0, uid=1000
10-23 09:04:31.657 I/Quality ( 4131): Skipped: false 1 cost 8.631221 refreshRate 8310753 bit true processName com.example.translatorapp
10-23 09:04:31.731 V/AlarmManager( 1875): sending alarm Alarm{5e4bb93 type 3 origWhen 110651000 whenElapsed 110651000 android} uid 1000 whenElapsed 110651000 windowLength 0 maxWhenElapsed 110651000 repeatInterval 0 action null component null tag StatsCompanionService.periodic flags 0x9 procName system_server
10-23 09:04:31.829 I/Quality ( 4131): Skipped: false 18 cost 155.5006 refreshRate 8310632 bit true processName com.example.translatorapp
10-23 09:04:31.864 I/Quality ( 4131): Skipped: true 3 cost 32.911476 refreshRate 8310573 bit true processName com.example.translatorapp
10-23 09:04:31.894 I/Quality ( 4131): Skipped: false 1 cost 13.143803 refreshRate 8311283 bit true processName com.example.translatorapp
10-23 09:04:31.909 I/Quality ( 4131): Skipped: false 1 cost 11.715403 refreshRate 8311578 bit true processName com.example.translatorapp
10-23 09:04:31.926 I/Quality ( 4131): Skipped: false 1 cost 11.380549 refreshRate 8310925 bit true processName com.example.translatorapp
10-23 09:04:31.942 I/Quality ( 4131): Skipped: false 1 cost 11.452079 refreshRate 8310453 bit true processName com.example.translatorapp
10-23 09:04:32.195 V/MonthTrafficAlert( 2844): getWarningNotification subId:1 numWarningNotificaion:0
10-23 09:04:32.195 V/TrafficAlert( 2844): getLimitNotification subId:1 ,numLimitNotificaion:0
10-23 09:04:32.572 I/Quality ( 4131): Skipped: true 4 cost 34.073833 refreshRate 8308552 bit true processName com.example.translatorapp
10-23 09:04:32.615 I/Quality ( 4131): Skipped: false 2 cost 18.85751 refreshRate 8308028 bit true processName com.example.translatorapp
10-23 09:04:32.761 I/Quality ( 4131): Skipped: false 3 cost 32.2869 refreshRate 8307934 bit true processName com.example.translatorapp
10-23 09:04:33.204 D/PowerManagerService( 1875): userActivityNoUpdateLocked: groupId=0, eventTime=67432634, event=touch, flags=0x0, uid=1000
10-23 09:04:33.278 I/Quality ( 4131): Skipped: true 1 cost 8.61096 refreshRate 8311097 bit true processName com.example.translatorapp
10-23 09:04:33.298 I/Quality ( 4131): Skipped: false 1 cost 12.533997 refreshRate 8311097 bit true processName com.example.translatorapp
10-23 09:04:33.948 D/PowerManagerService( 1875): userActivityNoUpdateLocked: groupId=0, eventTime=67433378, event=touch, flags=0x0, uid=1000
10-23 09:04:34.007 I/Quality ( 4131): Skipped: false 1 cost 15.359598 refreshRate 8308006 bit true processName com.example.translatorapp
10-23 09:04:41.538 V/MonthTrafficAlert( 2844): getWarningNotification subId:1 numWarningNotificaion:0
10-23 09:04:41.538 V/TrafficAlert( 2844): getLimitNotification subId:1 ,numLimitNotificaion:0
10-23 09:04:43.853 E/AppOps  ( 1875): attributionTag  not declared in manifest of com.oplus.healthservice
10-23 09:04:43.860 E/AppOps  ( 1875): attributionTag  not declared in manifest of com.oplus.healthservice
10-23 09:04:49.656 W/ProcessStats( 1875): Tracking association SourceState{47a737e com.oplus.deepthinker/10170 BFgs #82890} whose proc state 4 is better than process ProcessState{216b3e2 com.oplus.romupdate/10150 pkg=com.oplus.romupdate} proc state 13 (8 skipped)
10-23 09:05:00.000 V/AlarmManager( 1875): sending alarm Alarm{18988de type 3 origWhen 110679268 whenElapsed 110679268 android} uid 1000 whenElapsed 110679268 windowLength 0 maxWhenElapsed 110679268 repeatInterval 0 action null component null tag TIME_TICK flags 0x9 procName system_server
10-23 09:05:00.042 E/OplusCustomizeRestrictionManagerService( 1875): isBiometricDisabled start
10-23 09:05:01.069 I/keystore2(  709): system/security/keystore2/src/watchdog.rs:319 - Watchdog thread idle -> terminating. Have a great day.
10-23 09:05:12.007 I/ActivityManager( 1875): Process com.oplus.sau (pid 1830) has died: svcb SVC 
10-23 09:05:12.026 W/ProcessStats( 1875): Tracking association SourceState{1fb4af6 com.heytap.htms:cloudctrl/10143 BFgs #82897} whose proc state 4 is better than process ProcessState{70b6ba5 com.heytap.htms/10143 pkg=com.heytap.htms} proc state 9 (1 skipped)
10-23 09:05:12.676 V/MonthTrafficAlert( 2844): getWarningNotification subId:1 numWarningNotificaion:0
10-23 09:05:12.677 V/TrafficAlert( 2844): getLimitNotification subId:1 ,numLimitNotificaion:0
10-23 09:05:13.766 D/PowerManagerService( 1875): userActivityNoUpdateLocked: groupId=0, eventTime=67473196, event=other, flags=0x0, uid=1000
10-23 09:05:15.110 D/PowerManagerService( 1875): userActivityNoUpdateLocked: groupId=0, eventTime=67474539, event=other, flags=0x0, uid=1000
10-23 09:05:15.212 D/PowerManagerService( 1875): userActivityNoUpdateLocked: groupId=0, eventTime=67474645, event=other, flags=0x0, uid=1000
10-23 09:05:15.317 D/PowerManagerService( 1875): userActivityNoUpdateLocked: groupId=0, eventTime=67474748, event=other, flags=0x0, uid=1000
10-23 09:05:15.487 D/PowerManagerService( 1875): userActivityNoUpdateLocked: groupId=0, eventTime=67474917, event=other, flags=0x0, uid=1000
10-23 09:05:15.589 D/PowerManagerService( 1875): userActivityNoUpdateLocked: groupId=0, eventTime=67475020, event=other, flags=0x0, uid=1000
10-23 09:05:15.688 D/PowerManagerService( 1875): userActivityNoUpdateLocked: groupId=0, eventTime=67475120, event=other, flags=0x0, uid=1000
10-23 09:05:15.804 D/PowerManagerService( 1875): userActivityNoUpdateLocked: groupId=0, eventTime=67475235, event=other, flags=0x0, uid=1000
10-23 09:05:15.917 D/PowerManagerService( 1875): userActivityNoUpdateLocked: groupId=0, eventTime=67475347, event=other, flags=0x0, uid=1000
10-23 09:05:16.184 D/PowerManagerService( 1875): userActivityNoUpdateLocked: groupId=0, eventTime=67475612, event=other, flags=0x0, uid=1000
10-23 09:05:16.240 E/OplusCustomizeRestrictionManagerService( 1875): getMobileDataMode error :s == null
10-23 09:05:16.248 E/OplusCustomizeRestrictionManagerService( 1875): getMobileDataMode error :s == null
10-23 09:05:16.253 E/OplusCustomizeRestrictionManagerService( 1875): getMobileDataMode error :s == null
10-23 09:05:16.257 E/OplusCustomizeRestrictionManagerService( 1875): getMobileDataMode error :s == null
10-23 09:05:16.458 D/PowerManagerService( 1875): userActivityNoUpdateLocked: groupId=0, eventTime=67475889, event=other, flags=0x0, uid=1000
10-23 09:05:16.593 D/PowerManagerService( 1875): userActivityNoUpdateLocked: groupId=0, eventTime=67476024, event=other, flags=0x0, uid=1000
10-23 09:05:16.697 D/PowerManagerService( 1875): userActivityNoUpdateLocked: groupId=0, eventTime=67476127, event=other, flags=0x0, uid=1000
10-23 09:05:16.839 D/PowerManagerService( 1875): userActivityNoUpdateLocked: groupId=0, eventTime=67476270, event=other, flags=0x0, uid=1000
10-23 09:05:16.943 D/PowerManagerService( 1875): userActivityNoUpdateLocked: groupId=0, eventTime=67476375, event=other, flags=0x0, uid=1000
10-23 09:05:20.736 V/AlarmManager( 1875): sending alarm Alarm{43bf9ec type 3 origWhen 110679268 whenElapsed 110679268 com.oplus.obrain} uid 1000 whenElapsed 110679268 windowLength 225000 maxWhenElapsed 110904268 repeatInterval 300000 action MIDAS FIVE MINUTE CLOCK ACTION component null flags 0x8 procName com.oplus.midas
10-23 09:05:20.738 V/AlarmManager( 1875): sending alarm Alarm{c3781b5 type 3 origWhen 110697748 whenElapsed 110697748 android} uid 1000 whenElapsed 110697748 windowLength 225000 maxWhenElapsed 110922748 repeatInterval 300000 action oplus.intent.action.LINKPOWER_LOOP_ALARM component null flags 0x8 procName system_server
10-23 09:05:20.755 V/AlarmManager( 1875): sending alarm Alarm{9312bbb type 3 origWhen 110829477 whenElapsed 110700000 android} uid 1000 whenElapsed 110700000 windowLength 1350000 maxWhenElapsed 110700000 repeatInterval 1800000 action android.appwidget.action.APPWIDGET_UPDATE component ComponentInfo{com.heytap.browser/com.android.browser.widget.DefaultSearchWidgetProvider} flags 0x8 procName system_server
10-23 09:05:20.769 D/OplusAlarmAdjustment( 1875): unalignAlarmsByUid(), uid=10116, pkgName=com.heytap.browser, actions=null, procs=null, requester=1
10-23 09:05:20.771 D/OplusAlarmAdjustMap( 1875): removeAlignUid, uid=10116, requester=1
10-23 09:05:23.692 D/PowerManagerService( 1875): userActivityNoUpdateLocked: groupId=0, eventTime=67483121, event=other, flags=0x0, uid=1000
10-23 09:05:31.456 V/AlarmManager( 1875): sending alarm Alarm{a093452 type 0 origWhen 1761224731454 whenElapsed 110710723 com.heytap.mcs} uid 1000 whenElapsed 110710723 windowLength 0 maxWhenElapsed 110710723 repeatInterval 0 action com.heytap.mcs.action component null flags 0x9 procName com.heytap.mcs
10-23 09:05:31.466 W/ProcessStats( 1875): Tracking association SourceState{1fb4af6 com.heytap.htms:cloudctrl/10143 BFgs #82915} whose proc state 4 is better than process ProcessState{70b6ba5 com.heytap.htms/10143 pkg=com.heytap.htms} proc state 9 (9 skipped)
10-23 09:05:31.774 W/ContextImpl( 3193): Calling a method in the system process without a qualified user: android.app.ContextImpl.bindService:2032 android.content.ContextWrapper.bindService:871 com.heytap.mcs.biz.message.b.e:59 com.heytap.mcs.biz.message.b.p:22 com.heytap.mcs.biz.message.b.A:12 
10-23 09:05:31.782 D/CompatibilityChangeReporter( 1875): Compat change id reported: 135634846; UID 1000; state: DISABLED
10-23 09:05:31.783 D/CompatibilityChangeReporter( 1875): Compat change id reported: 177438394; UID 1000; state: DISABLED
10-23 09:05:31.783 D/CompatibilityChangeReporter( 1875): Compat change id reported: 135772972; UID 1000; state: DISABLED
10-23 09:05:31.784 D/CompatibilityChangeReporter( 1875): Compat change id reported: 135754954; UID 1000; state: ENABLED
10-23 09:05:31.807 I/ActivityManager( 1875): Start proc 5054:com.heytap.mcs.biz.message/1000 for service {com.heytap.mcs/com.heytap.mcs.biz.message.MessageDealService}
10-23 09:05:31.807 W/ContextImpl( 1875): Calling a method in the system process without a qualified user: android.app.ContextImpl.sendBroadcast:1232 com.android.server.am.OplusAppStartupConfig.sendAbnormalNotify:1623 com.android.server.am.OplusAppStartupConfig.notifyAbnormalInfo:1556 com.android.server.am.OplusAppStartupManager.handleStartAppInfo:5142 com.android.server.am.ProcessListExtImpl.hookHandleProcessStart:239 
10-23 09:05:31.856 D/ActivityTaskManagerServiceExtImpl( 1875): preBindApplication record is null
10-23 09:05:31.936 I/ActivityManager( 1875): Flag disabled. Ignoring finishAttachApplication from uid: 1000. pid: 5054
10-23 09:05:32.001 V/AlarmManager( 1875): sending alarm Alarm{bbaef11 type 3 origWhen 110711269 whenElapsed 110711269 android} uid 1000 whenElapsed 110711269 windowLength 0 maxWhenElapsed 110711269 repeatInterval 0 action null component null tag StatsCompanionService.pull flags 0x9 procName system_server
10-23 09:05:41.456 V/MonthTrafficAlert( 2844): getWarningNotification subId:1 numWarningNotificaion:0
10-23 09:05:41.458 V/TrafficAlert( 2844): getLimitNotification subId:1 ,numLimitNotificaion:0
10-23 09:05:41.970 W/ContextImpl( 5054): Calling a method in the system process without a qualified user: android.app.ContextImpl.startService:1929 android.content.ContextWrapper.startService:835 lb.u.f:20 ka.a.c:31 ka.a$a.handleMessage:17 
10-23 09:05:41.973 W/ProcessStats( 1875): Tracking association SourceState{1fb4af6 com.heytap.htms:cloudctrl/10143 BFgs #82923} whose proc state 4 is better than process ProcessState{70b6ba5 com.heytap.htms/10143 pkg=com.heytap.htms} proc state 9 (1 skipped)
10-23 09:05:42.019 I/ActivityManager( 1875): Process com.heytap.mcs.biz.message (pid 5054) has died: fg  SVC 
10-23 09:05:43.848 D/CompatibilityChangeReporter( 1875): Compat change id reported: 151105954; UID 1000; state: ENABLED
10-23 09:05:43.855 E/AppOps  ( 1875): attributionTag  not declared in manifest of com.oplus.healthservice
10-23 09:05:43.862 E/AppOps  ( 1875): attributionTag  not declared in manifest of com.oplus.healthservice
10-23 09:05:49.367 D/UsageStatsService( 1875): User[0] type=0 b=1761224348376 e=1761224749365 cb=1761146447435 ce=1761224742033 disk=0 all=1
10-23 09:05:57.169 V/MonthTrafficAlert( 2844): getWarningNotification subId:1 numWarningNotificaion:0
10-23 09:05:57.170 V/TrafficAlert( 2844): getLimitNotification subId:1 ,numLimitNotificaion:0
10-23 09:06:00.002 V/AlarmManager( 1875): sending alarm Alarm{27b0d98 type 3 origWhen 110739269 whenElapsed 110739269 android} uid 1000 whenElapsed 110739269 windowLength 0 maxWhenElapsed 110739269 repeatInterval 0 action null component null tag TIME_TICK flags 0x9 procName system_server
10-23 09:06:00.041 E/OplusCustomizeRestrictionManagerService( 1875): isBiometricDisabled start
10-23 09:06:02.796 D/PowerManagerService( 1875): userActivityNoUpdateLocked: groupId=0, eventTime=67522226, event=touch, flags=0x0, uid=1000
10-23 09:06:02.890 I/Quality ( 4131): Skipped: false 1 cost 12.699949 refreshRate 8333333 bit true processName com.example.translatorapp
10-23 09:06:03.027 I/Quality ( 4131): Skipped: false 13 cost 115.86656 refreshRate 8307986 bit true processName com.example.translatorapp
10-23 09:06:03.053 I/Quality ( 4131): Skipped: true 2 cost 17.288576 refreshRate 8307982 bit true processName com.example.translatorapp
10-23 09:06:03.069 I/Quality ( 4131): Skipped: false 1 cost 8.517277 refreshRate 8307641 bit true processName com.example.translatorapp
10-23 09:06:03.087 I/Quality ( 4131): Skipped: false 1 cost 9.943896 refreshRate 8307841 bit true processName com.example.translatorapp
10-23 09:06:03.117 I/Quality ( 4131): Skipped: false 1 cost 14.839341 refreshRate 8306991 bit true processName com.example.translatorapp
10-23 09:06:03.130 I/Quality ( 4131): Skipped: false 1 cost 11.67672 refreshRate 8309780 bit true processName com.example.translatorapp
10-23 09:06:03.619 D/PowerManagerService( 1875): userActivityNoUpdateLocked: groupId=0, eventTime=67523050, event=touch, flags=0x0, uid=1000
10-23 09:06:03.747 I/Quality ( 4131): Skipped: false 4 cost 38.99507 refreshRate 8308569 bit true processName com.example.translatorapp
10-23 09:06:03.780 I/Quality ( 4131): Skipped: false 3 cost 29.873718 refreshRate 8308573 bit true processName com.example.translatorapp
10-23 09:06:03.798 I/Quality ( 4131): Skipped: false 1 cost 14.453916 refreshRate 8310068 bit true processName com.example.translatorapp
10-23 09:06:03.811 I/Quality ( 4131): Skipped: false 1 cost 11.26701 refreshRate 8309702 bit true processName com.example.translatorapp
10-23 09:06:03.837 I/Quality ( 4131): Skipped: false 1 cost 12.084593 refreshRate 8310023 bit true processName com.example.translatorapp
10-23 09:06:03.900 I/Quality ( 4131): Skipped: true 1 cost 8.457717 refreshRate 8309064 bit true processName com.example.translatorapp
10-23 09:06:04.064 I/Quality ( 4131): Skipped: true 2 cost 22.910234 refreshRate 8308646 bit true processName com.example.translatorapp
10-23 09:06:04.114 I/Quality ( 4131): Skipped: false 1 cost 15.439109 refreshRate 8309240 bit true processName com.example.translatorapp
10-23 09:06:04.346 I/Quality ( 4131): Skipped: false 3 cost 31.04558 refreshRate 8310223 bit true processName com.example.translatorapp
10-23 09:06:04.582 V/MonthTrafficAlert( 2844): getWarningNotification subId:1 numWarningNotificaion:0
10-23 09:06:04.582 V/TrafficAlert( 2844): getLimitNotification subId:1 ,numLimitNotificaion:0
10-23 09:06:06.671 I/PluginManager( 2844): Runtime.getRuntime().gc()
10-23 09:06:23.474 V/AlarmManager( 1875): sending alarm Alarm{722ace0 type 2 origWhen 110762738 whenElapsed 110762738 com.tencent.mm} uid 10280 whenElapsed 110762738 windowLength 0 maxWhenElapsed 110762738 repeatInterval 0 action ALARM_ACTION(10000) component null flags 0x9 procName com.tencent.mm:push
10-23 09:06:23.497 W/ProcessStats( 1875): Tracking association SourceState{1fb4af6 com.heytap.htms:cloudctrl/10143 BFgs #82943} whose proc state 4 is better than process ProcessState{70b6ba5 com.heytap.htms/10143 pkg=com.heytap.htms} proc state 9 (5 skipped)
10-23 09:06:23.503 D/AppProfilerExtImpl( 1875): Skipped pss collection for CPU busy
10-23 09:06:23.512 V/MonthTrafficAlert( 2844): getWarningNotification subId:1 numWarningNotificaion:0
10-23 09:06:23.512 V/TrafficAlert( 2844): getLimitNotification subId:1 ,numLimitNotificaion:0
10-23 09:06:24.811 V/AlarmManager( 1875): sending alarm Alarm{f9afb3c type 0 origWhen 1761224582310 whenElapsed 110561578 com.coloros.sceneservice} uid 10204 whenElapsed 110561578 windowLength 202498 maxWhenElapsed 110764076 repeatInterval 0 action sceneservice.intent.action.NORMAL_SCHEDULE_TASK component null flags 0x8 procName com.coloros.sceneservice
10-23 09:06:24.816 V/AlarmManager( 1875): sending alarm Alarm{9873a1a type 3 origWhen 110701492 whenElapsed 110701492 android} uid 1000 whenElapsed 110701492 windowLength 449996 maxWhenElapsed 111151488 repeatInterval 0 action null component null tag *job.cleanup* flags 0x8 procName system_server
10-23 09:06:24.816 V/AlarmManager( 1875): sending alarm Alarm{c63d94b type 3 origWhen 110724081 whenElapsed 110724081 com.oplus.nhs} uid 1001 whenElapsed 110724081 windowLength 225000 maxWhenElapsed 110949081 repeatInterval 300000 action oplus.intent.action.INTERNAL_LOOP_UPDATE_ACTIVITYINFO_ALARM component ComponentInfo{com.oplus.nhs/com.oplus.nhs.pwr.ModemAci.ModemAciAlarmReceiver} flags 0x8 procName com.oplus.nhs
10-23 09:06:26.090 D/ProcessCpuTrackerExtImpl( 1875): mContext is already set, return now! 
10-23 09:06:26.093 W/ActivityManager( 1875): Stale PhantomProcessRecord {b2af45d 24034:23633:com.xingin.xhs:widgetProvider/u0a278}, removing
10-23 09:06:29.858 E/OplusAthenaAm( 1875): AthenaAmManagerInternal transact code hello:12,flags:0
10-23 09:06:31.733 V/AlarmManager( 1875): sending alarm Alarm{867ea85 type 3 origWhen 110771000 whenElapsed 110771000 android} uid 1000 whenElapsed 110771000 windowLength 0 maxWhenElapsed 110771000 repeatInterval 0 action null component null tag StatsCompanionService.periodic flags 0x9 procName system_server
10-23 09:06:33.534 W/ProcessStats( 1875): Tracking association SourceState{1fb4af6 com.heytap.htms:cloudctrl/10143 BFgs #82951} whose proc state 4 is better than process ProcessState{70b6ba5 com.heytap.htms/10143 pkg=com.heytap.htms} proc state 9 (2 skipped)
10-23 09:06:33.596 V/MonthTrafficAlert( 2844): getWarningNotification subId:1 numWarningNotificaion:0
10-23 09:06:33.596 V/TrafficAlert( 2844): getLimitNotification subId:1 ,numLimitNotificaion:0
10-23 09:06:43.857 E/AppOps  ( 1875): attributionTag  not declared in manifest of com.oplus.healthservice
10-23 09:06:43.863 E/AppOps  ( 1875): attributionTag  not declared in manifest of com.oplus.healthservice
10-23 09:07:00.001 V/AlarmManager( 1875): sending alarm Alarm{8ffd718 type 3 origWhen 110799269 whenElapsed 110799269 android} uid 1000 whenElapsed 110799269 windowLength 0 maxWhenElapsed 110799269 repeatInterval 0 action null component null tag TIME_TICK flags 0x9 procName system_server
10-23 09:07:00.013 D/CommSceneService( 1875): notify align tick changed state=1
10-23 09:07:00.016 D/OSysNetControlService( 1875): handle comm scene=1006 state=1 phoneId=-1
10-23 09:07:00.043 E/OplusCustomizeRestrictionManagerService( 1875): isBiometricDisabled start
10-23 09:07:01.996 V/MonthTrafficAlert( 2844): getWarningNotification subId:1 numWarningNotificaion:0
10-23 09:07:01.997 V/TrafficAlert( 2844): getLimitNotification subId:1 ,numLimitNotificaion:0
10-23 09:07:33.710 V/MonthTrafficAlert( 2844): getWarningNotification subId:1 numWarningNotificaion:0
10-23 09:07:33.711 V/TrafficAlert( 2844): getLimitNotification subId:1 ,numLimitNotificaion:0
10-23 09:07:43.858 E/AppOps  ( 1875): attributionTag  not declared in manifest of com.oplus.healthservice
10-23 09:07:43.864 E/AppOps  ( 1875): attributionTag  not declared in manifest of com.oplus.healthservice
10-23 09:07:49.367 D/UsageStatsService( 1875): User[0] type=0 b=1761224348376 e=1761224869365 cb=1761146447435 ce=1761224783495 disk=0 all=1
10-23 09:07:50.737 D/OplusBroadcastSendController( 1875): isNeedSkipBatteryBroadcast: skip time out , not skip this battery broadcast
10-23 09:07:50.752 D/BatteryStatsImplExtImpl( 1875): updateDevicePowerDetails
10-23 09:07:50.754 E/BatteryStatsImplExtImpl( 1875): get RefreshCounts failed
10-23 09:07:50.754 D/OplusRpmSubsystemManager( 1875): battery drained... 
10-23 09:07:50.754 D/OplusRpmSubsystemManager( 1875): elapsedRealTimeDelta :429078
10-23 09:07:50.764 D/OplusFeatureEdrEnhanceBrightness( 1875): onReceive battery level=84 last=85
10-23 09:07:50.765 D/JobScheduler.BattIdle( 1875): mPowerIncrease set true.
10-23 09:07:50.765 W/JobScheduler.BattIdle( 1875): mPluged = false, but BatteryLevel is increase!
10-23 09:07:50.766 D/RpmAidlManager( 1875): getPowerStateSubsystemSleepStateListMethod return code: 0
10-23 09:07:50.767 D/OplusRpmSubsystemManager( 1875): measureOplusRpmMasterStatsDelta... 
10-23 09:07:50.767 D/OplusRpmSubsystemManager( 1875): elapsedRealTimeDelta :429078
10-23 09:07:50.768 D/OplusRpmSubsystemManager( 1875): mRpmSuspendRatioSummay: [APSS:0.11,BT:88.34,CONNINFRA:0.00,GPS:100.00,MPSS:97.52,VMIN:0.00,WIFI:0.00]
10-23 09:07:50.768 D/BatteryStatsImplExtImpl( 1875): PowerDetails: time=2025-10-23-09-07-50, top=com.example.translatorapp.MainActivity, ref_counts=0, ref_mode=0, brightness=0, refs_per_sec=0.0, modem_txTimeMs=[0, 0, 0, 0, 0], traffic=[913350784417,67923025845,7168272235541,275159904551], ctr_drain=[0.0790,212,0,0], rpmstat=[APSS:0.11,BT:84.55,CONNINFRA:0.00,GPS:100.00,MPSS:86.86,VMIN:0.00,WIFI:0.00], sap=false, audio=[spk:0, headset:0]
10-23 09:07:50.768 D/BatteryStatsImplExtImpl( 1875): , modem=[activity:SettleObj{ what=LO date=10-23 09:00:20.793 duration=3298 screenOnRatio=36.48 screenOffRatio=63.52 power=86 current=159.35 networkType=WIFI dataNetworkType=13 signalStrength=-95 aodState=0 softAp=false charge=false simCount=1 defaultPhone=1 apssSleepC=13469 apssSleepRatio=56.28 mpssSleepC=4024 mpssSleepRatio=88.05 vminSleepC=9256 vminSleepRatio=46.66 modemPowermA[]=[0,0,0] sleepRatio=88.08 idleRatio=4.35 rxRatio=7.11 5gRxRatio=0 txSumRatio=0.46 mtkTxRatio[]=[35.35,12.10,22.66,18.64,8.86,1.70,0.68,0] mtk5gTxRatio[]=[0,0,0,0,0,0,0,0]5gTxSumRatio=0 rrcConn10sC[]=[0, 1] rrcConn20sC[]=[0, 9] rrcConnMore20sC[]=[0, 5] rrcConnC[]=[0, 15] csChangedC[]=[0, 0] psChangedC[]=[0, 0] nwSrchC[]=[0, 0] nwSrchRatio[]=[0,0] lteRrcConnRatio[]=[0,15.37] psRegRatio[]=[0,99.86] csRegRatio[]=[0,99.86] psNoRegRatio[]=[0,0] csNoRegRatio[]=[0,0] sigGrid0Ratio[]=[0,0.15] endcActRatio[]=[0,0] ccciWakeupC={14:0=2,216:16385=1,216:18951=1,216:34305=1,} allWakeupC={IrqUdpIn=0, IrqUdpOut=0, IrqUdpClosed=0, IrqTcpIn=0, IrqTcpOut=1, IrqTcpKeep=0, IrqTcpClosedRst=0, IrqTcpClosedFin=0, IrqTcpClosedOther=0, TCPInput=1, TCPOutput=1} appInWakeupC={android.uid.shell=1} appOutWakeupC={oppo.uid.gc=1} appWakeupRatio={android.uid.shell=10.41, oppo.uid.gc=0.21, android.uid.networkstack=0.20, com.tencent.mm=0.17, com.heytap.mcs=0.17, com.heytap.market=0.16, com.coloros.weather.service=0.16, com.oplus.deepthinker=0.12, com.coloros.findmyphone=0.12, com.oplus.statistics.rom=0.11, com.android.mms=0.11, oppo.uid.launcher=0.11, com.oplus.location=0.06, com.tencent.wetype=0.05} appTrafficC={oppo.uid.instant=1228913, com.tencent.mm=668368, android.uid.networkstack=299007, android.uid.htmsenv=273168, com.heytap.quicksearchbox=87787, com.oplus.location=86297, oppo.uid.launcher=79104, com.coloros.phonemanager=73208, oppo.uid.gc=71276, com.oplus.deepthinker=71030, com.heytap.market=48852, com.google.uid.shared=48811, com.oplus.statistics.rom=47817, com.example.translatorapp=42415, com.oplus.pantanal.ums=35194, com.coloros.weather.service=34551, com.coloros.findmyphone=29874, com.android.mms=25116, android.uid.phone=19069, com.oplus.account=18880, com.mobiletools.systemhelper.uid=16239, com.oplus.games=14915, com.coloros.weather2=12819, com.microsoft.appmanager=10824, com.oplus.aiunit=5844, com.finshell.wallet=1221} saRrcConn10sC[]=[0, 0] saRrcConn20sC[]=[0, 0] saRrcConnMore20sC[]=[0, 0] saRrcConnC[]=[0, 0] saRrcConnRatio[]=[0,0] sigGridSim0Ratio[]=[0,0,0,0,0] sigGridSim1Ratio[]=[0.15,0,0,0.12,99.50] lteNrSigGridSim0Ratio[]=[0,0,0,0,0,0,0,0,0,0] lteNrSigGridSim1Ratio[]=[0.15,0,0,0.12,99.29,0,0,0,0,0] cellUpdateC[]=[0, 4] hoC[]=[0, 1] reselC[]=[0, 2] redirectC[]=[0, 1] iRatC[]=[0, 2] iRhoC[]=[0, 2] iRreselC[]=[0, 0] iRredirectC[]=[0, 1] luC[]=[0, 0] rauC[]=[0, 1] guC[]=[0, 0] lteTauC[]=[0, 1] lteAttachC[]=[0, 0] pdnConC[]=[0, 0] eRrcCauseSim0C[]=[0, 0, 0, 0, 0, 0, 0] eRrcCauseSim1C[]=[0, 0, 1, 1, 13, 0, 0] nRrcCauseSim0C[]=[0, 0, 0, 0, 0, 0, 0, 0, 0, 0] nRrcCauseSim1C[]=[0, 0, 0, 0, 0, 0, 0, 0, 0, 0] saRachC[]=[0, 0] saRlfC[]=[0, 0] saReestabC[]=[0, 0] mLteRrcConnRatio[]=[0,15.37] rrcConnC[]=[0, 15] lteCdrxCfgRatio[]=[0,15.55] lteCdrxActRatio[]=[0,7.94] eDlLayerSim0Ratio[]=[0,0,0,0] eDlLayerSim1Ratio[]=[0.04,0.03,0,0.00] lteCaRatio[]=[0,0] saRrcConnRatio[]=[0,0] endcActRatio[]=[0,0] saRrcConnC[]=[0, 0] nrCdrxCfgRatio[]=[0,0] nrCdrxActRatio[]=[0,0] nUlDlLayerSim0Ratio[]=[0,0,0,0,0,0,0,0] nUlDlLayerSim1Ratio[]=[0,0,0,0,0,0,0,0] nrCaRatio[]=[0,0] nBwpSim0Ratio[]=[0,0,0,0,0,0,0,0,0,0] nBwpSim1Ratio[]=[0,0,0,0,0,0,0,0,0,0] dsdsRatio[]=[0,0] drdsdsRatio[]=[0,0] dsdaRatio[]=[0,0] drdsdaRatio[]=[0,0] maxCCCfgT[]=[0, 0] maxCCCfgRatio[]=[0,0] maxCCSentC[]=[0, 0] maxMimoCfgT[]=[0, 0] maxMimoCfgRatio[]=[0,0] maxMimoSentC[]=[0, 0] releasePreferCfgT[]=[0, 0] releasePreferCfgRatio[]=[0,0] release2IdleSentC[]=[0, 0] release2OutOfConnectSentC[]=[0, 0] releaseSentC[]=[0, 0] wusCfgT[]=[0, 0] wusCfgRatio[]=[0,0] wus0CfgC[]=[0, 0] wus1fgC[]=[0, 0] skipUlTxCfgT[]=[0, 0] skipUlTxCfgRatio[]=[0,0] skipUl
10-23 09:07:50.768 D/BatteryStatsImplExtImpl( 1875): , endc=0
10-23 09:07:50.768 I/OplusStorageManagerFeature( 1875): TmemoryBetterySwitch: level=84 state=2
10-23 09:07:50.768 I/OplusStorageManagerFeature( 1875): TmemoryBetterySwitch: action=0 state=2
10-23 09:07:50.792 W/SettingsStatsUtil( 1875): Can not parse value to float: gps,network
10-23 09:07:50.881 D/ProcessCpuTrackerExtImpl( 1875): mContext is already set, return now! 
10-23 09:07:50.890 W/ActivityManager( 1875): Stale PhantomProcessRecord {71778a8 24034:23633:com.xingin.xhs:widgetProvider/u0a278}, removing
10-23 09:07:52.963 W/ProcessStats( 1875): Tracking association SourceState{2acc7a5 com.heytap.accessory/10083 ImpFg #82974} whose proc state 5 is better than process ProcessState{f3490b5 com.oplus.metis/10144 pkg=com.oplus.metis} proc state 9 (2 skipped)
10-23 09:07:53.153 V/AlarmManager( 1875): sending alarm Alarm{1d996fd type 3 origWhen 110852421 whenElapsed 110852421 com.android.systemui} uid 10177 whenElapsed 110852421 windowLength 0 maxWhenElapsed 110852421 repeatInterval 0 action null component null tag OplusKeyguardUnlockCounterExImpl-SYNC flags 0x9 procName com.android.systemui
10-23 09:07:53.199 V/AlarmManager( 1875): sending alarm Alarm{1093643 type 2 origWhen 110852466 whenElapsed 110852466 com.mobiletools.systemhelper} uid 10106 whenElapsed 110852466 windowLength 0 maxWhenElapsed 110852466 repeatInterval 0 action null component ComponentInfo{com.mobiletools.systemhelper/com.mobiletools.systemhelper.control.GetSignalInfoReceiver} flags 0x9 procName com.mobiletools.systemhelper
10-23 09:08:00.000 V/AlarmManager( 1875): sending alarm Alarm{16e5bd8 type 3 origWhen 110859268 whenElapsed 110859268 android} uid 1000 whenElapsed 110859268 windowLength 0 maxWhenElapsed 110859268 repeatInterval 0 action null component null tag TIME_TICK flags 0x9 procName system_server
10-23 09:08:00.038 E/OplusCustomizeRestrictionManagerService( 1875): isBiometricDisabled start
10-23 09:08:03.260 W/ProcessStats( 1875): Tracking association SourceState{1fb4af6 com.heytap.htms:cloudctrl/10143 BFgs #82986} whose proc state 4 is better than process ProcessState{70b6ba5 com.heytap.htms/10143 pkg=com.heytap.htms} proc state 9 (11 skipped)
10-23 09:08:04.141 V/MonthTrafficAlert( 2844): getWarningNotification subId:1 numWarningNotificaion:0
10-23 09:08:04.142 V/TrafficAlert( 2844): getLimitNotification subId:1 ,numLimitNotificaion:0
10-23 09:08:29.919 E/OplusAthenaAm( 1875): AthenaAmManagerInternal transact code hello:12,flags:0
10-23 09:08:31.732 V/AlarmManager( 1875): sending alarm Alarm{d9a0450 type 3 origWhen 110891000 whenElapsed 110891000 android} uid 1000 whenElapsed 110891000 windowLength 0 maxWhenElapsed 110891000 repeatInterval 0 action null component null tag StatsCompanionService.periodic flags 0x9 procName system_server
10-23 09:08:37.643 W/AlarmManager( 1875): Window length 1383505805511554816ms too long; limiting to 1 day
10-23 09:08:37.707 D/CompatibilityChangeReporter( 1875): Compat change id reported: 157233955; UID 1000; state: ENABLED
10-23 09:08:41.263 V/MonthTrafficAlert( 2844): getWarningNotification subId:1 numWarningNotificaion:0
10-23 09:08:41.263 V/TrafficAlert( 2844): getLimitNotification subId:1 ,numLimitNotificaion:0
10-23 09:08:43.859 E/AppOps  ( 1875): attributionTag  not declared in manifest of com.oplus.healthservice
10-23 09:08:43.865 E/AppOps  ( 1875): attributionTag  not declared in manifest of com.oplus.healthservice
10-23 09:08:53.214 I/keystore2(  709): system/security/keystore2/src/watchdog.rs:319 - Watchdog thread idle -> terminating. Have a great day.
10-23 09:09:00.000 V/AlarmManager( 1875): sending alarm Alarm{f0f38ae type 3 origWhen 110919268 whenElapsed 110919268 android} uid 1000 whenElapsed 110919268 windowLength 0 maxWhenElapsed 110919268 repeatInterval 0 action null component null tag TIME_TICK flags 0x9 procName system_server
10-23 09:09:00.040 E/OplusCustomizeRestrictionManagerService( 1875): isBiometricDisabled start
10-23 09:09:13.933 V/MonthTrafficAlert( 2844): getWarningNotification subId:1 numWarningNotificaion:0
10-23 09:09:13.934 V/TrafficAlert( 2844): getLimitNotification subId:1 ,numLimitNotificaion:0
10-23 09:09:13.999 V/MonthTrafficAlert( 2844): getWarningNotification subId:1 numWarningNotificaion:0
10-23 09:09:14.000 V/TrafficAlert( 2844): getLimitNotification subId:1 ,numLimitNotificaion:0
10-23 09:09:43.854 E/AppOps  ( 1875): attributionTag  not declared in manifest of com.oplus.healthservice
10-23 09:09:43.861 E/AppOps  ( 1875): attributionTag  not declared in manifest of com.oplus.healthservice
10-23 09:09:44.129 V/MonthTrafficAlert( 2844): getWarningNotification subId:1 numWarningNotificaion:0
10-23 09:09:44.130 V/TrafficAlert( 2844): getLimitNotification subId:1 ,numLimitNotificaion:0
10-23 09:09:44.194 V/MonthTrafficAlert( 2844): getWarningNotification subId:1 numWarningNotificaion:0
10-23 09:09:44.195 V/TrafficAlert( 2844): getLimitNotification subId:1 ,numLimitNotificaion:0
10-23 09:09:45.845 V/AlarmManager( 1875): sending alarm Alarm{9c93c35 type 0 origWhen 1761224894695 whenElapsed 110873963 com.tencent.mm} uid 10280 whenElapsed 110873963 windowLength 675000 maxWhenElapsed 111548963 repeatInterval 900000 action null component ComponentInfo{com.tencent.mm/com.tencent.mm.booter.MMReceivers$AlarmReceiver} flags 0x8 procName com.tencent.mm:push
10-23 09:09:45.847 V/AlarmManager( 1875): sending alarm Alarm{104f8ca type 3 origWhen 110874044 whenElapsed 110879046 com.tencent.mm} uid 10280 whenElapsed 110879046 windowLength 225000 maxWhenElapsed 111104046 repeatInterval 300000 action com.tencent.mm.TrafficStatsReceiver component null flags 0x8 procName com.tencent.mm:push
10-23 09:09:45.850 V/AlarmManager( 1875): sending alarm Alarm{63a558 type 2 origWhen 110955097 whenElapsed 110955097 com.heytap.mcs} uid 1000 whenElapsed 110955097 windowLength 10000 maxWhenElapsed 110965097 repeatInterval 0 action com.heytap.mcs.action component null flags 0x8 procName com.heytap.mcs
10-23 09:09:45.856 W/ProcessStats( 1875): Tracking association SourceState{1fb4af6 com.heytap.htms:cloudctrl/10143 BFgs #83015} whose proc state 4 is better than process ProcessState{70b6ba5 com.heytap.htms/10143 pkg=com.heytap.htms} proc state 9 (2 skipped)
10-23 09:09:45.861 V/AlarmManager( 1875): sending alarm Alarm{de66b1 type 3 origWhen 110833000 whenElapsed 110833000 android} uid 1000 whenElapsed 110833000 windowLength 155901 maxWhenElapsed 110988901 repeatInterval 0 action null component null tag *job.delay* flags 0x0 procName system_server
10-23 09:09:45.861 V/AlarmManager( 1875): sending alarm Alarm{fe1d796 type 3 origWhen 110836146 whenElapsed 110836146 com.oplus.metis} uid 10144 whenElapsed 110836146 windowLength 225000 maxWhenElapsed 111061146 repeatInterval 300000 action oplus.intent.action.SORT_ALARM_ACTION component null flags 0x8 procName com.oplus.metis
10-23 09:09:45.865 V/AlarmManager( 1875): sending alarm Alarm{6dcaf17 type 3 origWhen 110836748 whenElapsed 110836748 com.oplus.deepthinker} uid 10170 whenElapsed 110836748 windowLength 225000 maxWhenElapsed 111061748 repeatInterval 300000 action com.oplus.deepthinker.action.INTENT_DECISION_PREDICT component null flags 0x0 procName com.oplus.deepthinker
10-23 09:09:45.869 V/MonthTrafficAlert( 2844): getWarningNotification subId:1 numWarningNotificaion:0
10-23 09:09:45.869 V/TrafficAlert( 2844): getLimitNotification subId:1 ,numLimitNotificaion:0
10-23 09:09:45.874 V/AlarmManager( 1875): sending alarm Alarm{fdbd722 type 3 origWhen 110925145 whenElapsed 110925145 com.oplus.metis} uid 10144 whenElapsed 110925145 windowLength 224999 maxWhenElapsed 111150144 repeatInterval 0 action com.oplus.action.TIMER_ALARM_TASK component null flags 0x8 procName com.oplus.metis
10-23 09:09:45.890 W/ContextImpl( 3193): Calling a method in the system process without a qualified user: android.app.ContextImpl.bindService:2032 android.content.ContextWrapper.bindService:871 com.heytap.mcs.biz.statistics.agent.OBUSAgent.bindStatisticsApiService:52 com.heytap.mcs.biz.statistics.agent.OBUSAgent.upload:36 com.heytap.mcs.biz.statistics.agent.AgentManager.upload:35 
10-23 09:09:45.891 D/CompatibilityChangeReporter( 1875): Compat change id reported: 135634846; UID 1000; state: DISABLED
10-23 09:09:45.891 D/CompatibilityChangeReporter( 1875): Compat change id reported: 177438394; UID 1000; state: DISABLED
10-23 09:09:45.891 D/CompatibilityChangeReporter( 1875): Compat change id reported: 135772972; UID 1000; state: DISABLED
10-23 09:09:45.891 D/CompatibilityChangeReporter( 1875): Compat change id reported: 135754954; UID 1000; state: ENABLED
10-23 09:09:45.892 W/ContextImpl( 3193): Calling a method in the system process without a qualified user: android.app.ContextImpl.startService:1929 android.content.ContextWrapper.startService:835 ya.c.a:59 ya.c.run:11 fa.j$a.run:64 
10-23 09:09:45.892 D/CompatibilityChangeReporter( 1875): Compat change id reported: 271850009; UID 1000; state: ENABLED
10-23 09:09:45.892 D/CompatibilityChangeReporter( 1875): Compat change id reported: 271850009; UID 1000; state: DISABLED
10-23 09:09:45.893 D/CompatibilityChangeReporter( 1875): Compat change id reported: 261072174; UID 1000; state: DISABLED
10-23 09:09:45.899 I/ActivityManager( 1875): Start proc 5540:com.heytap.mcs.statistics/1000 for service {com.heytap.mcs/com.heytap.mcs.biz.statistics.service.StatisticsApiService}
10-23 09:09:45.900 D/CompatibilityChangeReporter( 1875): Compat change id reported: 261072174; UID 1000; state: ENABLED
10-23 09:09:45.923 D/CompatibilityChangeReporter( 1875): Compat change id reported: 135634846; UID 10052; state: DISABLED
10-23 09:09:45.924 D/CompatibilityChangeReporter( 1875): Compat change id reported: 177438394; UID 10052; state: DISABLED
10-23 09:09:45.924 D/CompatibilityChangeReporter( 1875): Compat change id reported: 135772972; UID 10052; state: DISABLED
10-23 09:09:45.924 D/CompatibilityChangeReporter( 1875): Compat change id reported: 135754954; UID 10052; state: ENABLED
10-23 09:09:45.925 D/CompatibilityChangeReporter( 1875): Compat change id reported: 143937733; UID 10052; state: ENABLED
10-23 09:09:45.933 I/ActivityManager( 1875): Start proc 5561:com.oplus.pantanal.ums:utrace_core/u0a52 for content provider {com.oplus.pantanal.ums/com.oplus.utrace.core.provider.UTraceProvider}
10-23 09:09:45.946 D/ActivityTaskManagerServiceExtImpl( 1875): preBindApplication record is null
10-23 09:09:45.962 D/CompatibilityChangeReporter( 1875): Compat change id reported: 168419799; UID 10052; state: DISABLED
10-23 09:09:45.962 D/CompatibilityChangeReporter( 1875): Compat change id reported: 273564678; UID 10052; state: DISABLED
10-23 09:09:45.962 D/ActivityTaskManagerServiceExtImpl( 1875): preBindApplication record is null
10-23 09:09:45.976 D/CompatibilityChangeReporter( 1875): Compat change id reported: 170503758; UID 10052; state: ENABLED
10-23 09:09:46.019 I/ActivityManager( 1875): Flag disabled. Ignoring finishAttachApplication from uid: 1000. pid: 5540
10-23 09:09:46.035 D/ResourcesManagerExtImpl( 5561): applyConfigurationToAppResourcesLocked app.getDisplayId() return callback.displayId:-1
10-23 09:09:46.048 I/ActivityManager( 1875): Flag disabled. Ignoring finishAttachApplication from uid: 10052. pid: 5561
10-23 09:09:46.084 W/ContextImpl( 5540): Calling a method in the system process without a qualified user: android.app.ContextImpl.bindService:2032 android.content.ContextWrapper.bindService:871 go.c.c:66 ho.b.c:12 go.a.run:7 
10-23 09:09:46.105 D/StdIDManager( 1875): stdid call:com.heytap.mcs,1000,OUID,10082
