10-23 09:12:29.094 W/PermissionManager( 1875): Package com.android.cellbroadcastreceiver.module is an APK in APEX, but has permission allowlist on the system image. Please bundle the allowlist in the com.android.cellbroadcast APEX instead.
10-23 09:12:29.094 W/PermissionManager( 1875): Package com.android.cellbroadcastreceiver.module is an APK in APEX, but has permission allowlist on the system image. Please bundle the allowlist in the com.android.cellbroadcast APEX instead.
10-23 09:12:29.104 D/OplusSensitivePermGrantPolicyManager( 1875): no OplusPermissionKey in com.oplus.portrait
10-23 09:12:29.104 D/OplusSensitivePermGrantPolicyManager( 1875): no OplusPermissionKey in com.oplus.portrait
10-23 09:12:29.115 W/PermissionManager( 1875): Package com.android.providers.media.module is an APK in APEX, but has permission allowlist on the system image. Please bundle the allowlist in the com.android.mediaprovider APEX instead.
10-23 09:12:29.115 W/PermissionManager( 1875): Package com.android.providers.media.module is an APK in APEX, but has permission allowlist on the system image. Please bundle the allowlist in the com.android.mediaprovider APEX instead.
10-23 09:12:29.115 W/PermissionManager( 1875): Package com.android.providers.media.module is an APK in APEX, but has permission allowlist on the system image. Please bundle the allowlist in the com.android.mediaprovider APEX instead.
10-23 09:12:29.115 W/PermissionManager( 1875): Package com.android.providers.media.module is an APK in APEX, but has permission allowlist on the system image. Please bundle the allowlist in the com.android.mediaprovider APEX instead.
10-23 09:12:29.116 W/PermissionManager( 1875): Package com.android.providers.media.module is an APK in APEX, but has permission allowlist on the system image. Please bundle the allowlist in the com.android.mediaprovider APEX instead.
10-23 09:12:29.116 W/PermissionManager( 1875): Package com.android.providers.media.module is an APK in APEX, but has permission allowlist on the system image. Please bundle the allowlist in the com.android.mediaprovider APEX instead.
10-23 09:12:29.116 W/PermissionManager( 1875): Package com.android.providers.media.module is an APK in APEX, but has permission allowlist on the system image. Please bundle the allowlist in the com.android.mediaprovider APEX instead.
10-23 09:12:29.116 W/PermissionManager( 1875): Package com.android.providers.media.module is an APK in APEX, but has permission allowlist on the system image. Please bundle the allowlist in the com.android.mediaprovider APEX instead.
10-23 09:12:29.116 W/PermissionManager( 1875): Package com.android.providers.media.module is an APK in APEX, but has permission allowlist on the system image. Please bundle the allowlist in the com.android.mediaprovider APEX instead.
10-23 09:12:29.116 W/PermissionManager( 1875): Package com.android.providers.media.module is an APK in APEX, but has permission allowlist on the system image. Please bundle the allowlist in the com.android.mediaprovider APEX instead.
10-23 09:12:29.116 W/PermissionManager( 1875): Package com.android.providers.media.module is an APK in APEX, but has permission allowlist on the system image. Please bundle the allowlist in the com.android.mediaprovider APEX instead.
10-23 09:12:29.116 W/PermissionManager( 1875): Package com.android.providers.media.module is an APK in APEX, but has permission allowlist on the system image. Please bundle the allowlist in the com.android.mediaprovider APEX instead.
10-23 09:12:29.116 W/PermissionManager( 1875): Package com.android.providers.media.module is an APK in APEX, but has permission allowlist on the system image. Please bundle the allowlist in the com.android.mediaprovider APEX instead.
10-23 09:12:29.129 D/OplusSensitivePermGrantPolicyManager( 1875): no OplusPermissionKey in com.eg.android.AlipayGphone
10-23 09:12:29.129 D/OplusSensitivePermGrantPolicyManager( 1875): no OplusPermissionKey in com.eg.android.AlipayGphone
10-23 09:12:29.166 W/Looper  ( 1875): Slow dispatch took 136ms android.fg h=android.os.Handler c=android.app.LoadedApk$ReceiverDispatcher$Args$$ExternalSyntheticLambda0@d488497 m=0
10-23 09:12:29.168 W/Looper  ( 1875): Slow dispatch took 139ms main h=android.app.ActivityThread$H c=android.app.LoadedApk$ReceiverDispatcher$Args$$ExternalSyntheticLambda0@410a684 m=0
10-23 09:12:29.180 D/PackageManager( 1875): send ACTION_PACKAGE_FULLY_REMOVED reason:mDataRemoved=true !mIsRemovedPackageSystemUpdate=true
10-23 09:12:29.180 W/ActivityManager( 1875): setHasOverlayUi called on unknown pid: 4131
10-23 09:12:29.181 W/WindowMagnificationMgr( 1875): requestConnection duplicated request: connect=false, mConnectionState=DISCONNECTED
10-23 09:12:29.182 W/LoadedApk( 1875): System took : 166ms in onReceive of class com.android.server.accessibility.AccessibilityManagerService$1 for action : android.intent.action.PACKAGE_CHANGED
10-23 09:12:29.183 D/CompatibilityChangeReporter( 1875): Compat change id reported: 261072174; UID 1000; state: ENABLED
10-23 09:12:29.184 W/LoadedApk( 1875): System took : 154ms in onReceive of class com.oplus.util.OplusDisplayCompatUtils$MyPackageMonitor for action : android.intent.action.PACKAGE_CHANGED
10-23 09:12:29.184 W/TextServicesManagerService( 1875): no available spell checker services found
10-23 09:12:29.188 D/OplusPackageAbiHelper( 1875): notifyPackageDelete :com.example.translatorapp
10-23 09:12:29.189 D/InstallerExtImpl( 1875): Avoid to hold lock when rmPackageDir
10-23 09:12:29.190 D/InstallerExtImpl( 1875): Avoid to hold lock when rmPackageDir
10-23 09:12:29.191 D/ActivityTaskManager( 1875): Skipping, invisible task: Task{6a94c64 #2 type=home I=com.android.launcher/.Launcher}
10-23 09:12:29.191 D/OplusAppListInterceptManager( 1875): shouldFilterTask
10-23 09:12:29.191 D/OplusAppListInterceptManager( 1875): shouldFilterTask::packageName = com.android.settings
10-23 09:12:29.191 D/OplusSplitScreenManagerService( 1875): com.android.settings unSupportsSplitScreen by blockList or ForbidActivityList
10-23 09:12:29.191 D/OplusSplitScreenManagerService( 1875): com.android.settings unSupportsSplitScreen by blockList or ForbidActivityList
10-23 09:12:29.191 D/OplusAppListInterceptManager( 1875): shouldFilterTask
10-23 09:12:29.191 D/OplusAppListInterceptManager( 1875): shouldFilterTask::packageName = com.xingin.xhs
10-23 09:12:29.191 D/OplusRemovableAppManager( 1875): isSystemApp = false
10-23 09:12:29.191 W/OplusRemovableAppManager( 1875): tPs is null
10-23 09:12:29.191 D/OplusRemovableAppManager( 1875): uninstalled by all users = true
10-23 09:12:29.191 D/OplusAppListInterceptManager( 1875): shouldFilterTask
10-23 09:12:29.191 D/OplusAppListInterceptManager( 1875): shouldFilterTask::packageName = com.tencent.mm
10-23 09:12:29.192 D/OplusAppListInterceptManager( 1875): shouldFilterTask
10-23 09:12:29.192 D/OplusAppListInterceptManager( 1875): shouldFilterTask::packageName = org.localsend.localsend_app
10-23 09:12:29.192 D/OplusAppListInterceptManager( 1875): shouldFilterTask
10-23 09:12:29.192 W/LoadedApk( 1875): System took : 156ms in onReceive of class com.android.server.healthconnect.permission.PermissionPackageChangesOrchestrator for action : android.intent.action.PACKAGE_CHANGED
10-23 09:12:29.192 D/OplusAppListInterceptManager( 1875): shouldFilterTask::packageName = com.android.settings
10-23 09:12:29.192 D/OplusSplitScreenManagerService( 1875): com.android.settings unSupportsSplitScreen by blockList or ForbidActivityList
10-23 09:12:29.192 D/OplusAppListInterceptManager( 1875): shouldFilterTask
10-23 09:12:29.192 D/OplusAppListInterceptManager( 1875): shouldFilterTask::packageName = com.luna.music
10-23 09:12:29.193 D/OplusAppListInterceptManager( 1875): shouldFilterTask
10-23 09:12:29.193 D/OplusAppListInterceptManager( 1875): shouldFilterTask::packageName = com.oplus.ota
10-23 09:12:29.193 D/OplusAppListInterceptManager( 1875): shouldFilterTask
10-23 09:12:29.193 D/OplusAppListInterceptManager( 1875): shouldFilterTask::packageName = com.finshell.wallet
10-23 09:12:29.193 D/ActivityTaskManager( 1875): after skip size 8
10-23 09:12:29.196 I/ActivityManager( 1875): Force stopping com.example.translatorapp appid=10373 user=0: pkg removed
10-23 09:12:29.210 D/OplusAlarmAdjustment( 1875): unalignAlarmsByUid(), uid=10241, pkgName=com.coloros.shortcuts, actions=null, procs=null, requester=1
10-23 09:12:29.213 D/OplusAlarmAdjustMap( 1875): removeAlignUid, uid=10241, requester=1
10-23 09:12:29.215 D/OAppNetControlService( 1875): Hans update:[10241=false][0|0] blackList:[10190, 10278]
10-23 09:12:29.461 W/LoadedApk( 1875): System took : 276ms in onReceive of class com.android.server.textservices.TextServicesManagerService$TextServicesMonitor for action : android.intent.action.PACKAGE_CHANGED
10-23 09:12:29.463 W/Looper  ( 1875): Slow dispatch took 286ms android.fg h=android.os.Handler c=<recycled PooledLambda@79e58c8> m=0
10-23 09:12:29.469 W/Looper  ( 1875): Slow delivery took 295ms android.fg h=android.os.Handler c=<recycled PooledLambda@3871e3f> m=0
10-23 09:12:29.478 I/ActivityManager( 1875): Force stopping com.example.translatorapp appid=10373 user=0: pkg removed
10-23 09:12:29.499 V/AutofillManagerService( 1875): onPackageModified(): com.example.translatorapp
10-23 09:12:29.503 W/VoiceInteractionManager( 1875): no available voice recognition services found for user 0
10-23 09:12:29.579 I/TcpCongestControl( 2844): onPackageChange:pkgname:com.example.translatorapp, uid:10373,action:android.intent.action.PACKAGE_REMOVED
10-23 09:12:29.583 D/OplusCustomizeService( 1875): UninstallBroadcastReceiver, pkgName=com.example.translatorapp, isReInstall=false
10-23 09:12:29.584 W/ContextImpl( 2869): Calling a method in the system process without a qualified user: android.app.ContextImpl.startService:1929 android.content.ContextWrapper.startService:835 j.c.f:7 j.c.a:2 o0.b.f:4 
10-23 09:12:29.586 W/TextServicesManagerService( 1875): no available spell checker services found
10-23 09:12:29.597 D/OAppNetControlService( 1875): Hans update:[10316=true][0|0] blackList:[10190, 10278, 10316]
10-23 09:12:29.597 D/OplusAlarmAdjustment( 1875): alignAlarmsByUid(), uid=10228, pkgName=com.nearme.gamecenter, actions=null, procs=null, requester=1
10-23 09:12:29.598 D/OplusAlarmAdjustMap( 1875): addAlignUid, uid=10228, pkgName=com.nearme.gamecenter, requester=1, mode=1
10-23 09:12:29.603 D/OplusAlarmAdjustment( 1875): proxyAlarmsByUid(), uid=10232, pkgName=com.oplus.games, requester=1
10-23 09:12:29.604 D/OplusAlarmAdjustMap( 1875): addProxyUid, uid=10232, pkgName=com.oplus.games, requester=1
10-23 09:12:29.607 V/StorageManagerService( 1875): Package com.example.translatorapp does not have legacy storage
10-23 09:12:29.607 I/RollbackManager( 1875): broadcast=ACTION_PACKAGE_FULLY_REMOVED pkg=com.example.translatorapp
10-23 09:12:29.607 D/OAppNetControlService( 1875): Hans update:[10232=true][0|0] blackList:[10190, 10278, 10316, 10232]
10-23 09:12:29.608 D/CompatibilityChangeReporter( 1875): Compat change id reported: 253665015; UID 1000; state: ENABLED
10-23 09:12:29.609 D/CompatibilityChangeReporter( 1875): Compat change id reported: 253665015; UID 1000; state: DISABLED
10-23 09:12:29.610 D/CompatibilityChangeReporter( 1875): Compat change id reported: 194532703; UID 1000; state: ENABLED
10-23 09:12:29.610 D/AppExitInfoTracker( 1875): remove uid ok app exit info, uid=10373, realUid=null, allUsers=true
10-23 09:12:29.617 D/OplusMediaControlService( 1875): dispatch getHistoryMediaPlayerInfoList
10-23 09:12:29.618 D/OplusMediaControlService( 1875): InHistoryPlayInfoWhiteList: com.luna.music, 0
10-23 09:12:29.619 I/OplusMediaControlService( 1875): getHistoryMediaPlayerInfoList historyInfoList size: 1
10-23 09:12:29.619 I/iopgp   ( 3173): PreloadService: TRANSACTION_IOPGP_ON_PACKAGES_CHANGED
10-23 09:12:29.619 I/iopgp   ( 3173): Iopgp: TRANSACTION_IOPGP_ON_PACKAGES_CHANGED  pkg_name = com.example.translatorapp pkg_version = -1 isDeleted = 1
10-23 09:12:29.619 D/iopgp   ( 3173): OnPackageChangeEvent:package remove.
10-23 09:12:29.619 D/iopgp   ( 3173): Clean up files for package com.example.translatorapp with version 1
10-23 09:12:29.620 D/iopgp   ( 3173): Clean up files for activity com.example.translatorapp.MainActivity
10-23 09:12:29.639 D/ColorAutomaticBrightnessController( 1875): CtsTest = false
10-23 09:12:29.639 D/DeviceIdleHelper( 1875): pacakge removed: name=com.example.translatorapp not in PowerSaveWhitelist
10-23 09:12:29.642 W/WindowMagnificationMgr( 1875): requestConnection duplicated request: connect=false, mConnectionState=DISCONNECTED
10-23 09:12:29.643 D/OplusMediaControlService( 1875): History List changed by remove package: com.luna.music/com.luna.biz.playing.player.BachMediaButtonReceiver,0,1
10-23 09:12:29.645 D/OplusSecurityPermissionManager( 1875): AppUninstallReceiver: uid=10373, userId=0, package=com.example.translatorapp
10-23 09:12:29.647 D/LightsServiceExtImpl( 1875): isCtsHardwareTestCases = false
10-23 09:12:29.647 D/OplusSmartBrightnessController( 1875): CtsTest = false
10-23 09:12:29.647 D/OplusCustomizeService( 1875): UninstallBroadcastReceiver, pkgName=com.example.translatorapp, isReInstall=false
10-23 09:12:29.655 D/OplusZenModeHelperExtImpl( 1875): setZenModeExtInfoStr: zenModeExtInfoStr=1761225149655,android.uid.system:1000,0,0,0,0,null,com.example.translatorapp|removeAutomaticZenRules
10-23 09:12:29.655 I/ConditionProviders( 1875): Disallowing condition provider com.example.translatorapp (userSet: true)
10-23 09:12:29.655 W/OplusSelfProtectManager( 1875): pkg[com.android.keychain] not in policy list
10-23 09:12:29.702 D/IntervalStats( 1875): Unable to parse usage stats packages: [820, 822]
10-23 09:12:29.704 W/OplusSelfProtectManager( 1875): pkg[com.android.keychain] not in policy list
10-23 09:12:29.707 D/UsageStatsService( 1875): User[0] type=0 b=1761052349697 e=1761225149697 cb=1761146447435 ce=1761225149688 disk=741 all=904
10-23 09:12:29.711 W/ContextImpl( 3365): Calling a method in the system process without a qualified user: android.app.ContextImpl.sendBroadcast:1247 com.oplus.notificationmanager.AppModificationReceiver.notifyAppModified:4 com.oplus.notificationmanager.NotificationBackend.processPackageBroadcast:16 com.oplus.notificationmanager.NotificationBackend.lambda$onReceivedBroadcast$4:1 com.oplus.notificationmanager.NotificationBackend.d:0 
10-23 09:12:29.716 D/IntervalStats( 1875): Unable to parse usage stats packages: [152, 307, 336, 341, 342, 343, 375, 584, 607, 637, 643, 698, 733, 734, 751, 754, 757, 759]
10-23 09:12:29.716 D/UsageStatsService( 1875): User[0] type=3 b=1729775549714 e=1761225149714 cb=1752633092919 ce=1761225149688 disk=415 all=811
10-23 09:12:29.719 D/UsageStatsService( 1875): User[0] type=0 b=1761224343537 e=1761225149709 cb=1761146447435 ce=1761225149688 disk=0 all=3
10-23 09:12:29.739 D/IntervalStats( 1875): Unable to parse usage stats packages: [152, 307, 336, 341, 342, 343, 375, 584, 607, 637, 643, 698, 733, 734, 751, 754, 757, 759]
10-23 09:12:29.740 D/UsageStatsService( 1875): User[0] type=3 b=1729775549736 e=1761225149736 cb=1752633092919 ce=1761225149688 disk=415 all=811
10-23 09:12:29.753 D/CompatibilityChangeReporter( 1875): Compat change id reported: 135634846; UID 1000; state: DISABLED
10-23 09:12:29.754 D/CompatibilityChangeReporter( 1875): Compat change id reported: 177438394; UID 1000; state: DISABLED
10-23 09:12:29.754 D/CompatibilityChangeReporter( 1875): Compat change id reported: 135772972; UID 1000; state: DISABLED
10-23 09:12:29.754 D/CompatibilityChangeReporter( 1875): Compat change id reported: 135754954; UID 1000; state: ENABLED
10-23 09:12:29.768 I/ActivityManager( 1875): Start proc 6361:com.oplus.sau/1000 for broadcast {com.oplus.sau/com.oplusos.sau.strategy.AppReceiver}
10-23 09:12:29.770 W/ContextImpl( 6728): Calling a method in the system process without a qualified user: android.app.ContextImpl.startService:1929 android.content.ContextWrapper.startService:835 android.content.ContextWrapper.startService:835 com.oplusos.securitypermission.permission.OplusPermissionReceiver.l:13 com.oplusos.securitypermission.permission.OplusPermissionReceiver.onReceive:32 
10-23 09:12:29.785 V/OplusAccessControlManagerService( 1875): notifyHideStateChanged: 
10-23 09:12:29.792 V/OplusAccessControlManagerService( 1875): notifyHideStateChanged: 
10-23 09:12:29.793 V/OplusAccessControlManagerService( 1875): notifyHideStateChanged: 
10-23 09:12:29.793 V/OplusAccessControlManagerService( 1875): notifyHideStateChanged: 
10-23 09:12:29.794 V/OplusAccessControlManagerService( 1875): notifyHideStateChanged: 
10-23 09:12:29.794 V/OplusAccessControlManagerService( 1875): notifyHideStateChanged: 
10-23 09:12:29.794 V/OplusAccessControlManagerService( 1875): notifyHideStateChanged: 
10-23 09:12:29.795 V/OplusAccessControlManagerService( 1875): notifyHideStateChanged: 
10-23 09:12:29.795 V/OplusAccessControlManagerService( 1875): notifyHideStateChanged: 
10-23 09:12:29.797 V/OplusAccessControlManagerService( 1875): notifyEncryptStateChanged: 
10-23 09:12:29.797 V/OplusAccessControlManagerService( 1875): notifyEncryptStateChanged: 
10-23 09:12:29.797 V/OplusAccessControlManagerService( 1875): notifyEncryptStateChanged: 
10-23 09:12:29.797 V/OplusAccessControlManagerService( 1875): notifyEncryptStateChanged: 
10-23 09:12:29.813 D/CompatibilityChangeReporter( 1875): Compat change id reported: 168419799; UID 1000; state: DISABLED
10-23 09:12:29.816 D/CompatibilityChangeReporter( 1875): Compat change id reported: 273564678; UID 1000; state: DISABLED
10-23 09:12:29.817 D/ActivityTaskManagerServiceExtImpl( 1875): preBindApplication record is null
10-23 09:12:29.817 I/SecurityPermissionService( 1875): updateCachedPermission pkgName:com.example.translatorapp, userId:0, delete:true
10-23 09:12:29.844 D/OAppNetControlService( 1875): Hans update:[10232=false][0|0] blackList:[10190, 10278, 10316]
10-23 09:12:29.846 D/OplusAlarmAdjustment( 1875): unproxyAlarmsByUid(), uid=10232, pkgName=com.oplus.games, requester=1
10-23 09:12:29.847 D/OplusAlarmAdjustMap( 1875): removeProxyUid, uid=10232, requester=1
10-23 09:12:29.850 D/OplusAlarmAdjustment( 1875): unalignAlarmsByUid(), uid=10228, pkgName=com.nearme.gamecenter, actions=null, procs=null, requester=1
10-23 09:12:29.859 D/OplusAlarmAdjustMap( 1875): removeAlignUid, uid=10228, requester=1
10-23 09:12:29.876 W/ContextImpl( 3193): Calling a method in the system process without a qualified user: android.app.ContextImpl.startService:1929 android.content.ContextWrapper.startService:835 com.heytap.mcs.receiver.McsReceiver.e:46 com.heytap.mcs.receiver.McsReceiver.b:0 com.heytap.mcs.receiver.McsReceiver$a.run:710 
10-23 09:12:29.890 D/CompatibilityChangeReporter( 1875): Compat change id reported: 261072174; UID 1000; state: DISABLED
10-23 09:12:29.892 V/MonthTrafficAlert( 2844): getWarningNotification subId:1 numWarningNotificaion:0
10-23 09:12:29.892 V/TrafficAlert( 2844): getLimitNotification subId:1 ,numLimitNotificaion:0
10-23 09:12:29.912 W/ContextImpl( 3193): Calling a method in the system process without a qualified user: android.app.ContextImpl.bindService:2032 android.content.ContextWrapper.bindService:871 go.c.c:66 ho.b.c:12 go.a.run:7 
10-23 09:12:29.920 D/CompatibilityChangeReporter( 1875): Compat change id reported: 261072174; UID 1000; state: ENABLED
10-23 09:12:29.937 D/CompatibilityChangeReporter( 1875): Compat change id reported: 135634846; UID 10307; state: DISABLED
10-23 09:12:29.937 D/CompatibilityChangeReporter( 1875): Compat change id reported: 177438394; UID 10307; state: DISABLED
10-23 09:12:29.937 D/CompatibilityChangeReporter( 1875): Compat change id reported: 135772972; UID 10307; state: DISABLED
10-23 09:12:29.937 D/CompatibilityChangeReporter( 1875): Compat change id reported: 135754954; UID 10307; state: ENABLED
10-23 09:12:29.937 D/CompatibilityChangeReporter( 1875): Compat change id reported: 143937733; UID 10307; state: ENABLED
10-23 09:12:29.947 D/UsageStatsService( 1875): User[0] type=0 b=1761138749941 e=1761225149941 cb=1761146447435 ce=1761225149875 disk=362 all=525
10-23 09:12:29.953 I/ActivityManager( 1875): Start proc 6425:com.android.documentsui/u0a307 for broadcast {com.android.documentsui/com.android.documentsui.PackageReceiver}
10-23 09:12:29.961 E/OplusAthenaAm( 1875): AthenaAmManagerInternal transact code hello:12,flags:0
10-23 09:12:29.989 E/ActivityThread(20715): Failed to find provider info for com.platform.usercenter.vip
10-23 09:12:30.023 D/CompatibilityChangeReporter( 1875): Compat change id reported: 168419799; UID 10307; state: DISABLED
10-23 09:12:30.023 D/CompatibilityChangeReporter( 1875): Compat change id reported: 273564678; UID 10307; state: DISABLED
10-23 09:12:30.023 D/ActivityTaskManagerServiceExtImpl( 1875): preBindApplication record is null
10-23 09:12:30.029 D/CompatibilityChangeReporter( 1875): Compat change id reported: 265195908; UID 10307; state: ENABLED
10-23 09:12:30.032 D/CompatibilityChangeReporter( 1875): Compat change id reported: 135634846; UID 10115; state: DISABLED
10-23 09:12:30.032 D/CompatibilityChangeReporter( 1875): Compat change id reported: 177438394; UID 10115; state: DISABLED
10-23 09:12:30.032 D/CompatibilityChangeReporter( 1875): Compat change id reported: 135772972; UID 10115; state: DISABLED
10-23 09:12:30.032 D/CompatibilityChangeReporter( 1875): Compat change id reported: 143937733; UID 10115; state: ENABLED
10-23 09:12:30.041 I/ActivityManager( 1875): Start proc 6491:com.nearme.instant.platform/u0a115 for broadcast {com.nearme.instant.platform/com.nearme.instant.quickgame.shortcut.AppRemoveReceiver}
10-23 09:12:30.045 D/UsageStatsService( 1875): User[0] type=0 b=1761225149709 e=1761225150044 cb=1761146447435 ce=1761225149989 disk=0 all=0
10-23 09:12:30.093 D/CompatibilityChangeReporter( 1875): Compat change id reported: 168419799; UID 10115; state: DISABLED
10-23 09:12:30.093 D/CompatibilityChangeReporter( 1875): Compat change id reported: 273564678; UID 10115; state: DISABLED
10-23 09:12:30.093 D/ActivityTaskManagerServiceExtImpl( 1875): preBindApplication record is null
10-23 09:12:30.100 D/CompatibilityChangeReporter( 1875): Compat change id reported: 170503758; UID 10307; state: ENABLED
10-23 09:12:30.101 D/CompatibilityChangeReporter( 1875): Compat change id reported: 135634846; UID 10183; state: DISABLED
10-23 09:12:30.101 D/CompatibilityChangeReporter( 1875): Compat change id reported: 177438394; UID 10183; state: DISABLED
10-23 09:12:30.101 D/CompatibilityChangeReporter( 1875): Compat change id reported: 135772972; UID 10183; state: DISABLED
10-23 09:12:30.101 D/CompatibilityChangeReporter( 1875): Compat change id reported: 135754954; UID 10183; state: ENABLED
10-23 09:12:30.102 D/CompatibilityChangeReporter( 1875): Compat change id reported: 143937733; UID 10183; state: ENABLED
10-23 09:12:30.111 I/ActivityManager( 1875): Start proc 6522:com.oplus.exserviceui/u0a183 for broadcast {com.oplus.exserviceui/com.oplusos.canvasmode.canvas.database.UninstallAppBroadcastReceiver}
10-23 09:12:30.152 D/CompatibilityChangeReporter( 1875): Compat change id reported: 168419799; UID 10183; state: DISABLED
10-23 09:12:30.152 D/CompatibilityChangeReporter( 1875): Compat change id reported: 273564678; UID 10183; state: DISABLED
10-23 09:12:30.152 D/ActivityTaskManagerServiceExtImpl( 1875): preBindApplication record is null
10-23 09:12:30.156 D/CompatibilityChangeReporter( 1875): Compat change id reported: 265195908; UID 10183; state: ENABLED
10-23 09:12:30.157 W/Looper  ( 1875): Drained
10-23 09:12:30.166 D/CompatibilityChangeReporter( 1875): Compat change id reported: 170503758; UID 10115; state: DISABLED
10-23 09:12:30.166 D/CompatibilityChangeReporter( 1875): Compat change id reported: 170503758; UID 10115; state: ENABLED
10-23 09:12:30.188 D/CompatibilityChangeReporter( 1875): Compat change id reported: 170503758; UID 10183; state: ENABLED
10-23 09:12:30.210 W/ContextImpl( 6361): Calling a method in the system process without a qualified user: android.app.ContextImpl.startService:1929 android.content.ContextWrapper.startService:835 com.oplusos.sau.SAUApplication.onCreate:161 android.app.Instrumentation.callApplicationOnCreate:1335 android.app.ActivityThread.handleBindApplication:7594 
10-23 09:12:30.212 W/ContextImpl( 6361): Calling a method in the system process without a qualified user: android.app.ContextImpl.startService:1929 android.content.ContextWrapper.startService:835 com.oplusos.sau.SAUApplication.onCreate:163 android.app.Instrumentation.callApplicationOnCreate:1335 android.app.ActivityThread.handleBindApplication:7594 
10-23 09:12:30.214 D/CompatibilityChangeReporter( 1875): Compat change id reported: 161145287; UID 1000; state: ENABLED
10-23 09:12:30.214 D/CompatibilityChangeReporter( 1875): Compat change id reported: 161145287; UID 1000; state: DISABLED
10-23 09:12:30.228 I/ActivityManager( 1875): Flag disabled. Ignoring finishAttachApplication from uid: 1000. pid: 6361
10-23 09:12:30.235 W/ContextImpl( 6361): Calling a method in the system process without a qualified user: android.app.ContextImpl.startService:1929 android.content.ContextWrapper.startService:835 android.content.ContextWrapper.startService:835 com.oplusos.sau.strategy.AppReceiver.onReceive:24 android.app.ActivityThread.handleReceiver:4719 
10-23 09:12:30.244 D/CompatibilityChangeReporter( 1875): Compat change id reported: 135634846; UID 10047; state: DISABLED
10-23 09:12:30.244 D/CompatibilityChangeReporter( 1875): Compat change id reported: 177438394; UID 10047; state: DISABLED
10-23 09:12:30.244 D/CompatibilityChangeReporter( 1875): Compat change id reported: 135772972; UID 10047; state: DISABLED
10-23 09:12:30.244 D/CompatibilityChangeReporter( 1875): Compat change id reported: 135754954; UID 10047; state: ENABLED
10-23 09:12:30.245 D/CompatibilityChangeReporter( 1875): Compat change id reported: 143937733; UID 10047; state: ENABLED
10-23 09:12:30.251 D/ResourcesManagerExtImpl( 6425): applyConfigurationToAppResourcesLocked app.getDisplayId() return callback.displayId:-1
10-23 09:12:30.255 I/ActivityManager( 1875): Start proc 6595:com.android.providers.downloads/u0a47 for broadcast {com.android.providers.downloads/com.android.providers.downloads.DownloadReceiver}
10-23 09:12:30.269 D/CompatibilityChangeReporter( 1875): Compat change id reported: 161145287; UID 10307; state: ENABLED
10-23 09:12:30.272 W/ContextImpl( 6361): Calling a method in the system process without a qualified user: android.app.ContextImpl.startService:1929 android.content.ContextWrapper.startService:835 x2.e.F:9 com.oplusos.sau.service.SAUAppService.onStartCommand:32 android.app.ActivityThread.handleServiceArgs:5116 
10-23 09:12:30.287 D/CompatibilityChangeReporter( 1875): Compat change id reported: 168419799; UID 10047; state: DISABLED
10-23 09:12:30.287 D/CompatibilityChangeReporter( 1875): Compat change id reported: 273564678; UID 10047; state: DISABLED
10-23 09:12:30.287 D/ActivityTaskManagerServiceExtImpl( 1875): preBindApplication record is null
10-23 09:12:30.290 D/CompatibilityChangeReporter( 1875): Compat change id reported: 265195908; UID 10047; state: ENABLED
10-23 09:12:30.303 W/ContextImpl( 6361): Calling a method in the system process without a qualified user: android.app.ContextImpl.bindService:2032 android.content.ContextWrapper.bindService:871 com.oplusos.sau.aidl.SauBinderUpdateService.onCreate:9 android.app.ActivityThread.handleCreateService:4928 android.app.ActivityThread.-$$Nest$mhandleCreateService:0 
10-23 09:12:30.311 D/ResourcesManagerExtImpl( 6522): applyConfigurationToAppResourcesLocked app.getDisplayId() return callback.displayId:-1
10-23 09:12:30.316 D/AppProfilerExtImpl( 1875): Skipped pss collection for CPU busy
10-23 09:12:30.345 D/CompatibilityChangeReporter( 1875): Compat change id reported: 170503758; UID 10047; state: ENABLED
10-23 09:12:30.371 E/OplusCustomizeRestrictionManager( 6425): sInstance is null, start a new sInstance
10-23 09:12:30.379 I/ActivityManager( 1875): Flag disabled. Ignoring finishAttachApplication from uid: 10307. pid: 6425
10-23 09:12:30.388 D/ResourcesManagerExtImpl( 6595): applyConfigurationToAppResourcesLocked app.getDisplayId() return callback.displayId:-1
10-23 09:12:30.390 D/CompatibilityChangeReporter( 1875): Compat change id reported: 135634846; UID 1000; state: DISABLED
10-23 09:12:30.390 D/CompatibilityChangeReporter( 1875): Compat change id reported: 177438394; UID 1000; state: DISABLED
10-23 09:12:30.390 D/CompatibilityChangeReporter( 1875): Compat change id reported: 135772972; UID 1000; state: DISABLED
10-23 09:12:30.390 D/CompatibilityChangeReporter( 1875): Compat change id reported: 135754954; UID 1000; state: ENABLED
10-23 09:12:30.402 I/ActivityManager( 1875): Start proc 6691:com.oplus.trafficmonitor:network_control/1000 for broadcast {com.oplus.trafficmonitor/com.oplus.trafficmonitor.view.networkcontrol.dialog.NetworkNotAllowedReceiver}
10-23 09:12:30.409 D/CompatibilityChangeReporter( 1875): Compat change id reported: 161145287; UID 10047; state: ENABLED
10-23 09:12:30.413 I/ActivityManager( 1875): Flag disabled. Ignoring finishAttachApplication from uid: 10047. pid: 6595
10-23 09:12:30.439 D/CompatibilityChangeReporter( 1875): Compat change id reported: 168419799; UID 1000; state: DISABLED
10-23 09:12:30.439 D/CompatibilityChangeReporter( 1875): Compat change id reported: 273564678; UID 1000; state: DISABLED
10-23 09:12:30.439 D/ActivityTaskManagerServiceExtImpl( 1875): preBindApplication record is null
10-23 09:12:30.447 D/ResourcesManagerExtImpl( 6491): applyConfigurationToAppResourcesLocked app.getDisplayId() return callback.displayId:-1
10-23 09:12:30.455 I/OplusZoomWindowManager( 6522): registerZoomAppObserver start
10-23 09:12:30.461 D/CompatibilityChangeReporter( 1875): Compat change id reported: 161145287; UID 10183; state: ENABLED
10-23 09:12:30.467 I/OplusAppSwitchManagerService( 1875): appswitch registerAppSwitchObserver pName = com@@oplus@@exserviceui observer = com.oplus.app.IOplusAppSwitchObserver$Stub$Proxy@3a6bba2 config = OplusAppSwitchConfig = {  mConfigs = {2=null} observerFingerPrint = 16355968}
10-23 09:12:30.467 I/OplusAppSwitchStateDispatcher( 1875): registerAppSwitchObserver addDynamicListener OK, info = OplusAppSwitchRuleInfo = {  observer = com.oplus.app.IOplusAppSwitchObserver$Stub$Proxy@3a6bba2 observerFingerPrint = 16355968} rule size =0
10-23 09:12:30.489 D/ZoomSettings.ZoomSettingHelper( 6522): createSettingBanner: already open banner tip, not create one more
10-23 09:12:30.496 D/CompatibilityChangeReporter( 1875): Compat change id reported: 161145287; UID 10115; state: DISABLED
10-23 09:12:30.496 D/CompatibilityChangeReporter( 1875): Compat change id reported: 161145287; UID 10115; state: ENABLED
10-23 09:12:30.496 I/OplusAppSwitchManagerService( 1875): appswitch registerAppSwitchObserver pName = com@@oplus@@exserviceui observer = com.oplus.app.IOplusAppSwitchObserver$Stub$Proxy@c0dc520 config = OplusAppSwitchConfig = {  mConfigs = {1=[TOM@@tencent@@mm@@plugin@@appbrand@@ui@@AppBrandUI1, TOM@@tencent@@mm@@plugin@@appbrand@@ui@@AppBrandUI2, TOM@@tencent@@mm@@plugin@@appbrand@@ui@@AppBrandUI3, TOM@@tencent@@mobileqq@@minigame@@ui@@GameActivity3, TOM@@tencent@@mobileqq@@minigame@@ui@@GameActivity4, TOM@@tencent@@mobileqq@@minigame@@ui@@GameActivity5, TOM@@tencent@@mobileqq@@mini@@appbrand@@ui@@AppBrandUI1, TOM@@tencent@@mobileqq@@mini@@appbrand@@ui@@AppBrandUI2, TOM@@tt@@miniapphost@@placeholder@@MiniappTabActivity0, TOM@@tt@@miniapphost@@placeholder@@MiniappTabActivity1, TOM@@tt@@miniapphost@@placeholder@@MiniappTabActivity2, TOM@@tt@@miniapphost@@placeholder@@MiniappTabActivity3, TOM@@tt@@miniapphost@@placeholder@@MiniappTabActivity4, TOM@@baidu@@swan@@apps@@SwanAppActivity, TOM@@baidu@@swan@@apps@@SwanAppActivity1, TOM@@baidu@@swan@@apps@@SwanAppActivity2, TOM@@baidu@@swan@@apps@@SwanAppActivity3, TOM@@baidu@@swan@@apps@@SwanAppActivity4, TOM@@baidu@@swan@@apps@@SwanAppActivity5, TOM@@baidu@@searchbox@@TOMic@@web@@ComicLightBrowserActivityStandard, TOM@@baidu@@megapp@@proxy@@activity@@FragmentActivityProxy]} observerFingerPrint = 3464662}
10-23 09:12:30.498 I/OplusAppSwitchStateDispatcher( 1875): registerAppSwitchObserver addDynamicListener OK, info = OplusAppSwitchRuleInfo = {  observer = com.oplus.app.IOplusAppSwitchObserver$Stub$Proxy@c0dc520 observerFingerPrint = 3464662} rule size =1
10-23 09:12:30.498 I/ActivityManager( 1875): Flag disabled. Ignoring finishAttachApplication from uid: 10183. pid: 6522
10-23 09:12:30.591 D/StdIDManager( 1875): stdid call:com.nearme.instant.platform,10115,OUID,10082
10-23 09:12:30.594 D/StdIDManager( 1875): stdid call:com.nearme.instant.platform,10115,OUID,10082
10-23 09:12:30.598 I/ActivityManager( 1875): Flag disabled. Ignoring finishAttachApplication from uid: 1000. pid: 6691
10-23 09:12:30.599 I/ActivityManager( 1875): Killing 13910:com.coloros.digitalwellbeing/u0a133 (adj 999): empty #33
10-23 09:12:30.611 I/ActivityManager( 1875): Flag disabled. Ignoring finishAttachApplication from uid: 10115. pid: 6491
10-23 09:12:30.616 I/OplusAppSwitchManagerService( 1875): hanldeBinderDied
10-23 09:12:30.617 I/OplusAppSwitchManagerService( 1875): appswitch unregisterAppSwitchObserver pkgName = com.coloros.digitalwellbeing config = OplusAppSwitchConfig = {  mConfigs = {2=[TOM@@coloros@@digitalwellbeing]} observerFingerPrint = 240331061}
10-23 09:12:30.617 I/OplusAppSwitchStateDispatcher( 1875): unregisterAppSwitchObserver ok, pkgName = com.coloros.digitalwellbeing info = OplusAppSwitchRuleInfo = {  observer = null observerFingerPrint = 240331061}
10-23 09:12:30.619 E/ActivityThread(20715): Failed to find provider info for com.platform.usercenter.vip
10-23 09:12:30.625 E/OAPM    ( 1875): activity preload is not enabled
10-23 09:12:30.626 D/DisplayManagerService( 1875): Drop pending events for gone uid 10133
10-23 09:12:30.643 I/ActivityManager( 1875): Killing 14324:com.coloros.ocs.opencapabilityservice:ocs/u0a146 (adj 955): empty #33
10-23 09:12:30.651 W/ActivityManager( 1875): Receiver with filter android.content.IntentFilter@2b007f3 already registered for pid 6491, callerPackage is com.nearme.instant.platform
10-23 09:12:30.651 I/ActivityManager( 1875): Process com.oplus.trafficmonitor:network_control (pid 6691) has died: cch+5 CEM 
10-23 09:12:30.657 D/StdIDManager( 1875): stdid call:com.nearme.instant.platform,10115,OUID,10082
10-23 09:12:30.674 E/OAPM    ( 1875): activity preload is not enabled
10-23 09:12:30.674 D/DisplayManagerService( 1875): Drop pending events for gone uid 10146
10-23 09:12:30.701 D/StdIDManager( 1875): stdid call:com.nearme.instant.platform,10115,OUID,10082
10-23 09:12:30.750 D/StdIDManager( 1875): stdid call:com.nearme.instant.platform,10115,OUID,10082
10-23 09:12:31.120 I/AppWidgetServiceImpl( 1875): handleNotifyUpdateAppWidget,appWidgetId: 3,packageName:com.heytap.browser
10-23 09:12:31.731 V/AlarmManager( 1875): sending alarm Alarm{e8ff5ef type 3 origWhen 111131000 whenElapsed 111131000 android} uid 1000 whenElapsed 111131000 windowLength 0 maxWhenElapsed 111131000 repeatInterval 0 action null component null tag StatsCompanionService.periodic flags 0x9 procName system_server
10-23 09:12:31.738 D/CompatibilityChangeReporter( 1875): Compat change id reported: 171306433; UID 1000; state: ENABLED
10-23 09:12:32.231 D/OAppNetControlService( 1875): Hans update:[10241=true][0|0] blackList:[10190, 10278, 10316, 10241]
10-23 09:12:32.232 D/OplusAlarmAdjustment( 1875): alignAlarmsByUid(), uid=10241, pkgName=com.coloros.shortcuts, actions=null, procs=null, requester=1
10-23 09:12:32.233 D/OplusAlarmAdjustMap( 1875): addAlignUid, uid=10241, pkgName=com.coloros.shortcuts, requester=1, mode=1
10-23 09:12:32.595 D/OAppNetControlService( 1875): Hans update:[10316=false][0|0] blackList:[10190, 10278, 10241]
10-23 09:12:32.871 D/OplusAlarmAdjustment( 1875): proxyAlarmsByUid(), uid=10232, pkgName=com.oplus.games, requester=1
10-23 09:12:32.871 D/OplusAlarmAdjustMap( 1875): addProxyUid, uid=10232, pkgName=com.oplus.games, requester=1
10-23 09:12:32.877 D/OAppNetControlService( 1875): Hans update:[10232=true][0|0] blackList:[10190, 10278, 10241, 10232]
10-23 09:12:32.877 D/OplusAlarmAdjustment( 1875): alignAlarmsByUid(), uid=10228, pkgName=com.nearme.gamecenter, actions=null, procs=null, requester=1
10-23 09:12:32.878 D/OplusAlarmAdjustMap( 1875): addAlignUid, uid=10228, pkgName=com.nearme.gamecenter, requester=1, mode=1
10-23 09:12:34.686 D/OplusAlarmAdjustment( 1875): proxyAlarmsByUid(), uid=10240, pkgName=com.coloros.weather2, requester=1
10-23 09:12:34.687 D/OplusAlarmAdjustMap( 1875): addProxyUid, uid=10240, pkgName=com.coloros.weather2, requester=1
10-23 09:12:34.694 D/OAppNetControlService( 1875): Close socket:[10240] cause:App bg(IMMEDIATELY) success!
10-23 09:12:34.694 D/OAppNetControlService( 1875): Hans update:[10240=true][0|0] blackList:[10190, 10278, 10241, 10232, 10240]
10-23 09:12:35.510 W/ProcessStats( 1875): Tracking association SourceState{18b40fe com.oplus.metis/10144 ImpFg #83481} whose proc state 5 is better than process ProcessState{cecd069 com.oplus.dmp:main/10344 pkg=com.oplus.dmp} proc state 13 (826 skipped)
10-23 09:12:35.603 D/OplusAlarmAdjustment( 1875): unalignAlarmsByUid(), uid=10228, pkgName=com.nearme.gamecenter, actions=null, procs=null, requester=1
10-23 09:12:35.603 D/OAppNetControlService( 1875): Hans update:[10232=false][0|0] blackList:[10190, 10278, 10241, 10240]
10-23 09:12:35.612 D/OplusAlarmAdjustMap( 1875): removeAlignUid, uid=10228, requester=1
10-23 09:12:35.614 D/OAppNetControlService( 1875): Hans update:[10316=true][0|0] blackList:[10190, 10278, 10241, 10240, 10316]
10-23 09:12:35.614 D/OAppNetControlService( 1875): Hans update:[10316=false][0|0] blackList:[10190, 10278, 10241, 10240]
10-23 09:12:35.615 D/OplusAlarmAdjustment( 1875): unproxyAlarmsByUid(), uid=10232, pkgName=com.oplus.games, requester=1
10-23 09:12:35.615 D/OplusAlarmAdjustMap( 1875): removeProxyUid, uid=10232, requester=1
10-23 09:12:35.669 D/CompatibilityChangeReporter( 1875): Compat change id reported: 253665015; UID 10115; state: DISABLED
10-23 09:12:35.669 D/CompatibilityChangeReporter( 1875): Compat change id reported: 253665015; UID 10115; state: ENABLED
10-23 09:12:35.670 D/CompatibilityChangeReporter( 1875): Compat change id reported: 194532703; UID 10115; state: DISABLED
10-23 09:12:35.670 D/CompatibilityChangeReporter( 1875): Compat change id reported: 194532703; UID 10115; state: ENABLED
10-23 09:12:38.626 D/OplusAlarmAdjustment( 1875): alignAlarmsByUid(), uid=10228, pkgName=com.nearme.gamecenter, actions=null, procs=null, requester=1
10-23 09:12:38.628 D/OplusAlarmAdjustMap( 1875): addAlignUid, uid=10228, pkgName=com.nearme.gamecenter, requester=1, mode=1
10-23 09:12:38.636 D/OplusAlarmAdjustment( 1875): proxyAlarmsByUid(), uid=10232, pkgName=com.oplus.games, requester=1
10-23 09:12:38.636 D/OplusAlarmAdjustMap( 1875): addProxyUid, uid=10232, pkgName=com.oplus.games, requester=1
10-23 09:12:38.640 D/OAppNetControlService( 1875): Hans update:[10316=true][0|0] blackList:[10190, 10278, 10241, 10240, 10316]
10-23 09:12:38.655 D/OAppNetControlService( 1875): Hans update:[10232=true][0|0] blackList:[10190, 10278, 10241, 10240, 10316, 10232]
10-23 09:12:39.704 W/FileUtils( 1875): Failed to chmod(AtomicFile[/data/system_de/0/system/game-manager-service.xml]): android.system.ErrnoException: chmod failed: ENOENT (No such file or directory)
10-23 09:12:40.949 V/MonthTrafficAlert( 2844): getWarningNotification subId:1 numWarningNotificaion:0
10-23 09:12:40.949 V/TrafficAlert( 2844): getLimitNotification subId:1 ,numLimitNotificaion:0
10-23 09:12:41.133 I/AppWidgetServiceImpl( 1875): handleNotifyUpdateAppWidget,appWidgetId: 3,packageName:com.heytap.browser
10-23 09:12:41.670 D/OplusAlarmAdjustment( 1875): unalignAlarmsByUid(), uid=10228, pkgName=com.nearme.gamecenter, actions=null, procs=null, requester=1
10-23 09:12:41.671 D/OplusAlarmAdjustMap( 1875): removeAlignUid, uid=10228, requester=1
10-23 09:12:41.671 D/OplusAlarmAdjustment( 1875): unproxyAlarmsByUid(), uid=10232, pkgName=com.oplus.games, requester=1
10-23 09:12:41.673 D/OAppNetControlService( 1875): Hans update:[10232=false][0|0] blackList:[10190, 10278, 10241, 10240, 10316]
10-23 09:12:41.675 D/OplusAlarmAdjustMap( 1875): removeProxyUid, uid=10232, requester=1
10-23 09:12:41.679 D/OAppNetControlService( 1875): Hans update:[10316=false][0|0] blackList:[10190, 10278, 10241, 10240]
10-23 09:12:42.529 I/keystore2(  709): system/security/keystore2/src/watchdog.rs:319 - Watchdog thread idle -> terminating. Have a great day.
10-23 09:12:43.847 D/CompatibilityChangeReporter( 1875): Compat change id reported: 151105954; UID 1000; state: ENABLED
10-23 09:12:43.848 E/AppOps  ( 1875): attributionTag  not declared in manifest of com.oplus.healthservice
10-23 09:12:43.850 E/AppOps  ( 1875): attributionTag  not declared in manifest of com.oplus.healthservice
10-23 09:12:44.701 D/OplusAlarmAdjustment( 1875): alignAlarmsByUid(), uid=10228, pkgName=com.nearme.gamecenter, actions=null, procs=null, requester=1
10-23 09:12:44.702 D/OplusAlarmAdjustMap( 1875): addAlignUid, uid=10228, pkgName=com.nearme.gamecenter, requester=1, mode=1
10-23 09:12:44.703 D/OplusAlarmAdjustment( 1875): proxyAlarmsByUid(), uid=10232, pkgName=com.oplus.games, requester=1
10-23 09:12:44.703 D/OplusAlarmAdjustMap( 1875): addProxyUid, uid=10232, pkgName=com.oplus.games, requester=1
10-23 09:12:44.708 D/OAppNetControlService( 1875): Hans update:[10232=true][0|0] blackList:[10190, 10278, 10241, 10240, 10232]
10-23 09:12:44.711 D/OAppNetControlService( 1875): Hans update:[10316=true][0|0] blackList:[10190, 10278, 10241, 10240, 10232, 10316]
10-23 09:12:45.214 I/ActivityManager( 1875): Waited long enough for: ServiceRecord{ca3999c u0 com.oplus.sau/com.oplusos.sau.aidl.SauBinderUpdateService}
10-23 09:12:45.239 I/ActivityManager( 1875): Waited long enough for: ServiceRecord{9f8f707 u0 com.oplus.sau/com.oplusos.sau.datares.DataResService}
10-23 09:12:51.137 I/AppWidgetServiceImpl( 1875): handleNotifyUpdateAppWidget,appWidgetId: 3,packageName:com.heytap.browser
10-23 09:12:59.630 D/OAppNetControlService( 1875): Hans update:[10241=false][0|0] blackList:[10190, 10278, 10240, 10232, 10316]
10-23 09:12:59.633 I/ActivityManager( 1875): Killing 25581:com.oplus.blacklistapp/u0a199 (adj 999): empty #33
10-23 09:12:59.634 I/ActivityManager( 1875): Killing 25628:com.oplus.phonenoareainquire/u0a213 (adj 999): empty #34
10-23 09:12:59.635 I/ActivityManager( 1875): Killing 25295:com.oplus.metis:net/u0a144 (adj 999): empty #35
10-23 09:12:59.636 I/ActivityManager( 1875): Killing 12703:com.tencent.mobileqq/u0a292 (adj 999): empty #36
10-23 09:12:59.637 D/OplusAlarmAdjustment( 1875): unalignAlarmsByUid(), uid=10241, pkgName=com.coloros.shortcuts, actions=null, procs=null, requester=1
10-23 09:12:59.637 D/OplusAlarmAdjustMap( 1875): removeAlignUid, uid=10241, requester=1
10-23 09:12:59.639 I/ActivityManager( 1875): Killing 22211:com.android.carrierdefaultapp/u0a64 (adj 999): empty #37
10-23 09:12:59.640 W/ProcessStats( 1875): Tracking association SourceState{1fb4af6 com.heytap.htms:cloudctrl/10143 BTop #83536} whose proc state 2 is better than process ProcessState{70b6ba5 com.heytap.htms/10143 pkg=com.heytap.htms} proc state 9 (38 skipped)
10-23 09:12:59.665 W/ActivityManager( 1875): Unbind failed: could not find connection for android.os.BinderProxy@8ca168f
10-23 09:12:59.670 E/OAPM    ( 1875): activity preload is not enabled
10-23 09:12:59.672 D/DisplayManagerService( 1875): Drop pending events for gone uid 10213
10-23 09:12:59.675 E/OAPM    ( 1875): activity preload is not enabled
10-23 09:12:59.680 D/DisplayManagerService( 1875): Drop pending events for gone uid 10199
10-23 09:12:59.684 E/OAPM    ( 1875): activity preload is not enabled
10-23 09:12:59.686 D/DisplayManagerService( 1875): Drop pending events for gone uid 10064
10-23 09:13:00.001 V/AlarmManager( 1875): sending alarm Alarm{5ffb67e type 3 origWhen 111159269 whenElapsed 111159269 android} uid 1000 whenElapsed 111159269 windowLength 0 maxWhenElapsed 111159269 repeatInterval 0 action null component null tag TIME_TICK flags 0x9 procName system_server
10-23 09:13:00.041 E/OplusCustomizeRestrictionManagerService( 1875): isBiometricDisabled start
10-23 09:13:01.146 I/AppWidgetServiceImpl( 1875): handleNotifyUpdateAppWidget,appWidgetId: 3,packageName:com.heytap.browser
10-23 09:13:02.661 D/OplusAlarmAdjustment( 1875): alignAlarmsByUid(), uid=10241, pkgName=com.coloros.shortcuts, actions=null, procs=null, requester=1
10-23 09:13:02.662 D/OplusAlarmAdjustMap( 1875): addAlignUid, uid=10241, pkgName=com.coloros.shortcuts, requester=1, mode=1
10-23 09:13:02.666 D/OAppNetControlService( 1875): Hans update:[10241=true][0|0] blackList:[10190, 10278, 10240, 10232, 10316, 10241]
10-23 09:13:04.613 V/MonthTrafficAlert( 2844): getWarningNotification subId:1 numWarningNotificaion:0
10-23 09:13:04.614 V/TrafficAlert( 2844): getLimitNotification subId:1 ,numLimitNotificaion:0
10-23 09:13:11.155 I/AppWidgetServiceImpl( 1875): handleNotifyUpdateAppWidget,appWidgetId: 3,packageName:com.heytap.browser
10-23 09:13:21.156 I/AppWidgetServiceImpl( 1875): handleNotifyUpdateAppWidget,appWidgetId: 3,packageName:com.heytap.browser
10-23 09:13:28.481 D/OplusAlarmAdjustment( 1875): unalignAlarmsByUid(), uid=10228, pkgName=com.nearme.gamecenter, actions=null, procs=null, requester=1
10-23 09:13:28.482 D/OplusAlarmAdjustMap( 1875): removeAlignUid, uid=10228, requester=1
10-23 09:13:30.641 V/MonthTrafficAlert( 2844): getWarningNotification subId:1 numWarningNotificaion:0
10-23 09:13:30.642 V/TrafficAlert( 2844): getLimitNotification subId:1 ,numLimitNotificaion:0
10-23 09:13:31.167 I/AppWidgetServiceImpl( 1875): handleNotifyUpdateAppWidget,appWidgetId: 3,packageName:com.heytap.browser
10-23 09:13:31.721 D/OplusThermalStats( 1875): REPORT_UPDATE_CPU  ->  phoneTemp:320  preHeatThreshold:400
10-23 09:13:31.852 D/ProcessCpuTrackerExtImpl( 1875): mContext is already set, return now! 
10-23 09:13:31.862 W/ActivityManager( 1875): Stale PhantomProcessRecord {94724c6 24034:23633:com.xingin.xhs:widgetProvider/u0a278}, removing
10-23 09:13:38.501 D/OplusAlarmAdjustment( 1875): alignAlarmsByUid(), uid=10228, pkgName=com.nearme.gamecenter, actions=null, procs=null, requester=1
10-23 09:13:38.501 D/OplusAlarmAdjustMap( 1875): addAlignUid, uid=10228, pkgName=com.nearme.gamecenter, requester=1, mode=1
10-23 09:13:41.176 I/AppWidgetServiceImpl( 1875): handleNotifyUpdateAppWidget,appWidgetId: 3,packageName:com.heytap.browser
10-23 09:13:43.227 D/CompatibilityChangeReporter( 1875): Compat change id reported: 168936375; UID 1000; state: ENABLED
10-23 09:13:43.241 D/CompatibilityChangeReporter( 1875): Compat change id reported: 73144566; UID 1000; state: ENABLED
10-23 09:13:43.853 E/AppOps  ( 1875): attributionTag  not declared in manifest of com.oplus.healthservice
10-23 09:13:43.857 E/AppOps  ( 1875): attributionTag  not declared in manifest of com.oplus.healthservice
10-23 09:13:46.103 W/AlarmManager( 1875): Window length 1383505805511508480ms too long; limiting to 1 day
10-23 09:13:49.366 D/UsageStatsService( 1875): User[0] type=0 b=1761224348376 e=1761225229365 cb=1761146447435 ce=1761225150618 disk=0 all=2
10-23 09:13:51.184 I/AppWidgetServiceImpl( 1875): handleNotifyUpdateAppWidget,appWidgetId: 3,packageName:com.heytap.browser
10-23 09:13:58.498 V/MonthTrafficAlert( 2844): getWarningNotification subId:1 numWarningNotificaion:0
10-23 09:13:58.499 V/TrafficAlert( 2844): getLimitNotification subId:1 ,numLimitNotificaion:0
10-23 09:14:00.002 V/AlarmManager( 1875): sending alarm Alarm{8f94f5f type 3 origWhen 111219269 whenElapsed 111219269 android} uid 1000 whenElapsed 111219269 windowLength 0 maxWhenElapsed 111219269 repeatInterval 0 action null component null tag TIME_TICK flags 0x9 procName system_server
10-23 09:14:00.042 E/OplusCustomizeRestrictionManagerService( 1875): isBiometricDisabled start
10-23 09:14:01.188 I/AppWidgetServiceImpl( 1875): handleNotifyUpdateAppWidget,appWidgetId: 3,packageName:com.heytap.browser
10-23 09:14:03.638 D/OplusAlarmAdjustment( 1875): unalignAlarmsByUid(), uid=10228, pkgName=com.nearme.gamecenter, actions=null, procs=null, requester=1
10-23 09:14:03.638 D/OplusAlarmAdjustMap( 1875): removeAlignUid, uid=10228, requester=1
10-23 09:14:11.196 I/AppWidgetServiceImpl( 1875): handleNotifyUpdateAppWidget,appWidgetId: 3,packageName:com.heytap.browser
10-23 09:14:13.659 D/OplusAlarmAdjustment( 1875): alignAlarmsByUid(), uid=10228, pkgName=com.nearme.gamecenter, actions=null, procs=null, requester=1
10-23 09:14:13.660 D/OplusAlarmAdjustMap( 1875): addAlignUid, uid=10228, pkgName=com.nearme.gamecenter, requester=1, mode=1
10-23 09:14:21.207 I/AppWidgetServiceImpl( 1875): handleNotifyUpdateAppWidget,appWidgetId: 3,packageName:com.heytap.browser
10-23 09:14:23.453 V/MonthTrafficAlert( 2844): getWarningNotification subId:1 numWarningNotificaion:0
10-23 09:14:23.453 V/TrafficAlert( 2844): getLimitNotification subId:1 ,numLimitNotificaion:0
10-23 09:14:30.043 E/OplusAthenaAm( 1875): AthenaAmManagerInternal transact code hello:12,flags:0
10-23 09:14:31.214 I/AppWidgetServiceImpl( 1875): handleNotifyUpdateAppWidget,appWidgetId: 3,packageName:com.heytap.browser
10-23 09:14:31.732 V/AlarmManager( 1875): sending alarm Alarm{723e640 type 3 origWhen 111251000 whenElapsed 111251000 android} uid 1000 whenElapsed 111251000 windowLength 0 maxWhenElapsed 111251000 repeatInterval 0 action null component null tag StatsCompanionService.periodic flags 0x9 procName system_server
10-23 09:14:35.740 D/BatteryStatsImplExtImpl( 1875): updateDevicePowerDetails
10-23 09:14:35.743 E/BatteryStatsImplExtImpl( 1875): get RefreshCounts failed
10-23 09:14:35.743 D/OplusRpmSubsystemManager( 1875): battery drained... 
10-23 09:14:35.743 D/OplusRpmSubsystemManager( 1875): elapsedRealTimeDelta :404989
10-23 09:14:35.752 D/OplusFeatureEdrEnhanceBrightness( 1875): onReceive battery level=83 last=84
