10-23 09:16:48.445 D/CompatibilityChangeReporter( 1875): Compat change id reported: 177438394; UID 10080; state: DISABLED
10-23 09:16:48.445 D/CompatibilityChangeReporter( 1875): Compat change id reported: 135772972; UID 10080; state: DISABLED
10-23 09:16:48.445 D/CompatibilityChangeReporter( 1875): Compat change id reported: 135754954; UID 10080; state: ENABLED
10-23 09:16:48.446 D/CompatibilityChangeReporter( 1875): Compat change id reported: 143937733; UID 10080; state: ENABLED
10-23 09:16:48.448 D/ActivityThread( 7544): ComponentInfo{com.android.packageinstaller/com.android.packageinstaller.InstallStart} checkFinished=false 2
10-23 09:16:48.448 D/ResourcesManagerExtImpl( 7544): applyConfigurationToAppResourcesLocked app.getDisplayId() return callback.displayId:-1
10-23 09:16:48.456 D/OplusInputMethodUtil( 7544): init sDebug to false, init sDebugIme to false, init sAlwaysOn to false
10-23 09:16:48.456 D/OplusInputMethodUtil( 7544): updateDebugToClass InputMethodManager.DEBUG = false
10-23 09:16:48.456 D/OplusInputMethodUtil( 7544): updateDebugToClass ImeFocusController.DEBUG = false
10-23 09:16:48.456 D/OplusInputMethodUtil( 7544): updateDebugToClass BaseInputConnection.DEBUG = false
10-23 09:16:48.459 I/ActivityManager( 1875): Start proc 7615:com.oplus.appdetail/u0a80 for next-top-activity {com.oplus.appdetail/com.oplus.appdetail.model.entrance.HostCompatibleActivity}
10-23 09:16:48.462 D/VRR [OPlusExternalRefreshRateManager]( 1875): isPkgTfcEnable: pkgName = com.android.packageinstaller, enable = false
10-23 09:16:48.463 D/VRR [OPlusExternalRefreshRateManager]( 1875): getTfcMinFramerate: pkgName = com.android.packageinstaller, min framerate = 0
10-23 09:16:48.477 I/WindowManager( 1875): addWindow: New client android.os.BinderProxy@b15b22a : window=Window{b01d81b u0 com.android.packageinstaller/com.android.packageinstaller.InstallStart}
10-23 09:16:48.480 D/ResourcesManagerExtImpl( 7544): applyConfigurationToAppResourcesLocked app.getDisplayId() return callback.displayId:-1
10-23 09:16:48.483 D/CompatibilityChangeReporter( 1875): Compat change id reported: 168419799; UID 10080; state: DISABLED
10-23 09:16:48.483 D/CompatibilityChangeReporter( 1875): Compat change id reported: 273564678; UID 10080; state: DISABLED
10-23 09:16:48.484 D/ActivityTaskManager( 1875): setVisibility(Token{a06815d ActivityRecord{43c6207 u0 com.oplus.appdetail/.model.entrance.HostCompatibleActivity t9950}}, visible=true) defer commitVisibility for transition collecting
10-23 09:16:48.487 D/WindowManager( 1875): updateOrientation: mLastOrientation = SCREEN_ORIENTATION_NOSENSOR(5) newOrientation = SCREEN_ORIENTATION_NOSENSOR(5) forceUpdate = true LastOrientationSource = ActivityRecord{2c6f2ac u0 com.android.launcher/.Launcher t2}
10-23 09:16:48.487 D/WindowManager( 1875): rotation(ROTATION_0) no changed.
10-23 09:16:48.487 D/ActivityTaskManager( 1875): setVisibility(Token{a06815d ActivityRecord{43c6207 u0 com.oplus.appdetail/.model.entrance.HostCompatibleActivity t9950}}, visible=true) defer commitVisibility for transition collecting
10-23 09:16:48.487 D/OplusDexOptimizeManager( 1875): Do not in AppLaunchOptList!
10-23 09:16:48.487 D/OplusCameraStartupOptimization( 1875): cameraPreopenIfNeed, r = ActivityRecord{43c6207 u0 com.oplus.appdetail/.model.entrance.HostCompatibleActivity t9950}
10-23 09:16:48.487 D/OplusCameraStartupOptimization( 1875): needOptimizeForCamera bNeedOptimize:false clsName: com.oplus.appdetail/.model.entrance.HostCompatibleActivity
10-23 09:16:48.488 D/BatteryStatsImplExtImpl( 1875): pausedBatteryLevel:83 activityFocusedTimeInMin:0
10-23 09:16:48.488 D/ActivityTaskManager( 1875): NFW_setLastResumedActivityUncheckLocked:true r:ActivityRecord{43c6207 u0 com.oplus.appdetail/.model.entrance.HostCompatibleActivity t9950} currentFocus:null
10-23 09:16:48.489 I/OplusAppSwitchManagerService( 1875): appswitch hasProcess ActivityRecord{43c6207 u0 com.oplus.appdetail/.model.entrance.HostCompatibleActivity t9950}
10-23 09:16:48.489 I/OplusJoystickManager( 1875): handleApplicationSwitch deprecated!
10-23 09:16:48.489 I/OplusAppSwitchManagerService( 1875): appswitch hasProcess ActivityRecord{43c6207 u0 com.oplus.appdetail/.model.entrance.HostCompatibleActivity t9950}
10-23 09:16:48.489 D/OplusAppSwitchListener( 1875): Detect com.android.packageinstaller switch to background
10-23 09:16:48.489 D/OplusFeatureReduceBrightness( 1875): onAppExit , info = com.android.packageinstaller
10-23 09:16:48.489 D/CompatibilityChangeReporter( 1875): Compat change id reported: 265195908; UID 10080; state: ENABLED
10-23 09:16:48.490 D/OplusEapManager( 1875): mTargetExitName :com.android.packageinstaller
10-23 09:16:48.490 D/ActivityTaskManager( 1875): setVisibility(Token{a06815d ActivityRecord{43c6207 u0 com.oplus.appdetail/.model.entrance.HostCompatibleActivity t9950}}, visible=true) defer commitVisibility for transition collecting
10-23 09:16:48.490 D/VRR [OPlusRefreshRateService]( 1875): handleFrontAppChange pkgName: null
10-23 09:16:48.490 D/OplusKeepAliveManager( 1875): TOP_APP is ProcessRecord{f06eaa0 7615:com.oplus.appdetail/u0a80} uid is 10080
10-23 09:16:48.494 D/OplusBatteryManager( 1875): getPsyBatteryRm: 2742
10-23 09:16:48.494 D/BatteryStatsImplExtImpl( 1875): resumedUid:10080 resumedBatteryLevel:83  resumedPackage:com.oplus.appdetail  resumedBatteryRealtimeCapacity:2742
10-23 09:16:48.494 D/WindowManagerServiceExtImpl( 1875): extractConfigInfoAndRealFlags rotation=0, screenDp=320, win=Window{b01d81b u0 com.android.packageinstaller/com.android.packageinstaller.InstallStart}
10-23 09:16:48.495 V/WindowManager( 1875): Relayout Window{b01d81b u0 com.android.packageinstaller/com.android.packageinstaller.InstallStart}: viewVisibility=0, oldvis=4, req=1080x2412, vsysui=LAYOUT_STABLE LAYOUT_FULLSCREEN
10-23 09:16:48.495 I/WindowManager( 1875): Window{b01d81b u0 com.android.packageinstaller/com.android.packageinstaller.InstallStart} state from NO_SURFACE to DRAW_PENDING; reason: resetDrawState
10-23 09:16:48.495 D/VRR [OPlusRefreshRateService]( 1875):  setFrameRateTargetControl [ 0.0 , com.android.packageinstaller , false , com.oplus.battery ]
10-23 09:16:48.495 D/VRR [OPlusExternalRefreshRateManager]( 1875):  [FRTC] FrameRate : 0 com.android.packageinstaller false com.oplus.battery 0 1000
10-23 09:16:48.498 D/OplusAppSwitchListener( 1875): Detect com.oplus.appdetail switch to foreground
10-23 09:16:48.498 D/OplusEapManager( 1875): mTargetEnterName :com.oplus.appdetail
10-23 09:16:48.498 D/VRR [OPlusFrontAppManager]( 1875): OnAppSwitchObserver: onAppEnter , info.targetName = com.oplus.appdetail
10-23 09:16:48.498 D/VRR [OPlusRefreshRateService]( 1875): handleFrontAppChange pkgName: com.oplus.appdetail
10-23 09:16:48.499 D/VRI[InstallStart]( 7544): relayoutWindow result, sizeChanged:true, surfaceControlChanged:true, transformHintChanged:true, mSurfaceSize:Point(1080, 2412), mLastSurfaceSize:Point(0, 0), mWidth:-1, mHeight:-1, requestedWidth:1080, requestedHeight:2412, transformHint:0, lastTransformHint:-2147483648, installOrientation:0, displayRotation:0, isSurfaceValid:true, attr.flag:-2122252032, useBlast:true, tmpFrames:ClientWindowFrames{frame=[0,0][1080,2412] display=[0,0][1080,2412] parentFrame=[0,0][0,0]}
10-23 09:16:48.499 W/VRI[InstallStart]( 7544): updateBlastSurfaceIfNeeded, surfaceSize:Point(1080, 2412), lastSurfaceSize:Point(0, 0), format:-2, blastBufferQueue:null
10-23 09:16:48.500 D/CompatibilityChangeReporter( 1875): Compat change id reported: 170503758; UID 10080; state: DISABLED
10-23 09:16:48.502 W/ContextImpl( 2869): Calling a method in the system process without a qualified user: android.app.ContextImpl.startService:1929 android.content.ContextWrapper.startService:835 j.c.c:8 j.c.a:4 o0.b.f:4 
10-23 09:16:48.502 D/CompatibilityChangeReporter( 1875): Compat change id reported: 261072174; UID 1000; state: ENABLED
10-23 09:16:48.503 E/OplusThermalStats( 1875): Error getting package info: com.oplus.appdetail
10-23 09:16:48.508 D/CoreBackPreview( 1875): Window{b01d81b u0 com.android.packageinstaller/com.android.packageinstaller.InstallStart}: Setting back callback OnBackInvokedCallbackInfo{mCallback=android.window.IOnBackInvokedCallback$Stub$Proxy@a2507c9, mPriority=0, mIsAnimationCallback=false}
10-23 09:16:48.509 W/OplusDexOptimizeManager( 1875): isFirstNotifyDexLoad: isExistInDelate=false isExistInDexContainer=false
10-23 09:16:48.509 W/OplusDexOptimizeManager( 1875): isFirstNotifyDexLoad: result=false
10-23 09:16:48.513 D/OplusAppListInterceptManager( 1875): shouldFilterTask
10-23 09:16:48.513 D/OplusAppListInterceptManager( 1875): shouldFilterTask::packageName = com.android.packageinstaller
10-23 09:16:48.514 D/ActivityTaskManager( 1875): Skipping, invisible task: Task{6a94c64 #2 type=home I=com.android.launcher/.Launcher}
10-23 09:16:48.514 D/OplusAppListInterceptManager( 1875): shouldFilterTask
10-23 09:16:48.514 D/OplusAppListInterceptManager( 1875): shouldFilterTask::packageName = com.android.settings
10-23 09:16:48.514 D/CompatibilityChangeReporter( 1875): Compat change id reported: 197654537; UID 1000; state: ENABLED
10-23 09:16:48.514 D/OplusSplitScreenManagerService( 1875): com.android.settings unSupportsSplitScreen by blockList or ForbidActivityList
10-23 09:16:48.514 D/OplusSplitScreenManagerService( 1875): com.android.settings unSupportsSplitScreen by blockList or ForbidActivityList
10-23 09:16:48.514 D/OplusAppListInterceptManager( 1875): shouldFilterTask
10-23 09:16:48.514 D/OplusAppListInterceptManager( 1875): shouldFilterTask::packageName = com.xingin.xhs
10-23 09:16:48.514 D/OplusAppListInterceptManager( 1875): shouldFilterTask
10-23 09:16:48.514 D/OplusAppListInterceptManager( 1875): shouldFilterTask::packageName = com.tencent.mm
10-23 09:16:48.514 D/OplusAppListInterceptManager( 1875): shouldFilterTask
10-23 09:16:48.514 D/OplusAppListInterceptManager( 1875): shouldFilterTask::packageName = org.localsend.localsend_app
10-23 09:16:48.514 D/OplusAppListInterceptManager( 1875): shouldFilterTask
10-23 09:16:48.514 D/OplusAppListInterceptManager( 1875): shouldFilterTask::packageName = com.android.settings
10-23 09:16:48.514 D/OplusSplitScreenManagerService( 1875): com.android.settings unSupportsSplitScreen by blockList or ForbidActivityList
10-23 09:16:48.514 D/OplusAppListInterceptManager( 1875): shouldFilterTask
10-23 09:16:48.514 D/OplusAppListInterceptManager( 1875): shouldFilterTask::packageName = com.luna.music
10-23 09:16:48.514 D/OplusAppListInterceptManager( 1875): shouldFilterTask
10-23 09:16:48.514 D/OplusAppListInterceptManager( 1875): shouldFilterTask::packageName = com.oplus.ota
10-23 09:16:48.514 D/ActivityTaskManager( 1875): after skip size 8
10-23 09:16:48.524 W/OplusDexOptimizeManager( 1875): isFirstNotifyDexLoad: isExistInDelate=false isExistInDexContainer=false
10-23 09:16:48.524 W/OplusDexOptimizeManager( 1875): isFirstNotifyDexLoad: result=false
10-23 09:16:48.537 W/OplusDexOptimizeManager( 1875): isFirstNotifyDexLoad: isExistInDelate=false isExistInDexContainer=false
10-23 09:16:48.537 W/OplusDexOptimizeManager( 1875): isFirstNotifyDexLoad: result=false
10-23 09:16:48.541 W/VRI[InstallStart]( 7544): handleResized, msg:5, frameChanged:false, configChanged:false, displayChanged:false, attachedFrameChanged:false, compatScaleChanged:false, pendingDragResizing=false
10-23 09:16:48.541 D/OplusTransitionController( 1875): onSyncFinishedDrawing, Window{b01d81b u0 com.android.packageinstaller/com.android.packageinstaller.InstallStart}
10-23 09:16:48.541 I/WindowManager( 1875): finishDrawing skipLayout:false Window{b01d81b u0 com.android.packageinstaller/com.android.packageinstaller.InstallStart} com.android.server.wm.WindowManagerService.finishDrawingWindow:2972 com.android.server.wm.Session.finishDrawing:311 android.view.IWindowSession$Stub.onTransact:779 
10-23 09:16:48.542 I/WindowManager( 1875): Window{b01d81b u0 com.android.packageinstaller/com.android.packageinstaller.InstallStart} state from DRAW_PENDING to COMMIT_DRAW_PENDING; reason: finishDrawingLocked
10-23 09:16:48.542 D/OplusTransitionAnimationManager( 1875): skipFinishDrawingIfNeed clientRotation=0, currentRotation=0, hasFixedRotationApp=false, requestedOrientation=-1, win=Window{b01d81b u0 com.android.packageinstaller/com.android.packageinstaller.InstallStart}, activity=ActivityRecord{3137b72 u0 com.android.packageinstaller/.InstallStart t9950}, currentConfig={1.15 ??mcc??mnc [zh_CN,en_US] ldltr sw320dp w320dp h642dp 540dpi nrml long widecg port night finger -keyb/v/h -nav/h winConfig={ mBounds=Rect(0, 0 - 1080, 2412) mAppBounds=Rect(0, 96 - 1080, 2263) mMaxBounds=Rect(0, 0 - 1080, 2412) mDisplayRotation=ROTATION_0 mWindowingMode=fullscreen mDisplayWindowingMode=fullscreen mActivityType=standard mAlwaysOnTop=undefined mRotation=ROTATION_0} s.1 fontWeightAdjustment=0mThemeChanged= 0, mThemeChangedFlags= 0, mFlipFont= 0, mScenario= -1, mAccessibleChanged= -1, mUxIconConfig= 3468921665126662176, mMaterialColor= 2, mUserId= 0, mFontUserId= 0, mFontVariationSettings= 1226, mFoldingAngle = -1.0, mIconPackName= , mDarkModeBackgroundMaxL= 8.0, mDarkModeDialogBgMaxL= 27.0, mDarkModeForegroundMinL= 100.0, mOplusConfigType= 1, mOplusChangedConfigs= 0, OpSans= -1, mBurmeseFontFlag= 2, mFlag= 0, mFlexibleActivitySuitable= -1, mPuttDisplayFlag= -1}
10-23 09:16:48.547 I/WindowManager( 1875): Window{b01d81b u0 com.android.packageinstaller/com.android.packageinstaller.InstallStart} state from COMMIT_DRAW_PENDING to READY_TO_SHOW; reason: commitFinishDrawingLocked
10-23 09:16:48.547 D/ActivityTaskManager( 1875): Clearing startingData for token=null
10-23 09:16:48.552 D/ActivityTaskManager( 1875): Clearing startingData for token=null
10-23 09:16:48.553 D/OplusTransitionController( 1875): onSyncFinishedDrawing, Window{b01d81b u0 com.android.packageinstaller/com.android.packageinstaller.InstallStart}
10-23 09:16:48.553 I/WindowManager( 1875): finishDrawing skipLayout:false Window{b01d81b u0 com.android.packageinstaller/com.android.packageinstaller.InstallStart} com.android.server.wm.WindowManagerService.finishDrawingWindow:2972 com.android.server.wm.Session.finishDrawing:311 android.view.IWindowSession$Stub.onTransact:779 
10-23 09:16:48.553 D/OplusTransitionAnimationManager( 1875): skipFinishDrawingIfNeed clientRotation=0, currentRotation=0, hasFixedRotationApp=false, requestedOrientation=-1, win=Window{b01d81b u0 com.android.packageinstaller/com.android.packageinstaller.InstallStart}, activity=ActivityRecord{3137b72 u0 com.android.packageinstaller/.InstallStart t9950}, currentConfig={1.15 ??mcc??mnc [zh_CN,en_US] ldltr sw320dp w320dp h642dp 540dpi nrml long widecg port night finger -keyb/v/h -nav/h winConfig={ mBounds=Rect(0, 0 - 1080, 2412) mAppBounds=Rect(0, 96 - 1080, 2263) mMaxBounds=Rect(0, 0 - 1080, 2412) mDisplayRotation=ROTATION_0 mWindowingMode=fullscreen mDisplayWindowingMode=fullscreen mActivityType=standard mAlwaysOnTop=undefined mRotation=ROTATION_0} s.1 fontWeightAdjustment=0mThemeChanged= 0, mThemeChangedFlags= 0, mFlipFont= 0, mScenario= -1, mAccessibleChanged= -1, mUxIconConfig= 3468921665126662176, mMaterialColor= 2, mUserId= 0, mFontUserId= 0, mFontVariationSettings= 1226, mFoldingAngle = -1.0, mIconPackName= , mDarkModeBackgroundMaxL= 8.0, mDarkModeDialogBgMaxL= 27.0, mDarkModeForegroundMinL= 100.0, mOplusConfigType= 1, mOplusChangedConfigs= 0, OpSans= -1, mBurmeseFontFlag= 2, mFlag= 0, mFlexibleActivitySuitable= -1, mPuttDisplayFlag= -1}
10-23 09:16:48.554 D/ActivityTaskManager( 1875): Clearing startingData for token=null
10-23 09:16:48.555 D/ActivityTaskManager( 1875): Clearing startingData for token=null
10-23 09:16:48.555 W/ActivityTaskManager( 1875): takeTaskSnapshot: taskId=9950 not found or not visible
10-23 09:16:48.556 D/ActivityTaskManager( 1875): Clearing startingData for token=null
10-23 09:16:48.561 D/ActivityTaskManager( 1875): Clearing startingData for token=null
10-23 09:16:48.592 D/OplusAppListInterceptManager( 1875): shouldFilterTask
10-23 09:16:48.592 D/OplusAppListInterceptManager( 1875): shouldFilterTask::packageName = com.android.packageinstaller
10-23 09:16:48.592 D/ActivityTaskManager( 1875): Skipping, invisible task: Task{6a94c64 #2 type=home I=com.android.launcher/.Launcher}
10-23 09:16:48.592 D/OplusAppListInterceptManager( 1875): shouldFilterTask
10-23 09:16:48.592 D/OplusAppListInterceptManager( 1875): shouldFilterTask::packageName = com.android.settings
10-23 09:16:48.592 D/OplusSplitScreenManagerService( 1875): com.android.settings unSupportsSplitScreen by blockList or ForbidActivityList
10-23 09:16:48.593 D/OplusSplitScreenManagerService( 1875): com.android.settings unSupportsSplitScreen by blockList or ForbidActivityList
10-23 09:16:48.593 D/OplusAppListInterceptManager( 1875): shouldFilterTask
10-23 09:16:48.593 D/OplusAppListInterceptManager( 1875): shouldFilterTask::packageName = com.xingin.xhs
10-23 09:16:48.593 D/OplusAppListInterceptManager( 1875): shouldFilterTask
10-23 09:16:48.593 D/OplusAppListInterceptManager( 1875): shouldFilterTask::packageName = com.tencent.mm
10-23 09:16:48.593 D/OplusAppListInterceptManager( 1875): shouldFilterTask
10-23 09:16:48.593 D/OplusAppListInterceptManager( 1875): shouldFilterTask::packageName = org.localsend.localsend_app
10-23 09:16:48.593 D/OplusAppListInterceptManager( 1875): shouldFilterTask
10-23 09:16:48.593 D/OplusAppListInterceptManager( 1875): shouldFilterTask::packageName = com.android.settings
10-23 09:16:48.593 D/OplusSplitScreenManagerService( 1875): com.android.settings unSupportsSplitScreen by blockList or ForbidActivityList
10-23 09:16:48.593 D/OplusAppListInterceptManager( 1875): shouldFilterTask
10-23 09:16:48.593 D/OplusAppListInterceptManager( 1875): shouldFilterTask::packageName = com.luna.music
10-23 09:16:48.593 D/OplusAppListInterceptManager( 1875): shouldFilterTask
10-23 09:16:48.593 D/OplusAppListInterceptManager( 1875): shouldFilterTask::packageName = com.oplus.ota
10-23 09:16:48.593 D/ActivityTaskManager( 1875): after skip size 8
10-23 09:16:48.597 D/ResourcesManagerExtImpl( 7615): applyConfigurationToAppResourcesLocked app.getDisplayId() return callback.displayId:-1
10-23 09:16:48.613 W/ActivityTaskManager( 1875): takeTaskSnapshot: taskId=9950 not found or not visible
10-23 09:16:48.623 D/CompatibilityChangeReporter( 1875): Compat change id reported: 161145287; UID 10080; state: DISABLED
10-23 09:16:48.629 E/OplusCustomizeRestrictionManagerService( 1875): isBiometricDisabled start
10-23 09:16:48.629 E/OplusCustomizeRestrictionManagerService( 1875): isBiometricDisabled start
10-23 09:16:48.636 I/ActivityManager( 1875): Flag disabled. Ignoring finishAttachApplication from uid: 10080. pid: 7615
10-23 09:16:48.643 D/ResourcesManagerExtImpl( 7615): applyConfigurationToAppResourcesLocked app.getDisplayId() return callback.displayId:-1
10-23 09:16:48.643 D/StdIDManager( 1875): stdid call:com.oplus.appdetail,10080,OUID,10082
10-23 09:16:48.676 D/ActivityStarterExtImpl( 1875): setForceUpdateWindow, targetTask = Task{1404c40 #9950 type=standard A=10173:com.android.packageinstaller} r = ActivityRecord{6cfe230 u0 com.oplus.appdetail/.modelv2.parsing.PackageParsingV2Activity notFinish =false
10-23 09:16:48.676 D/FlexibleTaskController( 1875): adjustOptionsForFlexibleTask skip adjust options reason:2
10-23 09:16:48.676 D/FlexibleWindowManager( 1875): no reused task found for ActivityRecord{6cfe230 u0 com.oplus.appdetail/.modelv2.parsing.PackageParsingV2Activity t-1}
10-23 09:16:48.677 D/OplusZoomWindowRUSConfigManager( 1875): isSupportZoomModeWithPolicyLocked: target = com.oplus.appdetail/.modelv2.parsing.PackageParsingV2Activity
10-23 09:16:48.677 D/OplusZoomWindowRUSConfigManager( 1875): targetPkg = com.oplus.appdetail
10-23 09:16:48.677 V/MonthTrafficAlert( 2844): getWarningNotification subId:1 numWarningNotificaion:0
10-23 09:16:48.677 V/TrafficAlert( 2844): getLimitNotification subId:1 ,numLimitNotificaion:0
10-23 09:16:48.680 D/TaskFragmentExtImpl( 1875): add ActivityRecord{6cfe230 u0 com.oplus.appdetail/.modelv2.parsing.PackageParsingV2Activity t9950} to mActivityRecordSum = Counter{ com.oplus.appdetail/.model.entrance.HostCompatibleActivity(1) com.android.packageinstaller/.InstallStart(1) com.oplus.appdetail/.modelv2.parsing.PackageParsingV2Activity(1) }
10-23 09:16:48.681 D/OplusStartingWindowManager( 1875): reviseWindowFlagsForStarting activityRecord =:ActivityRecord{6cfe230 u0 com.oplus.appdetail/.modelv2.parsing.PackageParsingV2Activity t9950}, RUS version:20240710
10-23 09:16:48.681 D/ActivityTaskManager( 1875): validateStartingWindowTheme:  Pkg=com.oplus.appdetail, Translucent=false, Floating=false, ShowWallpaper=false, Disable=false, LaunchSource=4
10-23 09:16:48.681 D/ActivityRecordExtImpl( 1875): handleStartingWindowForCompactWindow origin type:2, adjustType : 2
10-23 09:16:48.681 D/CompatibilityChangeReporter( 1875): Compat change id reported: 261072174; UID 10080; state: DISABLED
10-23 09:16:48.682 D/OplusZoomWindowRUSConfigManager( 1875): isSupportZoomModeWithPolicyLocked: target = com.oplus.appdetail/.modelv2.parsing.PackageParsingV2Activity
10-23 09:16:48.682 D/OplusZoomWindowRUSConfigManager( 1875): targetPkg = com.oplus.appdetail
10-23 09:16:48.683 D/PhoneStartingWindowTypeAlgorithm( 2574): preferredStartingWindowType newTask=false, taskSwitch=false, processRunning=true, allowTaskSnapshot=true, activityCreated=false, isSolidColorSplashScreen=true, legacySplashScreen=false, activityDrawn=false, windowless=false, topIsHome=false
10-23 09:16:48.683 D/OplusShellStartingWindowManager( 2574): getReviseStartingWindowType not support, windowInfo is null
10-23 09:16:48.685 D/ActivityTaskManager( 1875): Clearing startingData for token=null
10-23 09:16:48.686 I/ActivityTaskManager( 1875): START u0 {act=android.intent.action.VIEW flg=0x2000001 cmp=com.oplus.appdetail/.modelv2.parsing.PackageParsingV2Activity (has extras) mCallingUid=10080} with LAUNCH_MULTIPLE from uid 10080 (BAL_ALLOW_VISIBLE_WINDOW) result code=0
10-23 09:16:48.687 D/ActivityTaskManager( 1875): finishIfPossible mOpeningApps remove r=ActivityRecord{43c6207 u0 com.oplus.appdetail/.model.entrance.HostCompatibleActivity t9950 f}}
10-23 09:16:48.688 D/ActivityTaskManager( 1875): Clearing startingData for token=null
10-23 09:16:48.689 D/ActivityThread( 7615): ComponentInfo{com.oplus.appdetail/com.oplus.appdetail.model.entrance.HostCompatibleActivity} checkFinished=true 1
10-23 09:16:48.689 I/Quality ( 7615): Skipped: true 8 cost 74.2646 refreshRate 8312256 bit true processName com.oplus.appdetail
10-23 09:16:48.691 D/VRR [OPlusExternalRefreshRateManager]( 1875): isPkgTfcEnable: pkgName = com.oplus.appdetail, enable = false
10-23 09:16:48.691 D/VRR [OPlusExternalRefreshRateManager]( 1875): getTfcMinFramerate: pkgName = com.oplus.appdetail, min framerate = 0
10-23 09:16:48.691 D/ActivityThread( 7615): ComponentInfo{com.oplus.appdetail/com.oplus.appdetail.model.entrance.HostCompatibleActivity} checkFinished=true 1
10-23 09:16:48.692 D/ActivityTaskManager( 1875): setVisibility(Token{a06815d ActivityRecord{43c6207 u0 com.oplus.appdetail/.model.entrance.HostCompatibleActivity t9950 f}}}, visible=false) defer commitVisibility for transition collecting
10-23 09:16:48.692 D/BatteryStatsImplExtImpl( 1875): pausedBatteryLevel:83 activityFocusedTimeInMin:0
10-23 09:16:48.692 D/ActivityTaskManager( 1875): setVisibility(Token{f90bc2e ActivityRecord{6cfe230 u0 com.oplus.appdetail/.modelv2.parsing.PackageParsingV2Activity t9950}}, visible=true) defer commitVisibility for transition collecting
10-23 09:16:48.692 D/ActivityTaskManager( 1875): setVisibility(Token{91c2779 ActivityRecord{3137b72 u0 com.android.packageinstaller/.InstallStart t9950}}, visible=false) defer commitVisibility for transition collecting
10-23 09:16:48.693 D/ActivityTaskManager( 1875): setVisibility(Token{4b42ecd ActivityRecord{2c6f2ac u0 com.android.launcher/.Launcher t2}}, visible=false) defer commitVisibility for transition collecting
10-23 09:16:48.693 D/WindowManager( 1875): updateOrientation: mLastOrientation = SCREEN_ORIENTATION_NOSENSOR(5) newOrientation = SCREEN_ORIENTATION_NOSENSOR(5) forceUpdate = true LastOrientationSource = ActivityRecord{2c6f2ac u0 com.android.launcher/.Launcher t2}
10-23 09:16:48.693 D/WindowManager( 1875): rotation(ROTATION_0) no changed.
10-23 09:16:48.693 D/ActivityTaskManager( 1875): setVisibility(Token{f90bc2e ActivityRecord{6cfe230 u0 com.oplus.appdetail/.modelv2.parsing.PackageParsingV2Activity t9950}}, visible=true) defer commitVisibility for transition collecting
10-23 09:16:48.694 D/OplusDexOptimizeManager( 1875): Do not in AppLaunchOptList!
10-23 09:16:48.694 D/OplusCameraStartupOptimization( 1875): cameraPreopenIfNeed, r = ActivityRecord{6cfe230 u0 com.oplus.appdetail/.modelv2.parsing.PackageParsingV2Activity t9950}
10-23 09:16:48.694 D/OplusCameraStartupOptimization( 1875): needOptimizeForCamera bNeedOptimize:false clsName: com.oplus.appdetail/.modelv2.parsing.PackageParsingV2Activity
10-23 09:16:48.695 D/ActivityTaskManager( 1875): NFW_setLastResumedActivityUncheckLocked:true r:ActivityRecord{6cfe230 u0 com.oplus.appdetail/.modelv2.parsing.PackageParsingV2Activity t9950} currentFocus:null
10-23 09:16:48.696 D/ActivityTaskManager( 1875): setVisibility(Token{f90bc2e ActivityRecord{6cfe230 u0 com.oplus.appdetail/.modelv2.parsing.PackageParsingV2Activity t9950}}, visible=true) defer commitVisibility for transition collecting
10-23 09:16:48.698 D/ActivityTaskManager( 1875): Clearing startingData for token=null
10-23 09:16:48.699 D/ActivityTaskManager( 1875): Clearing startingData for token=null
10-23 09:16:48.700 D/ResourcesManagerExtImpl( 7615): applyConfigurationToAppResourcesLocked app.getDisplayId() return callback.displayId:-1
10-23 09:16:48.700 D/StdIDManager( 1875): stdid call:com.oplus.appdetail,10080,OUID,10082
10-23 09:16:48.704 D/OplusBatteryManager( 1875): getPsyBatteryRm: 2742
10-23 09:16:48.704 D/BatteryStatsImplExtImpl( 1875): resumedUid:10080 resumedBatteryLevel:83  resumedPackage:com.oplus.appdetail  resumedBatteryRealtimeCapacity:2742
10-23 09:16:48.709 D/ActivityTaskManager( 1875): Requested Orientation r = ActivityRecord{6cfe230 u0 com.oplus.appdetail/.modelv2.parsing.PackageParsingV2Activity t9950}, requestedOrientation = SCREEN_ORIENTATION_PORTRAIT (1)
10-23 09:16:48.709 D/WindowManager( 1875): updateOrientation: mLastOrientation = SCREEN_ORIENTATION_NOSENSOR(5) newOrientation = SCREEN_ORIENTATION_PORTRAIT(1) forceUpdate = false LastOrientationSource = ActivityRecord{6cfe230 u0 com.oplus.appdetail/.modelv2.parsing.PackageParsingV2Activity t9950}
10-23 09:16:48.709 D/WindowManager( 1875): rotation(ROTATION_0) no changed.
10-23 09:16:48.715 E/OplusCustomizeRestrictionManager( 7615): sInstance is null, start a new sInstance
10-23 09:16:48.716 D/StdIDManager( 1875): stdid call:com.oplus.appdetail,10080,OUID,10082
10-23 09:16:48.716 D/ActivityTaskManager( 1875): Clearing startingData for token=null
10-23 09:16:48.728 D/ActivityThread( 7615): ComponentInfo{com.oplus.appdetail/com.oplus.appdetail.modelv2.parsing.PackageParsingV2Activity} checkFinished=false 2
10-23 09:16:48.728 D/ResourcesManagerExtImpl( 7615): applyConfigurationToAppResourcesLocked app.getDisplayId() return callback.displayId:-1
10-23 09:16:48.729 D/OplusInputMethodUtil( 7615): init sDebug to false, init sDebugIme to false, init sAlwaysOn to false
10-23 09:16:48.729 D/OplusInputMethodUtil( 7615): updateDebugToClass InputMethodManager.DEBUG = false
10-23 09:16:48.729 D/OplusInputMethodUtil( 7615): updateDebugToClass ImeFocusController.DEBUG = false
10-23 09:16:48.729 D/OplusInputMethodUtil( 7615): updateDebugToClass BaseInputConnection.DEBUG = false
10-23 09:16:48.753 I/WindowManager( 1875): addWindow: New client android.os.BinderProxy@7a22753 : window=Window{5383890 u0 com.oplus.appdetail/com.oplus.appdetail.modelv2.parsing.PackageParsingV2Activity}
10-23 09:16:48.755 D/ResourcesManagerExtImpl( 7615): applyConfigurationToAppResourcesLocked app.getDisplayId() return callback.displayId:-1
10-23 09:16:48.755 I/Quality ( 7615): Skipped: false 3 cost 26.655617 refreshRate 8309348 bit true processName com.oplus.appdetail
10-23 09:16:48.756 D/CoreBackPreview( 1875): Window{5383890 u0 com.oplus.appdetail/com.oplus.appdetail.modelv2.parsing.PackageParsingV2Activity}: Setting back callback OnBackInvokedCallbackInfo{mCallback=android.window.IOnBackInvokedCallback$Stub$Proxy@511e98e, mPriority=0, mIsAnimationCallback=false}
10-23 09:16:48.757 D/WindowManagerServiceExtImpl( 1875): extractConfigInfoAndRealFlags rotation=0, screenDp=320, win=Window{5383890 u0 com.oplus.appdetail/com.oplus.appdetail.modelv2.parsing.PackageParsingV2Activity}
10-23 09:16:48.758 V/WindowManager( 1875): Relayout Window{5383890 u0 com.oplus.appdetail/com.oplus.appdetail.modelv2.parsing.PackageParsingV2Activity}: viewVisibility=0, oldvis=4, req=1080x2412, vsysui=LAYOUT_STABLE LAYOUT_FULLSCREEN
10-23 09:16:48.758 I/WindowManager( 1875): Window{5383890 u0 com.oplus.appdetail/com.oplus.appdetail.modelv2.parsing.PackageParsingV2Activity} state from NO_SURFACE to DRAW_PENDING; reason: resetDrawState
10-23 09:16:48.759 D/ActivityTaskManager( 1875): Clearing startingData for token=null
10-23 09:16:48.761 V/WindowManager( 1875): Changing focus from null to Window{5383890 u0 com.oplus.appdetail/com.oplus.appdetail.modelv2.parsing.PackageParsingV2Activity},diplayid=0
10-23 09:16:48.764 D/VRI[PackageParsingV2Activity]( 7615): relayoutWindow result, sizeChanged:true, surfaceControlChanged:true, transformHintChanged:true, mSurfaceSize:Point(1080, 2412), mLastSurfaceSize:Point(0, 0), mWidth:-1, mHeight:-1, requestedWidth:1080, requestedHeight:2412, transformHint:0, lastTransformHint:-2147483648, installOrientation:0, displayRotation:0, isSurfaceValid:true, attr.flag:-2122252032, useBlast:true, tmpFrames:ClientWindowFrames{frame=[0,0][1080,2412] display=[0,0][1080,2412] parentFrame=[0,0][0,0]}
10-23 09:16:48.764 W/VRI[PackageParsingV2Activity]( 7615): updateBlastSurfaceIfNeeded, surfaceSize:Point(1080, 2412), lastSurfaceSize:Point(0, 0), format:-1, blastBufferQueue:null
10-23 09:16:48.767 D/ActivityTaskManager( 1875): Clearing startingData for token=null
10-23 09:16:48.769 D/ActivityTaskManager( 1875): Clearing startingData for token=null
10-23 09:16:48.801 D/OplusAppListInterceptManager( 1875): shouldFilterTask
10-23 09:16:48.801 D/OplusAppListInterceptManager( 1875): shouldFilterTask::packageName = com.android.packageinstaller
10-23 09:16:48.801 D/ActivityTaskManager( 1875): Skipping, invisible task: Task{6a94c64 #2 type=home I=com.android.launcher/.Launcher}
10-23 09:16:48.801 D/OplusAppListInterceptManager( 1875): shouldFilterTask
10-23 09:16:48.801 D/OplusAppListInterceptManager( 1875): shouldFilterTask::packageName = com.android.settings
10-23 09:16:48.801 D/OplusSplitScreenManagerService( 1875): com.android.settings unSupportsSplitScreen by blockList or ForbidActivityList
10-23 09:16:48.801 D/OplusSplitScreenManagerService( 1875): com.android.settings unSupportsSplitScreen by blockList or ForbidActivityList
10-23 09:16:48.801 D/OplusAppListInterceptManager( 1875): shouldFilterTask
10-23 09:16:48.801 D/OplusAppListInterceptManager( 1875): shouldFilterTask::packageName = com.xingin.xhs
10-23 09:16:48.801 D/OplusAppListInterceptManager( 1875): shouldFilterTask
10-23 09:16:48.801 D/OplusAppListInterceptManager( 1875): shouldFilterTask::packageName = com.tencent.mm
10-23 09:16:48.801 D/OplusAppListInterceptManager( 1875): shouldFilterTask
10-23 09:16:48.801 D/OplusAppListInterceptManager( 1875): shouldFilterTask::packageName = org.localsend.localsend_app
10-23 09:16:48.801 D/OplusAppListInterceptManager( 1875): shouldFilterTask
10-23 09:16:48.801 D/OplusAppListInterceptManager( 1875): shouldFilterTask::packageName = com.android.settings
10-23 09:16:48.801 D/OplusSplitScreenManagerService( 1875): com.android.settings unSupportsSplitScreen by blockList or ForbidActivityList
10-23 09:16:48.801 D/OplusAppListInterceptManager( 1875): shouldFilterTask
10-23 09:16:48.801 D/OplusAppListInterceptManager( 1875): shouldFilterTask::packageName = com.luna.music
10-23 09:16:48.801 D/OplusAppListInterceptManager( 1875): shouldFilterTask
10-23 09:16:48.801 D/OplusAppListInterceptManager( 1875): shouldFilterTask::packageName = com.oplus.ota
10-23 09:16:48.802 D/ActivityTaskManager( 1875): after skip size 8
10-23 09:16:48.808 D/OplusTransitionController( 1875): onSyncFinishedDrawing, Window{5383890 u0 com.oplus.appdetail/com.oplus.appdetail.modelv2.parsing.PackageParsingV2Activity}
10-23 09:16:48.808 I/WindowManager( 1875): finishDrawing skipLayout:false Window{5383890 u0 com.oplus.appdetail/com.oplus.appdetail.modelv2.parsing.PackageParsingV2Activity} com.android.server.wm.WindowManagerService.finishDrawingWindow:2972 com.android.server.wm.Session.finishDrawing:311 android.view.IWindowSession$Stub.onTransact:779 
10-23 09:16:48.808 I/WindowManager( 1875): Window{5383890 u0 com.oplus.appdetail/com.oplus.appdetail.modelv2.parsing.PackageParsingV2Activity} state from DRAW_PENDING to COMMIT_DRAW_PENDING; reason: finishDrawingLocked
10-23 09:16:48.808 D/OplusTransitionAnimationManager( 1875): skipFinishDrawingIfNeed clientRotation=0, currentRotation=0, hasFixedRotationApp=false, requestedOrientation=1, win=Window{5383890 u0 com.oplus.appdetail/com.oplus.appdetail.modelv2.parsing.PackageParsingV2Activity}, activity=ActivityRecord{6cfe230 u0 com.oplus.appdetail/.modelv2.parsing.PackageParsingV2Activity t9950}, currentConfig={1.15 ??mcc??mnc [zh_CN,en_US] ldltr sw320dp w320dp h642dp 540dpi nrml long widecg port night finger -keyb/v/h -nav/h winConfig={ mBounds=Rect(0, 0 - 1080, 2412) mAppBounds=Rect(0, 96 - 1080, 2263) mMaxBounds=Rect(0, 0 - 1080, 2412) mDisplayRotation=ROTATION_0 mWindowingMode=fullscreen mDisplayWindowingMode=fullscreen mActivityType=standard mAlwaysOnTop=undefined mRotation=ROTATION_0} s.1 fontWeightAdjustment=0mThemeChanged= 0, mThemeChangedFlags= 0, mFlipFont= 0, mScenario= -1, mAccessibleChanged= -1, mUxIconConfig= 3468921665126662176, mMaterialColor= 2, mUserId= 0, mFontUserId= 0, mFontVariationSettings= 1226, mFoldingAngle = -1.0, mIconPackName= , mDarkModeBackgroundMaxL= 8.0, mDarkModeDialogBgMaxL= 27.0, mDarkModeForegroundMinL= 100.0, mOplusConfigType= 1, mOplusChangedConfigs= 0, OpSans= -1, mBurmeseFontFlag= 2, mFlag= 0, mFlexibleActivitySuitable= -1, mPuttDisplayFlag= -1}
10-23 09:16:48.809 W/VRI[PackageParsingV2Activity]( 7615): handleResized, msg:5, frameChanged:false, configChanged:false, displayChanged:false, attachedFrameChanged:false, compatScaleChanged:false, pendingDragResizing=false
10-23 09:16:48.809 I/Quality ( 7615): Skipped: false 4 cost 36.30982 refreshRate 8309277 bit true processName com.oplus.appdetail
10-23 09:16:48.812 I/WindowManager( 1875): Window{5383890 u0 com.oplus.appdetail/com.oplus.appdetail.modelv2.parsing.PackageParsingV2Activity} state from COMMIT_DRAW_PENDING to READY_TO_SHOW; reason: commitFinishDrawingLocked
10-23 09:16:48.812 D/ActivityTaskManager( 1875): Clearing startingData for token=ActivityRecord{6cfe230 u0 com.oplus.appdetail/.modelv2.parsing.PackageParsingV2Activity t9950}
10-23 09:16:48.813 D/ActivityTaskManager( 1875): Clearing startingData for token=null
10-23 09:16:48.816 D/ActivityTaskManager( 1875): Clearing startingData for token=null
10-23 09:16:48.816 I/WindowManager( 1875): Window{5383890 u0 com.oplus.appdetail/com.oplus.appdetail.modelv2.parsing.PackageParsingV2Activity} state from READY_TO_SHOW to HAS_DRAWN; reason: performShowLocked
10-23 09:16:48.819 D/OplusTransitionAnimationManager( 1875): Transition replace type from OPEN to OPEN, mNextAppTransitionRequests : [1, 1, 1, 1]
10-23 09:16:48.819 D/OplusFlexibleActivityTransitionManager( 1875): fixTransitType type result:1, targets: [Task{1404c40 #9950 type=standard A=10173:com.android.packageinstaller}, Task{77257a0 #1 type=home}]
10-23 09:16:48.822 D/OplusTransitionController( 1875): onTransactionReady, syncId: 618, 
10-23 09:16:48.822 D/OplusTransitionController( 1875):  info: {id=618 t=OPEN f=0x0 trk=0 r=[0@Point(0, 0)] c=[{WCT{RemoteToken{6f289a8 Task{1404c40 #9950 type=standard A=10173:com.android.packageinstaller}}} m=OPEN f=NONE leash=Surface(name=Task=9950)/@0xb25fcc1 sb=Rect(0, 0 - 1080, 2412) eb=Rect(0, 0 - 1080, 2412) d=0},{WCT{RemoteToken{fb1c989 Task{77257a0 #1 type=home}}} m=TO_BACK f=SHOW_WALLPAPER leash=Surface(name=Task=1)/@0x7875f80 sb=Rect(0, 0 - 1080, 2412) eb=Rect(0, 0 - 1080, 2412) d=0}]}, 
10-23 09:16:48.822 D/OplusTransitionController( 1875):  targets : [Task{1404c40 #9950 type=standard A=10173:com.android.packageinstaller}, Task{77257a0 #1 type=home}]
10-23 09:16:48.822 D/OplusTransitionAnimationManager( 1875): mOpeningTasks add Task{1404c40 #9950 type=standard A=10173:com.android.packageinstaller}
10-23 09:16:48.822 D/OplusTransitionAnimationManager( 1875): mOpeningTasks add Task{77257a0 #1 type=home}
10-23 09:16:48.822 W/WindowManager( 1875): captureTaskSnapshot mSnapshotMode= 2
10-23 09:16:48.825 V/WindowManager( 1875): Sent Transition #618 createdAt=10-23 09:16:48.370 via request=TransitionRequestInfo { type = OPEN, triggerTask = TaskInfo{userId=0 taskId=9950 displayId=0 isRunning=true baseIntent=Intent { act=android.intent.action.VIEW dat=content://com.oppo.packageinstaller.fileprovider/... typ=application/vnd.android.package-archive flg=0x10800000 cmp=com.android.packageinstaller/.InstallStart mCallingUid=10173 } baseActivity=ComponentInfo{com.android.packageinstaller/com.android.packageinstaller.InstallStart} topActivity=ComponentInfo{com.android.packageinstaller/com.android.packageinstaller.InstallStart} origActivity=null realActivity=ComponentInfo{com.android.packageinstaller/com.android.packageinstaller.InstallStart} numActivities=1 lastActiveTime=111387647 supportsSplitScreenMultiWindow=false supportsMultiWindow=false supportsPocketStudioMultiWindow=true isInFlexibleEmbedded = false uid = 10173 pid = 0 resizeMode=0 isResizeable=false minWidth=-1 minHeight=-1 defaultMinSize=220 token=WCT{RemoteToken{6f289a8 Task{1404c40 #9950 type=standard A=10173:com.android.packageinstaller}}} topActivityType=1 pictureInPictureParams=null shouldDockBigOverlays=false launchIntoPipHostTaskId=-1 lastParentTaskIdBeforePip=-1 displayCutoutSafeInsets=Rect(0, 96 - 0, 0) topActivityInfo=ActivityInfo{289bfba com.android.packageinstaller.InstallStart} launchCookies=[] positionInParent=Point(0, 0) parentTaskId=-1 isFocused=false isVisible=false isVisibleRequested=false isSleeping=false topActivityInSizeCompat=false topActivityInOplusCompatMode=false topActivityEligibleForLetterboxEducation= false topActivityLetterboxed= false isFromDoubleTap= false topActivityLetterboxVerticalPosition= -1 topActivityLetterboxHorizontalPosition= -1 topActivityLetterboxWidth=-1 topActivityLetterboxHeight=-1 locusId=null displayAreaFeatureId=1 cameraCompatControlState=hidden locusId= null topActivityLetterboxInsets=Rect(0, 0 - 0, 0)}, remoteTransition = null, displayChange = null }
10-23 09:16:48.825 V/WindowManagerShell( 2574): onTransitionReady android.os.BinderProxy@eb63f3: {id=618 t=OPEN f=0x0 trk=0 r=[0@Point(0, 0)] c=[{WCT{android.window.IWindowContainerToken$Stub$Proxy@a4d7d86} m=OPEN f=NONE leash=Surface(name=Task=9950)/@0xd4d5e6b sb=Rect(0, 0 - 1080, 2412) eb=Rect(0, 0 - 1080, 2412) d=0},{WCT{android.window.IWindowContainerToken$Stub$Proxy@ae17647} m=TO_BACK f=SHOW_WALLPAPER leash=Surface(name=Task=1)/@0xe77fdc8 sb=Rect(0, 0 - 1080, 2412) eb=Rect(0, 0 - 1080, 2412) d=0}]}
10-23 09:16:48.825 V/WindowManager( 1875):     startWCT=WindowContainerTransaction { changes = {} hops = [] errorCallbackToken=null taskFragmentOrganizer=null }
10-23 09:16:48.825 V/WindowManager( 1875):     info={id=618 t=OPEN f=0x0 trk=0 r=[0@Point(0, 0)] c=[{WCT{RemoteToken{6f289a8 Task{1404c40 #9950 type=standard A=10173:com.android.packageinstaller}}} m=OPEN f=NONE leash=Surface(name=Task=9950)/@0xb25fcc1 sb=Rect(0, 0 - 1080, 2412) eb=Rect(0, 0 - 1080, 2412) d=0},{WCT{RemoteToken{fb1c989 Task{77257a0 #1 type=home}}} m=TO_BACK f=SHOW_WALLPAPER leash=Surface(name=Task=1)/@0x7875f80 sb=Rect(0, 0 - 1080, 2412) eb=Rect(0, 0 - 1080, 2412) d=0}]}
10-23 09:16:48.825 V/WindowManagerShell( 2574): Playing animation for (#618)android.os.BinderProxy@eb63f3@0
10-23 09:16:48.825 V/WindowManagerShell( 2574):  try handler com.oplus.zoom.transition.ZoomTransitionController@2cda602
10-23 09:16:48.825 V/WindowManagerShell( 2574):  try handler com.android.wm.shell.transition.DefaultMixedHandler@1b07b13
10-23 09:16:48.825 V/WindowManagerShell( 2574):  try handler com.android.wm.shell.keyguard.KeyguardTransitionHandler@ed8d62f
10-23 09:16:48.825 V/WindowManagerShell( 2574):  try handler com.android.wm.shell.activityembedding.ActivityEmbeddingController@aefb43c
10-23 09:16:48.825 V/WindowManagerShell( 2574):  try handler com.android.wm.shell.recents.RecentsTransitionHandler@36235c5
10-23 09:16:48.825 V/WindowManagerShell( 2574): RecentsTransitionHandler.startAnimation: no controller found
10-23 09:16:48.825 V/WindowManagerShell( 2574):  try handler com.android.wm.shell.pip.PipTransition@8911b1a
10-23 09:16:48.825 V/WindowManagerShell( 2574):  try handler com.android.wm.shell.splitscreen.StageCoordinator@c26a64b
10-23 09:16:48.825 V/WindowManagerShell( 2574):  try handler com.oplus.flexibleactivity.FlexibleActivityTransitionHandler@c21d828
10-23 09:16:48.825 V/WindowManagerShell( 2574):  try handler OnePuttTransitionHandler
10-23 09:16:48.825 V/WindowManagerShell( 2574):  try handler com.android.wm.shell.transition.RemoteTransitionHandler@f551101
10-23 09:16:48.825 V/WindowManagerShell( 2574): Transition doesn't have explicit remote, search filters for match for {id=618 t=OPEN f=0x0 trk=0 r=[0@Point(0, 0)] c=[{WCT{android.window.IWindowContainerToken$Stub$Proxy@a4d7d86} m=OPEN f=NONE leash=Surface(name=Task=9950)/@0xd4d5e6b sb=Rect(0, 0 - 1080, 2412) eb=Rect(0, 0 - 1080, 2412) d=0},{WCT{android.window.IWindowContainerToken$Stub$Proxy@ae17647} m=TO_BACK f=SHOW_WALLPAPER leash=Surface(name=Task=1)/@0xe77fdc8 sb=Rect(0, 0 - 1080, 2412) eb=Rect(0, 0 - 1080, 2412) d=0}]}
10-23 09:16:48.825 V/WindowManagerShell( 2574):  Checking filter Pair{{types=[] flags=0x0] notFlags=0x100 checks=[{atype=home independent=true modes=[OPEN,TO_FRONT] flags=NONE mustBeTask=false order=TOP topActivity=ComponentInfo{com.android.launcher/com.android.launcher.Launcher}},{atype=standard independent=true modes=[CLOSE,TO_BACK] flags=NONE mustBeTask=false order=ANY topActivity=null}]} RemoteTransition { remoteTransition = android.window.IRemoteTransition$Stub$Proxy@fd04ed4, appThread = android.app.IApplicationThread$Stub$Proxy@fae587d, debugName = QuickstepLaunchHome }}
10-23 09:16:48.825 V/WindowManagerShell( 2574):  Delegate animation for #618 to null
10-23 09:16:48.825 V/WindowManagerShell( 2574):  try handler com.android.wm.shell.transition.DefaultTransitionHandler@9dff372
10-23 09:16:48.825 V/WindowManagerShell( 2574): start default transition animation, info = {id=618 t=OPEN f=0x0 trk=0 r=[0@Point(0, 0)] c=[{WCT{android.window.IWindowContainerToken$Stub$Proxy@a4d7d86} m=OPEN f=NONE leash=Surface(name=Task=9950)/@0xd4d5e6b sb=Rect(0, 0 - 1080, 2412) eb=Rect(0, 0 - 1080, 2412) d=0},{WCT{android.window.IWindowContainerToken$Stub$Proxy@ae17647} m=TO_BACK f=SHOW_WALLPAPER leash=Surface(name=Task=1)/@0xe77fdc8 sb=Rect(0, 0 - 1080, 2412) eb=Rect(0, 0 - 1080, 2412) d=0}]}
10-23 09:16:48.826 D/ActivityTaskManager( 1875): Clearing startingData for token=null
10-23 09:16:48.829 D/OplusFlexibleWindowMinimizedManagerHelper( 1875): onTaskAppered taskInfo:9950
10-23 09:16:48.830 D/ActivityTaskManager( 1875): Clearing startingData for token=null
10-23 09:16:48.830 D/ActivityTaskManager( 1875): Clearing startingData for token=null
10-23 09:16:48.831 V/WindowManagerShell( 2574):  animated by com.android.wm.shell.transition.DefaultTransitionHandler@9dff372
10-23 09:16:48.831 D/ShellTaskOrganizer( 2574): dispatchTaskEventToClientIfNeed, eventType:0, taskInfo:TaskInfo{userId=0 taskId=9950 displayId=0 isRunning=true baseIntent=Intent { act=android.intent.action.VIEW dat=content://com.oppo.packageinstaller.fileprovider/... typ=application/vnd.android.package-archive flg=0x10800000 cmp=com.android.packageinstaller/.InstallStart mCallingUid=10173 } baseActivity=ComponentInfo{com.android.packageinstaller/com.android.packageinstaller.InstallStart} topActivity=ComponentInfo{com.oplus.appdetail/com.oplus.appdetail.modelv2.parsing.PackageParsingV2Activity} origActivity=null realActivity=ComponentInfo{com.android.packageinstaller/com.android.packageinstaller.InstallStart} numActivities=2 lastActiveTime=111387963 supportsSplitScreenMultiWindow=false supportsMultiWindow=false supportsPocketStudioMultiWindow=true isInFlexibleEmbedded = false uid = 10080 pid = 7615 resizeMode=0 isResizeable=false minWidth=-1 minHeight=-1 defaultMinSize=220 token=WCT{android.window.IWindowContainerToken$Stub$Proxy@33a71d1} topActivityType=1 pictureInPictureParams=null shouldDockBigOverlays=false launchIntoPipHostTaskId=-1 lastParentTaskIdBeforePip=-1 displayCutoutSafeInsets=Rect(0, 96 - 0, 0) topActivityInfo=ActivityInfo{7365436 com.oplus.appdetail.modelv2.parsing.PackageParsingV2Activity} launchCookies=[] positionInParent=Point(0, 0) parentTaskId=-1 isFocused=true isVisible=true isVisibleRequested=true isSleeping=false topActivityInSizeCompat=false topActivityInOplusCompatMode=false topActivityEligibleForLetterboxEducation= false topActivityLetterboxed= false isFromDoubleTap= false topActivityLetterboxVerticalPosition= -1 topActivityLetterboxHorizontalPosition= -1 topActivityLetterboxWidth=-1 topActivityLetterboxHeight=-1 locusId=null displayAreaFeatureId=1 cameraCompatControlState=hidden locusId= null topActivityLetterboxInsets=Rect(0, 0 - 0, 0)}, leash:Surface(name=Task=9950)/@0x70a68f8
10-23 09:16:48.833 D/OplusTransitionAnimationManager( 1875): skipFinishDrawingIfNeed clientRotation=0, currentRotation=0, hasFixedRotationApp=false, requestedOrientation=1, win=Window{5383890 u0 com.oplus.appdetail/com.oplus.appdetail.modelv2.parsing.PackageParsingV2Activity}, activity=ActivityRecord{6cfe230 u0 com.oplus.appdetail/.modelv2.parsing.PackageParsingV2Activity t9950}, currentConfig={1.15 ??mcc??mnc [zh_CN,en_US] ldltr sw320dp w320dp h642dp 540dpi nrml long widecg port night finger -keyb/v/h -nav/h winConfig={ mBounds=Rect(0, 0 - 1080, 2412) mAppBounds=Rect(0, 96 - 1080, 2263) mMaxBounds=Rect(0, 0 - 1080, 2412) mDisplayRotation=ROTATION_0 mWindowingMode=fullscreen mDisplayWindowingMode=fullscreen mActivityType=standard mAlwaysOnTop=undefined mRotation=ROTATION_0} s.1 fontWeightAdjustment=0mThemeChanged= 0, mThemeChangedFlags= 0, mFlipFont= 0, mScenario= -1, mAccessibleChanged= -1, mUxIconConfig= 3468921665126662176, mMaterialColor= 2, mUserId= 0, mFontUserId= 0, mFontVariationSettings= 1226, mFoldingAngle = -1.0, mIconPackName= , mDarkModeBackgroundMaxL= 8.0, mDarkModeDialogBgMaxL= 27.0, mDarkModeForegroundMinL= 100.0, mOplusConfigType= 1, mOplusChangedConfigs= 0, OpSans= -1, mBurmeseFontFlag= 2, mFlag= 0, mFlexibleActivitySuitable= -1, mPuttDisplayFlag= -1}
10-23 09:16:48.836 D/ActivityTaskManager( 1875): Clearing startingData for token=null
10-23 09:16:48.837 D/ActivityTaskManager( 1875): Clearing startingData for token=null
10-23 09:16:48.839 D/TaskSnapshotControllerExtImpl( 1875): createTaskSnapshot isCompatMode:false, isCompactWindow:false
10-23 09:16:48.844 D/ActivityTaskManager( 1875): Clearing startingData for token=null
10-23 09:16:48.858 D/CompatibilityChangeReporter( 1875): Compat change id reported: 214016041; UID 10080; state: DISABLED
10-23 09:16:48.858 D/InputMethodManagerService( 1875): isSecurity: attribute.packageName = com.oplus.appdetail mCurMethodId = com.tencent.wetype/.plugin.hld.WxHldService isSecurity = false ( enable = true needShow = false inBlackList = false isExist = true )
10-23 09:16:48.870 D/ActivityTaskManager( 1875): Clearing startingData for token=null
10-23 09:16:48.876 D/ActivityTaskManager( 1875): Clearing startingData for token=null
10-23 09:16:49.091 V/WindowManagerShell( 2574): Transition animation finished (aborted=false), notifying core (#618)android.os.BinderProxy@eb63f3@0
10-23 09:16:49.092 I/OplusAppSwitchManagerService( 1875):  handleAppVisible , r = ActivityRecord{6cfe230 u0 com.oplus.appdetail/.modelv2.parsing.PackageParsingV2Activity t9950}
10-23 09:16:49.093 D/OplusTransitionController( 1875): finishTransition, transition: TransitionRecord{6e7a03b id=618 type=OPEN flags=0x0}
10-23 09:16:49.093 D/OplusTransitionAnimationManager( 1875): commitVisibilityWhenFinishTransition type=1, ar.isVisibleRequested=false, ar.isVisible=false, ar.isVisibleRequested=false, ar=ActivityRecord{2c6f2ac u0 com.android.launcher/.Launcher t2} ar type 2 ar state :PAUSED displayid :0, participants={Task{1404c40 #9950 type=standard A=10173:com.android.packageinstaller}, ActivityRecord{2c6f2ac u0 com.android.launcher/.Launcher t2}, ActivityRecord{3137b72 u0 com.android.packageinstaller/.InstallStart t9950}, ActivityRecord{43c6207 u0 com.oplus.appdetail/.model.entrance.HostCompatibleActivity t9950 f}}, ActivityRecord{6cfe230 u0 com.oplus.appdetail/.modelv2.parsing.PackageParsingV2Activity t9950}, WallpaperWindowToken{d8a1ffa token=android.os.Binder@6fac225}}
10-23 09:16:49.093 D/OplusTransitionAnimationManager( 1875): commitVisibilityWhenFinishTransition type=1, ar.isVisibleRequested=false, ar.isVisible=false, ar.isVisibleRequested=false, ar=ActivityRecord{3137b72 u0 com.android.packageinstaller/.InstallStart t9950} ar type 1 ar state :PAUSED displayid :0, participants={Task{1404c40 #9950 type=standard A=10173:com.android.packageinstaller}, ActivityRecord{2c6f2ac u0 com.android.launcher/.Launcher t2}, ActivityRecord{3137b72 u0 com.android.packageinstaller/.InstallStart t9950}, ActivityRecord{43c6207 u0 com.oplus.appdetail/.model.entrance.HostCompatibleActivity t9950 f}}, ActivityRecord{6cfe230 u0 com.oplus.appdetail/.modelv2.parsing.PackageParsingV2Activity t9950}, WallpaperWindowToken{d8a1ffa token=android.os.Binder@6fac225}}
