10-23 09:12:25.127 D/OplusFlexibleWindowMinimizedManagerHelper( 1875): onTaskInfoChanged taskInfo:TaskInfo{userId=0 taskId=1 displayId=0 isRunning=true baseIntent=Intent { act=android.intent.action.MAIN cat=[android.intent.category.HOME] flg=0x10000100 cmp=com.android.launcher/.Launcher mCallingUid=1000 } baseActivity=ComponentInfo{com.android.launcher/com.android.launcher.Launcher} topActivity=ComponentInfo{com.android.launcher/com.android.launcher.Launcher} origActivity=null realActivity=null numActivities=1 lastActiveTime=17750 supportsSplitScreenMultiWindow=false supportsMultiWindow=true supportsPocketStudioMultiWindow=true isInFlexibleEmbedded = false uid = 10172 pid = 2629 resizeMode=2 isResizeable=true minWidth=-1 minHeight=-1 defaultMinSize=220 token=WCT{RemoteToken{fb1c989 Task{77257a0 #1 type=home}}} topActivityType=2 pictureInPictureParams=null shouldDockBigOverlays=false launchIntoPipHostTaskId=-1 lastParentTaskIdBeforePip=-1 displayCutoutSafeInsets=null topActivityInfo=ActivityInfo{4cfbf03 com.android.launcher.Launcher} launchCookies=[] positionInParent=Point(0, 0) parentTaskId=-1 isFocused=true isVisible=true isVisibleRequested=true isSleeping=false topActivityInSizeCompat=false topActivityInOplusCompatMode=false topActivityEligibleForLetterboxEducation= false topActivityLetterboxed= false isFromDoubleTap= false topActivityLetterboxVerticalPosition= -1 topActivityLetterboxHorizontalPosition= -1 topActivityLetterboxWidth=-1 topActivityLetterboxHeight=-1 locusId=LocusId[17_chars] displayAreaFeatureId=1 cameraCompatControlState=hidden locusId= LocusId[17_chars] topActivityLetterboxInsets=Rect(0, 0 - 0, 0)} task:Task{77257a0 #1 type=home}
10-23 09:12:25.130 V/WindowManagerShell( 2574):  animated by com.android.wm.shell.transition.RemoteTransitionHandler@f551101
10-23 09:12:25.131 D/ShellTaskOrganizer( 2574): dispatchTaskEventToClientIfNeed, eventType:2, taskInfo:TaskInfo{userId=0 taskId=1 displayId=0 isRunning=true baseIntent=Intent { act=android.intent.action.MAIN cat=[android.intent.category.HOME] flg=0x10000100 cmp=com.android.launcher/.Launcher mCallingUid=1000 } baseActivity=ComponentInfo{com.android.launcher/com.android.launcher.Launcher} topActivity=ComponentInfo{com.android.launcher/com.android.launcher.Launcher} origActivity=null realActivity=null numActivities=1 lastActiveTime=17750 supportsSplitScreenMultiWindow=false supportsMultiWindow=true supportsPocketStudioMultiWindow=true isInFlexibleEmbedded = false uid = 10172 pid = 2629 resizeMode=2 isResizeable=true minWidth=-1 minHeight=-1 defaultMinSize=220 token=WCT{android.window.IWindowContainerToken$Stub$Proxy@53df99b} topActivityType=2 pictureInPictureParams=null shouldDockBigOverlays=false launchIntoPipHostTaskId=-1 lastParentTaskIdBeforePip=-1 displayCutoutSafeInsets=null topActivityInfo=ActivityInfo{652b138 com.android.launcher.Launcher} launchCookies=[] positionInParent=Point(0, 0) parentTaskId=-1 isFocused=true isVisible=true isVisibleRequested=true isSleeping=false topActivityInSizeCompat=false topActivityInOplusCompatMode=false topActivityEligibleForLetterboxEducation= false topActivityLetterboxed= false isFromDoubleTap= false topActivityLetterboxVerticalPosition= -1 topActivityLetterboxHorizontalPosition= -1 topActivityLetterboxWidth=-1 topActivityLetterboxHeight=-1 locusId=LocusId[17_chars] displayAreaFeatureId=1 cameraCompatControlState=hidden locusId= LocusId[17_chars] topActivityLetterboxInsets=Rect(0, 0 - 0, 0)}, leash:null
10-23 09:12:25.135 D/ActivityTaskManager( 1875): Clearing startingData for token=null
10-23 09:12:25.135 D/BatteryStatsImplExtImpl( 1875): pausedBatteryLevel:84 activityFocusedTimeInMin:13
10-23 09:12:25.141 D/OplusBatteryManager( 1875): getPsyBatteryRm: 2764
10-23 09:12:25.141 D/BatteryStatsImplExtImpl( 1875): resumedUid:10172 resumedBatteryLevel:84  resumedPackage:com.android.launcher  resumedBatteryRealtimeCapacity:2764
10-23 09:12:25.142 D/DisplayManagerServiceExtImpl( 1875): scheduleTraversalLocked intraversal=false
10-23 09:12:25.158 I/Quality ( 2629): Skipped: false 1 cost 16.26255 refreshRate 8371640 bit true processName com.android.launcher
10-23 09:12:25.160 D/DisplayManagerService( 1875): MSG_REQUEST_TRAVERSAL pendingCompleted=false
10-23 09:12:25.163 D/DisplayManagerService( 1875): performTraversalInternal pendingTraversal
10-23 09:12:25.163 D/DisplayDevice( 1875): setLayerStackLocked id=local:4627039422300187648 token=android.os.BinderProxy@f26bdc8 stack=0->0
10-23 09:12:25.163 D/DisplayDevice( 1875): setLayerStackLocked id=virtual:com.android.shell,2000,scrcpy,0 token=android.os.BinderProxy@8396532 stack=5->5
10-23 09:12:25.164 D/InputMethodManagerService( 1875): isSecurity: attribute.packageName = com.android.launcher mCurMethodId = com.tencent.wetype/.plugin.hld.WxHldService isSecurity = false ( enable = true needShow = false inBlackList = false isExist = true )
10-23 09:12:25.180 D/LocalDisplayAdapter( 1875): setDesiredDisplayModeSpecsAsync: display unique id = local:4627039422300187648, display mode specs = defaultMode=1 allowGroupSwitching=false primaryRanges=physical: (0.0 Infinity) render:  (0.0 120.00001) appRequestRanges=physical: (0.0 Infinity) render:  (0.0 120.00001)
10-23 09:12:25.215 W/VRI[Launcher]( 2629): handleResized abandoned!
10-23 09:12:25.230 W/VRI[StatusBar]( 2574): handleResized abandoned!
10-23 09:12:25.230 W/VRI[NavigationBar_displayId_0]( 2574): handleResized abandoned!
10-23 09:12:25.238 D/VRR [OPlusRefreshRateService]( 1875): handleConfigIdChange physicalDisplayId: 4627039422300187648 configId: 1
10-23 09:12:25.289 D/AppProfilerExtImpl( 1875): Skipped pss collection for CPU busy
10-23 09:12:25.322 I/AppWidgetServiceImpl( 1875): handleNotifyUpdateAppWidget,appWidgetId: 2,packageName:com.coloros.alarmclock
10-23 09:12:25.741 V/WindowManagerShell( 2574): Transition animation finished (aborted=false), notifying core (#617)android.os.BinderProxy@183ed33@0
10-23 09:12:25.743 I/OplusAppSwitchManagerService( 1875):  handleAppVisible , r = ActivityRecord{2c6f2ac u0 com.android.launcher/.Launcher t2}
10-23 09:12:25.744 D/OplusTransitionController( 1875): finishTransition, transition: TransitionRecord{1a2c7bf id=617 type=TO_BACK flags=0x0}
10-23 09:12:25.744 D/OplusTransitionAnimationManager( 1875): commitVisibilityWhenFinishTransition type=4, ar.isVisibleRequested=true, ar.isVisible=true, ar.isVisibleRequested=true, ar=ActivityRecord{2c6f2ac u0 com.android.launcher/.Launcher t2} ar type 2 ar state :RESUMED displayid :0, participants={Task{157beab #9949 type=standard A=10373:com.example.translatorapp}, ActivityRecord{2c6f2ac u0 com.android.launcher/.Launcher t2}, ActivityRecord{5afbf25 u0 com.example.translatorapp/.MainActivity t9949}, Task{6a94c64 #2 type=home I=com.android.launcher/.Launcher}, Task{77257a0 #1 type=home}, WallpaperWindowToken{d8a1ffa token=android.os.Binder@6fac225}}
10-23 09:12:25.744 D/OplusTransitionAnimationManager( 1875): commitVisibilityWhenFinishTransition type=4, ar.isVisibleRequested=false, ar.isVisible=false, ar.isVisibleRequested=false, ar=ActivityRecord{5afbf25 u0 com.example.translatorapp/.MainActivity t9949} ar type 1 ar state :PAUSED displayid :0, participants={Task{157beab #9949 type=standard A=10373:com.example.translatorapp}, ActivityRecord{2c6f2ac u0 com.android.launcher/.Launcher t2}, ActivityRecord{5afbf25 u0 com.example.translatorapp/.MainActivity t9949}, Task{6a94c64 #2 type=home I=com.android.launcher/.Launcher}, Task{77257a0 #1 type=home}, WallpaperWindowToken{d8a1ffa token=android.os.Binder@6fac225}}
10-23 09:12:25.744 D/RefreshRate( 1875): transition is finished, try to finish setting pending high temperature status.
10-23 09:12:25.744 D/RefreshRate( 1875): setHighTemperatureStatusWithoutUpdate: status = 0, rate = 0
10-23 09:12:25.744 D/RefreshRate( 1875): ***** request traversal for refresh rate change : mChangeInAnimation = false, highTempRefreshRateChanged = true *****
10-23 09:12:25.744 D/TransitionController( 1875): NFW_send RECOMPUTE_FOCUS in finishTransition
10-23 09:12:25.745 D/ShellTaskOrganizer( 2574): onTransitionFinish, isRecent:false
10-23 09:12:25.745 V/WindowManagerShell( 2574): Track 0 became idle
10-23 09:12:25.745 V/WindowManagerShell( 2574): All active transition animations finished
10-23 09:12:25.746 V/WindowManager( 1875): Finish Transition #617: created at 10-23 09:12:25.043 collect-started=0.228ms request-sent=1.864ms started=22.782ms ready=22.759ms sent=79.583ms finished=699.612ms
10-23 09:12:25.747 I/TaskOrganizerController( 1875): onTaskInfoChanged taskid 9949 config { mBounds=Rect(0, 0 - 1080, 2412) mAppBounds=Rect(0, 96 - 1080, 2263) mMaxBounds=Rect(0, 0 - 1080, 2412) mDisplayRotation=ROTATION_0 mWindowingMode=fullscreen mDisplayWindowingMode=fullscreen mActivityType=standard mAlwaysOnTop=undefined mRotation=ROTATION_0}
10-23 09:12:25.748 D/FlexibleWindowManager( 1875): onFlexibleWindowTaskInfoChanged: mTaskId = 9949 oldIsTaskEmbedded = false   curIsTaskEmbedded = false  topActivity = ComponentInfo{com.example.translatorapp/com.example.translatorapp.MainActivity}
10-23 09:12:25.748 D/OplusFlexibleWindowMinimizedManagerHelper( 1875): onTaskInfoChanged taskInfo:TaskInfo{userId=0 taskId=9949 displayId=0 isRunning=true baseIntent=Intent { act=android.intent.action.MAIN cat=[android.intent.category.LAUNCHER] flg=0x10200000 cmp=com.example.translatorapp/.MainActivity mCallingUid=10172 } baseActivity=ComponentInfo{com.example.translatorapp/com.example.translatorapp.MainActivity} topActivity=ComponentInfo{com.example.translatorapp/com.example.translatorapp.MainActivity} origActivity=null realActivity=ComponentInfo{com.example.translatorapp/com.example.translatorapp.MainActivity} numActivities=1 lastActiveTime=111124328 supportsSplitScreenMultiWindow=true supportsMultiWindow=true supportsPocketStudioMultiWindow=true isInFlexibleEmbedded = false uid = 10373 pid = 4131 resizeMode=1 isResizeable=true minWidth=-1 minHeight=-1 defaultMinSize=220 token=WCT{RemoteToken{4aa9013 Task{157beab #9949 type=standard A=10373:com.example.translatorapp}}} topActivityType=1 pictureInPictureParams=null shouldDockBigOverlays=false launchIntoPipHostTaskId=-1 lastParentTaskIdBeforePip=-1 displayCutoutSafeInsets=Rect(0, 96 - 0, 0) topActivityInfo=ActivityInfo{c744e39 com.example.translatorapp.MainActivity} launchCookies=[android.os.BinderProxy@7a75c5a] positionInParent=Point(0, 0) parentTaskId=-1 isFocused=false isVisible=false isVisibleRequested=false isSleeping=false topActivityInSizeCompat=false topActivityInOplusCompatMode=false topActivityEligibleForLetterboxEducation= false topActivityLetterboxed= false isFromDoubleTap= false topActivityLetterboxVerticalPosition= -1 topActivityLetterboxHorizontalPosition= -1 topActivityLetterboxWidth=-1 topActivityLetterboxHeight=-1 locusId=null displayAreaFeatureId=1 cameraCompatControlState=hidden locusId= null topActivityLetterboxInsets=Rect(0, 0 - 0, 0)} task:Task{157beab #9949 type=standard A=10373:com.example.translatorapp}
10-23 09:12:25.750 D/ShellTaskOrganizer( 2574): dispatchTaskEventToClientIfNeed, eventType:2, taskInfo:TaskInfo{userId=0 taskId=9949 displayId=0 isRunning=true baseIntent=Intent { act=android.intent.action.MAIN cat=[android.intent.category.LAUNCHER] flg=0x10200000 cmp=com.example.translatorapp/.MainActivity mCallingUid=10172 } baseActivity=ComponentInfo{com.example.translatorapp/com.example.translatorapp.MainActivity} topActivity=ComponentInfo{com.example.translatorapp/com.example.translatorapp.MainActivity} origActivity=null realActivity=ComponentInfo{com.example.translatorapp/com.example.translatorapp.MainActivity} numActivities=1 lastActiveTime=111124328 supportsSplitScreenMultiWindow=true supportsMultiWindow=true supportsPocketStudioMultiWindow=true isInFlexibleEmbedded = false uid = 10373 pid = 4131 resizeMode=1 isResizeable=true minWidth=-1 minHeight=-1 defaultMinSize=220 token=WCT{android.window.IWindowContainerToken$Stub$Proxy@6e78402} topActivityType=1 pictureInPictureParams=null shouldDockBigOverlays=false launchIntoPipHostTaskId=-1 lastParentTaskIdBeforePip=-1 displayCutoutSafeInsets=Rect(0, 96 - 0, 0) topActivityInfo=ActivityInfo{6580113 com.example.translatorapp.MainActivity} launchCookies=[android.os.BinderProxy@6315990] positionInParent=Point(0, 0) parentTaskId=-1 isFocused=false isVisible=false isVisibleRequested=false isSleeping=false topActivityInSizeCompat=false topActivityInOplusCompatMode=false topActivityEligibleForLetterboxEducation= false topActivityLetterboxed= false isFromDoubleTap= false topActivityLetterboxVerticalPosition= -1 topActivityLetterboxHorizontalPosition= -1 topActivityLetterboxWidth=-1 topActivityLetterboxHeight=-1 locusId=null displayAreaFeatureId=1 cameraCompatControlState=hidden locusId= null topActivityLetterboxInsets=Rect(0, 0 - 0, 0)}, leash:null
10-23 09:12:25.760 D/WindowManagerServiceExtImpl( 1875): extractConfigInfoAndRealFlags rotation=0, screenDp=320, win=Window{abf480c u0 com.example.translatorapp/com.example.translatorapp.MainActivity}
10-23 09:12:25.760 V/WindowManager( 1875): Relayout Window{abf480c u0 com.example.translatorapp/com.example.translatorapp.MainActivity}: viewVisibility=8, oldvis=0, req=1080x2412, vsysui=LAYOUT_STABLE LAYOUT_HIDE_NAVIGATION LAYOUT_FULLSCREEN LIGHT_STATUS_BAR LIGHT_NAVIGATION_BAR
10-23 09:12:25.767 D/CompatibilityChangeReporter( 1875): Compat change id reported: 265195908; UID 10373; state: ENABLED
10-23 09:12:25.780 D/VRI[MainActivity]( 4131): relayoutWindow result, sizeChanged:false, surfaceControlChanged:true, transformHintChanged:false, mSurfaceSize:Point(1080, 2412), mLastSurfaceSize:Point(1080, 2412), mWidth:1080, mHeight:2412, requestedWidth:1080, requestedHeight:2412, transformHint:0, lastTransformHint:0, installOrientation:0, displayRotation:0, isSurfaceValid:false, attr.flag:-1920925440, useBlast:true, tmpFrames:ClientWindowFrames{frame=[0,0][1080,2412] display=[0,0][1080,2412] parentFrame=[0,0][0,0]}
10-23 09:12:25.821 I/WindowManager( 1875): Window{abf480c u0 com.example.translatorapp/com.example.translatorapp.MainActivity} state from HAS_DRAWN to NO_SURFACE; reason: destroySurface
10-23 09:12:25.822 D/ActivityTaskManager( 1875): Clearing startingData for token=null
10-23 09:12:25.996 D/PowerManagerService( 1875): userActivityNoUpdateLocked: groupId=0, eventTime=67905428, event=touch, flags=0x0, uid=1000
10-23 09:12:26.227 D/PowerManagerService( 1875): userActivityNoUpdateLocked: groupId=0, eventTime=67905660, event=touch, flags=0x0, uid=1000
10-23 09:12:26.409 D/CompatibilityChangeReporter( 1875): Compat change id reported: 135634846; UID 10130; state: DISABLED
10-23 09:12:26.409 D/CompatibilityChangeReporter( 1875): Compat change id reported: 177438394; UID 10130; state: DISABLED
10-23 09:12:26.409 D/CompatibilityChangeReporter( 1875): Compat change id reported: 135772972; UID 10130; state: DISABLED
10-23 09:12:26.409 D/CompatibilityChangeReporter( 1875): Compat change id reported: 135754954; UID 10130; state: ENABLED
10-23 09:12:26.410 D/CompatibilityChangeReporter( 1875): Compat change id reported: 143937733; UID 10130; state: ENABLED
10-23 09:12:26.422 I/ActivityManager( 1875): Start proc 6167:com.coloros.colordirectservice/u0a130 for service {com.coloros.colordirectservice/com.coloros.colordirectservice.ColorAppServicesManagerClient}
10-23 09:12:26.423 V/MonthTrafficAlert( 2844): getWarningNotification subId:1 numWarningNotificaion:0
10-23 09:12:26.423 V/TrafficAlert( 2844): getLimitNotification subId:1 ,numLimitNotificaion:0
10-23 09:12:26.459 D/PowerManagerService( 1875): userActivityNoUpdateLocked: groupId=0, eventTime=67905892, event=touch, flags=0x0, uid=1000
10-23 09:12:26.460 D/CompatibilityChangeReporter( 1875): Compat change id reported: 168419799; UID 10130; state: DISABLED
10-23 09:12:26.460 D/CompatibilityChangeReporter( 1875): Compat change id reported: 273564678; UID 10130; state: DISABLED
10-23 09:12:26.461 D/ActivityTaskManagerServiceExtImpl( 1875): preBindApplication record is null
10-23 09:12:26.468 D/CompatibilityChangeReporter( 1875): Compat change id reported: 265195908; UID 10130; state: ENABLED
10-23 09:12:26.471 D/CompatibilityChangeReporter( 1875): Compat change id reported: 170503758; UID 10130; state: ENABLED
10-23 09:12:26.517 I/Quality ( 2629): Skipped: false 11 cost 96.124985 refreshRate 8312549 bit true processName com.android.launcher
10-23 09:12:26.519 D/ResourcesManagerExtImpl( 6167): applyConfigurationToAppResourcesLocked app.getDisplayId() return callback.displayId:-1
10-23 09:12:26.531 I/Quality ( 2629): Skipped: false 1 cost 9.55447 refreshRate 8312549 bit true processName com.android.launcher
10-23 09:12:26.567 D/OplusAlarmAdjustment( 1875): unalignAlarmsByUid(), uid=10228, pkgName=com.nearme.gamecenter, actions=null, procs=null, requester=1
10-23 09:12:26.567 D/OplusAlarmAdjustMap( 1875): removeAlignUid, uid=10228, requester=1
10-23 09:12:26.569 D/OplusAlarmAdjustment( 1875): unproxyAlarmsByUid(), uid=10232, pkgName=com.oplus.games, requester=1
10-23 09:12:26.570 D/OplusAlarmAdjustMap( 1875): removeProxyUid, uid=10232, requester=1
10-23 09:12:26.576 D/OAppNetControlService( 1875): Hans update:[10232=false][0|0] blackList:[10190, 10278, 10316, 10241, 10240]
10-23 09:12:26.576 D/OAppNetControlService( 1875): Hans update:[10316=false][0|0] blackList:[10190, 10278, 10241, 10240]
10-23 09:12:26.615 D/OAppNetControlService( 1875): Hans update:[10240=false][0|0] blackList:[10190, 10278, 10241]
10-23 09:12:26.617 D/OplusAlarmAdjustment( 1875): unproxyAlarmsByUid(), uid=10240, pkgName=com.coloros.weather2, requester=1
10-23 09:12:26.618 D/OplusAlarmAdjustMap( 1875): removeProxyUid, uid=10240, requester=1
10-23 09:12:26.636 D/PowerManagerService( 1875): userActivityNoUpdateLocked: groupId=0, eventTime=67906069, event=touch, flags=0x0, uid=1000
10-23 09:12:26.643 D/CompatibilityChangeReporter( 1875): Compat change id reported: 161145287; UID 10130; state: ENABLED
10-23 09:12:26.644 D/CompatibilityChangeReporter( 1875): Compat change id reported: 135634846; UID 10150; state: DISABLED
10-23 09:12:26.644 D/CompatibilityChangeReporter( 1875): Compat change id reported: 177438394; UID 10150; state: DISABLED
10-23 09:12:26.644 D/CompatibilityChangeReporter( 1875): Compat change id reported: 135772972; UID 10150; state: DISABLED
10-23 09:12:26.644 D/CompatibilityChangeReporter( 1875): Compat change id reported: 135754954; UID 10150; state: ENABLED
10-23 09:12:26.645 D/CompatibilityChangeReporter( 1875): Compat change id reported: 143937733; UID 10150; state: ENABLED
10-23 09:12:26.662 I/ActivityManager( 1875): Start proc 6223:com.oplus.romupdate/u0a150 for content provider {com.oplus.romupdate/com.oplusos.romupdate.provider.RomUpdateContentProvider}
10-23 09:12:26.670 I/ActivityManager( 1875): Flag disabled. Ignoring finishAttachApplication from uid: 10130. pid: 6167
10-23 09:12:26.683 D/CompatibilityChangeReporter( 1875): Compat change id reported: 168419799; UID 10150; state: DISABLED
10-23 09:12:26.683 D/CompatibilityChangeReporter( 1875): Compat change id reported: 273564678; UID 10150; state: DISABLED
10-23 09:12:26.683 D/ActivityTaskManagerServiceExtImpl( 1875): preBindApplication record is null
10-23 09:12:26.690 D/CompatibilityChangeReporter( 1875): Compat change id reported: 265195908; UID 10150; state: ENABLED
10-23 09:12:26.709 D/CompatibilityChangeReporter( 1875): Compat change id reported: 170503758; UID 10150; state: ENABLED
10-23 09:12:26.725 D/VRR [OPlusExternalRefreshRateManager]( 1875): isPkgTfcEnable: pkgName = com.coloros.colordirectservice, enable = false
10-23 09:12:26.725 D/VRR [OPlusExternalRefreshRateManager]( 1875): getTfcMinFramerate: pkgName = com.coloros.colordirectservice, min framerate = 0
10-23 09:12:26.748 D/PowerManagerService( 1875): userActivityNoUpdateLocked: groupId=0, eventTime=67906181, event=touch, flags=0x0, uid=1000
10-23 09:12:26.764 D/ResourcesManagerExtImpl( 6223): applyConfigurationToAppResourcesLocked app.getDisplayId() return callback.displayId:-1
10-23 09:12:26.807 I/ActivityManager( 1875): Flag disabled. Ignoring finishAttachApplication from uid: 10150. pid: 6223
10-23 09:12:27.411 D/PowerManagerService( 1875): userActivityNoUpdateLocked: groupId=0, eventTime=67906840, event=touch, flags=0x0, uid=1000
10-23 09:12:27.510 D/PowerManagerService( 1875): userActivityNoUpdateLocked: groupId=0, eventTime=67906943, event=touch, flags=0x0, uid=1000
10-23 09:12:27.535 I/Quality ( 2629): Skipped: false 1 cost 9.164987 refreshRate 8309153 bit true processName com.android.launcher
10-23 09:12:27.553 I/Quality ( 2629): Skipped: false 1 cost 10.279659 refreshRate 8309084 bit true processName com.android.launcher
10-23 09:12:27.554 D/OplusStartingWindowManager( 1875): updateRecordSurfaceViewState windowToken=android.os.BinderProxy@10c2da6, hasSurfaceView=true, win=Window{c7c33e7 u0 com.android.launcher/com.android.launcher.Launcher}
10-23 09:12:27.578 D/OplusStartingWindowManager( 1875): updateRecordSurfaceViewState windowToken=android.os.BinderProxy@10c2da6, hasSurfaceView=true, win=Window{c7c33e7 u0 com.android.launcher/com.android.launcher.Launcher}
10-23 09:12:27.578 D/OplusStartingWindowManager( 1875): updateRecordSurfaceViewState windowToken=android.os.BinderProxy@10c2da6, hasSurfaceView=true, win=Window{c7c33e7 u0 com.android.launcher/com.android.launcher.Launcher}
10-23 09:12:27.759 I/AppWidgetServiceImpl( 1875): handleNotifyUpdateAppWidget,appWidgetId: 2,packageName:com.coloros.alarmclock
10-23 09:12:27.971 V/MonthTrafficAlert( 2844): getWarningNotification subId:1 numWarningNotificaion:0
10-23 09:12:27.971 V/TrafficAlert( 2844): getLimitNotification subId:1 ,numLimitNotificaion:0
10-23 09:12:28.147 D/ActivityThread( 4131): do gfx trim 40 success
10-23 09:12:28.191 D/OplusFeatureHDREnhanceBrightness( 1875): checkIsPlayingHDR isPlayingHDR=0 rotation=0 whiteApp=false battery=84
10-23 09:12:28.270 D/PowerManagerService( 1875): userActivityNoUpdateLocked: groupId=0, eventTime=67907699, event=touch, flags=0x0, uid=1000
10-23 09:12:28.341 I/TcpSyn  ( 2844): onIfNameChange: foregroundAppChange
10-23 09:12:28.341 I/TcpSyn  ( 2844): onIfNameChange: foregroundAppChange appUid=[10172]
10-23 09:12:28.341 I/TcpSyn  ( 2844): updateAllUids
10-23 09:12:28.834 D/PowerManagerService( 1875): userActivityNoUpdateLocked: groupId=0, eventTime=67908266, event=touch, flags=0x0, uid=1000
10-23 09:12:28.948 W/PackageManager( 1875): package com.android.launcher uid 1000 pid 2902 call SetEnabledSetting(com.example.translatorapp component = unknown, 2, 0)
10-23 09:12:28.951 I/AppsFilter( 1875): interaction: PackageSetting{a69756f com.android.microdroid.empty_payload/10361} -> PackageSetting{71b1ce8 com.example.translatorapp/10373} BLOCKED
10-23 09:12:28.952 I/AppsFilter( 1875): interaction: PackageSetting{8000705 com.oplus.securitykeyboard/10147} -> PackageSetting{71b1ce8 com.example.translatorapp/10373} BLOCKED
10-23 09:12:28.957 I/ActivityManager( 1875): Killing 4131:com.example.translatorapp/u0a373 (adj 400): change com.example.translatorapp
10-23 09:12:28.957 D/OplusPmsSupportedFunctionManager( 1875): deletePackageDelegated: packageName = com.example.translatorapp callUid = 10172 callPid = 2629 flags = 0 userId = 0
10-23 09:12:28.959 D/DisplayManagerService( 1875): Drop pending events for gone uid 10373
10-23 09:12:28.961 W/UsageStatsService( 1875): Unexpected activity event reported! (com.example.translatorapp/com.example.translatorapp.MainActivity event : 23 instanceId : 28735752)
10-23 09:12:28.961 E/OAPM    ( 1875): activity preload is not enabled
10-23 09:12:28.975 I/WindowManager( 1875):   Force finishing ActivityRecord{5afbf25 u0 com.example.translatorapp/.MainActivity t9949}
10-23 09:12:28.976 D/SnapshotCache( 1875): removeRunningEntry id: 9949, callers=com.android.server.wm.SnapshotCache.onAppRemoved:71 com.android.server.wm.AbsAppSnapshotController.onAppRemoved:611 com.android.server.wm.SnapshotController.onAppRemoved:205 
10-23 09:12:28.976 D/ActivityTaskManager( 1875): removeAppToken: ActivityRecord{5afbf25 u0 com.example.translatorapp/.MainActivity t9949 f}} delayed=false parent=Task{157beab #9949 type=standard A=10373:com.example.translatorapp} animating=false Callers=com.android.server.wm.DisplayContent.removeAppToken:1669 com.android.server.wm.ActivityRecord.removeFromHistory:4599 com.android.server.wm.ActivityRecord.destroyImmediately:4552 com.android.server.wm.ActivityRecord.destroyIfPossible:4435 
10-23 09:12:28.977 W/UsageStatsService( 1875): Unexpected activity event reported! (com.example.translatorapp/com.example.translatorapp.MainActivity event : 23 instanceId : 28735752)
10-23 09:12:28.979 D/OplusMirageWindowManagerService( 1875): onTaskRemoved displayid:0 taskId:9949 callers:com.android.server.wm.MirageWindowManagerExtImpl.onTaskRemoved:47 com.android.server.wm.TaskDisplayArea.removeChildTask:393 com.android.server.wm.TaskDisplayArea.removeChild:382 com.android.server.wm.WindowContainer.removeImmediately:888 com.android.server.wm.TaskFragment.removeImmediately:3348 
10-23 09:12:28.979 I/OplusScreenSecurityMask( 1875): onStackRemoved task = Task{157beab #9949 type=standard A=10373:com.example.translatorapp} record = null displayId = 0
10-23 09:12:28.979 D/TaskFragmentExtImpl( 1875): remove ActivityRecord{5afbf25 u0 com.example.translatorapp/.MainActivity t-1 f}} to mActivityRecordSum = Counter{ }
10-23 09:12:28.984 D/OplusFlexibleWindowMinimizedManagerHelper( 1875): onTaskVanished taskInfo:9949 task:Task{157beab #9949 type=standard A=10373:com.example.translatorapp}
10-23 09:12:28.984 I/FlexibleTaskController( 1875): releaseFlexibleTaskCaptionView task=Task{157beab #9949 type=standard A=10373:com.example.translatorapp}
10-23 09:12:28.984 I/FlexibleTaskController( 1875): java.lang.Throwable
10-23 09:12:28.984 I/FlexibleTaskController( 1875): 	at com.android.server.wm.FlexibleTaskController.releaseFlexibleCaptionView(FlexibleTaskController.java:1224)
10-23 09:12:28.984 I/FlexibleTaskController( 1875): 	at com.android.server.wm.FlexibleWindowManagerService.onFlexibleWindowTaskVanished(FlexibleWindowManagerService.java:797)
10-23 09:12:28.984 I/FlexibleTaskController( 1875): 	at com.android.server.wm.TaskOrganizerControllerExtImpl.onTaskVanished(TaskOrganizerControllerExtImpl.java:105)
10-23 09:12:28.984 I/FlexibleTaskController( 1875): 	at com.android.server.wm.TaskOrganizerController$TaskOrganizerCallbacks.onTaskVanished(TaskOrganizerController.java:158)
10-23 09:12:28.984 I/FlexibleTaskController( 1875): 	at com.android.server.wm.TaskOrganizerController$TaskOrganizerPendingEventsQueue.dispatchPendingEvent(TaskOrganizerController.java:316)
10-23 09:12:28.984 I/FlexibleTaskController( 1875): 	at com.android.server.wm.TaskOrganizerController$TaskOrganizerPendingEventsQueue.dispatchPendingEvents(TaskOrganizerController.java:302)
10-23 09:12:28.984 I/FlexibleTaskController( 1875): 	at com.android.server.wm.TaskOrganizerController.dispatchPendingEvents(TaskOrganizerController.java:1050)
10-23 09:12:28.984 I/FlexibleTaskController( 1875): 	at com.android.server.wm.RootWindowContainer.performSurfacePlacementNoTrace(RootWindowContainer.java:895)
10-23 09:12:28.984 I/FlexibleTaskController( 1875): 	at com.android.server.wm.RootWindowContainer.performSurfacePlacement(RootWindowContainer.java:839)
10-23 09:12:28.984 I/FlexibleTaskController( 1875): 	at com.android.server.wm.WindowSurfacePlacer.performSurfacePlacementLoop(WindowSurfacePlacer.java:182)
10-23 09:12:28.984 I/FlexibleTaskController( 1875): 	at com.android.server.wm.WindowSurfacePlacer.performSurfacePlacement(WindowSurfacePlacer.java:126)
10-23 09:12:28.984 I/FlexibleTaskController( 1875): 	at com.android.server.wm.WindowSurfacePlacer.performSurfacePlacement(WindowSurfacePlacer.java:115)
10-23 09:12:28.984 I/FlexibleTaskController( 1875): 	at com.android.server.wm.WindowSurfacePlacer.continueLayout(WindowSurfacePlacer.java:97)
10-23 09:12:28.984 I/FlexibleTaskController( 1875): 	at com.android.server.wm.ActivityTaskManagerService.continueWindowLayout(ActivityTaskManagerService.java:5001)
10-23 09:12:28.984 I/FlexibleTaskController( 1875): 	at com.android.server.wm.ActivityRecord.finishIfPossible(ActivityRecord.java:4224)
10-23 09:12:28.984 I/FlexibleTaskController( 1875): 	at com.android.server.wm.ActivityRecord.finishIfPossible(ActivityRecord.java:3967)
10-23 09:12:28.984 I/FlexibleTaskController( 1875): 	at com.android.server.wm.RootWindowContainer$FinishDisabledPackageActivitiesHelper.process(RootWindowContainer.java:3505)
10-23 09:12:28.984 I/FlexibleTaskController( 1875): 	at com.android.server.wm.RootWindowContainer.finishDisabledPackageActivities(RootWindowContainer.java:3542)
10-23 09:12:28.984 I/FlexibleTaskController( 1875): 	at com.android.server.wm.ActivityTaskManagerService$LocalService.cleanupDisabledPackageComponents(ActivityTaskManagerService.java:6846)
10-23 09:12:28.984 I/FlexibleTaskController( 1875): 	at com.android.server.am.ActivityManagerService.cleanupDisabledPackageComponentsLocked(ActivityManagerService.java:4733)
10-23 09:12:28.984 I/FlexibleTaskController( 1875): 	at com.android.server.am.ActivityManagerService.broadcastIntentLockedTraced(ActivityManagerService.java:15794)
10-23 09:12:28.984 I/FlexibleTaskController( 1875): 	at com.android.server.am.ActivityManagerService.broadcastIntentLocked(ActivityManagerService.java:15387)
10-23 09:12:28.984 I/FlexibleTaskController( 1875): 	at com.android.server.am.ActivityManagerService$LocalService.broadcastIntent(ActivityManagerService.java:19317)
10-23 09:12:28.984 I/FlexibleTaskController( 1875): 	at com.android.server.pm.BroadcastHelper.doSendBroadcast(BroadcastHelper.java:189)
10-23 09:12:28.984 I/FlexibleTaskController( 1875): 	at com.android.server.pm.BroadcastHelper.sendPackageBroadcast(BroadcastHelper.java:111)
10-23 09:12:28.984 I/FlexibleTaskController( 1875): 	at com.android.server.pm.PackageManagerService.lambda$sendPackageBroadcast$46(PackageManagerService.java:3434)
10-23 09:12:28.984 I/FlexibleTaskController( 1875): 	at com.android.server.pm.PackageManagerService.$r8$lambda$48LAAccTfldKnipjrkx3SH3YHf0(PackageManagerService.java:0)
10-23 09:12:28.984 I/FlexibleTaskController( 1875): 	at com.android.server.pm.PackageManagerService$$ExternalSyntheticLambda66.run(R8$$SyntheticClass:0)
10-23 09:12:28.984 I/FlexibleTaskController( 1875): 	at android.os.Handler.handleCallback(Handler.java:958)
10-23 09:12:28.984 I/FlexibleTaskController( 1875): 	at android.os.Handler.dispatchMessage(Handler.java:99)
10-23 09:12:28.984 I/FlexibleTaskController( 1875): 	at android.os.Looper.loopOnce(Looper.java:257)
10-23 09:12:28.984 I/FlexibleTaskController( 1875): 	at android.os.Looper.loop(Looper.java:368)
10-23 09:12:28.984 I/FlexibleTaskController( 1875): 	at android.os.HandlerThread.run(HandlerThread.java:67)
10-23 09:12:28.984 I/FlexibleTaskController( 1875): 	at com.android.server.ServiceThread.run(ServiceThread.java:46)
10-23 09:12:28.984 D/OplusFlexibleWindowMinimizedManagerHelper( 1875): onTaskVanished taskInfo:9949 task:Task{157beab #9949 type=standard A=10373:com.example.translatorapp}
10-23 09:12:28.984 I/FlexibleTaskController( 1875): releaseFlexibleTaskCaptionView task=Task{157beab #9949 type=standard A=10373:com.example.translatorapp}
10-23 09:12:28.984 I/FlexibleTaskController( 1875): java.lang.Throwable
10-23 09:12:28.984 I/FlexibleTaskController( 1875): 	at com.android.server.wm.FlexibleTaskController.releaseFlexibleCaptionView(FlexibleTaskController.java:1224)
10-23 09:12:28.984 I/FlexibleTaskController( 1875): 	at com.android.server.wm.FlexibleWindowManagerService.onFlexibleWindowTaskVanished(FlexibleWindowManagerService.java:797)
10-23 09:12:28.984 I/FlexibleTaskController( 1875): 	at com.android.server.wm.TaskOrganizerControllerExtImpl.onTaskVanished(TaskOrganizerControllerExtImpl.java:105)
10-23 09:12:28.984 I/FlexibleTaskController( 1875): 	at com.android.server.wm.TaskOrganizerController$TaskOrganizerPendingEventsQueue.dispatchPendingEvent(TaskOrganizerController.java:319)
10-23 09:12:28.984 I/FlexibleTaskController( 1875): 	at com.android.server.wm.TaskOrganizerController$TaskOrganizerPendingEventsQueue.dispatchPendingEvents(TaskOrganizerController.java:302)
10-23 09:12:28.984 I/FlexibleTaskController( 1875): 	at com.android.server.wm.TaskOrganizerController.dispatchPendingEvents(TaskOrganizerController.java:1050)
10-23 09:12:28.984 I/FlexibleTaskController( 1875): 	at com.android.server.wm.RootWindowContainer.performSurfacePlacementNoTrace(RootWindowContainer.java:895)
10-23 09:12:28.984 I/FlexibleTaskController( 1875): 	at com.android.server.wm.RootWindowContainer.performSurfacePlacement(RootWindowContainer.java:839)
10-23 09:12:28.984 I/FlexibleTaskController( 1875): 	at com.android.server.wm.WindowSurfacePlacer.performSurfacePlacementLoop(WindowSurfacePlacer.java:182)
10-23 09:12:28.984 I/FlexibleTaskController( 1875): 	at com.android.server.wm.WindowSurfacePlacer.performSurfacePlacement(WindowSurfacePlacer.java:126)
10-23 09:12:28.984 I/FlexibleTaskController( 1875): 	at com.android.server.wm.WindowSurfacePlacer.performSurfacePlacement(WindowSurfacePlacer.java:115)
10-23 09:12:28.984 I/FlexibleTaskController( 1875): 	at com.android.server.wm.WindowSurfacePlacer.continueLayout(WindowSurfacePlacer.java:97)
10-23 09:12:28.984 I/FlexibleTaskController( 1875): 	at com.android.server.wm.ActivityTaskManagerService.continueWindowLayout(ActivityTaskManagerService.java:5001)
10-23 09:12:28.984 I/FlexibleTaskController( 1875): 	at com.android.server.wm.ActivityRecord.finishIfPossible(ActivityRecord.java:4224)
10-23 09:12:28.984 I/FlexibleTaskController( 1875): 	at com.android.server.wm.ActivityRecord.finishIfPossible(ActivityRecord.java:3967)
10-23 09:12:28.984 I/FlexibleTaskController( 1875): 	at com.android.server.wm.RootWindowContainer$FinishDisabledPackageActivitiesHelper.process(RootWindowContainer.java:3505)
10-23 09:12:28.984 I/FlexibleTaskController( 1875): 	at com.android.server.wm.RootWindowContainer.finishDisabledPackageActivities(RootWindowContainer.java:3542)
10-23 09:12:28.984 I/FlexibleTaskController( 1875): 	at com.android.server.wm.ActivityTaskManagerService$LocalService.cleanupDisabledPackageComponents(ActivityTaskManagerService.java:6846)
10-23 09:12:28.984 I/FlexibleTaskController( 1875): 	at com.android.server.am.ActivityManagerService.cleanupDisabledPackageComponentsLocked(ActivityManagerService.java:4733)
10-23 09:12:28.984 I/FlexibleTaskController( 1875): 	at com.android.server.am.ActivityManagerService.broadcastIntentLockedTraced(ActivityManagerService.java:15794)
10-23 09:12:28.984 I/FlexibleTaskController( 1875): 	at com.android.server.am.ActivityManagerService.broadcastIntentLocked(ActivityManagerService.java:15387)
10-23 09:12:28.984 I/FlexibleTaskController( 1875): 	at com.android.server.am.ActivityManagerService$LocalService.broadcastIntent(ActivityManagerService.java:19317)
10-23 09:12:28.984 I/FlexibleTaskController( 1875): 	at com.android.server.pm.BroadcastHelper.doSendBroadcast(BroadcastHelper.java:189)
10-23 09:12:28.984 I/FlexibleTaskController( 1875): 	at com.android.server.pm.BroadcastHelper.sendPackageBroadcast(BroadcastHelper.java:111)
10-23 09:12:28.984 I/FlexibleTaskController( 1875): 	at com.android.server.pm.PackageManagerService.lambda$sendPackageBroadcast$46(PackageManagerService.java:3434)
10-23 09:12:28.984 I/FlexibleTaskController( 1875): 	at com.android.server.pm.PackageManagerService.$r8$lambda$48LAAccTfldKnipjrkx3SH3YHf0(PackageManagerService.java:0)
10-23 09:12:28.984 I/FlexibleTaskController( 1875): 	at com.android.server.pm.PackageManagerService$$ExternalSyntheticLambda66.run(R8$$SyntheticClass:0)
10-23 09:12:28.984 I/FlexibleTaskController( 1875): 	at android.os.Handler.handleCallback(Handler.java:958)
10-23 09:12:28.984 I/FlexibleTaskController( 1875): 	at android.os.Handler.dispatchMessage(Handler.java:99)
10-23 09:12:28.984 I/FlexibleTaskController( 1875): 	at android.os.Looper.loopOnce(Looper.java:257)
10-23 09:12:28.984 I/FlexibleTaskController( 1875): 	at android.os.Looper.loop(Looper.java:368)
10-23 09:12:28.984 I/FlexibleTaskController( 1875): 	at android.os.HandlerThread.run(HandlerThread.java:67)
10-23 09:12:28.984 I/FlexibleTaskController( 1875): 	at com.android.server.ServiceThread.run(ServiceThread.java:46)
10-23 09:12:28.984 D/ShellTaskOrganizer( 2574): dispatchTaskEventToClientIfNeed, eventType:1, taskInfo:TaskInfo{userId=0 taskId=9949 displayId=-1 isRunning=false baseIntent=Intent { act=android.intent.action.MAIN cat=[android.intent.category.LAUNCHER] flg=0x10200000 cmp=com.example.translatorapp/.MainActivity mCallingUid=10172 } baseActivity=null topActivity=null origActivity=null realActivity=ComponentInfo{com.example.translatorapp/com.example.translatorapp.MainActivity} numActivities=0 lastActiveTime=111124328 supportsSplitScreenMultiWindow=false supportsMultiWindow=false supportsPocketStudioMultiWindow=true isInFlexibleEmbedded = false uid = -1 pid = -1 resizeMode=1 isResizeable=true minWidth=-1 minHeight=-1 defaultMinSize=220 token=WCT{android.window.IWindowContainerToken$Stub$Proxy@b379b6f} topActivityType=1 pictureInPictureParams=null shouldDockBigOverlays=false launchIntoPipHostTaskId=-1 lastParentTaskIdBeforePip=-1 displayCutoutSafeInsets=null topActivityInfo=null launchCookies=[] positionInParent=Point(0, 0) parentTaskId=-1 isFocused=false isVisible=false isVisibleRequested=false isSleeping=false topActivityInSizeCompat=false topActivityInOplusCompatMode=false topActivityEligibleForLetterboxEducation= false topActivityLetterboxed= false isFromDoubleTap= false topActivityLetterboxVerticalPosition= -1 topActivityLetterboxHorizontalPosition= -1 topActivityLetterboxWidth=-1 topActivityLetterboxHeight=-1 locusId=null displayAreaFeatureId=-1 cameraCompatControlState=hidden locusId= null topActivityLetterboxInsets=Rect(0, 0 - 0, 0)}, leash:null
10-23 09:12:28.985 D/ActivityTaskManager( 1875): notifyTaskRemoved, task: Task{157beab #9949 type=standard A=10373:com.example.translatorapp} trace:com.android.server.wm.RecentTasks.remove:1353 com.android.server.wm.ActivityTaskSupervisor.cleanUpRemovedTask:2078 com.android.server.wm.ActivityTaskSupervisor.removeTask:1884 com.android.server.wm.ActivityTaskSupervisor.removeTask:1826 com.android.server.wm.RecentTasks.cleanupDisabledPackageTasksLocked:778 
10-23 09:12:28.992 D/PackageManager( 1875): reset oplus-freeze state for com.example.translatorapp after uninstalled for user 0
10-23 09:12:28.992 D/PackageManager( 1875): reset pendingDataMig state for com.example.translatorapp after uninstalled for user 0
10-23 09:12:28.992 I/AppsFilter( 1875): interaction: PackageSetting{2a60962 com.android.microdroid.empty_payload/10361} -> PackageSetting{f70f8f4 com.example.translatorapp/10373} BLOCKED
10-23 09:12:28.992 I/AppsFilter( 1875): interaction: PackageSetting{8d1e586 com.oplus.securitykeyboard/10147} -> PackageSetting{f70f8f4 com.example.translatorapp/10373} BLOCKED
10-23 09:12:29.007 D/OplusAppDataMigrateManager( 1875): user not pending migrate: 0
10-23 09:12:29.008 D/ActivityTaskManager( 1875): Skipping, invisible task: Task{6a94c64 #2 type=home I=com.android.launcher/.Launcher}
10-23 09:12:29.008 D/OplusAppListInterceptManager( 1875): shouldFilterTask
10-23 09:12:29.008 D/OplusAppListInterceptManager( 1875): shouldFilterTask::packageName = com.android.settings
10-23 09:12:29.009 D/CompatibilityChangeReporter( 1875): Compat change id reported: 197654537; UID 1000; state: ENABLED
10-23 09:12:29.009 D/OplusSplitScreenManagerService( 1875): com.android.settings unSupportsSplitScreen by blockList or ForbidActivityList
10-23 09:12:29.009 D/OplusSplitScreenManagerService( 1875): com.android.settings unSupportsSplitScreen by blockList or ForbidActivityList
10-23 09:12:29.009 D/OplusAppListInterceptManager( 1875): shouldFilterTask
10-23 09:12:29.009 D/OplusAppListInterceptManager( 1875): shouldFilterTask::packageName = com.xingin.xhs
10-23 09:12:29.009 D/OplusAppListInterceptManager( 1875): shouldFilterTask
10-23 09:12:29.010 D/OplusAppListInterceptManager( 1875): shouldFilterTask::packageName = com.tencent.mm
10-23 09:12:29.010 D/OplusAppListInterceptManager( 1875): shouldFilterTask
10-23 09:12:29.010 D/OplusAppListInterceptManager( 1875): shouldFilterTask::packageName = org.localsend.localsend_app
10-23 09:12:29.010 D/OplusAppListInterceptManager( 1875): shouldFilterTask
10-23 09:12:29.010 D/OplusAppListInterceptManager( 1875): shouldFilterTask::packageName = com.android.settings
10-23 09:12:29.010 D/OplusSplitScreenManagerService( 1875): com.android.settings unSupportsSplitScreen by blockList or ForbidActivityList
10-23 09:12:29.010 D/OplusAppListInterceptManager( 1875): shouldFilterTask
10-23 09:12:29.010 D/OplusAppListInterceptManager( 1875): shouldFilterTask::packageName = com.luna.music
10-23 09:12:29.011 D/OplusAppListInterceptManager( 1875): shouldFilterTask
10-23 09:12:29.011 D/OplusAppListInterceptManager( 1875): shouldFilterTask::packageName = com.oplus.ota
10-23 09:12:29.011 D/OplusAppListInterceptManager( 1875): shouldFilterTask
10-23 09:12:29.011 D/OplusAppListInterceptManager( 1875): shouldFilterTask::packageName = com.finshell.wallet
10-23 09:12:29.011 D/OplusAppListInterceptManager( 1875): shouldFilterTask
10-23 09:12:29.011 D/OplusAppListInterceptManager( 1875): shouldFilterTask::packageName = com.tencent.mobileqq
10-23 09:12:29.011 D/OplusAppListInterceptManager( 1875): shouldFilterTask
10-23 09:12:29.011 D/OplusAppListInterceptManager( 1875): shouldFilterTask::packageName = com.android.chrome
10-23 09:12:29.011 D/ActivityTaskManager( 1875): after skip size 10
10-23 09:12:29.013 I/ActivityManager( 1875): Force stopping com.example.translatorapp appid=10373 user=0: deletePackageX
10-23 09:12:29.025 W/PackageManager( 1875): java.lang.IllegalArgumentException: Unable to get package com.example.translatorapp
10-23 09:12:29.025 W/PackageManager( 1875): 	at com.android.server.art.Utils.getPackageOrThrow(Utils.java:271)
10-23 09:12:29.025 W/PackageManager( 1875): 	at com.android.server.art.ArtManagerLocal.clearAppProfiles(ArtManagerLocal.java:326)
10-23 09:12:29.025 W/PackageManager( 1875): 	at com.android.server.pm.AppDataHelper.destroyAppProfilesWithArtService(AppDataHelper.java:844)
10-23 09:12:29.025 W/PackageManager( 1875): 	at com.android.server.pm.AppDataHelper.destroyAppProfilesLeafLIF(AppDataHelper.java:819)
10-23 09:12:29.025 W/PackageManager( 1875): 	at com.android.server.pm.AppDataHelper.destroyAppProfilesLIF(AppDataHelper.java:814)
10-23 09:12:29.025 W/PackageManager( 1875): 	at com.android.server.pm.RemovePackageHelper.removePackageDataLIF(RemovePackageHelper.java:300)
10-23 09:12:29.025 W/PackageManager( 1875): 	at com.android.server.pm.DeletePackageHelper.deleteInstalledPackageLIF(DeletePackageHelper.java:625)
10-23 09:12:29.025 W/PackageManager( 1875): 	at com.android.server.pm.DeletePackageHelper.executeDeletePackageLIF(DeletePackageHelper.java:537)
10-23 09:12:29.025 W/PackageManager( 1875): 	at com.android.server.pm.DeletePackageHelper.deletePackageLIF(DeletePackageHelper.java:416)
10-23 09:12:29.025 W/PackageManager( 1875): 	at com.android.server.pm.DeletePackageHelper.deletePackageX(DeletePackageHelper.java:262)
10-23 09:12:29.025 W/PackageManager( 1875): 	at com.android.server.pm.DeletePackageHelper.lambda$deletePackageVersionedInternal$4(DeletePackageHelper.java:859)
10-23 09:12:29.025 W/PackageManager( 1875): 	at com.android.server.pm.DeletePackageHelper.$r8$lambda$P8pfwGdEfQfbyotlP8wNWPhebe8(DeletePackageHelper.java:0)
10-23 09:12:29.025 W/PackageManager( 1875): 	at com.android.server.pm.DeletePackageHelper$$ExternalSyntheticLambda4.run(R8$$SyntheticClass:0)
10-23 09:12:29.025 W/PackageManager( 1875): 	at android.os.Handler.handleCallback(Handler.java:958)
10-23 09:12:29.025 W/PackageManager( 1875): 	at android.os.Handler.dispatchMessage(Handler.java:99)
10-23 09:12:29.025 W/PackageManager( 1875): 	at android.os.Looper.loopOnce(Looper.java:257)
10-23 09:12:29.025 W/PackageManager( 1875): 	at android.os.Looper.loop(Looper.java:368)
10-23 09:12:29.025 W/PackageManager( 1875): 	at android.os.HandlerThread.run(HandlerThread.java:67)
10-23 09:12:29.025 W/PackageManager( 1875): 	at com.android.server.ServiceThread.run(ServiceThread.java:46)
10-23 09:12:29.028 V/ActivityManager( 1875): Got obituary of 4131:com.example.translatorapp
10-23 09:12:29.034 I/PermissionManager( 1875): Removing permission com.example.translatorapp.DYNAMIC_RECEIVER_NOT_EXPORTED_PERMISSION that used to be declared by com.example.translatorapp
10-23 09:12:29.035 I/PermissionManager( 1875): Permission ownership changed. Updating all permissions.
10-23 09:12:29.038 W/PermissionManager( 1875): Package com.android.adservices.api is an APK in APEX, but has permission allowlist on the system image. Please bundle the allowlist in the com.android.adservices APEX instead.
10-23 09:12:29.077 D/OplusSensitivePermGrantPolicyManager( 1875): no OplusPermissionKey in com.oplus.uiengine
10-23 09:12:29.077 D/OplusSensitivePermGrantPolicyManager( 1875): no OplusPermissionKey in com.oplus.uiengine
10-23 09:12:29.079 W/PermissionManager( 1875): Package com.android.cellbroadcastservice is an APK in APEX, but has permission allowlist on the system image. Please bundle the allowlist in the com.android.cellbroadcast APEX instead.
10-23 09:12:29.079 W/PermissionManager( 1875): Package com.android.cellbroadcastservice is an APK in APEX, but has permission allowlist on the system image. Please bundle the allowlist in the com.android.cellbroadcast APEX instead.
10-23 09:12:29.081 D/OplusSensitivePermGrantPolicyManager( 1875): no OplusPermissionKey in com.ss.android.ugc.aweme
10-23 09:12:29.081 D/OplusSensitivePermGrantPolicyManager( 1875): no OplusPermissionKey in com.ss.android.ugc.aweme
10-23 09:12:29.083 W/PermissionManager( 1875): Package android.ext.services is an APK in APEX, but has permission allowlist on the system image. Please bundle the allowlist in the com.android.extservices APEX instead.
10-23 09:12:29.083 W/PermissionManager( 1875): Package android.ext.services is an APK in APEX, but has permission allowlist on the system image. Please bundle the allowlist in the com.android.extservices APEX instead.
10-23 09:12:29.083 W/PermissionManager( 1875): Package android.ext.services is an APK in APEX, but has permission allowlist on the system image. Please bundle the allowlist in the com.android.extservices APEX instead.
10-23 09:12:29.083 W/PermissionManager( 1875): Package android.ext.services is an APK in APEX, but has permission allowlist on the system image. Please bundle the allowlist in the com.android.extservices APEX instead.
10-23 09:12:29.088 W/PermissionManager( 1875): Package com.android.networkstack.tethering is an APK in APEX, but has permission allowlist on the system image. Please bundle the allowlist in the com.android.tethering APEX instead.
10-23 09:12:29.088 W/PermissionManager( 1875): Package com.android.networkstack.tethering is an APK in APEX, but has permission allowlist on the system image. Please bundle the allowlist in the com.android.tethering APEX instead.
10-23 09:12:29.088 W/PermissionManager( 1875): Package com.android.networkstack.tethering is an APK in APEX, but has permission allowlist on the system image. Please bundle the allowlist in the com.android.tethering APEX instead.
10-23 09:12:29.088 W/PermissionManager( 1875): Package com.android.networkstack.tethering is an APK in APEX, but has permission allowlist on the system image. Please bundle the allowlist in the com.android.tethering APEX instead.
10-23 09:12:29.088 W/PermissionManager( 1875): Package com.android.networkstack.tethering is an APK in APEX, but has permission allowlist on the system image. Please bundle the allowlist in the com.android.tethering APEX instead.
10-23 09:12:29.088 W/PermissionManager( 1875): Package com.android.networkstack.tethering is an APK in APEX, but has permission allowlist on the system image. Please bundle the allowlist in the com.android.tethering APEX instead.
10-23 09:12:29.088 W/PermissionManager( 1875): Package com.android.networkstack.tethering is an APK in APEX, but has permission allowlist on the system image. Please bundle the allowlist in the com.android.tethering APEX instead.
10-23 09:12:29.093 W/PermissionManager( 1875): Package com.android.cellbroadcastreceiver.module is an APK in APEX, but has permission allowlist on the system image. Please bundle the allowlist in the com.android.cellbroadcast APEX instead.
10-23 09:12:29.094 W/PermissionManager( 1875): Package com.android.cellbroadcastreceiver.module is an APK in APEX, but has permission allowlist on the system image. Please bundle the allowlist in the com.android.cellbroadcast APEX instead.
10-23 09:12:29.094 W/PermissionManager( 1875): Package com.android.cellbroadcastreceiver.module is an APK in APEX, but has permission allowlist on the system image. Please bundle the allowlist in the com.android.cellbroadcast APEX instead.
10-23 09:12:29.094 W/PermissionManager( 1875): Package com.android.cellbroadcastreceiver.module is an APK in APEX, but has permission allowlist on the system image. Please bundle the allowlist in the com.android.cellbroadcast APEX instead.
10-23 09:12:29.094 W/PermissionManager( 1875): Package com.android.cellbroadcastreceiver.module is an APK in APEX, but has permission allowlist on the system image. Please bundle the allowlist in the com.android.cellbroadcast APEX instead.
10-23 09:12:29.094 W/PermissionManager( 1875): Package com.android.cellbroadcastreceiver.module is an APK in APEX, but has permission allowlist on the system image. Please bundle the allowlist in the com.android.cellbroadcast APEX instead.
10-23 09:12:29.094 W/PermissionManager( 1875): Package com.android.cellbroadcastreceiver.module is an APK in APEX, but has permission allowlist on the system image. Please bundle the allowlist in the com.android.cellbroadcast APEX instead.
