10-23 09:46:24.083 W/VRI[NotificationShade]( 2574): updateBlastSurfaceIfNeeded, surfaceSize:Point(1080, 2412), lastSurfaceSize:Point(1080, 2412), format:-3, blastBufferQueue:android.graphics.BLASTBufferQueue@9aea67d
10-23 09:46:24.086 D/DisplayManagerService( 1875): performTraversalInternal pendingTraversal
10-23 09:46:24.087 D/DisplayDevice( 1875): setLayerStackLocked id=local:4627039422300187648 token=android.os.BinderProxy@f26bdc8 stack=-1->0
10-23 09:46:24.087 I/DisplayDevice( 1875): [0] Layerstack set to 0 for local:4627039422300187648
10-23 09:46:24.087 D/DisplayDevice( 1875): setLayerStackLocked id=virtual:com.android.shell,2000,scrcpy,0 token=android.os.BinderProxy@8396532 stack=5->5
10-23 09:46:24.103 D/OplusUserManagerServiceEnhance( 1875): getMultiSystemUserId  res = -10000
10-23 09:46:24.106 D/OplusUserManagerServiceEnhance( 1875): getMultiSystemUserId  res = -10000
10-23 09:46:24.108 D/OplusVFXScreenEffectFeature( 1875): notifySFCompatWindowStateChange entered false
10-23 09:46:24.109 D/FlexibleWindowManager( 1875): physicalDisplayChangedForFlexibleWindow displayId 0, current display info 1080 x 2412, new display info 1080 x 2412
10-23 09:46:24.109 D/FlexibleTaskController( 1875): onDisplayChanged displayId#0 ,cur:1080x2412 ,new:1080x2412
10-23 09:46:24.109 D/FlexibleTaskController( 1875): onDisplayChanged displayId not support flexible.
10-23 09:46:24.109 D/FlexibleWindowManager( 1875): physicalDisplayChangedForFlexibleWindow return for unsupported devices
10-23 09:46:24.113 D/WindowManagerServiceExtImpl( 1875): extractConfigInfoAndRealFlags rotation=0, screenDp=640, win=Window{25bb9a2 u0 NotificationShade}
10-23 09:46:24.114 V/UsbDeviceManager( 1875): onKeyguardStateChanged: isShowing:true secure:true user:0
10-23 09:46:24.116 V/WindowManager( 1875): Relayout Window{25bb9a2 u0 NotificationShade}: viewVisibility=0, oldvis=0, req=1080x2412, vsysui=
10-23 09:46:24.125 D/OplusSmartBrightnessController( 1875): add for debug Aod brightness set 1.0
10-23 09:46:24.136 D/NotifierExtImpl( 1875): notifyScreenOnOff: on = false
10-23 09:46:24.136 D/OplusPowerManagerServiceEnhance( 1875): notifyScreenOnOff on=false
10-23 09:46:24.142 D/OplusSmartBrightnessController( 1875): add for debug Aod brightness set 1.0
10-23 09:46:24.165 D/NAS-CallIssueController[0]( 2844): ActionsExecuteStateMachine recv msg:5
10-23 09:46:24.169 D/OplusSmartBrightnessController( 1875): add for debug Aod brightness set 1.0
10-23 09:46:24.170 D/NAS-CallIssueController[1]( 2844): ActionsExecuteStateMachine recv msg:5
10-23 09:46:24.172 D/CompatibilityChangeReporter( 1875): Compat change id reported: 135634846; UID 10157; state: DISABLED
10-23 09:46:24.172 D/CompatibilityChangeReporter( 1875): Compat change id reported: 177438394; UID 10157; state: DISABLED
10-23 09:46:24.172 D/CompatibilityChangeReporter( 1875): Compat change id reported: 135772972; UID 10157; state: DISABLED
10-23 09:46:24.172 D/CompatibilityChangeReporter( 1875): Compat change id reported: 135754954; UID 10157; state: ENABLED
10-23 09:46:24.173 D/CompatibilityChangeReporter( 1875): Compat change id reported: 143937733; UID 10157; state: ENABLED
10-23 09:46:24.184 D/OplusSmartBrightnessController( 1875): add for debug Aod brightness set 1.0
10-23 09:46:24.185 E/OplusCustomizeRestrictionManagerService( 1875): isBiometricDisabled start
10-23 09:46:24.191 E/OplusCustomizeRestrictionManagerService( 1875): isBiometricDisabled start
10-23 09:46:24.192 D/LockSettingsService( 1875): [getStrongAuthForUser]  userId = 0
10-23 09:46:24.192 D/BiometricUtils( 1875): isEncrypted: false isLockdown: false
10-23 09:46:24.197 D/BiometricScheduler/Fingerprint21( 1875): [Added] {[170] com.android.server.biometrics.sensors.fingerprint.hidl.FingerprintUpdateActiveUserClient, proto=1, owner=android, cookie=0, requestId=-1, userId=0}, new queue size: 1, interruptable: false
10-23 09:46:24.197 D/BiometricScheduler/Fingerprint21( 1875): [Polled] {[170] com.android.server.biometrics.sensors.fingerprint.hidl.FingerprintUpdateActiveUserClient, proto=1, owner=android, cookie=0, requestId=-1, userId=0}, State: 0
10-23 09:46:24.197 D/BiometricScheduler/Fingerprint21( 1875): [Started] {[170] com.android.server.biometrics.sensors.fingerprint.hidl.FingerprintUpdateActiveUserClient, proto=1, owner=android, cookie=0, requestId=-1, userId=0}
10-23 09:46:24.197 D/FingerprintUpdateActiveUserClient( 1875): Already user: com.android.server.biometrics.sensors.fingerprint.hidl.Fingerprint21$$ExternalSyntheticLambda1@4b91359, returning
10-23 09:46:24.197 D/BiometricSchedulerOperation( 1875): [Finished / destroy]: {[170] com.android.server.biometrics.sensors.fingerprint.hidl.FingerprintUpdateActiveUserClient, proto=1, owner=android, cookie=0, requestId=-1, userId=0}
10-23 09:46:24.197 V/BiometricSchedulerOperation( 1875): started: {[170] com.android.server.biometrics.sensors.fingerprint.hidl.FingerprintUpdateActiveUserClient, proto=1, owner=android, cookie=0, requestId=-1, userId=0}, State: 5
10-23 09:46:24.200 I/ActivityManager( 1875): Start proc 12711:com.heytap.pictorial/u0a157 for service {com.heytap.pictorial/com.heytap.pictorial.KeepAliveService}
10-23 09:46:24.201 D/OplusSmartBrightnessController( 1875): add for debug Aod brightness set 1.0
10-23 09:46:24.222 I/PowerManagerService( 1875): onFlip(): Face up.
10-23 09:46:24.222 D/PowerManagerService( 1875): onFlip: isFaceDown=false
10-23 09:46:24.222 D/PowerManagerService( 1875): userActivityNoUpdateLocked: groupId=0, eventTime=69943657, event=other, flags=0x0, uid=1000
10-23 09:46:24.227 D/OplusSmartBrightnessController( 1875): add for debug Aod brightness set 1.0
10-23 09:46:24.231 D/BiometricScheduler/Fingerprint21( 1875): [Added] {[171] com.android.server.biometrics.sensors.fingerprint.hidl.FingerprintAuthenticationClient, proto=3, owner=com.android.systemui, cookie=0, requestId=67, userId=0}, new queue size: 1, interruptable: true
10-23 09:46:24.231 V/BiometricScheduler/Fingerprint21( 1875): Not idle, current operation: {[170] com.android.server.biometrics.sensors.fingerprint.hidl.FingerprintUpdateActiveUserClient, proto=1, owner=android, cookie=0, requestId=-1, userId=0}, State: 5
10-23 09:46:24.232 D/BiometricScheduler/Fingerprint21( 1875): [Finishing] {[170] com.android.server.biometrics.sensors.fingerprint.hidl.FingerprintUpdateActiveUserClient, proto=1, owner=android, cookie=0, requestId=-1, userId=0}, success: true
10-23 09:46:24.235 D/BiometricScheduler/Fingerprint21( 1875): [Polled] {[171] com.android.server.biometrics.sensors.fingerprint.hidl.FingerprintAuthenticationClient, proto=3, owner=com.android.systemui, cookie=0, requestId=67, userId=0}, State: 0
10-23 09:46:24.236 D/GestureAvailabilityTracker( 1875): Notifying gesture availability, active=false
10-23 09:46:24.236 D/BiometricScheduler/Fingerprint21( 1875): [Started] {[171] com.android.server.biometrics.sensors.fingerprint.hidl.FingerprintAuthenticationClient, proto=3, owner=com.android.systemui, cookie=0, requestId=67, userId=0}
10-23 09:46:24.236 D/BiometricStateCallback( 1875): State updated from 0 to 2, client {[171] com.android.server.biometrics.sensors.fingerprint.hidl.FingerprintAuthenticationClient, proto=3, owner=com.android.systemui, cookie=0, requestId=67, userId=0}
10-23 09:46:24.248 D/OplusSmartBrightnessController( 1875): add for debug Aod brightness set 1.0
10-23 09:46:24.249 D/PowerManagerServiceExtImpl( 1875): Acquiring suspend blocker "WakeLockCheck"  took 36 ms
10-23 09:46:24.250 D/Biometrics/AuthenticationClient( 1875): Requesting auth for com.android.systemui
10-23 09:46:24.254 D/OplusAlarmAdjustment( 1875): MSG_SCREEN_OFF, mAlignInterval=300000 ms, mScreenOffElapsed=113163519 ms
10-23 09:46:24.254 D/OplusAlarmAdjustMap( 1875): addAlignUid, uid=0, pkgName=*, requester=0, mode=1
10-23 09:46:24.254 D/OplusAlarmAdjustment( 1875): adjustAllAlarms()
10-23 09:46:24.255 D/Biometrics/Fingerprint/UdfpsHelperExtImpl( 1875): preShowUdfpsOverlay sensor:0 reason:4
10-23 09:46:24.255 D/VRR [OPlusExternalRefreshRateManager]( 1875): setStatus with: 1
10-23 09:46:24.255 D/VRR [OPlusExternalRefreshRateManager]( 1875): setStatus from 0 to 1
10-23 09:46:24.255 D/VRR [OPlusExternalRefreshRateManager]( 1875): max rate from mRefreshRateConfigs is 120.00001, change to 120hz for fingerprint
10-23 09:46:24.255 D/VRR [OPlusExternalRefreshRateManager]( 1875): keep max rate is: 120.0
10-23 09:46:24.255 D/VRR [OPlusSurfaceFlingerController]( 1875):  setMiscExclusiveMode : 120
10-23 09:46:24.256 D/OplusSmartBrightnessController( 1875): add for debug Aod brightness set 1.0
10-23 09:46:24.257 D/VRR [OPlusExternalRefreshRateManager]( 1875): setTouchIdleKeepHight enable: true
10-23 09:46:24.264 D/RefreshRate( 1875): keepHighRefreshRate =1,mCurrentPickRate=120.00001
10-23 09:46:24.264 D/RefreshRate( 1875): keepHighRefreshRate status=1: votes=PRIORITY_FOD_SHOW -> Vote{mRefreshRate=120.0, mMinRefreshRate=120.0};PRIORITY_WINDOW_REQUEST -> Vote{mRefreshRate=120.0, mMinRefreshRate=120.0};
10-23 09:46:24.268 D/AcmeAlarmPolicy( 1875): network change from -1 to 1
10-23 09:46:24.268 D/AcmeAlarmPolicy( 1875): screenOffDuration=17, mConfigCheckTime=1800000
10-23 09:46:24.268 D/OplusUserManagerServiceEnhance( 1875): getMultiSystemUserId  res = -10000
10-23 09:46:24.270 V/BiometricSchedulerOperation( 1875): started: {[171] com.android.server.biometrics.sensors.fingerprint.hidl.FingerprintAuthenticationClient, proto=3, owner=com.android.systemui, cookie=0, requestId=67, userId=0}, State: 2
10-23 09:46:24.275 D/OplusBatteryServiceFeature( 1875): setSmartCoolDown: coolDown = 0, normalCoolDown = 0, pkgName = com.example.translatorapp
10-23 09:46:24.290 D/OplusSmartBrightnessController( 1875): add for debug Aod brightness set 1.0
10-23 09:46:24.290 V/WindowManager( 1875): Relayout Window{9efaa5c u0 OnScreenFingerprintIcon}: viewVisibility=0, oldvis=8, req=1080x1080, vsysui=
10-23 09:46:24.291 I/WindowManager( 1875): Window{9efaa5c u0 OnScreenFingerprintIcon} state from NO_SURFACE to DRAW_PENDING; reason: resetDrawState
10-23 09:46:24.304 D/OplusSmartBrightnessController( 1875): add for debug Aod brightness set 1.0
10-23 09:46:24.309 D/CompatibilityChangeReporter( 1875): Compat change id reported: 168419799; UID 10157; state: DISABLED
10-23 09:46:24.309 D/CompatibilityChangeReporter( 1875): Compat change id reported: 273564678; UID 10157; state: DISABLED
10-23 09:46:24.310 D/ActivityTaskManagerServiceExtImpl( 1875): preBindApplication record is null
10-23 09:46:24.314 V/BiometricLogger( 1875): Acquired! Modality: 1, User: 0, IsCrypto: false, Action: 2, Client: 1, AcquiredInfo: 6, VendorCode: 6
10-23 09:46:24.314 V/Biometrics/AcquisitionClient( 1875): Acquired: 6 6, shouldSend: true
10-23 09:46:24.318 D/CompatibilityChangeReporter( 1875): Compat change id reported: 265195908; UID 10157; state: ENABLED
10-23 09:46:24.321 D/OplusSmartBrightnessController( 1875): add for debug Aod brightness set 1.0
10-23 09:46:24.329 I/DisplayDeviceRepository( 1875): Display device changed state: "", DOZE
10-23 09:46:24.329 D/LogicalDisplayExt( 1875): set displayInfo flag FLAG_ROTATES_WITH_CONTENT
10-23 09:46:24.332 D/OplusSmartBrightnessController( 1875): add for debug Aod brightness set 1.0
10-23 09:46:24.343 D/DisplayManagerServiceExtImpl( 1875): scheduleTraversalLocked intraversal=false
10-23 09:46:24.344 I/DisplayManagerServiceExtImpl( 1875): handle logical display changed logicalDisplay=id=0,stack=0,content=true,displayInfo{stack=0,type=1,id=0,uId=local:4627039422300187648,state=DOZE,pkg=null}
10-23 09:46:24.344 D/DisplayManagerService( 1875): Delivering display event: displayId=0, event=2
10-23 09:46:24.346 D/OplusSmartBrightnessController( 1875): add for debug Aod brightness set 1.0
10-23 09:46:24.349 D/OplusFeatureDCBacklight( 1875): notifySfRepaintEverything begin mCurrentDCMode:0brightness=1threshold=260
10-23 09:46:24.351 D/OplusSmartBrightnessController( 1875): add for debug Aod brightness set 1.0
10-23 09:46:24.358 D/OplusSmartBrightnessController( 1875): brightness(primary) = 1, brightness color = 1.0, brightness nit = 1.7957064,id:4627039422300187648 provider=false,verbose[auto=false,dragging=false,lowAnimating=false,hdrAnimating=false,needUpdate=true,window=false,dolbyRecord=false,edrEnhance=false,cover=false,isFirst=true,onlyOne=false,isDragAnimating=false,noAnim=false,state=DOZE,smbPreview=false]
10-23 09:46:24.363 D/OplusSmartBrightnessController( 1875): add for debug Aod brightness set 1.0
10-23 09:46:24.391 W/FingerprintManager( 2574): Invalid acquired message: 6, 6
10-23 09:46:24.415 V/WindowManager( 1875): Relayout Window{b8c0ee1 u0 OnScreenFingerprintPressedIcon}: viewVisibility=0, oldvis=8, req=187x187, vsysui=
10-23 09:46:24.415 I/WindowManager( 1875): Window{b8c0ee1 u0 OnScreenFingerprintPressedIcon} state from NO_SURFACE to DRAW_PENDING; reason: resetDrawState
10-23 09:46:24.437 D/DisplayManagerService( 1875): performTraversalInternal pendingTraversal
10-23 09:46:24.437 D/DisplayDevice( 1875): setLayerStackLocked id=local:4627039422300187648 token=android.os.BinderProxy@f26bdc8 stack=0->0
10-23 09:46:24.437 D/DisplayDevice( 1875): setLayerStackLocked id=virtual:com.android.shell,2000,scrcpy,0 token=android.os.BinderProxy@8396532 stack=5->5
10-23 09:46:24.443 I/WindowManager( 1875): Window{9efaa5c u0 OnScreenFingerprintIcon} state from DRAW_PENDING to COMMIT_DRAW_PENDING; reason: finishDrawingLocked
10-23 09:46:24.454 I/WindowManager( 1875): Window{9efaa5c u0 OnScreenFingerprintIcon} state from COMMIT_DRAW_PENDING to READY_TO_SHOW; reason: commitFinishDrawingLocked
10-23 09:46:24.455 I/WindowManager( 1875): Window{9efaa5c u0 OnScreenFingerprintIcon} state from READY_TO_SHOW to HAS_DRAWN; reason: performShowLocked
10-23 09:46:24.457 I/WallpaperManagerServiceExt( 1875): removeDisplayData. displayId = 0
10-23 09:46:24.465 D/DisplayManagerService( 1875): performTraversalInternal pendingTraversal
10-23 09:46:24.466 D/DisplayDevice( 1875): setLayerStackLocked id=local:4627039422300187648 token=android.os.BinderProxy@f26bdc8 stack=0->0
10-23 09:46:24.466 D/DisplayDevice( 1875): setLayerStackLocked id=virtual:com.android.shell,2000,scrcpy,0 token=android.os.BinderProxy@8396532 stack=5->5
10-23 09:46:24.476 W/Looper  ( 1875): Slow dispatch took 102ms android.ui h=com.android.server.am.ActivityManagerService$UiHandler c=com.android.server.am.UidObserverController$$ExternalSyntheticLambda0@1b595cc m=0
10-23 09:46:24.479 D/OplusVFXScreenEffectFeature( 1875): notifySFCompatWindowStateChange entered false
10-23 09:46:24.479 D/FlexibleWindowManager( 1875): physicalDisplayChangedForFlexibleWindow displayId 0, current display info 1080 x 2412, new display info 1080 x 2412
10-23 09:46:24.479 D/FlexibleTaskController( 1875): onDisplayChanged displayId#0 ,cur:1080x2412 ,new:1080x2412
10-23 09:46:24.479 D/FlexibleTaskController( 1875): onDisplayChanged displayId not support flexible.
10-23 09:46:24.479 D/FlexibleWindowManager( 1875): physicalDisplayChangedForFlexibleWindow return for unsupported devices
10-23 09:46:24.490 D/DisplayManagerService( 1875): performTraversalInternal pendingTraversal
10-23 09:46:24.490 D/DisplayDevice( 1875): setLayerStackLocked id=local:4627039422300187648 token=android.os.BinderProxy@f26bdc8 stack=0->0
10-23 09:46:24.490 D/DisplayDevice( 1875): setLayerStackLocked id=virtual:com.android.shell,2000,scrcpy,0 token=android.os.BinderProxy@8396532 stack=5->5
10-23 09:46:24.492 D/PowerManagerServiceExtImpl( 1875): Acquiring suspend blocker "WakeLockCheck"  took 52 ms
10-23 09:46:24.504 D/OplusSmartBrightnessController( 1875): add for debug Aod brightness set 1.0
10-23 09:46:24.511 D/DisplayManagerService( 1875): Ignore redundant display event 0/2 to 10173/7544
10-23 09:46:24.530 D/DisplayManagerService( 1875): Ignore redundant display event 0/2 to 10080/7615
10-23 09:46:24.531 D/DisplayManagerService( 1875): Ignore redundant display event 0/2 to 10088/8440
10-23 09:46:24.531 D/DisplayManagerService( 1875): Ignore redundant display event 0/2 to 10344/10718
10-23 09:46:24.538 D/DisplayManagerService( 1875): Ignore redundant display event 0/2 to 10220/21242
10-23 09:46:24.538 D/DisplayManagerService( 1875): Ignore redundant display event 0/2 to 10153/21949
10-23 09:46:24.540 D/DisplayManagerService( 1875): Ignore redundant display event 0/2 to 10190/27866
10-23 09:46:24.540 D/DisplayManagerService( 1875): MSG_REQUEST_TRAVERSAL pendingCompleted=false
10-23 09:46:24.580 I/WindowManager( 1875): Window{b8c0ee1 u0 OnScreenFingerprintPressedIcon} state from DRAW_PENDING to COMMIT_DRAW_PENDING; reason: finishDrawingLocked
10-23 09:46:24.581 W/ContentProviderHelper( 1875): Slow operation: 245ms so far, now at getContentProviderImpl: after updateOomAdj
10-23 09:46:24.582 W/ContentProviderHelper( 1875): Slow operation: 245ms so far, now at getContentProviderImpl: done!
10-23 09:46:24.586 D/OplusSmartBrightnessController( 1875): add for debug Aod brightness set 1.0
10-23 09:46:24.589 I/WindowManager( 1875): Window{b8c0ee1 u0 OnScreenFingerprintPressedIcon} state from COMMIT_DRAW_PENDING to READY_TO_SHOW; reason: commitFinishDrawingLocked
10-23 09:46:24.589 I/WindowManager( 1875): Window{b8c0ee1 u0 OnScreenFingerprintPressedIcon} state from READY_TO_SHOW to HAS_DRAWN; reason: performShowLocked
10-23 09:46:24.595 D/OplusDisplayManagerServiceEnhance( 1875): OplusDisplayManagerServiceEnhance setSpecBrightness gear = 0 reason = com.example.translatorapp@temperature@32@normal rate = -1
10-23 09:46:24.600 D/CompatibilityChangeReporter( 1875): Compat change id reported: 170503758; UID 10157; state: ENABLED
10-23 09:46:24.601 I/OplusSmartBrightnessController( 1875): handleMessage MSG_TEMPERATURE_LIMIT_BRIGHTNESS_CHANGED.
10-23 09:46:24.606 D/OplusFeatureTemperatureLimitBrightness( 1875): new parameter!ControlInfo:[ gear = 0 reason = com.example.translatorapp@temperature@32@normal brightness = 10239 package = com.example.translatorapp type = temperature temperature = 32 priority = normal rate = -1] HadDragPoint = false mode = 0
10-23 09:46:24.606 D/OplusFeatureTemperatureLimitBrightness( 1875): isResetUpdate = false isNormalUpdate = false isSafetyRegulationsForceUpdate = false mLastBrightnessLimit = 10239
10-23 09:46:24.621 D/RefreshRate( 1875): setHighTemperatureStatusWithoutUpdate: status = 0, rate = 0
10-23 09:46:24.622 D/RefreshRate( 1875): setHighTemperatureStatus: status=0,rate=0: votes=PRIORITY_FOD_SHOW -> Vote{mRefreshRate=120.0, mMinRefreshRate=120.0};PRIORITY_WINDOW_REQUEST -> Vote{mRefreshRate=120.0, mMinRefreshRate=120.0};
10-23 09:46:24.664 D/OplusFeatureColorMode( 1875): +updateUserDreaming
10-23 09:46:24.674 D/OplusFeatureMEMCGame_PW( 1875): screen off
10-23 09:46:24.680 D/VRR [OPlusRefreshRateService]( 1875):  setFrameRateTargetControl [ 0.0 , com.example.translatorapp , false , com.oplus.battery ]
10-23 09:46:24.680 D/VRR [OPlusExternalRefreshRateManager]( 1875):  [FRTC] FrameRate : 0 com.example.translatorapp false com.oplus.battery 0 1000
10-23 09:46:24.683 D/OplusFeatureHDREnhanceBrightness( 1875): setAnimating : displayId[0]=false
10-23 09:46:24.683 D/OplusFeatureReduceBrightness( 1875): setAnimating : animating = false
10-23 09:46:24.683 D/OplusFeatureEdrEnhanceBrightness( 1875): setAnimating: false
10-23 09:46:24.683 D/OplusFeaturePwEdrEnhanceBrightness( 1875): setAnimating: false
10-23 09:46:24.683 D/ColorAutomaticBrightnessController( 1875): MSG_UPDATE_BRIGHTNESS
10-23 09:46:24.683 D/OplusSmartBrightnessController( 1875): add for debug Aod brightness set 1.0
10-23 09:46:24.684 I/OplusSmartBrightnessController( 1875): handleMessage MSG_SET_SETTINGS_MIN_BRI_PREVIEW false
10-23 09:46:24.718 D/PowerManagerServiceExtImpl( 1875): Acquiring suspend blocker "WakeLockCheck"  took 40 ms
10-23 09:46:24.784 D/PowerManagerServiceExtImpl( 1875): Acquiring suspend blocker "WakeLockCheck"  took 41 ms
10-23 09:46:24.947 D/OplusFeatureBrightnessBarController( 1875): screen state:false
10-23 09:46:24.954 D/CompatibilityChangeReporter( 1875): Compat change id reported: 157233955; UID 1000; state: ENABLED
10-23 09:46:24.966 D/CompatibilityChangeReporter( 1875): Compat change id reported: 171306433; UID 1000; state: ENABLED
10-23 09:46:24.966 D/CompatibilityChangeReporter( 1875): Compat change id reported: 218533173; UID 1000; state: ENABLED
10-23 09:46:25.098 W/Looper  ( 1875): Slow dispatch took 106ms main h=android.app.ActivityThread$H c=android.app.LoadedApk$ReceiverDispatcher$Args$$ExternalSyntheticLambda0@1e7ef71 m=0
10-23 09:46:25.129 D/CompatibilityChangeReporter( 1875): Compat change id reported: 161145287; UID 10157; state: ENABLED
10-23 09:46:25.143 D/ResourcesManagerExtImpl(12711): applyConfigurationToAppResourcesLocked app.getDisplayId() return callback.displayId:-1
10-23 09:46:25.152 I/OplusAppSwitchManagerService( 1875): appswitch unregisterAppSwitchObserver pkgName = com.heytap.accessory config = OplusAppSwitchConfig = {  mConfigs = {} observerFingerPrint = 131562698}
10-23 09:46:25.183 I/OplusAppSwitchStateDispatcher( 1875): unregisterAppSwitchObserver ok, pkgName = com.heytap.accessory info = OplusAppSwitchRuleInfo = {  observer = null observerFingerPrint = 131562698}
10-23 09:46:25.245 D/CommSceneService( 1875): notify screen off changed state=1
10-23 09:46:25.252 D/OSysNetControlService( 1875): handle comm scene=1001 state=1 phoneId=-1
10-23 09:46:25.356 D/OplusBatteryManager( 1875): getPsyBatteryRm: 2582
10-23 09:46:25.357 W/OplusStorageManagerFeature( 1875): turn screenOff, maintPrepared:false
10-23 09:46:25.372 D/OplusBatteryManager( 1875): getPsyBatteryRm: 2582
10-23 09:46:25.391 D/vold    (  593): ufshid started
10-23 09:46:25.393 I/vold    (  593): [libfs_mgr] mgs test solvit start
10-23 09:46:25.393 I/vold    (  593): [libfs_mgr] stream not support 
10-23 09:46:25.394 D/vold    (  593): ufshid end
10-23 09:46:25.416 D/OplusFeatureMEMCGame_PW( 1875): The same ThermalThrottling: 0, return
10-23 09:46:25.577 I/ActivityManager( 1875): Process com.heytap.accessory.Plugin (pid 2154) has died: cch+5 CEM 
10-23 09:46:25.679 D/OplusFeatureAOD( 1875): key:1875 tmp:1
10-23 09:46:25.684 D/DisplayPowerController[0]( 1875): requestPowerState: policy=DOZE, useProximitySensor=false, screenBrightnessOverride=-1.0, useAutoBrightness=false, screenAutoBrightnessAdjustmentOverride=NaN, screenLowPowerBrightnessFactor=0.5, blockScreenOn=false, lowPowerMode=false, boostScreenBrightness=false, dozeScreenBrightness=NaN, dozeScreenState=DOZE_SUSPEND, waitForNegativeProximity=false displayReady=false pendingRequest=true
10-23 09:46:25.686 D/DisplayManagerServiceExtImpl( 1875): request size(1,1),dpc=com.android.server.display.DisplayPowerController@3728398 size(0,2),flags=0X200F,id(0,0,local:4627039422300187648),enable=true,ready=false,waitForNegativeProximity=false policy=DOZE,useProximitySensor=false,dozeState=DOZE_SUSPEND,screenBrightnessOverride=-1.000000,useAuto=false,lowPower=false,lowPowerFactor=0.500000
10-23 09:46:25.687 D/VRR [OPlusRefreshRateService]( 1875): handleScreenStateChange state: 4
10-23 09:46:25.699 D/BackLightStat( 1875): setScreenState: state changed:DOZE->DOZE_SUSPEND
10-23 09:46:25.699 D/OplusSmartBrightnessController( 1875): add for debug Aod brightness set 1.0
10-23 09:46:25.699 D/DisplayPowerState[0]( 1875): Updating screen state: id=0, state=DOZE_SUSPEND, backlight=1.0, sdrBacklight=1.0
10-23 09:46:25.701 D/OplusSmartBrightnessController( 1875): requestDisplayState isFirstDisplay=true state=4 globalDisplayState=0x7
10-23 09:46:25.701 D/LocalDisplayAdapter( 1875): setDisplayState(id=4627039422300187648 isFirstDisplay=true state changed:DOZE->DOZE_SUSPEND) t-Name=PhotonicModulator
10-23 09:46:25.702 I/DisplayDeviceRepository( 1875): Display device changed state: "", DOZE_SUSPEND
10-23 09:46:25.702 D/LogicalDisplayExt( 1875): set displayInfo flag FLAG_ROTATES_WITH_CONTENT
10-23 09:46:25.704 D/DisplayManagerServiceExtImpl( 1875): scheduleTraversalLocked intraversal=false
10-23 09:46:25.704 I/DisplayManagerServiceExtImpl( 1875): handle logical display changed logicalDisplay=id=0,stack=0,content=true,displayInfo{stack=0,type=1,id=0,uId=local:4627039422300187648,state=DOZE_SUSPEND,pkg=null}
10-23 09:46:25.704 D/DisplayManagerService( 1875): Delivering display event: displayId=0, event=2
10-23 09:46:25.706 D/DisplayManagerService( 1875): Ignore redundant display event 0/2 to 10173/7544
10-23 09:46:25.706 D/DisplayManagerService( 1875): Ignore redundant display event 0/2 to 10080/7615
10-23 09:46:25.706 D/DisplayManagerService( 1875): Ignore redundant display event 0/2 to 10088/8440
10-23 09:46:25.707 D/DisplayManagerService( 1875): Ignore redundant display event 0/2 to 10344/10718
10-23 09:46:25.707 D/DisplayManagerService( 1875): Ignore redundant display event 0/2 to 10220/21242
10-23 09:46:25.707 D/DisplayManagerService( 1875): Ignore redundant display event 0/2 to 10153/21949
10-23 09:46:25.709 D/DisplayManagerService( 1875): Ignore redundant display event 0/2 to 10190/27866
10-23 09:46:25.709 D/DisplayManagerService( 1875): MSG_REQUEST_TRAVERSAL pendingCompleted=false
10-23 09:46:25.722 I/WallpaperManagerServiceExt( 1875): removeDisplayData. displayId = 0
10-23 09:46:25.737 D/OplusVFXScreenEffectFeature( 1875): notifySFCompatWindowStateChange entered false
10-23 09:46:25.738 D/FlexibleWindowManager( 1875): physicalDisplayChangedForFlexibleWindow displayId 0, current display info 1080 x 2412, new display info 1080 x 2412
10-23 09:46:25.738 D/FlexibleTaskController( 1875): onDisplayChanged displayId#0 ,cur:1080x2412 ,new:1080x2412
10-23 09:46:25.738 D/FlexibleTaskController( 1875): onDisplayChanged displayId not support flexible.
10-23 09:46:25.738 D/FlexibleWindowManager( 1875): physicalDisplayChangedForFlexibleWindow return for unsupported devices
10-23 09:46:25.742 D/OplusSmartBrightnessController( 1875): add for debug Aod brightness set 1.0
10-23 09:46:25.742 I/DisplayDeviceRepository( 1875): Display device changed state: "", DOZE_SUSPEND
10-23 09:46:25.742 D/LogicalDisplayExt( 1875): set displayInfo flag FLAG_ROTATES_WITH_CONTENT
10-23 09:46:25.744 I/DisplayManagerServiceExtImpl( 1875): handle logical display changed logicalDisplay=id=0,stack=0,content=true,displayInfo{stack=0,type=1,id=0,uId=local:4627039422300187648,state=DOZE_SUSPEND,pkg=null}
10-23 09:46:25.744 D/DisplayManagerService( 1875): Delivering display event: displayId=0, event=2
10-23 09:46:25.747 D/OplusVFXScreenEffectFeature( 1875): notifySFCompatWindowStateChange entered false
10-23 09:46:25.747 D/FlexibleWindowManager( 1875): physicalDisplayChangedForFlexibleWindow displayId 0, current display info 1080 x 2412, new display info 1080 x 2412
10-23 09:46:25.747 D/FlexibleTaskController( 1875): onDisplayChanged displayId#0 ,cur:1080x2412 ,new:1080x2412
10-23 09:46:25.747 D/FlexibleTaskController( 1875): onDisplayChanged displayId not support flexible.
10-23 09:46:25.747 D/FlexibleWindowManager( 1875): physicalDisplayChangedForFlexibleWindow return for unsupported devices
10-23 09:46:25.751 I/WallpaperManagerServiceExt( 1875): removeDisplayData. displayId = 0
10-23 09:46:25.756 D/DisplayManagerService( 1875): Ignore redundant display event 0/2 to 10173/7544
10-23 09:46:25.756 D/DisplayManagerService( 1875): Ignore redundant display event 0/2 to 10080/7615
10-23 09:46:25.756 D/DisplayManagerService( 1875): Ignore redundant display event 0/2 to 10088/8440
10-23 09:46:25.756 D/DisplayManagerService( 1875): Ignore redundant display event 0/2 to 10344/10718
10-23 09:46:25.757 D/DisplayManagerService( 1875): Ignore redundant display event 0/2 to 10220/21242
10-23 09:46:25.757 D/DisplayManagerService( 1875): Ignore redundant display event 0/2 to 10153/21949
10-23 09:46:25.758 D/DisplayManagerService( 1875): Ignore redundant display event 0/2 to 10190/27866
10-23 09:46:25.784 D/DisplayManagerService( 1875): performTraversalInternal pendingTraversal
10-23 09:46:25.784 D/DisplayDevice( 1875): setLayerStackLocked id=local:4627039422300187648 token=android.os.BinderProxy@f26bdc8 stack=0->0
10-23 09:46:25.784 D/DisplayDevice( 1875): setLayerStackLocked id=virtual:com.android.shell,2000,scrcpy,0 token=android.os.BinderProxy@8396532 stack=5->5
10-23 09:46:26.149 I/Quality (12711): SlowSqliteOp:executeForString,/data/user/0/com.heytap.pictorial/databases/Pictorial_Core.db,false,false,105
10-23 09:46:26.260 I/ActivityManager( 1875): Flag disabled. Ignoring finishAttachApplication from uid: 10157. pid: 12711
10-23 09:46:26.290 D/VRR [OPlusExternalRefreshRateManager]( 1875): isPkgTfcEnable: pkgName = com.heytap.pictorial, enable = false
10-23 09:46:26.290 D/VRR [OPlusExternalRefreshRateManager]( 1875): getTfcMinFramerate: pkgName = com.heytap.pictorial, min framerate = 0
10-23 09:46:26.570 D/CompatibilityChangeReporter( 1875): Compat change id reported: 171306433; UID 10157; state: ENABLED
10-23 09:46:26.570 D/CompatibilityChangeReporter( 1875): Compat change id reported: 218533173; UID 10157; state: ENABLED
10-23 09:46:26.570 D/CompatibilityChangeReporter( 1875): Compat change id reported: 226439802; UID 10157; state: ENABLED
10-23 09:46:26.727 D/ProcessCpuTrackerExtImpl( 1875): mContext is already set, return now! 
10-23 09:46:26.737 W/ActivityManager( 1875): Stale PhantomProcessRecord {557b337 24034:23633:com.xingin.xhs:widgetProvider/u0a278}, removing
10-23 09:46:26.741 D/OplusFeatureHDREnhanceBrightness( 1875): checkIsPlayingHDR isPlayingHDR=0 rotation=0 whiteApp=false battery=79
10-23 09:46:27.044 D/OplusFeatureAOD( 1875): key:1875 tmp:3
10-23 09:46:27.045 D/DisplayPowerController[0]( 1875): requestPowerState: policy=DOZE, useProximitySensor=false, screenBrightnessOverride=-1.0, useAutoBrightness=false, screenAutoBrightnessAdjustmentOverride=NaN, screenLowPowerBrightnessFactor=0.5, blockScreenOn=false, lowPowerMode=false, boostScreenBrightness=false, dozeScreenBrightness=NaN, dozeScreenState=DOZE, waitForNegativeProximity=false displayReady=false pendingRequest=true
10-23 09:46:27.046 D/DisplayManagerServiceExtImpl( 1875): request size(1,1),dpc=com.android.server.display.DisplayPowerController@3728398 size(0,2),flags=0X200F,id(0,0,local:4627039422300187648),enable=true,ready=false,waitForNegativeProximity=false policy=DOZE,useProximitySensor=false,dozeState=DOZE,screenBrightnessOverride=-1.000000,useAuto=false,lowPower=false,lowPowerFactor=0.500000
10-23 09:46:27.046 D/VRR [OPlusRefreshRateService]( 1875): handleScreenStateChange state: 3
10-23 09:46:27.060 D/BackLightStat( 1875): setScreenState: state changed:DOZE_SUSPEND->DOZE
10-23 09:46:27.062 D/OplusSmartBrightnessController( 1875): add for debug Aod brightness set 1.0
10-23 09:46:27.062 D/DisplayPowerState[0]( 1875): Updating screen state: id=0, state=DOZE, backlight=1.0, sdrBacklight=1.0
10-23 09:46:27.063 D/OplusSmartBrightnessController( 1875): requestDisplayState isFirstDisplay=true state=3 globalDisplayState=0x7
10-23 09:46:27.063 D/LocalDisplayAdapter( 1875): setDisplayState(id=4627039422300187648 isFirstDisplay=true state changed:DOZE_SUSPEND->DOZE) t-Name=PhotonicModulator
10-23 09:46:27.065 I/DisplayDeviceRepository( 1875): Display device changed state: "", DOZE
10-23 09:46:27.065 D/LogicalDisplayExt( 1875): set displayInfo flag FLAG_ROTATES_WITH_CONTENT
10-23 09:46:27.069 D/DisplayManagerServiceExtImpl( 1875): scheduleTraversalLocked intraversal=false
10-23 09:46:27.069 I/DisplayManagerServiceExtImpl( 1875): handle logical display changed logicalDisplay=id=0,stack=0,content=true,displayInfo{stack=0,type=1,id=0,uId=local:4627039422300187648,state=DOZE,pkg=null}
10-23 09:46:27.070 D/DisplayManagerService( 1875): Delivering display event: displayId=0, event=2
10-23 09:46:27.073 D/OplusVFXScreenEffectFeature( 1875): notifySFCompatWindowStateChange entered false
10-23 09:46:27.074 D/FlexibleWindowManager( 1875): physicalDisplayChangedForFlexibleWindow displayId 0, current display info 1080 x 2412, new display info 1080 x 2412
10-23 09:46:27.074 D/FlexibleTaskController( 1875): onDisplayChanged displayId#0 ,cur:1080x2412 ,new:1080x2412
10-23 09:46:27.074 D/FlexibleTaskController( 1875): onDisplayChanged displayId not support flexible.
10-23 09:46:27.074 D/FlexibleWindowManager( 1875): physicalDisplayChangedForFlexibleWindow return for unsupported devices
10-23 09:46:27.079 D/DisplayManagerService( 1875): performTraversalInternal pendingTraversal
10-23 09:46:27.079 D/DisplayDevice( 1875): setLayerStackLocked id=local:4627039422300187648 token=android.os.BinderProxy@f26bdc8 stack=0->0
10-23 09:46:27.079 D/DisplayDevice( 1875): setLayerStackLocked id=virtual:com.android.shell,2000,scrcpy,0 token=android.os.BinderProxy@8396532 stack=5->5
10-23 09:46:27.084 I/WallpaperManagerServiceExt( 1875): removeDisplayData. displayId = 0
10-23 09:46:27.086 D/DisplayManagerService( 1875): Ignore redundant display event 0/2 to 10173/7544
10-23 09:46:27.086 D/DisplayManagerService( 1875): Ignore redundant display event 0/2 to 10080/7615
10-23 09:46:27.086 D/DisplayManagerService( 1875): Ignore redundant display event 0/2 to 10088/8440
10-23 09:46:27.091 D/DisplayManagerService( 1875): Ignore redundant display event 0/2 to 10344/10718
10-23 09:46:27.094 D/DisplayManagerService( 1875): Ignore redundant display event 0/2 to 10220/21242
10-23 09:46:27.094 D/DisplayManagerService( 1875): Ignore redundant display event 0/2 to 10153/21949
10-23 09:46:27.096 D/DisplayManagerService( 1875): Ignore redundant display event 0/2 to 10190/27866
10-23 09:46:27.096 D/DisplayManagerService( 1875): MSG_REQUEST_TRAVERSAL pendingCompleted=false
10-23 09:46:27.127 I/DisplayDeviceRepository( 1875): Display device changed state: "", DOZE
10-23 09:46:27.127 D/LogicalDisplayExt( 1875): set displayInfo flag FLAG_ROTATES_WITH_CONTENT
10-23 09:46:27.131 D/DisplayManagerServiceExtImpl( 1875): scheduleTraversalLocked intraversal=false
10-23 09:46:27.131 I/DisplayManagerServiceExtImpl( 1875): handle logical display changed logicalDisplay=id=0,stack=0,content=true,displayInfo{stack=0,type=1,id=0,uId=local:4627039422300187648,state=DOZE,pkg=null}
10-23 09:46:27.131 D/DisplayManagerService( 1875): Delivering display event: displayId=0, event=2
10-23 09:46:27.133 I/WallpaperManagerServiceExt( 1875): removeDisplayData. displayId = 0
10-23 09:46:27.138 D/DisplayManagerService( 1875): Ignore redundant display event 0/2 to 10173/7544
10-23 09:46:27.139 D/DisplayManagerService( 1875): Ignore redundant display event 0/2 to 10080/7615
10-23 09:46:27.139 D/DisplayManagerService( 1875): Ignore redundant display event 0/2 to 10088/8440
10-23 09:46:27.139 D/OplusVFXScreenEffectFeature( 1875): notifySFCompatWindowStateChange entered false
10-23 09:46:27.139 D/DisplayManagerService( 1875): Ignore redundant display event 0/2 to 10344/10718
10-23 09:46:27.139 D/FlexibleWindowManager( 1875): physicalDisplayChangedForFlexibleWindow displayId 0, current display info 1080 x 2412, new display info 1080 x 2412
10-23 09:46:27.139 D/FlexibleTaskController( 1875): onDisplayChanged displayId#0 ,cur:1080x2412 ,new:1080x2412
10-23 09:46:27.139 D/FlexibleTaskController( 1875): onDisplayChanged displayId not support flexible.
10-23 09:46:27.139 D/FlexibleWindowManager( 1875): physicalDisplayChangedForFlexibleWindow return for unsupported devices
10-23 09:46:27.139 D/DisplayManagerService( 1875): Ignore redundant display event 0/2 to 10220/21242
10-23 09:46:27.140 D/DisplayManagerService( 1875): Ignore redundant display event 0/2 to 10153/21949
10-23 09:46:27.140 D/DisplayManagerService( 1875): Ignore redundant display event 0/2 to 10190/27866
10-23 09:46:27.141 D/DisplayManagerService( 1875): MSG_REQUEST_TRAVERSAL pendingCompleted=false
10-23 09:46:27.144 D/DisplayManagerService( 1875): performTraversalInternal pendingTraversal
10-23 09:46:27.144 D/DisplayDevice( 1875): setLayerStackLocked id=local:4627039422300187648 token=android.os.BinderProxy@f26bdc8 stack=0->0
10-23 09:46:27.145 D/DisplayDevice( 1875): setLayerStackLocked id=virtual:com.android.shell,2000,scrcpy,0 token=android.os.BinderProxy@8396532 stack=5->5
10-23 09:46:27.165 W/BatteryStatsService( 1875): Unknown sensor handle 76 received in noteWakeupSensorEvent
10-23 09:46:27.195 D/OplusSmartBrightnessController( 1875): add for debug Aod brightness set 1.0
10-23 09:46:27.342 I/Quality ( 2574): BitmapCompressInfo:1215,2160,0,80,287001154
10-23 09:46:27.704 D/OplusFeatureAOD( 1875): key:1875 tmp:1
10-23 09:46:27.706 D/DisplayPowerController[0]( 1875): requestPowerState: policy=DOZE, useProximitySensor=false, screenBrightnessOverride=-1.0, useAutoBrightness=false, screenAutoBrightnessAdjustmentOverride=NaN, screenLowPowerBrightnessFactor=0.5, blockScreenOn=false, lowPowerMode=false, boostScreenBrightness=false, dozeScreenBrightness=NaN, dozeScreenState=DOZE_SUSPEND, waitForNegativeProximity=false displayReady=false pendingRequest=true
10-23 09:46:27.706 D/DisplayManagerServiceExtImpl( 1875): request size(1,1),dpc=com.android.server.display.DisplayPowerController@3728398 size(0,2),flags=0X200F,id(0,0,local:4627039422300187648),enable=true,ready=false,waitForNegativeProximity=false policy=DOZE,useProximitySensor=false,dozeState=DOZE_SUSPEND,screenBrightnessOverride=-1.000000,useAuto=false,lowPower=false,lowPowerFactor=0.500000
10-23 09:46:27.709 D/VRR [OPlusRefreshRateService]( 1875): handleScreenStateChange state: 4
10-23 09:46:27.711 D/BackLightStat( 1875): setScreenState: state changed:DOZE->DOZE_SUSPEND
10-23 09:46:27.716 D/OplusSmartBrightnessController( 1875): add for debug Aod brightness set 1.0
10-23 09:46:27.716 D/DisplayPowerState[0]( 1875): Updating screen state: id=0, state=DOZE_SUSPEND, backlight=1.0, sdrBacklight=1.0
10-23 09:46:27.718 I/DisplayDeviceRepository( 1875): Display device changed state: "", DOZE_SUSPEND
10-23 09:46:27.718 D/LogicalDisplayExt( 1875): set displayInfo flag FLAG_ROTATES_WITH_CONTENT
10-23 09:46:27.718 D/OplusSmartBrightnessController( 1875): requestDisplayState isFirstDisplay=true state=4 globalDisplayState=0x7
10-23 09:46:27.719 D/LocalDisplayAdapter( 1875): setDisplayState(id=4627039422300187648 isFirstDisplay=true state changed:DOZE->DOZE_SUSPEND) t-Name=PhotonicModulator
10-23 09:46:27.720 D/DisplayManagerServiceExtImpl( 1875): scheduleTraversalLocked intraversal=false
10-23 09:46:27.720 I/DisplayManagerServiceExtImpl( 1875): handle logical display changed logicalDisplay=id=0,stack=0,content=true,displayInfo{stack=0,type=1,id=0,uId=local:4627039422300187648,state=DOZE_SUSPEND,pkg=null}
10-23 09:46:27.720 D/DisplayManagerService( 1875): Delivering display event: displayId=0, event=2
10-23 09:46:27.722 D/DisplayManagerService( 1875): Ignore redundant display event 0/2 to 10173/7544
10-23 09:46:27.722 D/DisplayManagerService( 1875): Ignore redundant display event 0/2 to 10080/7615
10-23 09:46:27.722 D/DisplayManagerService( 1875): Ignore redundant display event 0/2 to 10088/8440
10-23 09:46:27.723 D/DisplayManagerService( 1875): Ignore redundant display event 0/2 to 10344/10718
10-23 09:46:27.723 D/DisplayManagerService( 1875): Ignore redundant display event 0/2 to 10220/21242
10-23 09:46:27.723 D/DisplayManagerService( 1875): Ignore redundant display event 0/2 to 10153/21949
10-23 09:46:27.723 D/OplusVFXScreenEffectFeature( 1875): notifySFCompatWindowStateChange entered false
10-23 09:46:27.723 D/FlexibleWindowManager( 1875): physicalDisplayChangedForFlexibleWindow displayId 0, current display info 1080 x 2412, new display info 1080 x 2412
10-23 09:46:27.723 D/DisplayManagerService( 1875): Ignore redundant display event 0/2 to 10190/27866
10-23 09:46:27.724 D/DisplayManagerService( 1875): MSG_REQUEST_TRAVERSAL pendingCompleted=false
10-23 09:46:27.724 D/FlexibleTaskController( 1875): onDisplayChanged displayId#0 ,cur:1080x2412 ,new:1080x2412
10-23 09:46:27.724 D/FlexibleTaskController( 1875): onDisplayChanged displayId not support flexible.
10-23 09:46:27.724 D/FlexibleWindowManager( 1875): physicalDisplayChangedForFlexibleWindow return for unsupported devices
10-23 09:46:27.734 D/DisplayManagerService( 1875): performTraversalInternal pendingTraversal
10-23 09:46:27.734 D/DisplayDevice( 1875): setLayerStackLocked id=local:4627039422300187648 token=android.os.BinderProxy@f26bdc8 stack=0->0
10-23 09:46:27.734 D/DisplayDevice( 1875): setLayerStackLocked id=virtual:com.android.shell,2000,scrcpy,0 token=android.os.BinderProxy@8396532 stack=5->5
10-23 09:46:27.744 I/WallpaperManagerServiceExt( 1875): removeDisplayData. displayId = 0
10-23 09:46:27.758 D/OplusSmartBrightnessController( 1875): add for debug Aod brightness set 1.0
10-23 09:46:27.759 I/DisplayDeviceRepository( 1875): Display device changed state: "", DOZE_SUSPEND
10-23 09:46:27.759 D/LogicalDisplayExt( 1875): set displayInfo flag FLAG_ROTATES_WITH_CONTENT
10-23 09:46:27.762 D/DisplayManagerServiceExtImpl( 1875): scheduleTraversalLocked intraversal=false
10-23 09:46:27.762 I/DisplayManagerServiceExtImpl( 1875): handle logical display changed logicalDisplay=id=0,stack=0,content=true,displayInfo{stack=0,type=1,id=0,uId=local:4627039422300187648,state=DOZE_SUSPEND,pkg=null}
10-23 09:46:27.762 D/DisplayManagerService( 1875): Delivering display event: displayId=0, event=2
10-23 09:46:27.763 I/WallpaperManagerServiceExt( 1875): removeDisplayData. displayId = 0
10-23 09:46:27.764 D/DisplayManagerService( 1875): Ignore redundant display event 0/2 to 10173/7544
10-23 09:46:27.764 D/DisplayManagerService( 1875): Ignore redundant display event 0/2 to 10080/7615
10-23 09:46:27.764 D/DisplayManagerService( 1875): Ignore redundant display event 0/2 to 10088/8440
10-23 09:46:27.764 D/DisplayManagerService( 1875): Ignore redundant display event 0/2 to 10344/10718
10-23 09:46:27.766 D/DisplayManagerService( 1875): Ignore redundant display event 0/2 to 10220/21242
10-23 09:46:27.766 D/DisplayManagerService( 1875): Ignore redundant display event 0/2 to 10153/21949
10-23 09:46:27.767 D/DisplayManagerService( 1875): Ignore redundant display event 0/2 to 10190/27866
10-23 09:46:27.767 D/DisplayManagerService( 1875): MSG_REQUEST_TRAVERSAL pendingCompleted=false
10-23 09:46:27.775 D/OplusVFXScreenEffectFeature( 1875): notifySFCompatWindowStateChange entered false
10-23 09:46:27.776 D/FlexibleWindowManager( 1875): physicalDisplayChangedForFlexibleWindow displayId 0, current display info 1080 x 2412, new display info 1080 x 2412
10-23 09:46:27.776 D/FlexibleTaskController( 1875): onDisplayChanged displayId#0 ,cur:1080x2412 ,new:1080x2412
10-23 09:46:27.776 D/FlexibleTaskController( 1875): onDisplayChanged displayId not support flexible.
10-23 09:46:27.776 D/FlexibleWindowManager( 1875): physicalDisplayChangedForFlexibleWindow return for unsupported devices
10-23 09:46:27.778 D/DisplayManagerService( 1875): performTraversalInternal pendingTraversal
10-23 09:46:27.779 D/DisplayDevice( 1875): setLayerStackLocked id=local:4627039422300187648 token=android.os.BinderProxy@f26bdc8 stack=0->0
10-23 09:46:27.779 D/DisplayDevice( 1875): setLayerStackLocked id=virtual:com.android.shell,2000,scrcpy,0 token=android.os.BinderProxy@8396532 stack=5->5
10-23 09:46:28.135 D/OplusFeatureAOD( 1875): key:1875 tmp:3
10-23 09:46:28.136 D/DisplayPowerController[0]( 1875): requestPowerState: policy=DOZE, useProximitySensor=false, screenBrightnessOverride=-1.0, useAutoBrightness=false, screenAutoBrightnessAdjustmentOverride=NaN, screenLowPowerBrightnessFactor=0.5, blockScreenOn=false, lowPowerMode=false, boostScreenBrightness=false, dozeScreenBrightness=NaN, dozeScreenState=DOZE, waitForNegativeProximity=false displayReady=false pendingRequest=true
10-23 09:46:28.136 D/DisplayManagerServiceExtImpl( 1875): request size(1,1),dpc=com.android.server.display.DisplayPowerController@3728398 size(0,2),flags=0X200F,id(0,0,local:4627039422300187648),enable=true,ready=false,waitForNegativeProximity=false policy=DOZE,useProximitySensor=false,dozeState=DOZE,screenBrightnessOverride=-1.000000,useAuto=false,lowPower=false,lowPowerFactor=0.500000
10-23 09:46:28.139 D/VRR [OPlusRefreshRateService]( 1875): handleScreenStateChange state: 3
10-23 09:46:28.147 D/BackLightStat( 1875): setScreenState: state changed:DOZE_SUSPEND->DOZE
10-23 09:46:28.151 D/OplusSmartBrightnessController( 1875): add for debug Aod brightness set 1.0
10-23 09:46:28.152 D/DisplayPowerState[0]( 1875): Updating screen state: id=0, state=DOZE, backlight=1.0, sdrBacklight=1.0
10-23 09:46:28.154 D/OplusSmartBrightnessController( 1875): requestDisplayState isFirstDisplay=true state=3 globalDisplayState=0x7
10-23 09:46:28.154 D/LocalDisplayAdapter( 1875): setDisplayState(id=4627039422300187648 isFirstDisplay=true state changed:DOZE_SUSPEND->DOZE) t-Name=PhotonicModulator
10-23 09:46:28.154 I/DisplayDeviceRepository( 1875): Display device changed state: "", DOZE
10-23 09:46:28.154 D/LogicalDisplayExt( 1875): set displayInfo flag FLAG_ROTATES_WITH_CONTENT
10-23 09:46:28.157 D/DisplayManagerServiceExtImpl( 1875): scheduleTraversalLocked intraversal=false
10-23 09:46:28.157 I/DisplayManagerServiceExtImpl( 1875): handle logical display changed logicalDisplay=id=0,stack=0,content=true,displayInfo{stack=0,type=1,id=0,uId=local:4627039422300187648,state=DOZE,pkg=null}
10-23 09:46:28.157 D/DisplayManagerService( 1875): Delivering display event: displayId=0, event=2
10-23 09:46:28.162 D/OplusVFXScreenEffectFeature( 1875): notifySFCompatWindowStateChange entered false
10-23 09:46:28.162 D/FlexibleWindowManager( 1875): physicalDisplayChangedForFlexibleWindow displayId 0, current display info 1080 x 2412, new display info 1080 x 2412
10-23 09:46:28.162 D/FlexibleTaskController( 1875): onDisplayChanged displayId#0 ,cur:1080x2412 ,new:1080x2412
10-23 09:46:28.162 D/FlexibleTaskController( 1875): onDisplayChanged displayId not support flexible.
10-23 09:46:28.162 D/FlexibleWindowManager( 1875): physicalDisplayChangedForFlexibleWindow return for unsupported devices
10-23 09:46:28.164 I/WallpaperManagerServiceExt( 1875): removeDisplayData. displayId = 0
10-23 09:46:28.165 D/DisplayManagerService( 1875): Ignore redundant display event 0/2 to 10173/7544
10-23 09:46:28.165 D/DisplayManagerService( 1875): Ignore redundant display event 0/2 to 10080/7615
10-23 09:46:28.165 D/DisplayManagerService( 1875): Ignore redundant display event 0/2 to 10088/8440
10-23 09:46:28.166 D/DisplayManagerService( 1875): Ignore redundant display event 0/2 to 10344/10718
10-23 09:46:28.166 D/DisplayManagerService( 1875): Ignore redundant display event 0/2 to 10220/21242
10-23 09:46:28.166 D/DisplayManagerService( 1875): Ignore redundant display event 0/2 to 10153/21949
10-23 09:46:28.167 D/DisplayManagerService( 1875): Ignore redundant display event 0/2 to 10190/27866
10-23 09:46:28.167 D/DisplayManagerService( 1875): MSG_REQUEST_TRAVERSAL pendingCompleted=false
10-23 09:46:28.174 D/DisplayManagerService( 1875): performTraversalInternal pendingTraversal
10-23 09:46:28.174 D/DisplayDevice( 1875): setLayerStackLocked id=local:4627039422300187648 token=android.os.BinderProxy@f26bdc8 stack=0->0
10-23 09:46:28.174 D/DisplayDevice( 1875): setLayerStackLocked id=virtual:com.android.shell,2000,scrcpy,0 token=android.os.BinderProxy@8396532 stack=5->5
10-23 09:46:28.213 I/DisplayDeviceRepository( 1875): Display device changed state: "", DOZE
10-23 09:46:28.213 D/LogicalDisplayExt( 1875): set displayInfo flag FLAG_ROTATES_WITH_CONTENT
10-23 09:46:28.214 D/OplusSmartBrightnessController( 1875): add for debug Aod brightness set 1.0
10-23 09:46:28.218 D/DisplayManagerServiceExtImpl( 1875): scheduleTraversalLocked intraversal=false
10-23 09:46:28.218 I/DisplayManagerServiceExtImpl( 1875): handle logical display changed logicalDisplay=id=0,stack=0,content=true,displayInfo{stack=0,type=1,id=0,uId=local:4627039422300187648,state=DOZE,pkg=null}
10-23 09:46:28.230 D/DisplayManagerService( 1875): Delivering display event: displayId=0, event=2
10-23 09:46:28.232 D/DisplayManagerService( 1875): Ignore redundant display event 0/2 to 10173/7544
10-23 09:46:28.232 D/DisplayManagerService( 1875): Ignore redundant display event 0/2 to 10080/7615
10-23 09:46:28.232 D/DisplayManagerService( 1875): Ignore redundant display event 0/2 to 10088/8440
10-23 09:46:28.232 D/DisplayManagerService( 1875): Ignore redundant display event 0/2 to 10344/10718
10-23 09:46:28.233 D/DisplayManagerService( 1875): Ignore redundant display event 0/2 to 10220/21242
10-23 09:46:28.233 D/DisplayManagerService( 1875): Ignore redundant display event 0/2 to 10153/21949
10-23 09:46:28.234 D/DisplayManagerService( 1875): Ignore redundant display event 0/2 to 10190/27866
10-23 09:46:28.234 D/DisplayManagerService( 1875): MSG_REQUEST_TRAVERSAL pendingCompleted=false
10-23 09:46:28.235 I/WallpaperManagerServiceExt( 1875): removeDisplayData. displayId = 0
10-23 09:46:28.235 D/OplusVFXScreenEffectFeature( 1875): notifySFCompatWindowStateChange entered false
10-23 09:46:28.235 D/FlexibleWindowManager( 1875): physicalDisplayChangedForFlexibleWindow displayId 0, current display info 1080 x 2412, new display info 1080 x 2412
10-23 09:46:28.235 D/FlexibleTaskController( 1875): onDisplayChanged displayId#0 ,cur:1080x2412 ,new:1080x2412
10-23 09:46:28.236 D/FlexibleTaskController( 1875): onDisplayChanged displayId not support flexible.
10-23 09:46:28.236 D/FlexibleWindowManager( 1875): physicalDisplayChangedForFlexibleWindow return for unsupported devices
10-23 09:46:28.238 D/DisplayManagerService( 1875): performTraversalInternal pendingTraversal
10-23 09:46:28.238 D/DisplayDevice( 1875): setLayerStackLocked id=local:4627039422300187648 token=android.os.BinderProxy@f26bdc8 stack=0->0
10-23 09:46:28.238 D/DisplayDevice( 1875): setLayerStackLocked id=virtual:com.android.shell,2000,scrcpy,0 token=android.os.BinderProxy@8396532 stack=5->5
10-23 09:46:29.180 D/FingerprintManager( 2574): Cancel fingerprint authentication requested for: 67
10-23 09:46:29.182 E/OplusCustomizeRestrictionManagerService( 1875): isBiometricDisabled start
10-23 09:46:29.182 D/Fingerprint21( 1875): cancelAuthentication, sensorId: 0
10-23 09:46:29.183 D/BiometricScheduler/Fingerprint21( 1875): cancelAuthenticationOrDetection, requestId: 67
