10-23 09:50:14.184 D/OplusAlarmAdjustment( 1875): unalignAlarmsByUid(), uid=10344, pkgName=com.oplus.dmp, actions=null, procs=null, requester=1
10-23 09:50:14.184 D/OplusAlarmAdjustMap( 1875): removeAlignUid, uid=10344, requester=1
10-23 09:50:14.184 D/DisplayManagerService( 1875): Ignore redundant display event 0/2 to 10220/21242
10-23 09:50:14.184 D/DisplayManagerService( 1875): Ignore redundant display event 0/2 to 10153/21949
10-23 09:50:14.185 D/DisplayManagerService( 1875): Ignore redundant display event 0/2 to 10190/27866
10-23 09:50:14.185 D/DisplayManagerService( 1875): MSG_REQUEST_TRAVERSAL pendingCompleted=false
10-23 09:50:14.187 V/UsbDeviceManager( 1875): onKeyguardStateChanged: isShowing:true secure:true user:0
10-23 09:50:14.188 D/OplusBatteryServiceFeature( 1875): nightstandby: status = 0
10-23 09:50:14.190 D/OAppNetControlService( 1875): Hans update:[10051=false][0|0] blackList:[10190, 10241, 10278, 10240, 10232, 10088]
10-23 09:50:14.192 D/OplusAlarmAdjustment( 1875): unproxyAlarmsByUid(), uid=10051, pkgName=com.tencent.wetype, requester=1
10-23 09:50:14.193 D/OplusAlarmAdjustMap( 1875): removeProxyUid, uid=10051, requester=1
10-23 09:50:14.194 D/OplusFeatureDCBacklight( 1875): notifySfRepaintEverything begin mCurrentDCMode:0brightness=1threshold=260
10-23 09:50:14.194 D/OplusSmartBrightnessController( 1875): brightness(primary) = 1, brightness color = 1.0, brightness nit = 1.7957064,id:4627039422300187648 provider=false,verbose[auto=false,dragging=false,lowAnimating=false,hdrAnimating=false,needUpdate=true,window=false,dolbyRecord=false,edrEnhance=false,cover=false,isFirst=true,onlyOne=false,isDragAnimating=false,noAnim=true,state=ON,smbPreview=false]
10-23 09:50:14.194 D/DisplayPowerState[0]( 1875): Updating screen state: id=0, state=ON, backlight=4134.0, sdrBacklight=4134.0
10-23 09:50:14.197 I/LocalDisplayAdapterExtImpl( 1875): power on! sync real time brightness:4134.0 isFirst=true
10-23 09:50:14.197 D/OplusVFXScreenEffectFeature( 1875): notifySFCompatWindowStateChange entered false
10-23 09:50:14.197 D/FlexibleWindowManager( 1875): physicalDisplayChangedForFlexibleWindow displayId 0, current display info 1080 x 2412, new display info 1080 x 2412
10-23 09:50:14.197 D/FlexibleTaskController( 1875): onDisplayChanged displayId#0 ,cur:1080x2412 ,new:1080x2412
10-23 09:50:14.197 D/FlexibleTaskController( 1875): onDisplayChanged displayId not support flexible.
10-23 09:50:14.197 D/FlexibleWindowManager( 1875): physicalDisplayChangedForFlexibleWindow return for unsupported devices
10-23 09:50:14.202 D/OplusAlarmAdjustment( 1875): MSG_SCREEN_ON, mScreenOnElapsed=113393470 ms
10-23 09:50:14.202 D/OplusAlarmAdjustMap( 1875): removeAlignUid, uid=0, requester=0
10-23 09:50:14.202 W/WindowManager( 1875): Setting mKeyguardDrawComplete
10-23 09:50:14.203 I/DisplayDeviceRepository( 1875): Display device changed state: "", ON
10-23 09:50:14.203 D/LogicalDisplayExt( 1875): set displayInfo flag FLAG_ROTATES_WITH_CONTENT
10-23 09:50:14.206 D/DisplayManagerServiceExtImpl( 1875): scheduleTraversalLocked intraversal=false
10-23 09:50:14.207 I/DisplayManagerServiceExtImpl( 1875): handle logical display changed logicalDisplay=id=0,stack=0,content=true,displayInfo{stack=0,type=1,id=0,uId=local:4627039422300187648,state=ON,pkg=null}
10-23 09:50:14.223 D/DisplayManagerService( 1875): performTraversalInternal pendingTraversal
10-23 09:50:14.223 D/DisplayDevice( 1875): setLayerStackLocked id=local:4627039422300187648 token=android.os.BinderProxy@f26bdc8 stack=0->0
10-23 09:50:14.223 D/DisplayDevice( 1875): setLayerStackLocked id=virtual:com.android.shell,2000,scrcpy,0 token=android.os.BinderProxy@8396532 stack=5->5
10-23 09:50:14.223 I/Quality ( 2574): MonitorInfo:com.android.systemui,getDisplayInfo,DisplayManagerGlobal.java_187,54
10-23 09:50:14.223 D/OplusFeatureDCBacklight( 1875): notifySfRepaintEverything begin mCurrentDCMode:0brightness=4134threshold=260
10-23 09:50:14.223 W/VRI[NotificationShade]( 2574): updateBlastSurfaceIfNeeded, surfaceSize:Point(1080, 2412), lastSurfaceSize:Point(1080, 2412), format:-3, blastBufferQueue:android.graphics.BLASTBufferQueue@9aea67d
10-23 09:50:14.226 D/OplusSmartBrightnessController( 1875): brightness(primary) = 4134, brightness color = 4134.0, brightness nit = 95.84301,id:4627039422300187648 provider=false,verbose[auto=false,dragging=false,lowAnimating=false,hdrAnimating=false,needUpdate=true,window=false,dolbyRecord=false,edrEnhance=false,cover=false,isFirst=true,onlyOne=false,isDragAnimating=false,noAnim=true,state=ON,smbPreview=false]
10-23 09:50:14.229 D/OplusSmartBrightnessController( 1875): requestDisplayState isFirstDisplay=true state=2 globalDisplayState=0x3
10-23 09:50:14.229 D/LocalDisplayAdapter( 1875): setDisplayState(id=4627039422300187648 isFirstDisplay=true state changed:DOZE->ON) t-Name=PhotonicModulator
10-23 09:50:14.241 E/AppOps  ( 1875): attributionTag  not declared in manifest of com.oplus.healthservice
10-23 09:50:14.242 W/Looper  ( 1875): Slow dispatch took 140ms android.fg h=com.android.server.dreams.DreamManagerService$DreamHandler c=com.android.server.dreams.DreamManagerService$$ExternalSyntheticLambda5@66e6a9b m=0
10-23 09:50:14.247 E/AppOps  ( 1875): attributionTag  not declared in manifest of com.oplus.healthservice
10-23 09:50:14.249 D/DisplayManagerService( 1875): Delivering display event: displayId=0, event=2
10-23 09:50:14.252 I/WindowManager( 1875): Window{25bb9a2 u0 NotificationShade} state from HAS_DRAWN to DRAW_PENDING; reason: requestDrawIfNeeded
10-23 09:50:14.253 I/WindowManager( 1875): Waiting for drawn Window{25bb9a2 u0 NotificationShade}: removed=false visible=true mHasSurface=true drawState=1
10-23 09:50:14.253 D/OplusWindowAnimationManager( 1875): Is NotificationShade draw check disabled: false, win: Window{25bb9a2 u0 NotificationShade}, clientRotation: 0, isFullscreen: true, requestedWidth: 1080, requestedHeight: 2412, physicalHeight: 2412, physicalWidth: 1080
10-23 09:50:14.255 D/DisplayManagerService( 1875): Ignore redundant display event 0/2 to 10173/7544
10-23 09:50:14.255 D/DisplayManagerService( 1875): Ignore redundant display event 0/2 to 10080/7615
10-23 09:50:14.255 D/DisplayManagerService( 1875): Ignore redundant display event 0/2 to 10088/8440
10-23 09:50:14.255 D/DisplayManagerService( 1875): Ignore redundant display event 0/2 to 10344/10718
10-23 09:50:14.256 D/DisplayManagerService( 1875): performTraversalInternal pendingTraversal
10-23 09:50:14.256 D/DisplayDevice( 1875): setLayerStackLocked id=local:4627039422300187648 token=android.os.BinderProxy@f26bdc8 stack=0->0
10-23 09:50:14.256 D/DisplayDevice( 1875): setLayerStackLocked id=virtual:com.android.shell,2000,scrcpy,0 token=android.os.BinderProxy@8396532 stack=5->5
10-23 09:50:14.259 D/DisplayManagerService( 1875): Ignore redundant display event 0/2 to 10220/21242
10-23 09:50:14.259 D/DisplayManagerService( 1875): Ignore redundant display event 0/2 to 10153/21949
10-23 09:50:14.260 D/DisplayManagerService( 1875): Ignore redundant display event 0/2 to 10190/27866
10-23 09:50:14.260 D/DisplayManagerService( 1875): MSG_REQUEST_TRAVERSAL pendingCompleted=false
10-23 09:50:14.262 D/OplusUserManagerServiceEnhance( 1875): getMultiSystemUserId  res = -10000
10-23 09:50:14.262 E/AppOps  ( 1875): attributionTag  not declared in manifest of com.oplus.healthservice
10-23 09:50:14.265 D/WindowManager( 1875): waitForAllWindowsDrawn displayId=-1,false,message={ when=-19h29m33s700ms what=7 arg1=-1 target=com.android.server.policy.PhoneWindowManager$PolicyHandler }
10-23 09:50:14.266 D/OplusUserManagerServiceEnhance( 1875): getMultiSystemUserId  res = -10000
10-23 09:50:14.268 I/WindowManager( 1875): Waiting for drawn Window{25bb9a2 u0 NotificationShade}: removed=false visible=true mHasSurface=true drawState=1
10-23 09:50:14.268 D/OplusWindowAnimationManager( 1875): Is NotificationShade draw check disabled: false, win: Window{25bb9a2 u0 NotificationShade}, clientRotation: 0, isFullscreen: true, requestedWidth: 1080, requestedHeight: 2412, physicalHeight: 2412, physicalWidth: 1080
10-23 09:50:14.268 E/AppOps  ( 1875): attributionTag  not declared in manifest of com.oplus.healthservice
10-23 09:50:14.274 D/OplusVFXScreenEffectFeature( 1875): notifySFCompatWindowStateChange entered false
10-23 09:50:14.274 D/FlexibleWindowManager( 1875): physicalDisplayChangedForFlexibleWindow displayId 0, current display info 1080 x 2412, new display info 1080 x 2412
10-23 09:50:14.274 D/FlexibleTaskController( 1875): onDisplayChanged displayId#0 ,cur:1080x2412 ,new:1080x2412
10-23 09:50:14.274 I/WallpaperManagerServiceExt( 1875): removeDisplayData. displayId = 0
10-23 09:50:14.274 D/FlexibleTaskController( 1875): onDisplayChanged displayId not support flexible.
10-23 09:50:14.274 D/FlexibleWindowManager( 1875): physicalDisplayChangedForFlexibleWindow return for unsupported devices
10-23 09:50:14.274 D/FSS_FoldScreenBlackCoverController( 1875): displayChangeToOn, dc:Display{#0 state=ON size=1080x2412 ROTATION_0}
10-23 09:50:14.275 D/NotificationService( 1875): on screen turned on, screen locked:true
10-23 09:50:14.275 I/WallpaperManagerServiceExt( 1875): removeDisplayData. displayId = 0
10-23 09:50:14.275 I/OplusSmartBrightnessController( 1875): setPowerOnRealTimeBrightness -1.0
10-23 09:50:14.276 I/OplusSmartBrightnessController( 1875): handleMessage MSG_UPDATE_BRIGHTNESS_NO_ANIMATION changed:false
10-23 09:50:14.276 D/DisplayPowerController[0]( 1875): screenTurnedOn state=2 brightnessState=4134.0 mustNotify=true
10-23 09:50:14.278 D/DpcExtImpl[0]( 1875): RECORD:onUpdatePowerState policy:3 state:2 brightness:4134
10-23 09:50:14.278 W/PowerManagerService( 1875): Screen on took 213 ms. groupId = 0
10-23 09:50:14.278 D/OplusPowerManagerHelper( 1875): [onWakeUpFinish]
10-23 09:50:14.278 E/OplusCustomizeRestrictionManagerService( 1875): isBiometricDisabled start
10-23 09:50:14.278 D/OplusPowerManagerHelper( 1875): scheduleNotifyStopDream
10-23 09:50:14.278 D/OplusFeatureAOD( 1875): notifySfUnBlockScreenOn
10-23 09:50:14.279 D/OplusPowerManagerHelper( 1875): handleMessage:102
10-23 09:50:14.279 D/OplusPowerManagerHelper( 1875): MSG_STOP_DEAM
10-23 09:50:14.279 E/AppOps  ( 1875): attributionTag  not declared in manifest of com.oplus.healthservice
10-23 09:50:14.280 E/Biometrics/Fingerprint21/Fingerprint21ServiceProviderExtImpl( 1875): mFingerprintCommandCallback is null
10-23 09:50:14.281 E/AppOps  ( 1875): attributionTag  not declared in manifest of com.oplus.healthservice
10-23 09:50:14.284 W/VRI[NotificationShade]( 2574): handleResized, msg:5, frameChanged:false, configChanged:false, displayChanged:false, attachedFrameChanged:false, compatScaleChanged:false, pendingDragResizing=false
10-23 09:50:14.288 D/OneHandedController( 2574): setLockedDisabled locked = false, enabled = false ,FeatureEnabled = false
10-23 09:50:14.297 E/AppOps  ( 1875): attributionTag  not declared in manifest of com.oplus.healthservice
10-23 09:50:14.298 I/OplusJoystickManager( 1875): read game pad state for game manager -> false
10-23 09:50:14.298 W/OplusJoystickManager( 1875): mInterceptGamepadKey is false
10-23 09:50:14.298 D/OplusCustomizeRestrictionManagerService( 1875): isLongPressVolumeUpDisabled start
10-23 09:50:14.298 D/StrategyBlackscreenshot( 1875): notifyKeyBeforeQueueing, event=KeyEvent { action=ACTION_UP, keyCode=KEYCODE_POWER, scanCode=116, metaState=0, flags=0x8, repeatCount=0, eventTime=70173732244000, downTime=70173499613000, deviceId=4, source=0x101, displayId=-1 }, interactive=true
10-23 09:50:14.299 I/HwShutdownRecord( 1875): RecoverSqlFunc running start, setprop false
10-23 09:50:14.299 I/HwShutdownRecord( 1875): tmemory Remove Flag
10-23 09:50:14.300 D/PowerManagerService( 1875): userActivityNoUpdateLocked: groupId=0, eventTime=70173732, event=button, flags=0x0, uid=1000
10-23 09:50:14.300 E/AppOps  ( 1875): attributionTag  not declared in manifest of com.oplus.healthservice
10-23 09:50:14.300 V/SinglePowerKeyMonitor( 1875):  p keyrule onPress.
10-23 09:50:14.313 I/WindowManager( 1875): Waiting for drawn Window{25bb9a2 u0 NotificationShade}: removed=false visible=true mHasSurface=true drawState=1
10-23 09:50:14.315 D/OplusWindowAnimationManager( 1875): Is NotificationShade draw check disabled: false, win: Window{25bb9a2 u0 NotificationShade}, clientRotation: 0, isFullscreen: true, requestedWidth: 1080, requestedHeight: 2412, physicalHeight: 2412, physicalWidth: 1080
10-23 09:50:14.319 D/CompatibilityChangeReporter( 1875): Compat change id reported: 135634846; UID 10157; state: DISABLED
10-23 09:50:14.319 D/CompatibilityChangeReporter( 1875): Compat change id reported: 177438394; UID 10157; state: DISABLED
10-23 09:50:14.319 D/CompatibilityChangeReporter( 1875): Compat change id reported: 135772972; UID 10157; state: DISABLED
10-23 09:50:14.319 D/CompatibilityChangeReporter( 1875): Compat change id reported: 135754954; UID 10157; state: ENABLED
10-23 09:50:14.320 D/CompatibilityChangeReporter( 1875): Compat change id reported: 143937733; UID 10157; state: ENABLED
10-23 09:50:14.323 I/WindowManager( 1875): Waiting for drawn Window{25bb9a2 u0 NotificationShade}: removed=false visible=true mHasSurface=true drawState=1
10-23 09:50:14.323 D/OplusWindowAnimationManager( 1875): Is NotificationShade draw check disabled: false, win: Window{25bb9a2 u0 NotificationShade}, clientRotation: 0, isFullscreen: true, requestedWidth: 1080, requestedHeight: 2412, physicalHeight: 2412, physicalWidth: 1080
10-23 09:50:14.324 D/WindowManagerServiceExtImpl( 1875): extractConfigInfoAndRealFlags rotation=0, screenDp=640, win=Window{25bb9a2 u0 NotificationShade}
10-23 09:50:14.324 V/WindowManager( 1875): Relayout Window{25bb9a2 u0 NotificationShade}: viewVisibility=0, oldvis=0, req=1080x2412, vsysui=
10-23 09:50:14.327 D/RefreshRate( 1875): setHighTemperatureStatusWithoutUpdate: status = 0, rate = 0
10-23 09:50:14.328 D/RefreshRate( 1875): setHighTemperatureStatus: status=0,rate=0: votes=PRIORITY_FOD_SHOW -> Vote{mRefreshRate=120.0, mMinRefreshRate=120.0};PRIORITY_WINDOW_REQUEST -> Vote{mRefreshRate=120.0, mMinRefreshRate=120.0};
10-23 09:50:14.328 D/OplusDisplayManagerServiceEnhance( 1875): OplusDisplayManagerServiceEnhance setSpecBrightness gear = 0 reason = com.example.translatorapp@temperature@32@force rate = 50
10-23 09:50:14.328 I/OplusSmartBrightnessController( 1875): handleMessage MSG_TEMPERATURE_LIMIT_BRIGHTNESS_CHANGED.
10-23 09:50:14.328 D/OplusFeatureTemperatureLimitBrightness( 1875): new parameter!ControlInfo:[ gear = 0 reason = com.example.translatorapp@temperature@32@force brightness = 10239 package = com.example.translatorapp type = temperature temperature = 32 priority = force rate = 50] HadDragPoint = false mode = 0
10-23 09:50:14.328 D/OplusFeatureTemperatureLimitBrightness( 1875): isResetUpdate = false isNormalUpdate = true isSafetyRegulationsForceUpdate = false mLastBrightnessLimit = 10239
10-23 09:50:14.328 D/OplusFeatureTemperatureLimitBrightness( 1875): mBrightnessLimit = 10239
10-23 09:50:14.329 D/VRR [OPlusRefreshRateService]( 1875):  setFrameRateTargetControl [ 0.0 , com.example.translatorapp , false , com.oplus.battery ]
10-23 09:50:14.329 D/VRR [OPlusExternalRefreshRateManager]( 1875):  [FRTC] FrameRate : 0 com.example.translatorapp false com.oplus.battery 0 1000
10-23 09:50:14.329 D/ColorAutomaticBrightnessController( 1875): MSG_UPDATE_BRIGHTNESS
10-23 09:50:14.335 I/DisplayDeviceRepository( 1875): Display device changed state: "", ON
10-23 09:50:14.335 D/LogicalDisplayExt( 1875): set displayInfo flag FLAG_ROTATES_WITH_CONTENT
10-23 09:50:14.335 I/WindowManager( 1875): Waiting for drawn Window{25bb9a2 u0 NotificationShade}: removed=false visible=true mHasSurface=true drawState=1
10-23 09:50:14.336 D/OplusWindowAnimationManager( 1875): Is NotificationShade draw check disabled: false, win: Window{25bb9a2 u0 NotificationShade}, clientRotation: 0, isFullscreen: true, requestedWidth: 1080, requestedHeight: 2412, physicalHeight: 2412, physicalWidth: 1080
10-23 09:50:14.337 I/ActivityManager( 1875): Start proc 12935:com.heytap.pictorial:ui/u0a157 for service {com.heytap.pictorial/com.heytap.pictorial.service.ui.AwakeUIService}
10-23 09:50:14.337 D/DisplayManagerServiceExtImpl( 1875): scheduleTraversalLocked intraversal=false
10-23 09:50:14.337 I/DisplayManagerServiceExtImpl( 1875): handle logical display changed logicalDisplay=id=0,stack=0,content=true,displayInfo{stack=0,type=1,id=0,uId=local:4627039422300187648,state=ON,pkg=null}
10-23 09:50:14.340 D/DisplayManagerService( 1875): performTraversalInternal pendingTraversal
10-23 09:50:14.340 D/DisplayDevice( 1875): setLayerStackLocked id=local:4627039422300187648 token=android.os.BinderProxy@f26bdc8 stack=0->0
10-23 09:50:14.340 D/DisplayDevice( 1875): setLayerStackLocked id=virtual:com.android.shell,2000,scrcpy,0 token=android.os.BinderProxy@8396532 stack=5->5
10-23 09:50:14.342 I/WindowManager( 1875): Waiting for drawn Window{25bb9a2 u0 NotificationShade}: removed=false visible=true mHasSurface=true drawState=1
10-23 09:50:14.342 D/OplusWindowAnimationManager( 1875): Is NotificationShade draw check disabled: false, win: Window{25bb9a2 u0 NotificationShade}, clientRotation: 0, isFullscreen: true, requestedWidth: 1080, requestedHeight: 2412, physicalHeight: 2412, physicalWidth: 1080
10-23 09:50:14.342 I/WindowManager( 1875): Window{25bb9a2 u0 NotificationShade} state from DRAW_PENDING to COMMIT_DRAW_PENDING; reason: finishDrawingLocked
10-23 09:50:14.346 I/WindowManager( 1875): Window{25bb9a2 u0 NotificationShade} state from COMMIT_DRAW_PENDING to READY_TO_SHOW; reason: commitFinishDrawingLocked
10-23 09:50:14.347 I/WindowManager( 1875): Window{25bb9a2 u0 NotificationShade} state from READY_TO_SHOW to HAS_DRAWN; reason: performShowLocked
10-23 09:50:14.347 D/DisplayManagerService( 1875): performTraversalInternal pendingTraversal
10-23 09:50:14.349 D/DisplayDevice( 1875): setLayerStackLocked id=local:4627039422300187648 token=android.os.BinderProxy@f26bdc8 stack=0->0
10-23 09:50:14.349 D/DisplayDevice( 1875): setLayerStackLocked id=virtual:com.android.shell,2000,scrcpy,0 token=android.os.BinderProxy@8396532 stack=5->5
10-23 09:50:14.350 I/WindowManager( 1875): Waiting for drawn Window{25bb9a2 u0 NotificationShade}: removed=false visible=true mHasSurface=true drawState=4
10-23 09:50:14.350 D/OplusWindowAnimationManager( 1875): Is NotificationShade draw check disabled: false, win: Window{25bb9a2 u0 NotificationShade}, clientRotation: 0, isFullscreen: true, requestedWidth: 1080, requestedHeight: 2412, physicalHeight: 2412, physicalWidth: 1080
10-23 09:50:14.350 D/WindowManager( 1875): All windows drawn!
10-23 09:50:14.351 W/WindowManager( 1875): All windows drawn on display -1
10-23 09:50:14.351 D/FSS_FoldScreenBlackCoverController( 1875): finishWindowsDrawn, displayId:-1
10-23 09:50:14.353 D/DisplayManagerService( 1875): Delivering display event: displayId=0, event=2
10-23 09:50:14.355 D/DisplayManagerService( 1875): Ignore redundant display event 0/2 to 10173/7544
10-23 09:50:14.355 D/DisplayManagerService( 1875): Ignore redundant display event 0/2 to 10080/7615
10-23 09:50:14.355 D/DisplayManagerService( 1875): Ignore redundant display event 0/2 to 10088/8440
10-23 09:50:14.355 D/DisplayManagerService( 1875): Ignore redundant display event 0/2 to 10344/10718
10-23 09:50:14.355 D/DisplayManagerService( 1875): Ignore redundant display event 0/2 to 10220/21242
10-23 09:50:14.355 D/DisplayManagerService( 1875): Ignore redundant display event 0/2 to 10153/21949
10-23 09:50:14.355 D/DisplayManagerService( 1875): Ignore redundant display event 0/2 to 10190/27866
10-23 09:50:14.355 D/DisplayManagerService( 1875): MSG_REQUEST_TRAVERSAL pendingCompleted=false
10-23 09:50:14.356 I/WindowManager( 1875): Finished screen turning on...0
10-23 09:50:14.357 D/OplusVFXScreenEffectFeature( 1875): notifySFCompatWindowStateChange entered false
10-23 09:50:14.357 D/FlexibleWindowManager( 1875): physicalDisplayChangedForFlexibleWindow displayId 0, current display info 1080 x 2412, new display info 1080 x 2412
10-23 09:50:14.357 D/FlexibleTaskController( 1875): onDisplayChanged displayId#0 ,cur:1080x2412 ,new:1080x2412
10-23 09:50:14.357 D/FlexibleTaskController( 1875): onDisplayChanged displayId not support flexible.
10-23 09:50:14.357 D/FlexibleWindowManager( 1875): physicalDisplayChangedForFlexibleWindow return for unsupported devices
10-23 09:50:14.357 D/FSS_FoldScreenBlackCoverController( 1875): displayChangeToOn, dc:Display{#0 state=ON size=1080x2412 ROTATION_0}
10-23 09:50:14.382 W/ActivityManager( 1875): Slow operation: 63ms so far, now at startProcess: done updating pids map
10-23 09:50:14.382 W/ContextImpl( 1875): Calling a method in the system process without a qualified user: android.app.ContextImpl.sendBroadcast:1232 com.android.server.am.OplusAppStartupConfig.sendAbnormalNotify:1623 com.android.server.am.OplusAppStartupConfig.notifyAbnormalInfo:1556 com.android.server.am.OplusAppStartupManager.handleStartAppInfo:5142 com.android.server.am.ProcessListExtImpl.hookHandleProcessStart:239 
10-23 09:50:14.384 I/WallpaperManagerServiceExt( 1875): removeDisplayData. displayId = 0
10-23 09:50:14.393 D/ActivityTaskManagerServiceExtImpl( 1875): preBindApplication record is null
10-23 09:50:14.394 E/OplusCustomizeRestrictionManagerService( 1875): isBiometricDisabled start
10-23 09:50:14.410 W/ContextImpl( 3193): Calling a method in the system process without a qualified user: android.app.ContextImpl.bindService:2032 android.content.ContextWrapper.bindService:871 com.heytap.mcs.biz.message.b.e:59 com.heytap.mcs.biz.message.b.p:22 com.heytap.mcs.biz.message.b.t:2 
10-23 09:50:14.414 D/CompatibilityChangeReporter( 1875): Compat change id reported: 135634846; UID 1000; state: DISABLED
10-23 09:50:14.414 D/CompatibilityChangeReporter( 1875): Compat change id reported: 177438394; UID 1000; state: DISABLED
10-23 09:50:14.414 D/CompatibilityChangeReporter( 1875): Compat change id reported: 135772972; UID 1000; state: DISABLED
10-23 09:50:14.414 D/CompatibilityChangeReporter( 1875): Compat change id reported: 135754954; UID 1000; state: ENABLED
10-23 09:50:14.416 V/MonthTrafficAlert( 2844): getWarningNotification subId:1 numWarningNotificaion:0
10-23 09:50:14.416 V/TrafficAlert( 2844): getLimitNotification subId:1 ,numLimitNotificaion:0
10-23 09:50:14.418 D/OplusFeatureMEMCGame_PW( 1875): isScreenLock: true
10-23 09:50:14.418 D/OplusFeatureMEMCGame_PW( 1875): mEdrEnable get from settings: false
10-23 09:50:14.440 I/ActivityManager( 1875): Start proc 12957:com.heytap.mcs.biz.message/1000 for service {com.heytap.mcs/com.heytap.mcs.biz.message.MessageDealService}
10-23 09:50:14.445 D/AlarmWakeupCheck( 1875): SCREEN_ON: CntAlarmWakeup = 2
10-23 09:50:14.451 V/MonthTrafficAlert( 2844): getWarningNotification subId:1 numWarningNotificaion:0
10-23 09:50:14.451 V/TrafficAlert( 2844): getLimitNotification subId:1 ,numLimitNotificaion:0
10-23 09:50:14.503 D/OplusFeatureBrightnessBarController( 1875): screen state:true
10-23 09:50:14.522 D/CompatibilityChangeReporter( 1875): Compat change id reported: 168419799; UID 1000; state: DISABLED
10-23 09:50:14.522 D/CompatibilityChangeReporter( 1875): Compat change id reported: 273564678; UID 1000; state: DISABLED
10-23 09:50:14.523 D/ActivityTaskManagerServiceExtImpl( 1875): preBindApplication record is null
10-23 09:50:14.528 D/CompatibilityChangeReporter( 1875): Compat change id reported: 261072174; UID 1000; state: ENABLED
10-23 09:50:14.558 D/OplusBatteryManager( 1875): getPsyBatteryRm: 2570
10-23 09:50:14.582 D/CommSceneService( 1875): notify screen off changed state=0
10-23 09:50:14.583 D/CompatibilityChangeReporter( 1875): Compat change id reported: 261072174; UID 10157; state: ENABLED
10-23 09:50:14.584 E/CommSceneService( 1875): modem stationary state=0 not update, cancel notify!
10-23 09:50:14.585 V/ActivityManager( 1875): Has totaly same connectionRecord, just reuse it!
10-23 09:50:14.593 D/OSysNetControlService( 1875): handle comm scene=1001 state=0 phoneId=-1
10-23 09:50:14.611 D/ResourcesManagerExtImpl(12935): applyConfigurationToAppResourcesLocked app.getDisplayId() return callback.displayId:-1
10-23 09:50:14.625 W/OplusStorageManagerFeature( 1875): turn screenOn, maintPrepared:false
10-23 09:50:14.625 D/CompatibilityChangeReporter( 1875): Compat change id reported: 135634846; UID 10083; state: DISABLED
10-23 09:50:14.625 D/CompatibilityChangeReporter( 1875): Compat change id reported: 177438394; UID 10083; state: DISABLED
10-23 09:50:14.625 D/CompatibilityChangeReporter( 1875): Compat change id reported: 135772972; UID 10083; state: DISABLED
10-23 09:50:14.625 D/CompatibilityChangeReporter( 1875): Compat change id reported: 135754954; UID 10083; state: ENABLED
10-23 09:50:14.626 D/CompatibilityChangeReporter( 1875): Compat change id reported: 143937733; UID 10083; state: ENABLED
10-23 09:50:14.627 D/vold    (  593): idle maintenance stopped
10-23 09:50:14.629 I/ActivityManager( 1875): Flag disabled. Ignoring finishAttachApplication from uid: 1000. pid: 12957
10-23 09:50:14.633 W/SettingsProvider( 1875): You shouldn't keep your settings in the secure settings. This will soon become an error!!!
10-23 09:50:14.653 I/ActivityManager( 1875): Start proc 13005:com.heytap.accessory.Plugin/u0a83 for service {com.heytap.accessory/com.heytap.accessory.discovery.plugin.v2.sevice.AdvancedPluginService}
10-23 09:50:14.699 D/OplusAlarmAdjustment( 1875): unalignAlarmsByUid(), uid=10228, pkgName=com.nearme.gamecenter, actions=null, procs=null, requester=1
10-23 09:50:14.699 D/OplusAlarmAdjustMap( 1875): removeAlignUid, uid=10228, requester=1
10-23 09:50:14.700 D/OAppNetControlService( 1875): Hans update:[10232=false][0|0] blackList:[10190, 10241, 10278, 10240, 10088]
10-23 09:50:14.700 D/OplusAlarmAdjustment( 1875): unproxyAlarmsByUid(), uid=10232, pkgName=com.oplus.games, requester=1
10-23 09:50:14.701 D/OplusAlarmAdjustMap( 1875): removeProxyUid, uid=10232, requester=1
10-23 09:50:14.714 D/OAppNetControlService( 1875): Hans update:[10088=false][0|0] blackList:[10190, 10241, 10278, 10240]
10-23 09:50:14.717 D/OplusAlarmAdjustment( 1875): unproxyAlarmsByUid(), uid=10088, pkgName=com.heytap.themestore, requester=1
10-23 09:50:14.717 D/CompatibilityChangeReporter( 1875): Compat change id reported: 168419799; UID 10083; state: DISABLED
10-23 09:50:14.722 D/OplusAlarmAdjustMap( 1875): removeProxyUid, uid=10088, requester=1
10-23 09:50:14.723 D/CompatibilityChangeReporter( 1875): Compat change id reported: 273564678; UID 10083; state: DISABLED
10-23 09:50:14.723 D/ActivityTaskManagerServiceExtImpl( 1875): preBindApplication record is null
10-23 09:50:14.748 I/ActivityManager( 1875): Flag disabled. Ignoring finishAttachApplication from uid: 10157. pid: 12935
10-23 09:50:14.754 D/CompatibilityChangeReporter( 1875): Compat change id reported: 170503758; UID 10083; state: ENABLED
10-23 09:50:14.802 D/ResourcesManagerExtImpl(13005): applyConfigurationToAppResourcesLocked app.getDisplayId() return callback.displayId:-1
10-23 09:50:14.820 I/ActivityManager( 1875): Flag disabled. Ignoring finishAttachApplication from uid: 10083. pid: 13005
10-23 09:50:14.824 E/OplusCustomizeRestrictionManager(12935): sInstance is null, start a new sInstance
10-23 09:50:14.843 D/CompatibilityChangeReporter( 1875): Compat change id reported: 161145287; UID 10083; state: ENABLED
10-23 09:50:14.857 I/OplusAppSwitchManagerService( 1875): appswitch registerAppSwitchObserver pName = com@@heytap@@accessory observer = com.oplus.app.IOplusAppSwitchObserver$Stub$Proxy@d7f12d7 config = OplusAppSwitchConfig = {  mConfigs = {1=[TOM@@NM@@wirelesssettings@@bluetooth@@DevicePickerActivity, TOM@@android@@internal@@app@@ChooserActivity, TOM@@NM@@melody@@TOMponent@@discovery@@DiscoveryDialogActivity, TOM@@heytap@@smarthome@@webview@@PolicyWebviewActivityHalfScreen, TOM@@heytap@@smarthome@@ipc@@halfcreen@@HalfScreenDeviceFindActivity], 2=[TOM@@coloros@@oshare]} observerFingerPrint = 131562698}
10-23 09:50:14.858 I/OplusAppSwitchStateDispatcher( 1875): registerAppSwitchObserver addDynamicListener OK, info = OplusAppSwitchRuleInfo = {  observer = com.oplus.app.IOplusAppSwitchObserver$Stub$Proxy@d7f12d7 observerFingerPrint = 131562698} rule size =0
10-23 09:50:15.022 D/Biometrics/Fingerprint21/Fingerprint21ServiceProviderExtImpl( 1875): dispatchTouchDown
10-23 09:50:15.022 D/Biometrics/Fingerprint/UdfpsHelperExtImpl( 1875): preShowUdfpsOverlay sensor:0 reason:8
10-23 09:50:15.023 D/Biometrics/Fingerprint21/Fingerprint21ServiceProviderExtImpl( 1875): [handleOnPointerDown] dispatch to Auth
10-23 09:50:15.025 D/PowerManagerService( 1875): userActivityNoUpdateLocked: groupId=0, eventTime=70174459, event=touch, flags=0x0, uid=1000
10-23 09:50:15.027 D/HidlDisplayPanelFeature( 1875): setDisplayPanelFeatureValue +++, ID:28, value:1
10-23 09:50:15.027 D/HidlDisplayPanelFeature( 1875): getDisplayPanelFeatureValue +++, featureID:211
10-23 09:50:15.028 D/HidlDisplayPanelFeature( 1875): getDisplayPanelFeatureValue, ret = 0
10-23 09:50:15.028 I/HidlDisplayPanelFeature( 1875): [0]
10-23 09:50:15.028 D/HidlDisplayPanelFeature( 1875): getDisplayPanelFeatureValue ---, result = [0]
10-23 09:50:15.028 D/HidlDisplayPanelFeature( 1875): notifyDispFingerLayer 0
10-23 09:50:15.086 V/ActivityManager( 1875): Has totaly same connectionRecord, just reuse it!
10-23 09:50:15.164 V/BiometricLogger( 1875): Acquired! Modality: 1, User: 0, IsCrypto: false, Action: 2, Client: 1, AcquiredInfo: 0, VendorCode: 0
10-23 09:50:15.165 V/Biometrics/AcquisitionClient( 1875): Acquired: 0 0, shouldSend: true
10-23 09:50:15.165 D/PowerManagerService( 1875): userActivityNoUpdateLocked: groupId=0, eventTime=70174599, event=touch, flags=0x0, uid=1000
10-23 09:50:15.168 V/BiometricLogger( 1875): Authenticated! Modality: 1, User: 0, IsCrypto: false, Client: 1, RequireConfirmation: false, State: 3, Latency: -1, Lux: -1.0
10-23 09:50:15.168 V/Biometrics/Fingerprint21/Fingerprint21ServiceProviderExtImpl( 1875): start notify Vold when fingerprint success
10-23 09:50:15.168 E/StorageManagerService( 1875): unlockSensitiveKey fail!
10-23 09:50:15.168 V/ALSProbe( 1875): Enable ALS: 31220064
10-23 09:50:15.168 V/Biometrics/AuthenticationClient( 1875): onAuthenticated(true), ID:308536, Owner: com.android.systemui, isBP: false, listener: com.android.server.biometrics.sensors.ClientMonitorCallbackConverter@c0e619, requireConfirmation: false, user: 0, clientMonitor: {[173] com.android.server.biometrics.sensors.fingerprint.hidl.FingerprintAuthenticationClient, proto=3, owner=com.android.systemui, cookie=0, requestId=68, userId=0}
10-23 09:50:15.168 W/Biometrics/AuthenticationClient( 1875): Allowing background authentication, this is allowed only for platform or test invocations
10-23 09:50:15.168 D/BaseClientMonitor( 1875): marking operation as done: {[173] com.android.server.biometrics.sensors.fingerprint.hidl.FingerprintAuthenticationClient, proto=3, owner=com.android.systemui, cookie=0, requestId=68, userId=0}
10-23 09:50:15.168 I/vold    (  593): [sensitive file debug]fscrypt_export_sensitive_file_key start, user_id=0,sensitiveType=0,use_default=1
10-23 09:50:15.168 D/vold    (  593): Cannot find key for 0
10-23 09:50:15.168 I/vold    (  593): [sensitive file debug]lookup_sensitive_file_key,failed sensitiveType: 0,try to create!
10-23 09:50:15.168 V/ALSProbe( 1875): Finishing next consumer
10-23 09:50:15.168 D/BiometricService( 1875): resetLockout from: 0, for: 4, userId: 0
10-23 09:50:15.168 I/StorageManagerService( 1875): exportSensitveFileKey: success, sensitiveType:0,size=0
10-23 09:50:15.168 W/BiometricFrameworkStatsLogger( 1875): found a negative latency : -1
10-23 09:50:15.168 W/Biometrics/Fingerprint21/Fingerprint21ServiceProviderExtImpl( 1875): Failed to unlock: Attempt to get length of null array
10-23 09:50:15.169 D/CommonDcsUploader( 1875): notifyMsgToCommonDcs, logTag: 20120fingerprint_auth_dcsmsg
10-23 09:50:15.171 D/HidlDisplayPanelFeature( 1875): setDisplayPanelFeatureValue +++, ID:28, value:0
10-23 09:50:15.172 D/HidlDisplayPanelFeature( 1875): getDisplayPanelFeatureValue +++, featureID:211
10-23 09:50:15.173 D/Biometrics/AuthenticationClient( 1875): Error adding auth token : 0
10-23 09:50:15.174 D/BiometricStateCallback( 1875): Client finished, state updated to 0, client {[173] com.android.server.biometrics.sensors.fingerprint.hidl.FingerprintAuthenticationClient, proto=3, owner=com.android.systemui, cookie=0, requestId=68, userId=0}
10-23 09:50:15.174 D/HidlDisplayPanelFeature( 1875): getDisplayPanelFeatureValue, ret = 0
10-23 09:50:15.174 I/HidlDisplayPanelFeature( 1875): [0]
10-23 09:50:15.174 D/PowerManagerService( 1875): userActivityNoUpdateLocked: groupId=0, eventTime=70174607, event=touch, flags=0x0, uid=1000
10-23 09:50:15.174 D/HidlDisplayPanelFeature( 1875): getDisplayPanelFeatureValue ---, result = [0]
10-23 09:50:15.174 D/HidlDisplayPanelFeature( 1875): notifyDispFingerLayer 1
10-23 09:50:15.174 D/BiometricSchedulerOperation( 1875): [Finished / destroy]: {[173] com.android.server.biometrics.sensors.fingerprint.hidl.FingerprintAuthenticationClient, proto=3, owner=com.android.systemui, cookie=0, requestId=68, userId=0}
10-23 09:50:15.177 E/OplusCustomizeRestrictionManagerService( 1875): isBiometricDisabled start
10-23 09:50:15.177 D/BiometricService( 1875): Sensor ID(4), oemStrength: 4095, updatedStrength: 4095, modality 8, state: 0, cookie: 0, sensorId 4, hasEnrollments: false cannot participate in Keystore operations
10-23 09:50:15.178 V/ALSProbe( 1875): Disable ALS: 31220064
10-23 09:50:15.178 I/keystore2(  709): system/security/keystore2/src/authorization.rs:143 - on_lock_screen_event(r#UNLOCK, user_id=0, password.is_some()=false, unlocking_sids=Some([5141335242750123260]))
10-23 09:50:15.180 D/Biometrics/Fingerprint/UdfpsHelperExtImpl( 1875): preHideUdfpsOverlay sensor:0
10-23 09:50:15.182 D/UaBiometricScheduler/FaceProvider/default/4( 1875): [Added] {[174] com.android.server.biometrics.sensors.face.aidl.FaceResetLockoutClient, proto=12, owner=android, cookie=0, requestId=-1, userId=0}, new queue size: 1, interruptable: true
10-23 09:50:15.182 D/UaBiometricScheduler/FaceProvider/default/4( 1875): [Polled] {[174] com.android.server.biometrics.sensors.face.aidl.FaceResetLockoutClient, proto=12, owner=android, cookie=0, requestId=-1, userId=0}, State: 0
10-23 09:50:15.182 D/UaBiometricScheduler/FaceProvider/default/4( 1875): [Started] {[174] com.android.server.biometrics.sensors.face.aidl.FaceResetLockoutClient, proto=12, owner=android, cookie=0, requestId=-1, userId=0}
10-23 09:50:15.186 D/LockSettingsService( 1875): [reportSuccessfulBiometricUnlock] isStrongBiometric = true, userId = 0
10-23 09:50:15.186 V/BiometricSchedulerOperation( 1875): started: {[174] com.android.server.biometrics.sensors.face.aidl.FaceResetLockoutClient, proto=12, owner=android, cookie=0, requestId=-1, userId=0}, State: 2
10-23 09:50:15.186 D/BiometricScheduler/Fingerprint21( 1875): [Finishing] {[173] com.android.server.biometrics.sensors.fingerprint.hidl.FingerprintAuthenticationClient, proto=3, owner=com.android.systemui, cookie=0, requestId=68, userId=0}, success: true
10-23 09:50:15.186 D/GestureAvailabilityTracker( 1875): Notifying gesture availability, active=true
10-23 09:50:15.186 D/BiometricScheduler/Fingerprint21( 1875): No operations, returning to idle
10-23 09:50:15.186 D/VRR [OPlusExternalRefreshRateManager]( 1875): setStatus with: 0
10-23 09:50:15.186 D/VRR [OPlusExternalRefreshRateManager]( 1875): setStatus from 1 to 0
10-23 09:50:15.188 D/VRR [OPlusSurfaceFlingerController]( 1875):  setMiscExclusiveMode : -1
10-23 09:50:15.188 D/PowerManagerService( 1875): userActivityNoUpdateLocked: groupId=0, eventTime=70174619, event=other, flags=0x0, uid=10177
10-23 09:50:15.189 D/OplusTransitionController( 1875): requestStartTransition, requestInfo type: TO_BACK, remoteTransition: null, displayChange: null, transition: TransitionRecord{338fc78 id=631 type=TO_BACK flags=0x100}, caller: com.android.server.wm.TransitionControllerExtImpl.requestStartTransition:41 com.android.server.wm.TransitionController.requestStartTransition:738 com.android.server.wm.TransitionController.requestTransitionIfNeeded:681 com.android.server.wm.TransitionController.requestTransitionIfNeeded:615 com.android.server.wm.KeyguardController.keyguardGoingAway:303 
10-23 09:50:15.189 D/ActivityTaskManager( 1875): Top Process State changed to PROCESS_STATE_TOP
10-23 09:50:15.189 D/WindowManager( 1875):  setIsSleeping from  true to false this=Display{#0 state=ON size=1080x2412 ROTATION_0}
10-23 09:50:15.190 D/VRR [OPlusExternalRefreshRateManager]( 1875): setTouchIdleKeepHight enable: false
10-23 09:50:15.190 D/ActivityTaskManager( 1875): setVisibility(Token{68be312 ActivityRecord{93af147 u0 com.example.translatorapp/.MainActivity t9951}}, visible=true) defer commitVisibility for transition collecting
10-23 09:50:15.190 D/FaceProvider/default/4( 1875): onLockoutCleared after resetLockout
10-23 09:50:15.190 D/LockoutCache( 1875): Lockout for user: 0 is 0
10-23 09:50:15.191 V/WindowManagerShell( 2574): Transition requested: android.os.BinderProxy@939ae0d TransitionRequestInfo { type = TO_BACK, triggerTask = null, remoteTransition = null, displayChange = null }
10-23 09:50:15.192 D/BiometricSchedulerOperation( 1875): [Finished / destroy]: {[174] com.android.server.biometrics.sensors.face.aidl.FaceResetLockoutClient, proto=12, owner=android, cookie=0, requestId=-1, userId=0}
10-23 09:50:15.192 D/UaBiometricScheduler/FaceProvider/default/4( 1875): [Finishing] {[174] com.android.server.biometrics.sensors.face.aidl.FaceResetLockoutClient, proto=12, owner=android, cookie=0, requestId=-1, userId=0}, success: true
10-23 09:50:15.192 D/UaBiometricScheduler/FaceProvider/default/4( 1875): No operations, returning to idle
10-23 09:50:15.193 D/ActivityTaskManager( 1875): NFW_setLastResumedActivityUncheckLocked:false r:ActivityRecord{93af147 u0 com.example.translatorapp/.MainActivity t9951} currentFocus:Window{25bb9a2 u0 NotificationShade}
10-23 09:50:15.195 D/WindowManager( 1875): updateOrientation: mLastOrientation = SCREEN_ORIENTATION_NOSENSOR(5) newOrientation = SCREEN_ORIENTATION_UNSPECIFIED(-1) forceUpdate = true LastOrientationSource = ActivityRecord{93af147 u0 com.example.translatorapp/.MainActivity t9951}
10-23 09:50:15.195 D/WindowManager( 1875): rotation(ROTATION_0) no changed.
10-23 09:50:15.195 I/TaskOrganizerController( 1875): onTaskInfoChanged taskid 9951 config { mBounds=Rect(0, 0 - 1080, 2412) mAppBounds=Rect(0, 96 - 1080, 2263) mMaxBounds=Rect(0, 0 - 1080, 2412) mDisplayRotation=ROTATION_0 mWindowingMode=fullscreen mDisplayWindowingMode=fullscreen mActivityType=standard mAlwaysOnTop=undefined mRotation=ROTATION_0}
10-23 09:50:15.195 D/FlexibleWindowManager( 1875): onFlexibleWindowTaskInfoChanged: mTaskId = 9951 oldIsTaskEmbedded = false   curIsTaskEmbedded = false  topActivity = ComponentInfo{com.example.translatorapp/com.example.translatorapp.MainActivity}
10-23 09:50:15.195 D/OplusFlexibleWindowMinimizedManagerHelper( 1875): onTaskInfoChanged taskInfo:TaskInfo{userId=0 taskId=9951 displayId=0 isRunning=true baseIntent=Intent { act=android.intent.action.MAIN cat=[android.intent.category.LAUNCHER] flg=0x10200000 cmp=com.example.translatorapp/.MainActivity mCallingUid=10172 } baseActivity=ComponentInfo{com.example.translatorapp/com.example.translatorapp.MainActivity} topActivity=ComponentInfo{com.example.translatorapp/com.example.translatorapp.MainActivity} origActivity=null realActivity=ComponentInfo{com.example.translatorapp/com.example.translatorapp.MainActivity} numActivities=1 lastActiveTime=113394462 supportsSplitScreenMultiWindow=true supportsMultiWindow=true supportsPocketStudioMultiWindow=true isInFlexibleEmbedded = false uid = 10374 pid = 8847 resizeMode=1 isResizeable=true minWidth=-1 minHeight=-1 defaultMinSize=220 token=WCT{RemoteToken{4fe2a79 Task{f1bc29d #9951 type=standard A=10374:com.example.translatorapp}}} topActivityType=1 pictureInPictureParams=null shouldDockBigOverlays=false launchIntoPipHostTaskId=-1 lastParentTaskIdBeforePip=-1 displayCutoutSafeInsets=Rect(0, 96 - 0, 0) topActivityInfo=ActivityInfo{232856f com.example.translatorapp.MainActivity} launchCookies=[android.os.BinderProxy@5edaa6] positionInParent=Point(0, 0) parentTaskId=-1 isFocused=true isVisible=false isVisibleRequested=true isSleeping=false topActivityInSizeCompat=false topActivityInOplusCompatMode=false topActivityEligibleForLetterboxEducation= false topActivityLetterboxed= false isFromDoubleTap= false topActivityLetterboxVerticalPosition= -1 topActivityLetterboxHorizontalPosition= -1 topActivityLetterboxWidth=-1 topActivityLetterboxHeight=-1 locusId=null displayAreaFeatureId=1 cameraCompatControlState=hidden locusId= null topActivityLetterboxInsets=Rect(0, 0 - 0, 0)} task:Task{f1bc29d #9951 type=standard A=10374:com.example.translatorapp}
10-23 09:50:15.196 D/TaskFragmentExtImpl( 1875): addColorModeOnResume resume=true pkg = com.example.translatorapp
10-23 09:50:15.196 D/ActivityTaskManager( 1875): setVisibility(Token{68be312 ActivityRecord{93af147 u0 com.example.translatorapp/.MainActivity t9951}}, visible=true) defer commitVisibility for transition collecting
10-23 09:50:15.197 D/OplusStartingWindowManager( 1875): reviseWindowFlagsForStarting activityRecord =:ActivityRecord{93af147 u0 com.example.translatorapp/.MainActivity t9951}, RUS version:20240710
10-23 09:50:15.197 D/ActivityTaskManager( 1875): validateStartingWindowTheme:  Pkg=com.example.translatorapp, Translucent=false, Floating=false, ShowWallpaper=false, Disable=false, LaunchSource=2
10-23 09:50:15.197 W/ActivityTaskManager( 1875): App already has a visible window, why would you want a starting window?
10-23 09:50:15.200 D/WindowManager( 1875): BarWindow--setVisible: id=2, oldState=2, state=0 call: 
10-23 09:50:15.208 W/VRI[OnScreenFingerprintPressedIcon]( 2574): handleResized abandoned!
10-23 09:50:15.208 D/ActivityThread( 8847): ComponentInfo{com.example.translatorapp/com.example.translatorapp.MainActivity} checkFinished=false 2
10-23 09:50:15.208 D/ResourcesManagerExtImpl( 8847): applyConfigurationToAppResourcesLocked app.getDisplayId() return callback.displayId:-1
10-23 09:50:15.209 D/OplusStartingWindowManager( 1875): reviseWindowFlagsForStarting activityRecord =:ActivityRecord{93af147 u0 com.example.translatorapp/.MainActivity t9951}, RUS version:20240710
10-23 09:50:15.209 D/ActivityTaskManager( 1875): validateStartingWindowTheme:  Pkg=com.example.translatorapp, Translucent=false, Floating=false, ShowWallpaper=false, Disable=false, LaunchSource=2
10-23 09:50:15.209 W/ActivityTaskManager( 1875): App already has a visible window, why would you want a starting window?
10-23 09:50:15.209 W/VRI[OnScreenFingerprintIcon]( 2574): handleResized abandoned!
10-23 09:50:15.210 D/ShellTaskOrganizer( 2574): dispatchTaskEventToClientIfNeed, eventType:2, taskInfo:TaskInfo{userId=0 taskId=9951 displayId=0 isRunning=true baseIntent=Intent { act=android.intent.action.MAIN cat=[android.intent.category.LAUNCHER] flg=0x10200000 cmp=com.example.translatorapp/.MainActivity mCallingUid=10172 } baseActivity=ComponentInfo{com.example.translatorapp/com.example.translatorapp.MainActivity} topActivity=ComponentInfo{com.example.translatorapp/com.example.translatorapp.MainActivity} origActivity=null realActivity=ComponentInfo{com.example.translatorapp/com.example.translatorapp.MainActivity} numActivities=1 lastActiveTime=113394462 supportsSplitScreenMultiWindow=true supportsMultiWindow=true supportsPocketStudioMultiWindow=true isInFlexibleEmbedded = false uid = 10374 pid = 8847 resizeMode=1 isResizeable=true minWidth=-1 minHeight=-1 defaultMinSize=220 token=WCT{android.window.IWindowContainerToken$Stub$Proxy@4f6c310} topActivityType=1 pictureInPictureParams=null shouldDockBigOverlays=false launchIntoPipHostTaskId=-1 lastParentTaskIdBeforePip=-1 displayCutoutSafeInsets=Rect(0, 96 - 0, 0) topActivityInfo=ActivityInfo{ae01e09 com.example.translatorapp.MainActivity} launchCookies=[android.os.BinderProxy@719ad07] positionInParent=Point(0, 0) parentTaskId=-1 isFocused=true isVisible=false isVisibleRequested=true isSleeping=false topActivityInSizeCompat=false topActivityInOplusCompatMode=false topActivityEligibleForLetterboxEducation= false topActivityLetterboxed= false isFromDoubleTap= false topActivityLetterboxVerticalPosition= -1 topActivityLetterboxHorizontalPosition= -1 topActivityLetterboxWidth=-1 topActivityLetterboxHeight=-1 locusId=null displayAreaFeatureId=1 cameraCompatControlState=hidden locusId= null topActivityLetterboxInsets=Rect(0, 0 - 0, 0)}, leash:null
10-23 09:50:15.210 W/VRI[OnScreenFingerprintDimLayer]( 2574): handleResized abandoned!
10-23 09:50:15.214 I/WindowManager( 1875): window surface saved sync finished
10-23 09:50:15.214 D/OplusFlexibleActivityTransitionManager( 1875): fixTransitType type result:4, targets: [Task{f1bc29d #9951 type=standard A=10374:com.example.translatorapp}, DefaultTaskDisplayArea@112389931]
10-23 09:50:15.215 W/VRI[StatusBar]( 2574): handleResized abandoned!
10-23 09:50:15.215 W/VRI[NavigationBar_displayId_0]( 2574): handleResized abandoned!
10-23 09:50:15.216 D/OplusTransitionController( 1875): onTransactionReady, syncId: 631, 
10-23 09:50:15.216 D/OplusTransitionController( 1875):  info: {id=631 t=TO_BACK f=0x100 trk=0 r=[0@Point(0, 0)] c=[{WCT{RemoteToken{4fe2a79 Task{f1bc29d #9951 type=standard A=10374:com.example.translatorapp}}} m=TO_FRONT f=NONE p=WCT{RemoteToken{d0ad403 DefaultTaskDisplayArea@112389931}} leash=Surface(name=Task=9951)/@0x3bf23be sb=Rect(0, 0 - 1080, 2412) eb=Rect(0, 0 - 1080, 2412) d=0},{WCT{RemoteToken{d0ad403 DefaultTaskDisplayArea@112389931}} m=TO_FRONT f=NONE leash=Surface(name=DefaultTaskDisplayArea)/@0xbcd9b9 sb=Rect(0, 0 - 1080, 2412) eb=Rect(0, 0 - 1080, 2412) d=0}]}, 
10-23 09:50:15.216 D/OplusTransitionController( 1875):  targets : [Task{f1bc29d #9951 type=standard A=10374:com.example.translatorapp}, DefaultTaskDisplayArea@112389931]
10-23 09:50:15.216 D/OplusTransitionAnimationManager( 1875): mOpeningTasks add Task{f1bc29d #9951 type=standard A=10374:com.example.translatorapp}
10-23 09:50:15.218 V/WindowManager( 1875): Sent Transition #631 createdAt=10-23 09:50:15.188 via request=TransitionRequestInfo { type = TO_BACK, triggerTask = null, remoteTransition = null, displayChange = null }
10-23 09:50:15.218 V/WindowManager( 1875):     startWCT=WindowContainerTransaction { changes = {} hops = [] errorCallbackToken=null taskFragmentOrganizer=null }
10-23 09:50:15.218 V/WindowManager( 1875):     info={id=631 t=TO_BACK f=0x100 trk=0 r=[0@Point(0, 0)] c=[{WCT{RemoteToken{4fe2a79 Task{f1bc29d #9951 type=standard A=10374:com.example.translatorapp}}} m=TO_FRONT f=NONE p=WCT{RemoteToken{d0ad403 DefaultTaskDisplayArea@112389931}} leash=Surface(name=Task=9951)/@0x3bf23be sb=Rect(0, 0 - 1080, 2412) eb=Rect(0, 0 - 1080, 2412) d=0},{WCT{RemoteToken{d0ad403 DefaultTaskDisplayArea@112389931}} m=TO_FRONT f=NONE leash=Surface(name=DefaultTaskDisplayArea)/@0xbcd9b9 sb=Rect(0, 0 - 1080, 2412) eb=Rect(0, 0 - 1080, 2412) d=0}]}
10-23 09:50:15.220 I/TaskOrganizerController( 1875): onTaskInfoChanged taskid 9951 config { mBounds=Rect(0, 0 - 1080, 2412) mAppBounds=Rect(0, 96 - 1080, 2263) mMaxBounds=Rect(0, 0 - 1080, 2412) mDisplayRotation=ROTATION_0 mWindowingMode=fullscreen mDisplayWindowingMode=fullscreen mActivityType=standard mAlwaysOnTop=undefined mRotation=ROTATION_0}
10-23 09:50:15.220 W/VRI[NotificationShade]( 2574): handleResized abandoned!
10-23 09:50:15.220 D/FlexibleWindowManager( 1875): onFlexibleWindowTaskInfoChanged: mTaskId = 9951 oldIsTaskEmbedded = false   curIsTaskEmbedded = false  topActivity = ComponentInfo{com.example.translatorapp/com.example.translatorapp.MainActivity}
10-23 09:50:15.220 D/OplusFlexibleWindowMinimizedManagerHelper( 1875): onTaskInfoChanged taskInfo:TaskInfo{userId=0 taskId=9951 displayId=0 isRunning=true baseIntent=Intent { act=android.intent.action.MAIN cat=[android.intent.category.LAUNCHER] flg=0x10200000 cmp=com.example.translatorapp/.MainActivity mCallingUid=10172 } baseActivity=ComponentInfo{com.example.translatorapp/com.example.translatorapp.MainActivity} topActivity=ComponentInfo{com.example.translatorapp/com.example.translatorapp.MainActivity} origActivity=null realActivity=ComponentInfo{com.example.translatorapp/com.example.translatorapp.MainActivity} numActivities=1 lastActiveTime=113394462 supportsSplitScreenMultiWindow=true supportsMultiWindow=true supportsPocketStudioMultiWindow=true isInFlexibleEmbedded = false uid = 10374 pid = 8847 resizeMode=1 isResizeable=true minWidth=-1 minHeight=-1 defaultMinSize=220 token=WCT{RemoteToken{4fe2a79 Task{f1bc29d #9951 type=standard A=10374:com.example.translatorapp}}} topActivityType=1 pictureInPictureParams=null shouldDockBigOverlays=false launchIntoPipHostTaskId=-1 lastParentTaskIdBeforePip=-1 displayCutoutSafeInsets=Rect(0, 96 - 0, 0) topActivityInfo=ActivityInfo{232856f com.example.translatorapp.MainActivity} launchCookies=[android.os.BinderProxy@5edaa6] positionInParent=Point(0, 0) parentTaskId=-1 isFocused=true isVisible=true isVisibleRequested=true isSleeping=false topActivityInSizeCompat=false topActivityInOplusCompatMode=false topActivityEligibleForLetterboxEducation= false topActivityLetterboxed= false isFromDoubleTap= false topActivityLetterboxVerticalPosition= -1 topActivityLetterboxHorizontalPosition= -1 topActivityLetterboxWidth=-1 topActivityLetterboxHeight=-1 locusId=null displayAreaFeatureId=1 cameraCompatControlState=hidden locusId= null topActivityLetterboxInsets=Rect(0, 0 - 0, 0)} task:Task{f1bc29d #9951 type=standard A=10374:com.example.translatorapp}
10-23 09:50:15.221 D/WindowManagerServiceExtImpl( 1875): extractConfigInfoAndRealFlags rotation=0, screenDp=320, win=Window{3e1290b u0 com.example.translatorapp/com.example.translatorapp.MainActivity}
