10-23 09:50:31.278 D/ShellTaskOrganizer( 2574): dispatchTaskEventToClientIfNeed, eventType:2, taskInfo:TaskInfo{userId=0 taskId=9951 displayId=0 isRunning=false baseIntent=Intent { act=android.intent.action.MAIN cat=[android.intent.category.LAUNCHER] flg=0x10200000 cmp=com.example.translatorapp/.MainActivity mCallingUid=10172 } baseActivity=null topActivity=null origActivity=null realActivity=ComponentInfo{com.example.translatorapp/com.example.translatorapp.MainActivity} numActivities=0 lastActiveTime=113394462 supportsSplitScreenMultiWindow=true supportsMultiWindow=true supportsPocketStudioMultiWindow=true isInFlexibleEmbedded = false uid = -1 pid = -1 resizeMode=1 isResizeable=true minWidth=-1 minHeight=-1 defaultMinSize=220 token=WCT{android.window.IWindowContainerToken$Stub$Proxy@26c5c41} topActivityType=1 pictureInPictureParams=null shouldDockBigOverlays=false launchIntoPipHostTaskId=-1 lastParentTaskIdBeforePip=-1 displayCutoutSafeInsets=Rect(0, 96 - 0, 0) topActivityInfo=null launchCookies=[android.os.BinderProxy@719ad07] positionInParent=Point(0, 0) parentTaskId=-1 isFocused=false isVisible=false isVisibleRequested=false isSleeping=false topActivityInSizeCompat=false topActivityInOplusCompatMode=false topActivityEligibleForLetterboxEducation= false topActivityLetterboxed= false isFromDoubleTap= false topActivityLetterboxVerticalPosition= -1 topActivityLetterboxHorizontalPosition= -1 topActivityLetterboxWidth=-1 topActivityLetterboxHeight=-1 locusId=null displayAreaFeatureId=1 cameraCompatControlState=hidden locusId= null topActivityLetterboxInsets=Rect(0, 0 - 0, 0)}, leash:null
10-23 09:50:31.280 D/OplusFlexibleWindowMinimizedManagerHelper( 1875): onTaskVanished taskInfo:9951 task:Task{f1bc29d #9951 type=standard A=10374:com.example.translatorapp}
10-23 09:50:31.280 I/FlexibleTaskController( 1875): releaseFlexibleTaskCaptionView task=Task{f1bc29d #9951 type=standard A=10374:com.example.translatorapp}
10-23 09:50:31.280 I/FlexibleTaskController( 1875): java.lang.Throwable
10-23 09:50:31.280 I/FlexibleTaskController( 1875): 	at com.android.server.wm.FlexibleTaskController.releaseFlexibleCaptionView(FlexibleTaskController.java:1224)
10-23 09:50:31.280 I/FlexibleTaskController( 1875): 	at com.android.server.wm.FlexibleWindowManagerService.onFlexibleWindowTaskVanished(FlexibleWindowManagerService.java:797)
10-23 09:50:31.280 I/FlexibleTaskController( 1875): 	at com.android.server.wm.TaskOrganizerControllerExtImpl.onTaskVanished(TaskOrganizerControllerExtImpl.java:105)
10-23 09:50:31.280 I/FlexibleTaskController( 1875): 	at com.android.server.wm.TaskOrganizerController$TaskOrganizerCallbacks.onTaskVanished(TaskOrganizerController.java:158)
10-23 09:50:31.280 I/FlexibleTaskController( 1875): 	at com.android.server.wm.TaskOrganizerController$TaskOrganizerPendingEventsQueue.dispatchPendingEvent(TaskOrganizerController.java:316)
10-23 09:50:31.280 I/FlexibleTaskController( 1875): 	at com.android.server.wm.TaskOrganizerController$TaskOrganizerPendingEventsQueue.dispatchPendingEvents(TaskOrganizerController.java:302)
10-23 09:50:31.280 I/FlexibleTaskController( 1875): 	at com.android.server.wm.TaskOrganizerController.dispatchPendingEvents(TaskOrganizerController.java:1050)
10-23 09:50:31.280 I/FlexibleTaskController( 1875): 	at com.android.server.wm.WindowAnimator.animate(WindowAnimator.java:212)
10-23 09:50:31.280 I/FlexibleTaskController( 1875): 	at com.android.server.wm.WindowAnimator.lambda$new$1(WindowAnimator.java:107)
10-23 09:50:31.280 I/FlexibleTaskController( 1875): 	at com.android.server.wm.WindowAnimator.$r8$lambda$aHNu1uhcqxihX5NZc4McDDQPAyw(WindowAnimator.java:0)
10-23 09:50:31.280 I/FlexibleTaskController( 1875): 	at com.android.server.wm.WindowAnimator$$ExternalSyntheticLambda1.doFrame(R8$$SyntheticClass:0)
10-23 09:50:31.280 I/FlexibleTaskController( 1875): 	at android.view.Choreographer$CallbackRecord.run(Choreographer.java:1542)
10-23 09:50:31.280 I/FlexibleTaskController( 1875): 	at android.view.Choreographer$CallbackRecord.run(Choreographer.java:1553)
10-23 09:50:31.280 I/FlexibleTaskController( 1875): 	at android.view.Choreographer.doCallbacks(Choreographer.java:1109)
10-23 09:50:31.280 I/FlexibleTaskController( 1875): 	at android.view.Choreographer.doFrame(Choreographer.java:984)
10-23 09:50:31.280 I/FlexibleTaskController( 1875): 	at android.view.Choreographer$FrameDisplayEventReceiver.run(Choreographer.java:1527)
10-23 09:50:31.280 I/FlexibleTaskController( 1875): 	at android.os.Handler.handleCallback(Handler.java:958)
10-23 09:50:31.280 I/FlexibleTaskController( 1875): 	at android.os.Handler.dispatchMessage(Handler.java:99)
10-23 09:50:31.280 I/FlexibleTaskController( 1875): 	at android.os.Looper.loopOnce(Looper.java:257)
10-23 09:50:31.280 I/FlexibleTaskController( 1875): 	at android.os.Looper.loop(Looper.java:368)
10-23 09:50:31.280 I/FlexibleTaskController( 1875): 	at android.os.HandlerThread.run(HandlerThread.java:67)
10-23 09:50:31.280 I/FlexibleTaskController( 1875): 	at com.android.server.ServiceThread.run(ServiceThread.java:46)
10-23 09:50:31.280 D/OplusFlexibleWindowMinimizedManagerHelper( 1875): onTaskVanished taskInfo:9951 task:Task{f1bc29d #9951 type=standard A=10374:com.example.translatorapp}
10-23 09:50:31.281 I/FlexibleTaskController( 1875): releaseFlexibleTaskCaptionView task=Task{f1bc29d #9951 type=standard A=10374:com.example.translatorapp}
10-23 09:50:31.281 I/FlexibleTaskController( 1875): java.lang.Throwable
10-23 09:50:31.281 I/FlexibleTaskController( 1875): 	at com.android.server.wm.FlexibleTaskController.releaseFlexibleCaptionView(FlexibleTaskController.java:1224)
10-23 09:50:31.281 I/FlexibleTaskController( 1875): 	at com.android.server.wm.FlexibleWindowManagerService.onFlexibleWindowTaskVanished(FlexibleWindowManagerService.java:797)
10-23 09:50:31.281 I/FlexibleTaskController( 1875): 	at com.android.server.wm.TaskOrganizerControllerExtImpl.onTaskVanished(TaskOrganizerControllerExtImpl.java:105)
10-23 09:50:31.281 I/FlexibleTaskController( 1875): 	at com.android.server.wm.TaskOrganizerController$TaskOrganizerPendingEventsQueue.dispatchPendingEvent(TaskOrganizerController.java:319)
10-23 09:50:31.281 I/FlexibleTaskController( 1875): 	at com.android.server.wm.TaskOrganizerController$TaskOrganizerPendingEventsQueue.dispatchPendingEvents(TaskOrganizerController.java:302)
10-23 09:50:31.281 I/FlexibleTaskController( 1875): 	at com.android.server.wm.TaskOrganizerController.dispatchPendingEvents(TaskOrganizerController.java:1050)
10-23 09:50:31.281 I/FlexibleTaskController( 1875): 	at com.android.server.wm.WindowAnimator.animate(WindowAnimator.java:212)
10-23 09:50:31.281 I/FlexibleTaskController( 1875): 	at com.android.server.wm.WindowAnimator.lambda$new$1(WindowAnimator.java:107)
10-23 09:50:31.281 I/FlexibleTaskController( 1875): 	at com.android.server.wm.WindowAnimator.$r8$lambda$aHNu1uhcqxihX5NZc4McDDQPAyw(WindowAnimator.java:0)
10-23 09:50:31.281 I/FlexibleTaskController( 1875): 	at com.android.server.wm.WindowAnimator$$ExternalSyntheticLambda1.doFrame(R8$$SyntheticClass:0)
10-23 09:50:31.281 I/FlexibleTaskController( 1875): 	at android.view.Choreographer$CallbackRecord.run(Choreographer.java:1542)
10-23 09:50:31.281 I/FlexibleTaskController( 1875): 	at android.view.Choreographer$CallbackRecord.run(Choreographer.java:1553)
10-23 09:50:31.281 I/FlexibleTaskController( 1875): 	at android.view.Choreographer.doCallbacks(Choreographer.java:1109)
10-23 09:50:31.281 I/FlexibleTaskController( 1875): 	at android.view.Choreographer.doFrame(Choreographer.java:984)
10-23 09:50:31.281 I/FlexibleTaskController( 1875): 	at android.view.Choreographer$FrameDisplayEventReceiver.run(Choreographer.java:1527)
10-23 09:50:31.281 I/FlexibleTaskController( 1875): 	at android.os.Handler.handleCallback(Handler.java:958)
10-23 09:50:31.281 I/FlexibleTaskController( 1875): 	at android.os.Handler.dispatchMessage(Handler.java:99)
10-23 09:50:31.281 I/FlexibleTaskController( 1875): 	at android.os.Looper.loopOnce(Looper.java:257)
10-23 09:50:31.281 I/FlexibleTaskController( 1875): 	at android.os.Looper.loop(Looper.java:368)
10-23 09:50:31.281 I/FlexibleTaskController( 1875): 	at android.os.HandlerThread.run(HandlerThread.java:67)
10-23 09:50:31.281 I/FlexibleTaskController( 1875): 	at com.android.server.ServiceThread.run(ServiceThread.java:46)
10-23 09:50:31.283 D/ShellTaskOrganizer( 2574): dispatchTaskEventToClientIfNeed, eventType:1, taskInfo:TaskInfo{userId=0 taskId=9951 displayId=-1 isRunning=false baseIntent=Intent { act=android.intent.action.MAIN cat=[android.intent.category.LAUNCHER] flg=0x10200000 cmp=com.example.translatorapp/.MainActivity mCallingUid=10172 } baseActivity=null topActivity=null origActivity=null realActivity=ComponentInfo{com.example.translatorapp/com.example.translatorapp.MainActivity} numActivities=0 lastActiveTime=113394462 supportsSplitScreenMultiWindow=false supportsMultiWindow=false supportsPocketStudioMultiWindow=true isInFlexibleEmbedded = false uid = -1 pid = -1 resizeMode=1 isResizeable=true minWidth=-1 minHeight=-1 defaultMinSize=220 token=WCT{android.window.IWindowContainerToken$Stub$Proxy@78545e6} topActivityType=1 pictureInPictureParams=null shouldDockBigOverlays=false launchIntoPipHostTaskId=-1 lastParentTaskIdBeforePip=-1 displayCutoutSafeInsets=null topActivityInfo=null launchCookies=[] positionInParent=Point(0, 0) parentTaskId=-1 isFocused=false isVisible=false isVisibleRequested=false isSleeping=false topActivityInSizeCompat=false topActivityInOplusCompatMode=false topActivityEligibleForLetterboxEducation= false topActivityLetterboxed= false isFromDoubleTap= false topActivityLetterboxVerticalPosition= -1 topActivityLetterboxHorizontalPosition= -1 topActivityLetterboxWidth=-1 topActivityLetterboxHeight=-1 locusId=null displayAreaFeatureId=-1 cameraCompatControlState=hidden locusId= null topActivityLetterboxInsets=Rect(0, 0 - 0, 0)}, leash:null
10-23 09:50:31.299 W/ActivityManager( 1875): setHasOverlayUi called on unknown pid: 8847
10-23 09:50:31.301 D/CompatibilityChangeReporter( 1875): Compat change id reported: 261072174; UID 1000; state: ENABLED
10-23 09:50:31.302 D/ActivityTaskManager( 1875): Skipping, invisible task: Task{6a94c64 #2 type=home I=com.android.launcher/.Launcher}
10-23 09:50:31.302 D/OplusAppListInterceptManager( 1875): shouldFilterTask
10-23 09:50:31.302 D/OplusAppListInterceptManager( 1875): shouldFilterTask::packageName = com.example.translatorapp
10-23 09:50:31.303 D/OplusAppListInterceptManager( 1875): shouldFilterTask
10-23 09:50:31.303 D/OplusAppListInterceptManager( 1875): shouldFilterTask::packageName = com.android.settings
10-23 09:50:31.303 D/OplusSplitScreenManagerService( 1875): com.android.settings unSupportsSplitScreen by blockList or ForbidActivityList
10-23 09:50:31.303 D/OplusSplitScreenManagerService( 1875): com.android.settings unSupportsSplitScreen by blockList or ForbidActivityList
10-23 09:50:31.303 D/OplusAppListInterceptManager( 1875): shouldFilterTask
10-23 09:50:31.303 D/OplusAppListInterceptManager( 1875): shouldFilterTask::packageName = com.xingin.xhs
10-23 09:50:31.303 D/OplusAppListInterceptManager( 1875): shouldFilterTask
10-23 09:50:31.303 D/OplusAppListInterceptManager( 1875): shouldFilterTask::packageName = com.tencent.mm
10-23 09:50:31.303 D/OplusAppListInterceptManager( 1875): shouldFilterTask
10-23 09:50:31.303 D/OplusAppListInterceptManager( 1875): shouldFilterTask::packageName = org.localsend.localsend_app
10-23 09:50:31.303 D/OplusAppListInterceptManager( 1875): shouldFilterTask
10-23 09:50:31.303 D/OplusAppListInterceptManager( 1875): shouldFilterTask::packageName = com.android.settings
10-23 09:50:31.303 D/OplusSplitScreenManagerService( 1875): com.android.settings unSupportsSplitScreen by blockList or ForbidActivityList
10-23 09:50:31.303 D/OplusAppListInterceptManager( 1875): shouldFilterTask
10-23 09:50:31.303 D/OplusAppListInterceptManager( 1875): shouldFilterTask::packageName = com.luna.music
10-23 09:50:31.303 D/OplusAppListInterceptManager( 1875): shouldFilterTask
10-23 09:50:31.304 D/OplusAppListInterceptManager( 1875): shouldFilterTask::packageName = com.oplus.ota
10-23 09:50:31.304 D/OplusAppListInterceptManager( 1875): shouldFilterTask
10-23 09:50:31.304 D/OplusAppListInterceptManager( 1875): shouldFilterTask::packageName = com.finshell.wallet
10-23 09:50:31.304 D/OplusAppListInterceptManager( 1875): shouldFilterTask
10-23 09:50:31.304 D/OplusAppListInterceptManager( 1875): shouldFilterTask::packageName = com.tencent.mobileqq
10-23 09:50:31.304 D/ActivityTaskManager( 1875): after skip size 10
10-23 09:50:31.313 D/ActivityTaskManager( 1875): Skipping, invisible task: Task{6a94c64 #2 type=home I=com.android.launcher/.Launcher}
10-23 09:50:31.313 D/OplusAppListInterceptManager( 1875): shouldFilterTask
10-23 09:50:31.313 D/OplusAppListInterceptManager( 1875): shouldFilterTask::packageName = com.example.translatorapp
10-23 09:50:31.313 D/OplusAppListInterceptManager( 1875): shouldFilterTask
10-23 09:50:31.314 D/OplusAppListInterceptManager( 1875): shouldFilterTask::packageName = com.android.settings
10-23 09:50:31.314 D/OplusSplitScreenManagerService( 1875): com.android.settings unSupportsSplitScreen by blockList or ForbidActivityList
10-23 09:50:31.314 D/OplusSplitScreenManagerService( 1875): com.android.settings unSupportsSplitScreen by blockList or ForbidActivityList
10-23 09:50:31.314 D/OplusAppListInterceptManager( 1875): shouldFilterTask
10-23 09:50:31.314 D/OplusAppListInterceptManager( 1875): shouldFilterTask::packageName = com.xingin.xhs
10-23 09:50:31.314 D/OplusAppListInterceptManager( 1875): shouldFilterTask
10-23 09:50:31.314 D/OplusAppListInterceptManager( 1875): shouldFilterTask::packageName = com.tencent.mm
10-23 09:50:31.314 D/OplusAppListInterceptManager( 1875): shouldFilterTask
10-23 09:50:31.314 D/OplusAppListInterceptManager( 1875): shouldFilterTask::packageName = org.localsend.localsend_app
10-23 09:50:31.314 D/OplusAppListInterceptManager( 1875): shouldFilterTask
10-23 09:50:31.314 D/OplusAppListInterceptManager( 1875): shouldFilterTask::packageName = com.android.settings
10-23 09:50:31.314 D/OplusSplitScreenManagerService( 1875): com.android.settings unSupportsSplitScreen by blockList or ForbidActivityList
10-23 09:50:31.314 D/OplusAppListInterceptManager( 1875): shouldFilterTask
10-23 09:50:31.314 D/OplusAppListInterceptManager( 1875): shouldFilterTask::packageName = com.luna.music
10-23 09:50:31.314 D/OplusAppListInterceptManager( 1875): shouldFilterTask
10-23 09:50:31.314 D/OplusAppListInterceptManager( 1875): shouldFilterTask::packageName = com.oplus.ota
10-23 09:50:31.315 D/OplusAppListInterceptManager( 1875): shouldFilterTask
10-23 09:50:31.315 D/OplusAppListInterceptManager( 1875): shouldFilterTask::packageName = com.finshell.wallet
10-23 09:50:31.315 D/OplusAppListInterceptManager( 1875): shouldFilterTask
10-23 09:50:31.315 D/OplusAppListInterceptManager( 1875): shouldFilterTask::packageName = com.tencent.mobileqq
10-23 09:50:31.315 D/ActivityTaskManager( 1875): after skip size 10
10-23 09:50:31.320 W/ContextImpl( 6728): Calling a method in the system process without a qualified user: android.app.ContextImpl.startService:1929 android.content.ContextWrapper.startService:835 android.content.ContextWrapper.startService:835 com.oplusos.securitypermission.permission.OplusPermissionReceiver.l:13 com.oplusos.securitypermission.permission.OplusPermissionReceiver.onReceive:25 
10-23 09:50:31.330 W/Looper  ( 1875): Slow dispatch took 124ms android.perm h=android.os.Handler c=<recycled PooledLambda@8aca0e0> m=0
10-23 09:50:31.338 W/WindowMagnificationMgr( 1875): requestConnection duplicated request: connect=false, mConnectionState=DISCONNECTED
10-23 09:50:31.350 W/Looper  ( 1875): Slow dispatch took 462ms android.fg h=android.os.Handler c=<recycled PooledLambda@8140328> m=0
10-23 09:50:31.355 D/OplusMediaControlService( 1875): dispatch getHistoryMediaPlayerInfoList
10-23 09:50:31.355 D/OplusMediaControlService( 1875): InHistoryPlayInfoWhiteList: com.luna.music, 0
10-23 09:50:31.356 I/OplusMediaControlService( 1875): getHistoryMediaPlayerInfoList historyInfoList size: 1
10-23 09:50:31.357 W/Looper  ( 1875): Slow dispatch took 124ms main h=android.app.ActivityThread$H c=android.app.LoadedApk$ReceiverDispatcher$Args$$ExternalSyntheticLambda0@908c672 m=0
10-23 09:50:31.357 W/Looper  ( 1875): Slow delivery took 269ms main h=android.app.ActivityThread$H c=android.app.LoadedApk$ReceiverDispatcher$Args$$ExternalSyntheticLambda0@35f6ac3 m=0
10-23 09:50:31.363 D/CompatibilityChangeReporter( 1875): Compat change id reported: 135634846; UID 1000; state: DISABLED
10-23 09:50:31.363 D/CompatibilityChangeReporter( 1875): Compat change id reported: 177438394; UID 1000; state: DISABLED
10-23 09:50:31.363 D/CompatibilityChangeReporter( 1875): Compat change id reported: 135772972; UID 1000; state: DISABLED
10-23 09:50:31.363 D/CompatibilityChangeReporter( 1875): Compat change id reported: 135754954; UID 1000; state: ENABLED
10-23 09:50:31.365 W/WindowMagnificationMgr( 1875): requestConnection duplicated request: connect=false, mConnectionState=DISCONNECTED
10-23 09:50:31.365 W/LoadedApk( 1875): System took : 162ms in onReceive of class com.android.server.accessibility.AccessibilityManagerService$1 for action : android.intent.action.PACKAGE_ADDED
10-23 09:50:31.365 D/ColorAutomaticBrightnessController( 1875): CtsTest = false
10-23 09:50:31.366 D/DeviceIdleHelper( 1875): pacakge removed: name=com.example.translatorapp not in PowerSaveWhitelist
10-23 09:50:31.370 W/OplusSelfProtectManager( 1875): pkg[com.android.keychain] not in policy list
10-23 09:50:31.374 I/AppWidgetServiceImpl( 1875): handleNotifyUpdateAppWidget,appWidgetId: 2,packageName:com.coloros.alarmclock
10-23 09:50:31.404 I/OplusMediaControlService( 1875): package is replacing
10-23 09:50:31.404 V/ActivityManager( 1875): Has totaly same connectionRecord, just reuse it!
10-23 09:50:31.406 I/ActivityManager( 1875): Start proc 13344:com.oplus.sau/1000 for broadcast {com.oplus.sau/com.oplusos.sau.strategy.AppReceiver}
10-23 09:50:31.410 W/ContextImpl( 3365): Calling a method in the system process without a qualified user: android.app.ContextImpl.sendBroadcast:1247 com.oplus.notificationmanager.AppModificationReceiver.notifyAppModified:4 com.oplus.notificationmanager.NotificationBackend.processPackageBroadcast:16 com.oplus.notificationmanager.NotificationBackend.lambda$onReceivedBroadcast$4:1 com.oplus.notificationmanager.NotificationBackend.d:0 
10-23 09:50:31.412 W/Looper  ( 1875): Slow delivery took 566ms android.fg h=android.os.Handler c=<recycled PooledLambda@ed2893d> m=0
10-23 09:50:31.429 W/LoadedApk( 1875): System took : 171ms in onReceive of class android.content.pm.RegisteredServicesCache$1 for action : android.intent.action.PACKAGE_ADDED
10-23 09:50:31.432 W/TextServicesManagerService( 1875): no available spell checker services found
10-23 09:50:31.446 I/SecurityPermissionService( 1875): updateCachedPermission pkgName:com.example.translatorapp, userId:0, delete:false
10-23 09:50:31.454 W/OplusSelfProtectManager( 1875): pkg[com.oplus.crashbox] not in policy list
10-23 09:50:31.457 D/CompatibilityChangeReporter( 1875): Compat change id reported: 168419799; UID 1000; state: DISABLED
10-23 09:50:31.457 D/CompatibilityChangeReporter( 1875): Compat change id reported: 273564678; UID 1000; state: DISABLED
10-23 09:50:31.458 D/ActivityTaskManagerServiceExtImpl( 1875): preBindApplication record is null
10-23 09:50:31.460 W/OplusSelfProtectManager( 1875): pkg[com.oplus.crashbox] not in policy list
10-23 09:50:31.467 W/ActivityManager( 1875): Slow operation: 52ms so far, now at attachApplicationLocked: immediately after bindApplication
10-23 09:50:31.467 W/ActivityManager( 1875): Slow operation: 52ms so far, now at attachApplicationLocked: after updateLruProcessLocked
10-23 09:50:31.470 D/LightsServiceExtImpl( 1875): isCtsHardwareTestCases = false
10-23 09:50:31.470 D/OplusSmartBrightnessController( 1875): CtsTest = false
10-23 09:50:31.475 D/OplusCustomizeService( 1875): mCoreAppIsEnable = false
10-23 09:50:31.475 D/OplusCustomizeService( 1875): pkgName = com.example.translatorapp
10-23 09:50:31.475 D/OplusCustomizeService( 1875): Add packages name is :com.example.translatorapp;dir:/data/app/~~-x9JTZQNQIA18p-kNVcOkw==/com.example.translatorapp-MvXXCh4c2Mx-B-ERfyEa8g==/base.apk
10-23 09:50:31.477 D/ColorAutomaticBrightnessController( 1875): CtsTest = false
10-23 09:50:31.509 W/OplusSelfProtectManager( 1875): pkg[com.oplus.crashbox] not in policy list
10-23 09:50:31.514 D/LightsServiceExtImpl( 1875): isCtsHardwareTestCases = false
10-23 09:50:31.514 D/OplusSmartBrightnessController( 1875): CtsTest = false
10-23 09:50:31.517 V/AutofillManagerService( 1875): onPackageUpdateFinished(): com.example.translatorapp
10-23 09:50:31.518 V/AutofillManagerService( 1875): onPackageModified(): com.example.translatorapp
10-23 09:50:31.525 W/ContextImpl( 3365): Calling a method in the system process without a qualified user: android.app.ContextImpl.sendBroadcast:1247 com.oplus.notificationmanager.AppModificationReceiver.notifyAppModified:4 com.oplus.notificationmanager.NotificationBackend.processPackageBroadcast:16 com.oplus.notificationmanager.NotificationBackend.lambda$onReceivedBroadcast$4:1 com.oplus.notificationmanager.NotificationBackend.d:0 
10-23 09:50:31.526 W/ContextImpl( 3365): Calling a method in the system process without a qualified user: android.app.ContextImpl.sendBroadcast:1247 com.oplus.notificationmanager.AppModificationReceiver.notifyAppModified:4 com.oplus.notificationmanager.NotificationBackend.processPackageBroadcast:16 com.oplus.notificationmanager.NotificationBackend.lambda$onReceivedBroadcast$4:1 com.oplus.notificationmanager.NotificationBackend.d:0 
10-23 09:50:31.532 W/OplusSelfProtectManager( 1875): pkg[com.oplus.crashbox] not in policy list
10-23 09:50:31.534 W/VoiceInteractionManager( 1875): no available voice recognition services found for user 0
10-23 09:50:31.547 W/Looper  ( 1875): Slow dispatch took 125ms android.fg h=android.os.Handler c=<recycled PooledLambda@7943f2d> m=0
10-23 09:50:31.549 V/BackupManagerConstants( 1875): getFullBackupIntervalMilliseconds(...) returns 86400000
10-23 09:50:31.549 V/BackupManagerConstants( 1875): getFullBackupRequiredNetworkType(...) returns 2
10-23 09:50:31.549 V/BackupManagerConstants( 1875): getFullBackupRequireCharging(...) returns true
10-23 09:50:31.549 D/CompatibilityChangeReporter( 1875): Compat change id reported: 271850009; UID 1000; state: ENABLED
10-23 09:50:31.550 D/CompatibilityChangeReporter( 1875): Compat change id reported: 271850009; UID 1000; state: DISABLED
10-23 09:50:31.551 D/CompatibilityChangeReporter( 1875): Compat change id reported: 253665015; UID 1000; state: ENABLED
10-23 09:50:31.551 D/CompatibilityChangeReporter( 1875): Compat change id reported: 253665015; UID 1000; state: DISABLED
10-23 09:50:31.551 D/CompatibilityChangeReporter( 1875): Compat change id reported: 194532703; UID 1000; state: ENABLED
10-23 09:50:31.568 D/CompatibilityChangeReporter( 1875): Compat change id reported: 171306433; UID 10374; state: ENABLED
10-23 09:50:31.568 D/CompatibilityChangeReporter( 1875): Compat change id reported: 226439802; UID 10374; state: ENABLED
10-23 09:50:31.569 W/AlarmManager( 1875): Package com.example.translatorapp, uid 10374 lost permission to set exact alarms!
10-23 09:50:31.570 D/IntervalStats( 1875): Unable to parse usage stats packages: [152, 307, 336, 341, 342, 343, 375, 584, 607, 637, 643, 698, 733, 734, 751, 754, 757, 759]
10-23 09:50:31.571 W/Looper  ( 1875): Drained
10-23 09:50:31.574 D/UsageStatsService( 1875): User[0] type=3 b=1729777831568 e=1761227431568 cb=1752633092919 ce=1761227431509 disk=415 all=812
10-23 09:50:31.731 V/AlarmManager( 1875): sending alarm Alarm{88ae501 type 3 origWhen 113411000 whenElapsed 113411000 android} uid 1000 whenElapsed 113411000 windowLength 0 maxWhenElapsed 113411000 repeatInterval 0 action null component null tag StatsCompanionService.periodic flags 0x9 procName system_server
10-23 09:50:31.735 D/CompatibilityChangeReporter( 1875): Compat change id reported: 171306433; UID 1000; state: ENABLED
10-23 09:50:31.741 V/WindowManager( 1875): Sent Transition #632 createdAt=10-23 09:50:30.793 via request=TransitionRequestInfo { type = CLOSE, triggerTask = TaskInfo{userId=0 taskId=9951 displayId=0 isRunning=false baseIntent=Intent { act=android.intent.action.MAIN cat=[android.intent.category.LAUNCHER] flg=0x10200000 cmp=com.example.translatorapp/.MainActivity mCallingUid=10172 } baseActivity=null topActivity=null origActivity=null realActivity=ComponentInfo{com.example.translatorapp/com.example.translatorapp.MainActivity} numActivities=0 lastActiveTime=113394462 supportsSplitScreenMultiWindow=true supportsMultiWindow=true supportsPocketStudioMultiWindow=true isInFlexibleEmbedded = false uid = -1 pid = -1 resizeMode=1 isResizeable=true minWidth=-1 minHeight=-1 defaultMinSize=220 token=WCT{RemoteToken{4fe2a79 Task{f1bc29d #9951 type=standard A=10374:com.example.translatorapp}}} topActivityType=1 pictureInPictureParams=null shouldDockBigOverlays=false launchIntoPipHostTaskId=-1 lastParentTaskIdBeforePip=-1 displayCutoutSafeInsets=Rect(0, 96 - 0, 0) topActivityInfo=null launchCookies=[android.os.BinderProxy@5edaa6] positionInParent=Point(0, 0) parentTaskId=-1 isFocused=true isVisible=true isVisibleRequested=true isSleeping=false topActivityInSizeCompat=false topActivityInOplusCompatMode=false topActivityEligibleForLetterboxEducation= false topActivityLetterboxed= false isFromDoubleTap= false topActivityLetterboxVerticalPosition= -1 topActivityLetterboxHorizontalPosition= -1 topActivityLetterboxWidth=-1 topActivityLetterboxHeight=-1 locusId=null displayAreaFeatureId=1 cameraCompatControlState=hidden locusId= null topActivityLetterboxInsets=Rect(0, 0 - 0, 0)}, remoteTransition = null, displayChange = null }
10-23 09:50:31.741 V/WindowManager( 1875):     startWCT=WindowContainerTransaction { changes = {} hops = [] errorCallbackToken=null taskFragmentOrganizer=null }
10-23 09:50:31.741 V/WindowManager( 1875):     info={id=632 t=CLOSE f=0x0 trk=0 r=[0@Point(0, 0)] c=[{WCT{RemoteToken{4fe2a79 Task{f1bc29d #9951 type=standard A=10374:com.example.translatorapp}}} m=CLOSE f=NONE leash=Surface(name=Task=9951)/@0x3bf23be sb=Rect(0, 0 - 1080, 2412) eb=Rect(0, 0 - 1080, 2412) d=0},{WCT{RemoteToken{fb1c989 Task{77257a0 #1 type=home}}} m=TO_FRONT f=SHOW_WALLPAPER leash=Surface(name=Task=1)/@0x7875f80 sb=Rect(0, 0 - 1080, 2412) eb=Rect(0, 0 - 1080, 2412) d=0},{null m=TO_FRONT f=IS_WALLPAPER leash=Surface(name=WallpaperWindowToken{d8a1ffa token=android.os.Binder@6fac225})/@0xed334b1 sb=Rect(0, 0 - 1080, 2412) eb=Rect(0, 0 - 1080, 2412) d=0}]}
10-23 09:50:31.777 V/WindowManager( 1875): Finish Transition #632: created at 10-23 09:50:30.793 collect-started=0.12ms request-sent=0.495ms started=12.403ms ready=12.364ms sent=80.447ms finished=465.987ms
10-23 09:50:31.835 E/OplusCustomizeRestrictionManagerService( 1875): isBiometricDisabled start
10-23 09:50:31.837 E/OplusCustomizeRestrictionManagerService( 1875): isBiometricDisabled start
10-23 09:50:31.839 I/OplusZoomWindowRUSConfigManager( 1875): isEnabled mZoomSwitch = true
10-23 09:50:31.860 I/ActivityManager( 1875): Flag disabled. Ignoring finishAttachApplication from uid: 1000. pid: 13290
10-23 09:50:31.968 D/UsageStatsService( 1875): User[0] type=0 b=1761225421192 e=1761227431964 cb=1761146447435 ce=1761227431960 disk=0 all=39
10-23 09:50:31.982 D/CompatibilityChangeReporter( 1875): Compat change id reported: 161252188; UID 1000; state: DISABLED
10-23 09:50:32.001 V/AlarmManager( 1875): sending alarm Alarm{577b46f type 3 origWhen 113411269 whenElapsed 113411269 android} uid 1000 whenElapsed 113411269 windowLength 0 maxWhenElapsed 113411269 repeatInterval 0 action null component null tag StatsCompanionService.pull flags 0x9 procName system_server
10-23 09:50:32.030 V/MonthTrafficAlert( 2844): getWarningNotification subId:1 numWarningNotificaion:0
10-23 09:50:32.030 V/TrafficAlert( 2844): getLimitNotification subId:1 ,numLimitNotificaion:0
10-23 09:50:32.045 V/MonthTrafficAlert( 2844): getWarningNotification subId:1 numWarningNotificaion:0
10-23 09:50:32.045 V/TrafficAlert( 2844): getLimitNotification subId:1 ,numLimitNotificaion:0
10-23 09:50:32.079 W/ContextImpl(13344): Calling a method in the system process without a qualified user: android.app.ContextImpl.startService:1929 android.content.ContextWrapper.startService:835 com.oplusos.sau.SAUApplication.onCreate:161 android.app.Instrumentation.callApplicationOnCreate:1335 android.app.ActivityThread.handleBindApplication:7594 
10-23 09:50:32.083 W/ContextImpl(13344): Calling a method in the system process without a qualified user: android.app.ContextImpl.startService:1929 android.content.ContextWrapper.startService:835 com.oplusos.sau.SAUApplication.onCreate:163 android.app.Instrumentation.callApplicationOnCreate:1335 android.app.ActivityThread.handleBindApplication:7594 
10-23 09:50:32.088 D/CompatibilityChangeReporter( 1875): Compat change id reported: 161145287; UID 1000; state: ENABLED
10-23 09:50:32.090 D/CompatibilityChangeReporter( 1875): Compat change id reported: 161145287; UID 1000; state: DISABLED
10-23 09:50:32.100 W/Looper  ( 1875): Drained
10-23 09:50:32.101 I/ActivityManager( 1875): Flag disabled. Ignoring finishAttachApplication from uid: 1000. pid: 13344
10-23 09:50:32.135 W/ContextImpl(13344): Calling a method in the system process without a qualified user: android.app.ContextImpl.startService:1929 android.content.ContextWrapper.startService:835 x2.e.F:9 com.oplusos.sau.service.SAUAppService.onStartCommand:32 android.app.ActivityThread.handleServiceArgs:5116 
10-23 09:50:32.144 W/ContextImpl(13344): Calling a method in the system process without a qualified user: android.app.ContextImpl.bindService:2032 android.content.ContextWrapper.bindService:871 com.oplusos.sau.aidl.SauBinderUpdateService.onCreate:9 android.app.ActivityThread.handleCreateService:4928 android.app.ActivityThread.-$$Nest$mhandleCreateService:0 
10-23 09:50:32.146 D/CompatibilityChangeReporter( 1875): Compat change id reported: 261072174; UID 1000; state: ENABLED
10-23 09:50:33.038 D/OAppNetControlService( 1875): Hans update:[10240=false][0|0] blackList:[10190, 10278]
10-23 09:50:33.044 D/OplusAlarmAdjustment( 1875): unproxyAlarmsByUid(), uid=10240, pkgName=com.coloros.weather2, requester=1
10-23 09:50:33.045 D/OplusAlarmAdjustMap( 1875): removeProxyUid, uid=10240, requester=1
10-23 09:50:33.304 D/CompatibilityChangeReporter( 1875): Compat change id reported: 135634846; UID 10241; state: DISABLED
10-23 09:50:33.304 D/CompatibilityChangeReporter( 1875): Compat change id reported: 177438394; UID 10241; state: DISABLED
10-23 09:50:33.304 D/CompatibilityChangeReporter( 1875): Compat change id reported: 135772972; UID 10241; state: DISABLED
10-23 09:50:33.304 D/CompatibilityChangeReporter( 1875): Compat change id reported: 135754954; UID 10241; state: ENABLED
10-23 09:50:33.306 D/CompatibilityChangeReporter( 1875): Compat change id reported: 143937733; UID 10241; state: ENABLED
10-23 09:50:33.321 I/ActivityManager( 1875): Start proc 13487:com.coloros.shortcuts/u0a241 for content provider {com.coloros.shortcuts/com.coloros.shortcuts.framework.db.AppDataProvider}
10-23 09:50:33.358 D/CompatibilityChangeReporter( 1875): Compat change id reported: 168419799; UID 10241; state: DISABLED
10-23 09:50:33.358 D/CompatibilityChangeReporter( 1875): Compat change id reported: 273564678; UID 10241; state: DISABLED
10-23 09:50:33.358 D/ActivityTaskManagerServiceExtImpl( 1875): preBindApplication record is null
10-23 09:50:33.372 D/CompatibilityChangeReporter( 1875): Compat change id reported: 265195908; UID 10241; state: ENABLED
10-23 09:50:33.386 D/CompatibilityChangeReporter( 1875): Compat change id reported: 170503758; UID 10241; state: ENABLED
10-23 09:50:33.439 D/ResourcesManagerExtImpl(13487): applyConfigurationToAppResourcesLocked app.getDisplayId() return callback.displayId:-1
10-23 09:50:33.458 D/OplusPowerManager(13487): OplusPowerManager, getMaximumScreenBrightnessSetting
10-23 09:50:33.459 D/OplusPowerManagerServiceEnhance( 1875): getMaximumScreenBrightnessSetting
10-23 09:50:33.459 D/OplusPowerManager(13487): OplusPowerManager, getMinimumScreenBrightnessSetting
10-23 09:50:33.459 D/OplusPowerManagerServiceEnhance( 1875): getMinimumScreenBrightnessSetting
10-23 09:50:33.460 I/ActivityManager( 1875): Flag disabled. Ignoring finishAttachApplication from uid: 10241. pid: 13487
10-23 09:50:33.480 D/CompatibilityChangeReporter( 1875): Compat change id reported: 161145287; UID 10241; state: ENABLED
10-23 09:50:33.486 D/CompatibilityChangeReporter( 1875): Compat change id reported: 253665015; UID 10241; state: ENABLED
10-23 09:50:33.486 D/CompatibilityChangeReporter( 1875): Compat change id reported: 194532703; UID 10241; state: ENABLED
10-23 09:50:33.902 D/TrimMemoryHandler( 1875): ProcessRecord{c0c5c04 0:com.example.translatorapp/u0a374} hasForegroundActivities, skip trim
10-23 09:50:33.911 D/OplusFeatureHDREnhanceBrightness( 1875): checkIsPlayingHDR isPlayingHDR=0 rotation=0 whiteApp=false battery=78
10-23 09:50:34.014 D/OplusAlarmAdjustment( 1875): proxyAlarmsByUid(), uid=10088, pkgName=com.heytap.themestore, requester=1
10-23 09:50:34.014 D/OplusAlarmAdjustMap( 1875): addProxyUid, uid=10088, pkgName=com.heytap.themestore, requester=1
10-23 09:50:34.019 D/OAppNetControlService( 1875): Hans update:[10088=true][0|0] blackList:[10190, 10278, 10088]
10-23 09:50:34.028 D/OplusAlarmAdjustment( 1875): alignAlarmsByUid(), uid=10228, pkgName=com.nearme.gamecenter, actions=null, procs=null, requester=1
10-23 09:50:34.029 D/OplusAlarmAdjustMap( 1875): addAlignUid, uid=10228, pkgName=com.nearme.gamecenter, requester=1, mode=1
10-23 09:50:34.037 D/OplusAlarmAdjustment( 1875): proxyAlarmsByUid(), uid=10232, pkgName=com.oplus.games, requester=1
10-23 09:50:34.037 D/OplusAlarmAdjustMap( 1875): addProxyUid, uid=10232, pkgName=com.oplus.games, requester=1
10-23 09:50:34.042 D/OplusAlarmAdjustment( 1875): alignAlarmsByUid(), uid=10243, pkgName=com.coloros.familyguard, actions=null, procs=null, requester=1
10-23 09:50:34.042 D/OplusAlarmAdjustMap( 1875): addAlignUid, uid=10243, pkgName=com.coloros.familyguard, requester=1, mode=1
10-23 09:50:34.042 D/OAppNetControlService( 1875): Hans update:[10232=true][0|0] blackList:[10190, 10278, 10088, 10232]
10-23 09:50:34.165 I/TcpSyn  ( 2844): onIfNameChange: foregroundAppChange
10-23 09:50:34.165 I/TcpSyn  ( 2844): onIfNameChange: foregroundAppChange appUid=[10172]
10-23 09:50:34.165 I/TcpSyn  ( 2844): updateAllUids
10-23 09:50:37.209 W/ProcessStats( 1875): Tracking association SourceState{b148c31 com.oplus.statistics.rom/10085 BFgs #85797} whose proc state 4 is better than process ProcessState{99c2c2c com.heytap.market/10087 pkg=com.heytap.market} proc state 14 (466 skipped)
10-23 09:50:41.334 D/ProcessCpuTrackerExtImpl( 1875): mContext is already set, return now! 
10-23 09:50:41.337 W/ActivityManager( 1875): Stale PhantomProcessRecord {e689050 24034:23633:com.xingin.xhs:widgetProvider/u0a278}, removing
10-23 09:50:42.133 V/AlarmManager( 1875): sending alarm Alarm{6af6414 type 3 origWhen 113410153 whenElapsed 113410153 com.google.android.gms} uid 10194 whenElapsed 113410153 windowLength 11248 maxWhenElapsed 113421401 repeatInterval 0 action com.google.android.gms.auth.authzen.cryptauth.DEVICE_STATE_CHECK_DELAY_COMPLETE component ComponentInfo{com.google.android.gms/com.google.android.gms.chimera.GmsIntentOperationService} flags 0x0 procName com.google.android.gms
10-23 09:50:43.062 V/MonthTrafficAlert( 2844): getWarningNotification subId:1 numWarningNotificaion:0
10-23 09:50:43.063 V/TrafficAlert( 2844): getLimitNotification subId:1 ,numLimitNotificaion:0
10-23 09:50:43.849 D/CompatibilityChangeReporter( 1875): Compat change id reported: 151105954; UID 1000; state: ENABLED
10-23 09:50:43.857 E/AppOps  ( 1875): attributionTag  not declared in manifest of com.oplus.healthservice
10-23 09:50:43.863 E/AppOps  ( 1875): attributionTag  not declared in manifest of com.oplus.healthservice
10-23 09:50:45.979 D/PowerManagerService( 1875): userActivityNoUpdateLocked: groupId=0, eventTime=70205410, event=touch, flags=0x0, uid=1000
10-23 09:50:45.994 I/iopgp   ( 3173): Iopgp: TRANSACTION_IOPGP_ON_KEY_DOWN sequence_id = 39 pkg_name = com.example.translatorapp isProfile = 0
10-23 09:50:45.997 D/iopgp   ( 3173): cannot find a compiledtrace, need to start tracing on intentstart.
10-23 09:50:46.052 D/OplusOsPackageManager( 1875): removePkgFromNotLaunchedList com.example.translatorapp
10-23 09:50:46.052 I/iopgp   ( 3173): Iopgp: TRANSACTION_IOPGP_ON_INTENT_STARTED sequence_id = 39 pkg_name = com.example.translatorapp class_name = com.example.translatorapp.MainActivity
10-23 09:50:46.055 D/MultiApp.CMAService( 1875): changeIntentIfNeed --- from launcher
10-23 09:50:46.059 D/iopgp   ( 3173): Create Perfetto handle 26
10-23 09:50:46.064 D/FlexibleTaskController( 1875): adjustOptionsForFlexibleTask skip adjust options reason:2
10-23 09:50:46.064 D/FlexibleWindowManager( 1875): no reused task found for ActivityRecord{ad2088 u0 com.example.translatorapp/.MainActivity
10-23 09:50:46.066 D/ActivityTaskManager( 1875): onWindowFocusChanged Task{6a94c64 #2 type=home I=com.android.launcher/.Launcher} would transfer to compact
10-23 09:50:46.066 D/ActivityTaskManager( 1875): NFW_setLastResumedActivityUncheckLocked:true r:ActivityRecord{2c6f2ac u0 com.android.launcher/.Launcher t2} currentFocus:Window{c7c33e7 u0 com.android.launcher/com.android.launcher.Launcher}
10-23 09:50:46.067 D/FlexibleTaskController( 1875): onTaskFocusChanged prevTask:null ,currentTask:Task{6a94c64 #2 type=home I=com.android.launcher/.Launcher}
10-23 09:50:46.067 I/OplusJoystickManager( 1875): handleApplicationSwitch deprecated!
10-23 09:50:46.067 D/OplusAppSwitchListener( 1875): Detect com.example.translatorapp switch to background
10-23 09:50:46.067 D/OplusFeatureReduceBrightness( 1875): onAppExit , info = com.example.translatorapp
10-23 09:50:46.067 D/OplusEapManager( 1875): mTargetExitName :com.example.translatorapp
10-23 09:50:46.068 I/OplusScreenSecurityMask( 1875): onStackAdded task = Task{6803e46 #9952 type=standard} record = null displayId = 0
10-23 09:50:46.068 I/OplusScreenSecurityMask( 1875): onStackAdded task = Task{6803e46 #9952 type=standard A=10374:com.example.translatorapp} record = null displayId = 0
10-23 09:50:46.069 D/CompatibilityChangeReporter( 1875): Compat change id reported: 184838306; UID 10374; state: DISABLED
10-23 09:50:46.069 D/CompatibilityChangeReporter( 1875): Compat change id reported: 185004937; UID 10374; state: DISABLED
10-23 09:50:46.070 D/VRR [OPlusRefreshRateService]( 1875): handleFrontAppChange pkgName: null
10-23 09:50:46.071 D/OplusKeepAliveManager( 1875): TOP_APP is ProcessRecord{258fbad 2629:com.android.launcher/u0a172} uid is 10172
10-23 09:50:46.071 E/OplusThermalStats( 1875): Error getting package info: com.android.launcher
10-23 09:50:46.071 D/TaskFragmentExtImpl( 1875): add ActivityRecord{ad2088 u0 com.example.translatorapp/.MainActivity t9952} to mActivityRecordSum = Counter{ com.example.translatorapp/.MainActivity(1) }
10-23 09:50:46.072 D/OplusStartingWindowManager( 1875): reviseWindowFlagsForStarting activityRecord =:ActivityRecord{ad2088 u0 com.example.translatorapp/.MainActivity t9952}, RUS version:20240710
10-23 09:50:46.072 D/ActivityTaskManager( 1875): validateStartingWindowTheme:  Pkg=com.example.translatorapp, Translucent=false, Floating=false, ShowWallpaper=false, Disable=false, LaunchSource=2
10-23 09:50:46.072 D/OplusAlwaysAliveManager( 1875): save launch theme 0x7f0f0279 for Task{6803e46 #9952 type=standard A=10374:com.example.translatorapp}, act=com.android.server.wm.OplusAlwaysAliveManager@ca855f1
10-23 09:50:46.072 D/ActivityTaskManager( 1875): getStartingWindowType: , newTask=true, taskSwitch=true, processRunning=false, allowTaskSnapshot=true, activityCreated=false, activityAllDrawn=false, snapshot=null, record:ActivityRecord{ad2088 u0 com.example.translatorapp/.MainActivity t9952}
10-23 09:50:46.072 D/ActivityRecordExtImpl( 1875): handleStartingWindowForCompactWindow origin type:2, adjustType : 2
10-23 09:50:46.073 D/CompatibilityChangeReporter( 1875): Compat change id reported: 205907456; UID 10374; state: ENABLED
10-23 09:50:46.073 D/OplusAppSwitchListener( 1875): Detect com.android.launcher switch to foreground
10-23 09:50:46.073 D/OplusEapManager( 1875): mTargetEnterName :com.android.launcher
10-23 09:50:46.073 D/OplusZoomWindowRUSConfigManager( 1875): isSupportZoomModeWithPolicyLocked: target = com.example.translatorapp/.MainActivity
10-23 09:50:46.073 D/OplusZoomWindowRUSConfigManager( 1875): targetPkg = com.example.translatorapp
10-23 09:50:46.074 D/VRR [OPlusRefreshRateService]( 1875):  setFrameRateTargetControl [ 0.0 , com.example.translatorapp , false , com.oplus.battery ]
10-23 09:50:46.074 D/PhoneStartingWindowTypeAlgorithm( 2574): preferredStartingWindowType newTask=true, taskSwitch=true, processRunning=false, allowTaskSnapshot=true, activityCreated=false, isSolidColorSplashScreen=false, legacySplashScreen=false, activityDrawn=false, windowless=false, topIsHome=false
10-23 09:50:46.074 I/TaskFragmentExtImpl( 1875): hookSetBinderUxFlag:true prev:ActivityRecord{2c6f2ac u0 com.android.launcher/.Launcher t2}
10-23 09:50:46.074 D/VRR [OPlusExternalRefreshRateManager]( 1875):  [FRTC] FrameRate : 0 com.example.translatorapp false com.oplus.battery 0 1000
10-23 09:50:46.074 D/OplusShellStartingWindowManager( 2574): getReviseStartingWindowType not support, windowInfo is null
10-23 09:50:46.075 I/TaskFragmentExtImpl( 1875): hookSetBinderUxFlag:false prev:ActivityRecord{2c6f2ac u0 com.android.launcher/.Launcher t2}
10-23 09:50:46.075 D/ActivityTaskManager( 1875): notifyTaskRemoved, task: Task{f1bc29d #9951 type=standard A=10374:com.example.translatorapp} trace:com.android.server.wm.RecentTasks.removeForAddTask:1680 com.android.server.wm.RecentTasks.add:1254 com.android.server.wm.ActivityStarter.startActivityInner:2335 com.android.server.wm.ActivityStarter.startActivityUnchecked:1747 com.android.server.wm.ActivityStarter.executeRequest:1531 
10-23 09:50:46.076 D/ActivityTaskManager( 1875): notifyTaskAdded, task: Task{6803e46 #9952 type=standard A=10374:com.example.translatorapp} trace:com.android.server.wm.RecentTasks.add:1269 com.android.server.wm.ActivityStarter.startActivityInner:2335 com.android.server.wm.ActivityStarter.startActivityUnchecked:1747 com.android.server.wm.ActivityStarter.executeRequest:1531 com.android.server.wm.ActivityStarter.execute:830 
10-23 09:50:46.076 D/OplusTransitionController( 1875): requestStartTransition, requestInfo type: OPEN, remoteTransition: RemoteTransition { remoteTransition = android.window.IRemoteTransition$Stub$Proxy@6cc9e1b, appThread = android.app.IApplicationThread$Stub$Proxy@12dbbb8, debugName = QuickstepLaunch }, displayChange: null, transition: TransitionRecord{7fb2d91 id=633 type=OPEN flags=0x0}, caller: com.android.server.wm.TransitionControllerExtImpl.requestStartTransition:41 com.android.server.wm.TransitionController.requestStartTransition:738 com.android.server.wm.ActivityStarter.handleStartResult:1923 com.android.server.wm.ActivityStarter.startActivityUnchecked:1781 com.android.server.wm.ActivityStarter.executeRequest:1531 
10-23 09:50:46.076 D/OplusShellStartingWindowManager( 2574): adjustSuggestedWindowType: skip no-system app and no-exception list app
10-23 09:50:46.077 I/ActivityTaskManager( 1875): START u0 {act=android.intent.action.MAIN cat=[android.intent.category.LAUNCHER] flg=0x10200000 cmp=com.example.translatorapp/.MainActivity bnds=[543,737][789,1031] (has extras) mCallingUid=10172} with LAUNCH_MULTIPLE from uid 10172 (BAL_ALLOW_ALLOWLISTED_COMPONENT) result code=0
10-23 09:50:46.077 V/WindowManagerShell( 2574): Transition requested: android.os.BinderProxy@af579d2 TransitionRequestInfo { type = OPEN, triggerTask = TaskInfo{userId=0 taskId=9952 displayId=0 isRunning=true baseIntent=Intent { act=android.intent.action.MAIN cat=[android.intent.category.LAUNCHER] flg=0x10200000 cmp=com.example.translatorapp/.MainActivity mCallingUid=10172 } baseActivity=ComponentInfo{com.example.translatorapp/com.example.translatorapp.MainActivity} topActivity=ComponentInfo{com.example.translatorapp/com.example.translatorapp.MainActivity} origActivity=null realActivity=ComponentInfo{com.example.translatorapp/com.example.translatorapp.MainActivity} numActivities=1 lastActiveTime=113425344 supportsSplitScreenMultiWindow=true supportsMultiWindow=true supportsPocketStudioMultiWindow=true isInFlexibleEmbedded = false uid = 10374 pid = 0 resizeMode=1 isResizeable=true minWidth=-1 minHeight=-1 defaultMinSize=220 token=WCT{android.window.IWindowContainerToken$Stub$Proxy@f0aa3} topActivityType=1 pictureInPictureParams=null shouldDockBigOverlays=false launchIntoPipHostTaskId=-1 lastParentTaskIdBeforePip=-1 displayCutoutSafeInsets=Rect(0, 96 - 0, 0) topActivityInfo=ActivityInfo{8b761a0 com.example.translatorapp.MainActivity} launchCookies=[android.os.BinderProxy@7938159] positionInParent=Point(0, 0) parentTaskId=-1 isFocused=false isVisible=false isVisibleRequested=false isSleeping=false topActivityInSizeCompat=false topActivityInOplusCompatMode=false topActivityEligibleForLetterboxEducation= false topActivityLetterboxed= false isFromDoubleTap= false topActivityLetterboxVerticalPosition= -1 topActivityLetterboxHorizontalPosition= -1 topActivityLetterboxWidth=-1 topActivityLetterboxHeight=-1 locusId=null displayAreaFeatureId=1 cameraCompatControlState=hidden locusId= null topActivityLetterboxInsets=Rect(0, 0 - 0, 0)}, remoteTransition = RemoteTransition { remoteTransition = android.window.IRemoteTransition$Stub$Proxy@f0d611e, appThread = android.app.IApplicationThread$Stub$Proxy@77dadff, debugName = QuickstepLaunch }, displayChange = null }
10-23 09:50:46.077 V/WindowManagerShell( 2574): RemoteTransition directly requested for android.os.BinderProxy@af579d2: RemoteTransition { remoteTransition = android.window.IRemoteTransition$Stub$Proxy@f0d611e, appThread = android.app.IApplicationThread$Stub$Proxy@77dadff, debugName = QuickstepLaunch }
10-23 09:50:46.077 D/ShellStartingWindow( 2574): getWindowAttrs window attributes color: 0, replace icon: false
10-23 09:50:46.077 W/ShellStartingWindow( 2574): peekWindowBGColor mWindowBgColor:0 mWindowBgResId:2131034383 estimatedWindowBGColor:-15461864
10-23 09:50:46.078 I/Quality ( 2629): Skipped: true 2 cost 24.6788 refreshRate 8333333 bit true processName com.android.launcher
10-23 09:50:46.078 I/TaskOrganizerController( 1875): onTaskInfoChanged taskid 1 config { mBounds=Rect(0, 0 - 1080, 2412) mAppBounds=Rect(0, 96 - 1080, 2263) mMaxBounds=Rect(0, 0 - 1080, 2412) mDisplayRotation=ROTATION_0 mWindowingMode=fullscreen mDisplayWindowingMode=fullscreen mActivityType=home mAlwaysOnTop=undefined mRotation=ROTATION_0}
10-23 09:50:46.078 D/FlexibleWindowManager( 1875): onFlexibleWindowTaskInfoChanged: mTaskId = 1 oldIsTaskEmbedded = false   curIsTaskEmbedded = false  topActivity = ComponentInfo{com.android.launcher/com.android.launcher.Launcher}
10-23 09:50:46.079 D/OplusFlexibleWindowMinimizedManagerHelper( 1875): onTaskInfoChanged taskInfo:TaskInfo{userId=0 taskId=1 displayId=0 isRunning=true baseIntent=Intent { act=android.intent.action.MAIN cat=[android.intent.category.HOME] flg=0x10000100 cmp=com.android.launcher/.Launcher mCallingUid=1000 } baseActivity=ComponentInfo{com.android.launcher/com.android.launcher.Launcher} topActivity=ComponentInfo{com.android.launcher/com.android.launcher.Launcher} origActivity=null realActivity=null numActivities=1 lastActiveTime=17750 supportsSplitScreenMultiWindow=false supportsMultiWindow=true supportsPocketStudioMultiWindow=true isInFlexibleEmbedded = false uid = 10172 pid = 2629 resizeMode=2 isResizeable=true minWidth=-1 minHeight=-1 defaultMinSize=220 token=WCT{RemoteToken{fb1c989 Task{77257a0 #1 type=home}}} topActivityType=2 pictureInPictureParams=null shouldDockBigOverlays=false launchIntoPipHostTaskId=-1 lastParentTaskIdBeforePip=-1 displayCutoutSafeInsets=null topActivityInfo=ActivityInfo{4cfbf03 com.android.launcher.Launcher} launchCookies=[] positionInParent=Point(0, 0) parentTaskId=-1 isFocused=true isVisible=true isVisibleRequested=true isSleeping=false topActivityInSizeCompat=false topActivityInOplusCompatMode=false topActivityEligibleForLetterboxEducation= false topActivityLetterboxed= false isFromDoubleTap= false topActivityLetterboxVerticalPosition= -1 topActivityLetterboxHorizontalPosition= -1 topActivityLetterboxWidth=-1 topActivityLetterboxHeight=-1 locusId=LocusId[17_chars] displayAreaFeatureId=1 cameraCompatControlState=hidden locusId= LocusId[17_chars] topActivityLetterboxInsets=Rect(0, 0 - 0, 0)} task:Task{77257a0 #1 type=home}
10-23 09:50:46.079 D/ResourcesManagerExtImpl( 2629): applyConfigurationToAppResourcesLocked app.getDisplayId() return callback.displayId:0
10-23 09:50:46.080 D/ShellStartingWindow( 2574): inconsize = 540
10-23 09:50:46.082 D/ActivityTaskManager( 1875): attachStartingWindow: mStartingData=com.android.server.wm.SplashScreenStartingData@d86b593,mStartingWindow=Window{91411cd u0 Splash Screen com.example.translatorapp}
10-23 09:50:46.082 I/WindowManager( 1875): addWindow: New client android.os.BinderProxy@dedb64 : window=Window{91411cd u0 Splash Screen com.example.translatorapp}
10-23 09:50:46.085 D/ActivityTaskManager( 1875): setVisibility(Token{d71f8d2 ActivityRecord{ad2088 u0 com.example.translatorapp/.MainActivity t9952}}, visible=true) defer commitVisibility for transition collecting
