10-23 09:46:29.183 D/BiometricScheduler/Fingerprint21( 1875): Cancelling auth/detect op: {[171] com.android.server.biometrics.sensors.fingerprint.hidl.FingerprintAuthenticationClient, proto=3, owner=com.android.systemui, cookie=0, requestId=67, userId=0}, State: 2
10-23 09:46:29.183 D/BiometricSchedulerOperation( 1875): [Cancelling] Current client: {[171] com.android.server.biometrics.sensors.fingerprint.hidl.FingerprintAuthenticationClient, proto=3, owner=com.android.systemui, cookie=0, requestId=67, userId=0}
10-23 09:46:29.183 D/Biometrics/Fingerprint/UdfpsHelperExtImpl( 1875): preHideUdfpsOverlay sensor:0
10-23 09:46:29.204 V/WindowManager( 1875): Relayout Window{9efaa5c u0 OnScreenFingerprintIcon}: viewVisibility=8, oldvis=0, req=1080x1080, vsysui=
10-23 09:46:29.205 I/WindowManager( 1875): Window{9efaa5c u0 OnScreenFingerprintIcon} state from HAS_DRAWN to NO_SURFACE; reason: destroySurface
10-23 09:46:29.245 D/VRR [OPlusExternalRefreshRateManager]( 1875): setStatus with: 0
10-23 09:46:29.245 D/VRR [OPlusExternalRefreshRateManager]( 1875): setStatus from 1 to 0
10-23 09:46:29.245 D/VRR [OPlusSurfaceFlingerController]( 1875):  setMiscExclusiveMode : -1
10-23 09:46:29.246 D/VRR [OPlusExternalRefreshRateManager]( 1875): setTouchIdleKeepHight enable: false
10-23 09:46:29.246 D/Fingerprint21( 1875): handleError, client: FingerprintAuthenticationClient, error: 5, vendorCode: 0
10-23 09:46:29.246 D/Biometrics/AcquisitionClient( 1875): onErrorInternal code: 5, finish: true
10-23 09:46:29.247 V/BiometricLogger( 1875): Error! Modality: 1, User: 0, IsCrypto: false, Action: 2, Client: 1, Error: 5, VendorCode: 0, Latency: -1
10-23 09:46:29.247 W/BiometricFrameworkStatsLogger( 1875): found a negative latency : -1
10-23 09:46:29.247 D/BiometricStateCallback( 1875): Client finished, state updated to 0, client {[171] com.android.server.biometrics.sensors.fingerprint.hidl.FingerprintAuthenticationClient, proto=3, owner=com.android.systemui, cookie=0, requestId=67, userId=0}
10-23 09:46:29.248 D/BiometricSchedulerOperation( 1875): [Finished / destroy]: {[171] com.android.server.biometrics.sensors.fingerprint.hidl.FingerprintAuthenticationClient, proto=3, owner=com.android.systemui, cookie=0, requestId=67, userId=0}
10-23 09:46:29.248 D/Biometrics/Fingerprint/UdfpsHelperExtImpl( 1875): preHideUdfpsOverlay sensor:0
10-23 09:46:29.249 D/BiometricScheduler/Fingerprint21( 1875): [Finishing] {[171] com.android.server.biometrics.sensors.fingerprint.hidl.FingerprintAuthenticationClient, proto=3, owner=com.android.systemui, cookie=0, requestId=67, userId=0}, success: false
10-23 09:46:29.249 D/GestureAvailabilityTracker( 1875): Notifying gesture availability, active=true
10-23 09:46:29.249 D/BiometricScheduler/Fingerprint21( 1875): No operations, returning to idle
10-23 09:46:29.249 D/VRR [OPlusExternalRefreshRateManager]( 1875): setStatus with: 0
10-23 09:46:29.280 V/WindowManager( 1875): Relayout Window{b8c0ee1 u0 OnScreenFingerprintPressedIcon}: viewVisibility=8, oldvis=0, req=187x187, vsysui=
10-23 09:46:29.281 I/WindowManager( 1875): Window{b8c0ee1 u0 OnScreenFingerprintPressedIcon} state from HAS_DRAWN to NO_SURFACE; reason: destroySurface
10-23 09:46:29.447 D/VRR [OPlusExternalRefreshRateManager]( 1875): setStatus with: 0
10-23 09:46:29.447 D/RefreshRate( 1875): keepHighRefreshRate status=0: votes=PRIORITY_WINDOW_REQUEST -> Vote{mRefreshRate=120.0, mMinRefreshRate=120.0};
10-23 09:46:29.673 D/OplusFeatureAOD( 1875): key:1875 tmp:0
10-23 09:46:29.675 D/DisplayPowerController[0]( 1875): requestPowerState: policy=DOZE, useProximitySensor=false, screenBrightnessOverride=-1.0, useAutoBrightness=false, screenAutoBrightnessAdjustmentOverride=NaN, screenLowPowerBrightnessFactor=0.5, blockScreenOn=false, lowPowerMode=false, boostScreenBrightness=false, dozeScreenBrightness=NaN, dozeScreenState=OFF, waitForNegativeProximity=false displayReady=false pendingRequest=true
10-23 09:46:29.676 D/DisplayManagerServiceExtImpl( 1875): request size(1,1),dpc=com.android.server.display.DisplayPowerController@3728398 size(0,2),flags=0X200F,id(0,0,local:4627039422300187648),enable=true,ready=false,waitForNegativeProximity=false policy=DOZE,useProximitySensor=false,dozeState=OFF,screenBrightnessOverride=-1.000000,useAuto=false,lowPower=false,lowPowerFactor=0.500000
10-23 09:46:29.677 D/DisplayPowerState[0]( 1875): setColorFadeLevel: level=0.0
10-23 09:46:29.677 D/DpcExtImpl[0]( 1875): RECORD: Animation finished when screen is off isInteractive: false
10-23 09:46:29.677 D/Biometrics_DEBUG( 1875): [onGoToSleepFinish]
10-23 09:46:29.678 E/OplusCustomizeRestrictionManagerService( 1875): isBiometricDisabled start
10-23 09:46:29.682 D/OplusSmartBrightnessController( 1875): add for debug Aod brightness set 1.0
10-23 09:46:29.682 D/DisplayPowerState[0]( 1875): updateRunnable run fadeLevle=0.0 state=DOZE brightness changed:0.0->1.0
10-23 09:46:29.683 D/VRR [OPlusRefreshRateService]( 1875): handleScreenStateChange state: 1
10-23 09:46:29.684 D/BackLightStat( 1875): setScreenState: state changed:DOZE->OFF
10-23 09:46:29.686 D/DisplayPowerState[0]( 1875): updateRunnable run fadeLevle=0.0 state=OFF brightness changed:0.0->-1.0
10-23 09:46:29.687 D/DisplayPowerState[0]( 1875): Updating screen state: id=0, state=OFF, backlight=-1.0, sdrBacklight=-1.0
10-23 09:46:29.687 D/DisplayManagerServiceExtImpl( 1875): onDisplayStateChange DisplayAllOff change from false to true displayid 5 displayState = 2DisplayInfo{"scrcpy", displayId 5, displayGroupId 0, FLAG_PRIVATE, real 1080 x 2408, largest app 2408 x 2408, smallest app 1080 x 1080, appVsyncOff 0, presDeadline 16666666, mode 660.0, defaultMode 6, modes [{id=6, width=1080, height=2408, fps=60.0, alternativeRefreshRates=[], supportedHdrTypes=[]}], hdrCapabilities null, userDisabledHdrTypes [], minimalPostProcessingSupported false, rotation 0, state ON, committedState UNKNOWN, type VIRTUAL, uniqueId "virtual:com.android.shell,2000,scrcpy,0", app 1080 x 2408, density 1 (1.0 x 1.0) dpi, layerStack 5, colorMode 0, supportedColorModes [0], deviceProductInfo null, owner com.android.shell (uid 2000), removeMode 1, refreshRateOverride 0.0, brightnessMinimum 0.0, brightnessMaximum 0.0, brightnessDefault 0.0, installOrientation ROTATION_0, layoutLimitedRefreshRate null, hdrSdrRatio not_available, backlightType 0, thermalRefreshRateThrottling {}, thermalBrightnessThrottlingDataId default}
10-23 09:46:29.689 I/DisplayDeviceRepository( 1875): Display device changed state: "", OFF
10-23 09:46:29.689 D/LogicalDisplayExt( 1875): set displayInfo flag FLAG_ROTATES_WITH_CONTENT
10-23 09:46:29.692 D/DisplayManagerServiceExtImpl( 1875): scheduleTraversalLocked intraversal=false
10-23 09:46:29.692 I/DisplayManagerServiceExtImpl( 1875): handle logical display changed logicalDisplay=id=0,stack=0,content=true,displayInfo{stack=0,type=1,id=0,uId=local:4627039422300187648,state=OFF,pkg=null}
10-23 09:46:29.693 D/DisplayManagerService( 1875): Delivering display event: displayId=0, event=2
10-23 09:46:29.693 D/OplusFeatureDCBacklight( 1875): notifySfRepaintEverything begin mCurrentDCMode:0brightness=-1threshold=260
10-23 09:46:29.694 D/OplusSmartBrightnessController( 1875): brightness(primary) = -1, brightness color = -1.0, brightness nit = 0.0,id:4627039422300187648 provider=false,verbose[auto=false,dragging=false,lowAnimating=false,hdrAnimating=false,needUpdate=false,window=false,dolbyRecord=false,edrEnhance=false,cover=false,isFirst=true,onlyOne=false,isDragAnimating=false,noAnim=false,state=OFF,smbPreview=false]
10-23 09:46:29.694 D/OplusSmartBrightnessController( 1875): requestDisplayState isFirstDisplay=true state=1 globalDisplayState=0x0
10-23 09:46:29.694 D/LocalDisplayAdapter( 1875): setDisplayState(id=4627039422300187648 isFirstDisplay=true state changed:DOZE->OFF) t-Name=PhotonicModulator
10-23 09:46:29.696 D/DisplayManagerService( 1875): Ignore redundant display event 0/2 to 10173/7544
10-23 09:46:29.696 D/DisplayManagerService( 1875): Ignore redundant display event 0/2 to 10080/7615
10-23 09:46:29.696 D/DisplayManagerService( 1875): Ignore redundant display event 0/2 to 10088/8440
10-23 09:46:29.697 D/DisplayManagerService( 1875): Ignore redundant display event 0/2 to 10344/10718
10-23 09:46:29.697 D/DisplayManagerService( 1875): Ignore redundant display event 0/2 to 10220/21242
10-23 09:46:29.697 D/DisplayManagerService( 1875): Ignore redundant display event 0/2 to 10153/21949
10-23 09:46:29.699 D/DisplayManagerService( 1875): Ignore redundant display event 0/2 to 10190/27866
10-23 09:46:29.699 D/DisplayManagerService( 1875): MSG_REQUEST_TRAVERSAL pendingCompleted=false
10-23 09:46:29.700 D/OplusVFXScreenEffectFeature( 1875): notifySFCompatWindowStateChange entered false
10-23 09:46:29.700 D/FlexibleWindowManager( 1875): physicalDisplayChangedForFlexibleWindow displayId 0, current display info 1080 x 2412, new display info 1080 x 2412
10-23 09:46:29.700 D/FlexibleTaskController( 1875): onDisplayChanged displayId#0 ,cur:1080x2412 ,new:1080x2412
10-23 09:46:29.701 D/FlexibleTaskController( 1875): onDisplayChanged displayId not support flexible.
10-23 09:46:29.701 D/FlexibleWindowManager( 1875): physicalDisplayChangedForFlexibleWindow return for unsupported devices
10-23 09:46:29.707 I/WallpaperManagerServiceExt( 1875): removeDisplayData. displayId = 0
10-23 09:46:29.724 D/DisplayManagerService( 1875): performTraversalInternal pendingTraversal
10-23 09:46:29.724 D/DisplayDevice( 1875): setLayerStackLocked id=local:4627039422300187648 token=android.os.BinderProxy@f26bdc8 stack=0->-1
10-23 09:46:29.724 I/DisplayDevice( 1875): [0] Layerstack set to -1 for local:4627039422300187648
10-23 09:46:29.724 D/DisplayDevice( 1875): setLayerStackLocked id=virtual:com.android.shell,2000,scrcpy,0 token=android.os.BinderProxy@8396532 stack=5->5
10-23 09:46:29.905 I/DisplayDeviceRepository( 1875): Display device changed state: "", OFF
10-23 09:46:29.905 D/LogicalDisplayExt( 1875): set displayInfo flag FLAG_ROTATES_WITH_CONTENT
10-23 09:46:29.905 D/HidlDisplayPanelFeature( 1875): getDisplayPanelFeatureValue +++, featureID:20
10-23 09:46:29.906 D/HidlDisplayPanelFeature( 1875): getDisplayPanelFeatureValue, ret = 0
10-23 09:46:29.907 I/HidlDisplayPanelFeature( 1875): [0]
10-23 09:46:29.907 D/HidlDisplayPanelFeature( 1875): getDisplayPanelFeatureValue ---, result = [0]
10-23 09:46:29.907 D/OplusSilentRebootManager( 1875): silence flags file value is :0
10-23 09:46:29.908 D/DisplayPowerState[0]( 1875): updateRunnable run fadeLevle=0.0 state=OFF brightness changed:0.0->-1.0
10-23 09:46:29.909 D/DisplayManagerServiceExtImpl( 1875): scheduleTraversalLocked intraversal=false
10-23 09:46:29.909 I/DisplayManagerServiceExtImpl( 1875): handle logical display changed logicalDisplay=id=0,stack=0,content=true,displayInfo{stack=0,type=1,id=0,uId=local:4627039422300187648,state=OFF,pkg=null}
10-23 09:46:29.910 D/DisplayManagerService( 1875): Delivering display event: displayId=0, event=2
10-23 09:46:29.912 I/WallpaperManagerServiceExt( 1875): removeDisplayData. displayId = 0
10-23 09:46:29.916 D/OplusVFXScreenEffectFeature( 1875): notifySFCompatWindowStateChange entered false
10-23 09:46:29.916 D/FlexibleWindowManager( 1875): physicalDisplayChangedForFlexibleWindow displayId 0, current display info 1080 x 2412, new display info 1080 x 2412
10-23 09:46:29.916 D/FlexibleTaskController( 1875): onDisplayChanged displayId#0 ,cur:1080x2412 ,new:1080x2412
10-23 09:46:29.916 D/FlexibleTaskController( 1875): onDisplayChanged displayId not support flexible.
10-23 09:46:29.916 D/FlexibleWindowManager( 1875): physicalDisplayChangedForFlexibleWindow return for unsupported devices
10-23 09:46:29.918 D/DisplayManagerService( 1875): Ignore redundant display event 0/2 to 10173/7544
10-23 09:46:29.919 D/DisplayManagerService( 1875): Ignore redundant display event 0/2 to 10080/7615
10-23 09:46:29.919 D/DisplayManagerService( 1875): Ignore redundant display event 0/2 to 10088/8440
10-23 09:46:29.919 D/DisplayManagerService( 1875): Ignore redundant display event 0/2 to 10344/10718
10-23 09:46:29.922 D/DisplayManagerService( 1875): Ignore redundant display event 0/2 to 10220/21242
10-23 09:46:29.922 D/DisplayManagerService( 1875): Ignore redundant display event 0/2 to 10153/21949
10-23 09:46:29.925 D/DisplayManagerService( 1875): performTraversalInternal pendingTraversal
10-23 09:46:29.925 D/DisplayManagerService( 1875): Ignore redundant display event 0/2 to 10190/27866
10-23 09:46:29.925 D/DisplayDevice( 1875): setLayerStackLocked id=local:4627039422300187648 token=android.os.BinderProxy@f26bdc8 stack=-1->-1
10-23 09:46:29.925 D/DisplayDevice( 1875): setLayerStackLocked id=virtual:com.android.shell,2000,scrcpy,0 token=android.os.BinderProxy@8396532 stack=5->5
10-23 09:46:29.926 D/DisplayManagerService( 1875): MSG_REQUEST_TRAVERSAL pendingCompleted=false
10-23 09:46:29.967 W/SettingsProvider( 1875): You shouldn't keep your settings in the secure settings. This will soon become an error!!!
10-23 09:46:29.967 W/SettingsProvider( 1875): You shouldn't keep your settings in the secure settings. This will soon become an error!!!
10-23 09:46:30.731 E/OplusAthenaAm( 1875): AthenaAmManagerInternal transact code hello:12,flags:0
10-23 09:46:33.174 D/OplusAlarmAdjustment( 1875): proxyAlarmsByUid(), uid=10374, pkgName=com.example.translatorapp, requester=1
10-23 09:46:33.174 D/OplusAlarmAdjustMap( 1875): addProxyUid, uid=10374, pkgName=com.example.translatorapp, requester=1
10-23 09:46:33.178 D/OAppNetControlService( 1875): Hans update:[10374=true][0|0] blackList:[10190, 10241, 10278, 10240, 10232, 10088, 10374]
10-23 09:46:33.183 D/OplusAlarmAdjustment( 1875): proxyAlarmsByUid(), uid=10051, pkgName=com.tencent.wetype, requester=1
10-23 09:46:33.183 D/OplusAlarmAdjustMap( 1875): addProxyUid, uid=10051, pkgName=com.tencent.wetype, requester=1
10-23 09:46:33.185 D/OAppNetControlService( 1875): Hans update:[10051=true][0|0] blackList:[10190, 10241, 10278, 10240, 10232, 10088, 10374, 10051]
10-23 09:46:34.008 I/keystore2(  709): system/security/keystore2/src/watchdog.rs:319 - Watchdog thread idle -> terminating. Have a great day.
10-23 09:46:37.235 D/OplusAlarmAdjustment( 1875): alignAlarmsByUid(), uid=10116, pkgName=com.heytap.browser, actions=null, procs=null, requester=1
10-23 09:46:37.235 D/OplusAlarmAdjustMap( 1875): addAlignUid, uid=10116, pkgName=com.heytap.browser, requester=1, mode=1
10-23 09:46:57.487 D/OplusBroadcastSendController( 1875): isNeedSkipBatteryBroadcast: skip time out , not skip this battery broadcast
10-23 09:46:57.494 D/BatteryStatsImplExtImpl( 1875): updateDevicePowerDetails
10-23 09:46:57.497 E/BatteryStatsImplExtImpl( 1875): get RefreshCounts failed
10-23 09:46:57.497 D/OplusRpmSubsystemManager( 1875): battery drained... 
10-23 09:46:57.497 D/OplusRpmSubsystemManager( 1875): elapsedRealTimeDelta :426735
10-23 09:46:57.512 D/RpmAidlManager( 1875): getPowerStateSubsystemSleepStateListMethod return code: 0
10-23 09:46:57.512 D/OplusRpmSubsystemManager( 1875): measureOplusRpmMasterStatsDelta... 
10-23 09:46:57.512 D/OplusRpmSubsystemManager( 1875): elapsedRealTimeDelta :426735
10-23 09:46:57.513 D/OplusRpmSubsystemManager( 1875): mRpmSuspendRatioSummay: [APSS:0.07,BT:88.71,CONNINFRA:0.00,GPS:100.00,MPSS:89.91,VMIN:0.00,WIFI:0.00]
10-23 09:46:57.514 D/BatteryStatsImplExtImpl( 1875): PowerDetails: time=2025-10-23-09-46-57, top=com.example.translatorapp.MainActivity, ref_counts=0, ref_mode=0, brightness=0, refs_per_sec=0.0, modem_txTimeMs=[0, 0, 0, 0, 0], traffic=[948305084635,76691770773,7238189349622,292833628699], ctr_drain=[0.0790,224,0,0], rpmstat=[APSS:0.08,BT:88.29,CONNINFRA:0.00,GPS:100.00,MPSS:91.73,VMIN:0.00,WIFI:0.00], sap=false, audio=[spk:0, headset:0]
10-23 09:46:57.514 D/BatteryStatsImplExtImpl( 1875): , modem=[activity:SettleObj{ what=LO date=10-23 09:00:20.793 duration=3298 screenOnRatio=36.48 screenOffRatio=63.52 power=86 current=159.35 networkType=WIFI dataNetworkType=13 signalStrength=-95 aodState=0 softAp=false charge=false simCount=1 defaultPhone=1 apssSleepC=13469 apssSleepRatio=56.28 mpssSleepC=4024 mpssSleepRatio=88.05 vminSleepC=9256 vminSleepRatio=46.66 modemPowermA[]=[0,0,0] sleepRatio=88.08 idleRatio=4.35 rxRatio=7.11 5gRxRatio=0 txSumRatio=0.46 mtkTxRatio[]=[35.35,12.10,22.66,18.64,8.86,1.70,0.68,0] mtk5gTxRatio[]=[0,0,0,0,0,0,0,0]5gTxSumRatio=0 rrcConn10sC[]=[0, 1] rrcConn20sC[]=[0, 9] rrcConnMore20sC[]=[0, 5] rrcConnC[]=[0, 15] csChangedC[]=[0, 0] psChangedC[]=[0, 0] nwSrchC[]=[0, 0] nwSrchRatio[]=[0,0] lteRrcConnRatio[]=[0,15.37] psRegRatio[]=[0,99.86] csRegRatio[]=[0,99.86] psNoRegRatio[]=[0,0] csNoRegRatio[]=[0,0] sigGrid0Ratio[]=[0,0.15] endcActRatio[]=[0,0] ccciWakeupC={14:0=2,216:16385=1,216:18951=1,216:34305=1,} allWakeupC={IrqUdpIn=0, IrqUdpOut=0, IrqUdpClosed=0, IrqTcpIn=0, IrqTcpOut=1, IrqTcpKeep=0, IrqTcpClosedRst=0, IrqTcpClosedFin=0, IrqTcpClosedOther=0, TCPInput=1, TCPOutput=1} appInWakeupC={android.uid.shell=1} appOutWakeupC={oppo.uid.gc=1} appWakeupRatio={android.uid.shell=10.41, oppo.uid.gc=0.21, android.uid.networkstack=0.20, com.tencent.mm=0.17, com.heytap.mcs=0.17, com.heytap.market=0.16, com.coloros.weather.service=0.16, com.oplus.deepthinker=0.12, com.coloros.findmyphone=0.12, com.oplus.statistics.rom=0.11, com.android.mms=0.11, oppo.uid.launcher=0.11, com.oplus.location=0.06, com.tencent.wetype=0.05} appTrafficC={oppo.uid.instant=1228913, com.tencent.mm=668368, android.uid.networkstack=299007, android.uid.htmsenv=273168, com.heytap.quicksearchbox=87787, com.oplus.location=86297, oppo.uid.launcher=79104, com.coloros.phonemanager=73208, oppo.uid.gc=71276, com.oplus.deepthinker=71030, com.heytap.market=48852, com.google.uid.shared=48811, com.oplus.statistics.rom=47817, com.example.translatorapp=42415, com.oplus.pantanal.ums=35194, com.coloros.weather.service=34551, com.coloros.findmyphone=29874, com.android.mms=25116, android.uid.phone=19069, com.oplus.account=18880, com.mobiletools.systemhelper.uid=16239, com.oplus.games=14915, com.coloros.weather2=12819, com.microsoft.appmanager=10824, com.oplus.aiunit=5844, com.finshell.wallet=1221} saRrcConn10sC[]=[0, 0] saRrcConn20sC[]=[0, 0] saRrcConnMore20sC[]=[0, 0] saRrcConnC[]=[0, 0] saRrcConnRatio[]=[0,0] sigGridSim0Ratio[]=[0,0,0,0,0] sigGridSim1Ratio[]=[0.15,0,0,0.12,99.50] lteNrSigGridSim0Ratio[]=[0,0,0,0,0,0,0,0,0,0] lteNrSigGridSim1Ratio[]=[0.15,0,0,0.12,99.29,0,0,0,0,0] cellUpdateC[]=[0, 4] hoC[]=[0, 1] reselC[]=[0, 2] redirectC[]=[0, 1] iRatC[]=[0, 2] iRhoC[]=[0, 2] iRreselC[]=[0, 0] iRredirectC[]=[0, 1] luC[]=[0, 0] rauC[]=[0, 1] guC[]=[0, 0] lteTauC[]=[0, 1] lteAttachC[]=[0, 0] pdnConC[]=[0, 0] eRrcCauseSim0C[]=[0, 0, 0, 0, 0, 0, 0] eRrcCauseSim1C[]=[0, 0, 1, 1, 13, 0, 0] nRrcCauseSim0C[]=[0, 0, 0, 0, 0, 0, 0, 0, 0, 0] nRrcCauseSim1C[]=[0, 0, 0, 0, 0, 0, 0, 0, 0, 0] saRachC[]=[0, 0] saRlfC[]=[0, 0] saReestabC[]=[0, 0] mLteRrcConnRatio[]=[0,15.37] rrcConnC[]=[0, 15] lteCdrxCfgRatio[]=[0,15.55] lteCdrxActRatio[]=[0,7.94] eDlLayerSim0Ratio[]=[0,0,0,0] eDlLayerSim1Ratio[]=[0.04,0.03,0,0.00] lteCaRatio[]=[0,0] saRrcConnRatio[]=[0,0] endcActRatio[]=[0,0] saRrcConnC[]=[0, 0] nrCdrxCfgRatio[]=[0,0] nrCdrxActRatio[]=[0,0] nUlDlLayerSim0Ratio[]=[0,0,0,0,0,0,0,0] nUlDlLayerSim1Ratio[]=[0,0,0,0,0,0,0,0] nrCaRatio[]=[0,0] nBwpSim0Ratio[]=[0,0,0,0,0,0,0,0,0,0] nBwpSim1Ratio[]=[0,0,0,0,0,0,0,0,0,0] dsdsRatio[]=[0,0] drdsdsRatio[]=[0,0] dsdaRatio[]=[0,0] drdsdaRatio[]=[0,0] maxCCCfgT[]=[0, 0] maxCCCfgRatio[]=[0,0] maxCCSentC[]=[0, 0] maxMimoCfgT[]=[0, 0] maxMimoCfgRatio[]=[0,0] maxMimoSentC[]=[0, 0] releasePreferCfgT[]=[0, 0] releasePreferCfgRatio[]=[0,0] release2IdleSentC[]=[0, 0] release2OutOfConnectSentC[]=[0, 0] releaseSentC[]=[0, 0] wusCfgT[]=[0, 0] wusCfgRatio[]=[0,0] wus0CfgC[]=[0, 0] wus1fgC[]=[0, 0] skipUlTxCfgT[]=[0, 0] skipUlTxCfgRatio[]=[0,0] skipUl
10-23 09:46:57.514 D/BatteryStatsImplExtImpl( 1875): , endc=0
10-23 09:46:57.515 D/OplusFeatureEdrEnhanceBrightness( 1875): onReceive battery level=78 last=79
10-23 09:46:57.526 I/OplusStorageManagerFeature( 1875): TmemoryBetterySwitch: level=78 state=2
10-23 09:46:57.527 I/OplusStorageManagerFeature( 1875): TmemoryBetterySwitch: action=0 state=2
10-23 09:46:57.527 D/JobScheduler.BattIdle( 1875): mPowerIncrease set true.
10-23 09:46:57.527 W/JobScheduler.BattIdle( 1875): mPluged = false, but BatteryLevel is increase!
10-23 09:46:57.528 W/ProcessStats( 1875): Tracking association SourceState{b148c31 com.oplus.statistics.rom/10085 BFgs #85401} whose proc state 4 is better than process ProcessState{99c2c2c com.heytap.market/10087 pkg=com.heytap.market} proc state 14 (135 skipped)
10-23 09:46:57.530 D/OplusBatteryManager( 1875): getPsyBatteryRm: 2578
10-23 09:46:57.541 W/SettingsStatsUtil( 1875): Can not parse value to float: gps,network
10-23 09:46:57.737 D/ProcessCpuTrackerExtImpl( 1875): mContext is already set, return now! 
10-23 09:46:57.751 W/ActivityManager( 1875): Stale PhantomProcessRecord {eaf7b8f 24034:23633:com.xingin.xhs:widgetProvider/u0a278}, removing
10-23 09:47:24.296 D/PowerMonitorNotifier( 2449): handleMessage: 20/0
10-23 09:47:25.557 D/MiscManager(15035): error ! ReadBreathLightTime not support.
10-23 09:47:25.596 W/ContextImpl(15035): Calling a method in the system process without a qualified user: android.app.ContextImpl.bindService:2032 android.content.ContextWrapper.bindService:871 com.oplus.powermonitor.standbymonitor.powerstats.modem.MpssActivityMonitor.connectService:36 com.oplus.powermonitor.standbymonitor.powerstats.modem.MpssActivityMonitor.access$200:0 com.oplus.powermonitor.standbymonitor.powerstats.modem.MpssActivityMonitor$WorkHandler.handleMessage:52 
10-23 09:47:25.599 D/CompatibilityChangeReporter( 1875): Compat change id reported: 261072174; UID 1000; state: ENABLED
10-23 09:47:49.367 D/UsageStatsService( 1875): User[0] type=0 b=1761226075062 e=1761227269365 cb=1761146447435 ce=1761227185428 disk=0 all=5
10-23 09:47:58.524 D/ProcessCpuTrackerExtImpl( 1875): mContext is already set, return now! 
10-23 09:47:58.537 W/ActivityManager( 1875): Stale PhantomProcessRecord {5a75f0c 24034:23633:com.xingin.xhs:widgetProvider/u0a278}, removing
10-23 09:48:03.583 I/keystore2(  709): system/security/keystore2/src/watchdog.rs:319 - Watchdog thread idle -> terminating. Have a great day.
10-23 09:48:04.396 D/OplusProxyWakeLock( 1875): add uid: 10280 wakelock: lock:38226538 PARTIAL_WAKE_LOCK              'Platf' (uid=10280 pid=14537) to proxyedWakeLock list
10-23 09:48:04.398 V/AlarmManager( 1875): sending alarm Alarm{9032b5b type 3 origWhen 113171000 whenElapsed 113171000 android} uid 1000 whenElapsed 113171000 windowLength 0 maxWhenElapsed 113171000 repeatInterval 0 action null component null tag StatsCompanionService.periodic flags 0x9 procName system_server
10-23 09:48:04.400 V/AlarmManager( 1875): sending alarm Alarm{f15ff8 type 3 origWhen 113199269 whenElapsed 113199269 android} uid 1000 whenElapsed 113199269 windowLength 0 maxWhenElapsed 113199269 repeatInterval 0 action null component null tag TIME_TICK flags 0x9 procName system_server
10-23 09:48:04.403 D/OplusProxyWakeLock( 1875): restore uid: 10280 wakelock: lock:38226538 PARTIAL_WAKE_LOCK              'Platf' (uid=10280 pid=14537)  from proxyedWakeLock list.
10-23 09:48:04.408 V/AlarmManager( 1875): sending alarm Alarm{4d883a4 type 2 origWhen 113263646 whenElapsed 113263646 com.tencent.mm} uid 10280 whenElapsed 113263646 windowLength 0 maxWhenElapsed 113263646 repeatInterval 0 action ALARM_ACTION(10000) component null flags 0x9 procName com.tencent.mm:push
10-23 09:48:04.416 D/CommSceneService( 1875): notify align tick changed state=1
10-23 09:48:04.419 D/OSysNetControlService( 1875): handle comm scene=1006 state=1 phoneId=-1
10-23 09:48:04.430 W/ProcessStats( 1875): Tracking association SourceState{d27c70 com.nearme.instant.platform:provider/10115 BFgs #85403} whose proc state 4 is better than process ProcessState{310b7e5 com.oppo.instant.local.service/10113 pkg=com.oppo.instant.local.service} proc state 8 (1 skipped)
10-23 09:48:04.443 E/OplusCustomizeRestrictionManagerService( 1875): isBiometricDisabled start
10-23 09:48:04.446 D/AppProfilerExtImpl( 1875): Skipped pss collection for CPU busy
10-23 09:48:14.594 W/ProcessStats( 1875): Tracking association SourceState{d27c70 com.nearme.instant.platform:provider/10115 BFgs #85407} whose proc state 4 is better than process ProcessState{310b7e5 com.oppo.instant.local.service/10113 pkg=com.oppo.instant.local.service} proc state 8 (5 skipped)
10-23 09:48:30.757 E/OplusAthenaAm( 1875): AthenaAmManagerInternal transact code hello:12,flags:0
10-23 09:48:33.206 D/OplusAlarmAdjustment( 1875): alignAlarmsByUid(), uid=10155, pkgName=com.coloros.sharescreen, actions=null, procs=null, requester=1
10-23 09:48:33.207 D/OplusAlarmAdjustMap( 1875): addAlignUid, uid=10155, pkgName=com.coloros.sharescreen, requester=1, mode=1
10-23 09:48:33.210 D/OplusAlarmAdjustment( 1875): alignAlarmsByUid(), uid=10192, pkgName=com.android.wallpaper.livepicker, actions=null, procs=null, requester=1
10-23 09:48:33.212 D/OplusAlarmAdjustMap( 1875): addAlignUid, uid=10192, pkgName=com.android.wallpaper.livepicker, requester=1, mode=1
10-23 09:48:33.216 D/OplusAlarmAdjustment( 1875): alignAlarmsByUid(), uid=10313, pkgName=com.oplus.aiunit, actions=null, procs=null, requester=1
10-23 09:48:33.217 D/OplusAlarmAdjustMap( 1875): addAlignUid, uid=10313, pkgName=com.oplus.aiunit, requester=1, mode=1
10-23 09:48:33.218 D/OplusAlarmAdjustment( 1875): alignAlarmsByUid(), uid=10344, pkgName=com.oplus.dmp, actions=null, procs=null, requester=1
10-23 09:48:33.218 D/OplusAlarmAdjustMap( 1875): addAlignUid, uid=10344, pkgName=com.oplus.dmp, requester=1, mode=1
10-23 09:48:51.751 W/AlarmManager( 1875): Window length 1383505805511192576ms too long; limiting to 1 day
10-23 09:49:04.593 D/ProcessCpuTrackerExtImpl( 1875): mContext is already set, return now! 
10-23 09:49:04.605 W/ActivityManager( 1875): Stale PhantomProcessRecord {75a2673 24034:23633:com.xingin.xhs:widgetProvider/u0a278}, removing
10-23 09:49:07.308 I/keystore2(  709): system/security/keystore2/src/watchdog.rs:319 - Watchdog thread idle -> terminating. Have a great day.
10-23 09:49:46.787 V/AlarmManager( 1875): sending alarm Alarm{e8fae60 type 3 origWhen 113291000 whenElapsed 113291000 android} uid 1000 whenElapsed 113291000 windowLength 0 maxWhenElapsed 113291000 repeatInterval 0 action null component null tag StatsCompanionService.periodic flags 0x9 procName system_server
10-23 09:49:46.788 V/AlarmManager( 1875): sending alarm Alarm{88eaf19 type 3 origWhen 113319268 whenElapsed 113319268 android} uid 1000 whenElapsed 113319268 windowLength 0 maxWhenElapsed 113319268 repeatInterval 0 action null component null tag TIME_TICK flags 0x9 procName system_server
10-23 09:49:46.791 V/AlarmManager( 1875): sending alarm Alarm{bb1508c type 0 origWhen 1761227386787 whenElapsed 113366055 com.heytap.mcs} uid 1000 whenElapsed 113366055 windowLength 0 maxWhenElapsed 113366055 repeatInterval 0 action com.heytap.mcs.action component null flags 0x9 procName com.heytap.mcs
10-23 09:49:46.803 W/ProcessStats( 1875): Tracking association SourceState{1fb4af6 com.heytap.htms:cloudctrl/10143 BFgs #85413} whose proc state 4 is better than process ProcessState{70b6ba5 com.heytap.htms/10143 pkg=com.heytap.htms} proc state 9 (5 skipped)
10-23 09:49:46.863 E/OplusCustomizeRestrictionManagerService( 1875): isBiometricDisabled start
10-23 09:49:49.367 D/UsageStatsService( 1875): User[0] type=0 b=1761227183898 e=1761227389365 cb=1761146447435 ce=1761227284426 disk=0 all=1
10-23 09:49:51.227 I/ActivityManager( 1875): Process com.oplus.romupdate (pid 11601) has died: cch+35 CEM 
10-23 09:49:51.240 E/OAPM    ( 1875): activity preload is not enabled
10-23 09:49:51.242 D/DisplayManagerService( 1875): Drop pending events for gone uid 10150
10-23 09:49:57.271 W/ProcessStats( 1875): Tracking association SourceState{b148c31 com.oplus.statistics.rom/10085 BFgs #85420} whose proc state 4 is better than process ProcessState{99c2c2c com.heytap.market/10087 pkg=com.heytap.market} proc state 14 (7 skipped)
10-23 09:50:13.758 W/BatteryStatsService( 1875): Unknown sensor handle 76 received in noteWakeupSensorEvent
10-23 09:50:13.776 E/OplusCustomizeRestrictionManagerService( 1875): isBiometricDisabled start
10-23 09:50:13.781 E/OplusCustomizeRestrictionManagerService( 1875): isBiometricDisabled start
10-23 09:50:13.782 D/LockSettingsService( 1875): [getStrongAuthForUser]  userId = 0
10-23 09:50:13.782 D/BiometricUtils( 1875): isEncrypted: false isLockdown: false
10-23 09:50:13.784 D/BiometricScheduler/Fingerprint21( 1875): [Added] {[172] com.android.server.biometrics.sensors.fingerprint.hidl.FingerprintUpdateActiveUserClient, proto=1, owner=android, cookie=0, requestId=-1, userId=0}, new queue size: 1, interruptable: false
10-23 09:50:13.784 D/BiometricScheduler/Fingerprint21( 1875): [Polled] {[172] com.android.server.biometrics.sensors.fingerprint.hidl.FingerprintUpdateActiveUserClient, proto=1, owner=android, cookie=0, requestId=-1, userId=0}, State: 0
10-23 09:50:13.784 D/BiometricScheduler/Fingerprint21( 1875): [Started] {[172] com.android.server.biometrics.sensors.fingerprint.hidl.FingerprintUpdateActiveUserClient, proto=1, owner=android, cookie=0, requestId=-1, userId=0}
10-23 09:50:13.784 D/FingerprintUpdateActiveUserClient( 1875): Already user: com.android.server.biometrics.sensors.fingerprint.hidl.Fingerprint21$$ExternalSyntheticLambda1@268c7c1, returning
10-23 09:50:13.785 D/BiometricSchedulerOperation( 1875): [Finished / destroy]: {[172] com.android.server.biometrics.sensors.fingerprint.hidl.FingerprintUpdateActiveUserClient, proto=1, owner=android, cookie=0, requestId=-1, userId=0}
10-23 09:50:13.785 V/BiometricSchedulerOperation( 1875): started: {[172] com.android.server.biometrics.sensors.fingerprint.hidl.FingerprintUpdateActiveUserClient, proto=1, owner=android, cookie=0, requestId=-1, userId=0}, State: 5
10-23 09:50:13.790 D/BiometricScheduler/Fingerprint21( 1875): [Added] {[173] com.android.server.biometrics.sensors.fingerprint.hidl.FingerprintAuthenticationClient, proto=3, owner=com.android.systemui, cookie=0, requestId=68, userId=0}, new queue size: 1, interruptable: true
10-23 09:50:13.790 V/BiometricScheduler/Fingerprint21( 1875): Not idle, current operation: {[172] com.android.server.biometrics.sensors.fingerprint.hidl.FingerprintUpdateActiveUserClient, proto=1, owner=android, cookie=0, requestId=-1, userId=0}, State: 5
10-23 09:50:13.791 D/BiometricScheduler/Fingerprint21( 1875): [Finishing] {[172] com.android.server.biometrics.sensors.fingerprint.hidl.FingerprintUpdateActiveUserClient, proto=1, owner=android, cookie=0, requestId=-1, userId=0}, success: true
10-23 09:50:13.791 D/BiometricScheduler/Fingerprint21( 1875): [Polled] {[173] com.android.server.biometrics.sensors.fingerprint.hidl.FingerprintAuthenticationClient, proto=3, owner=com.android.systemui, cookie=0, requestId=68, userId=0}, State: 0
10-23 09:50:13.792 D/GestureAvailabilityTracker( 1875): Notifying gesture availability, active=false
10-23 09:50:13.792 D/BiometricScheduler/Fingerprint21( 1875): [Started] {[173] com.android.server.biometrics.sensors.fingerprint.hidl.FingerprintAuthenticationClient, proto=3, owner=com.android.systemui, cookie=0, requestId=68, userId=0}
10-23 09:50:13.793 D/BiometricStateCallback( 1875): State updated from 0 to 2, client {[173] com.android.server.biometrics.sensors.fingerprint.hidl.FingerprintAuthenticationClient, proto=3, owner=com.android.systemui, cookie=0, requestId=68, userId=0}
10-23 09:50:13.793 D/Biometrics/AuthenticationClient( 1875): Requesting auth for com.android.systemui
10-23 09:50:13.794 D/Biometrics/Fingerprint/UdfpsHelperExtImpl( 1875): preShowUdfpsOverlay sensor:0 reason:4
10-23 09:50:13.794 D/VRR [OPlusExternalRefreshRateManager]( 1875): setStatus with: 1
10-23 09:50:13.794 D/VRR [OPlusExternalRefreshRateManager]( 1875): setStatus from 0 to 1
10-23 09:50:13.795 D/VRR [OPlusExternalRefreshRateManager]( 1875): max rate from mRefreshRateConfigs is 120.00001, change to 120hz for fingerprint
10-23 09:50:13.795 D/VRR [OPlusExternalRefreshRateManager]( 1875): keep max rate is: 120.0
10-23 09:50:13.795 D/VRR [OPlusSurfaceFlingerController]( 1875):  setMiscExclusiveMode : 120
10-23 09:50:13.798 D/VRR [OPlusExternalRefreshRateManager]( 1875): setTouchIdleKeepHight enable: true
10-23 09:50:13.798 D/RefreshRate( 1875): keepHighRefreshRate =1,mCurrentPickRate=120.00001
10-23 09:50:13.799 D/RefreshRate( 1875): keepHighRefreshRate status=1: votes=PRIORITY_FOD_SHOW -> Vote{mRefreshRate=120.0, mMinRefreshRate=120.0};PRIORITY_WINDOW_REQUEST -> Vote{mRefreshRate=120.0, mMinRefreshRate=120.0};
10-23 09:50:13.802 D/OplusUserManagerServiceEnhance( 1875): getMultiSystemUserId  res = -10000
10-23 09:50:13.803 V/BiometricSchedulerOperation( 1875): started: {[173] com.android.server.biometrics.sensors.fingerprint.hidl.FingerprintAuthenticationClient, proto=3, owner=com.android.systemui, cookie=0, requestId=68, userId=0}, State: 2
10-23 09:50:13.818 D/OplusFeatureAOD( 1875): key:1875 tmp:3
10-23 09:50:13.818 D/DisplayPowerController[0]( 1875): requestPowerState: policy=DOZE, useProximitySensor=false, screenBrightnessOverride=-1.0, useAutoBrightness=false, screenAutoBrightnessAdjustmentOverride=NaN, screenLowPowerBrightnessFactor=0.5, blockScreenOn=false, lowPowerMode=false, boostScreenBrightness=false, dozeScreenBrightness=NaN, dozeScreenState=DOZE, waitForNegativeProximity=false displayReady=false pendingRequest=true
10-23 09:50:13.819 D/DisplayManagerServiceExtImpl( 1875): request size(1,1),dpc=com.android.server.display.DisplayPowerController@3728398 size(0,2),flags=0X200F,id(0,0,local:4627039422300187648),enable=true,ready=false,waitForNegativeProximity=false policy=DOZE,useProximitySensor=false,dozeState=DOZE,screenBrightnessOverride=-1.000000,useAuto=false,lowPower=false,lowPowerFactor=0.500000
10-23 09:50:13.820 D/VRR [OPlusRefreshRateService]( 1875): handleScreenStateChange state: 3
10-23 09:50:13.824 D/BackLightStat( 1875): setScreenState: state changed:OFF->DOZE
10-23 09:50:13.825 D/DisplayPowerState[0]( 1875): setColorFadeLevel: level=1.0
10-23 09:50:13.827 D/OplusSmartBrightnessController( 1875): add for debug Aod brightness set 1.0
10-23 09:50:13.828 D/DisplayPowerState[0]( 1875): Updating screen state: id=0, state=DOZE, backlight=1.0, sdrBacklight=1.0
10-23 09:50:13.830 V/WindowManager( 1875): Relayout Window{9efaa5c u0 OnScreenFingerprintIcon}: viewVisibility=0, oldvis=8, req=1080x1080, vsysui=
10-23 09:50:13.830 I/WindowManager( 1875): Window{9efaa5c u0 OnScreenFingerprintIcon} state from NO_SURFACE to DRAW_PENDING; reason: resetDrawState
10-23 09:50:13.831 D/OplusSmartBrightnessController( 1875): requestDisplayState isFirstDisplay=true state=3 globalDisplayState=0x3
10-23 09:50:13.831 D/LocalDisplayAdapter( 1875): setDisplayState(id=4627039422300187648 isFirstDisplay=true state changed:OFF->DOZE) t-Name=PhotonicModulator
10-23 09:50:13.831 I/DisplayDeviceRepository( 1875): Display device changed state: "", DOZE
10-23 09:50:13.832 D/LogicalDisplayExt( 1875): set displayInfo flag FLAG_ROTATES_WITH_CONTENT
10-23 09:50:13.834 D/DisplayManagerServiceExtImpl( 1875): scheduleTraversalLocked intraversal=false
10-23 09:50:13.834 I/DisplayManagerServiceExtImpl( 1875): handle logical display changed logicalDisplay=id=0,stack=0,content=true,displayInfo{stack=0,type=1,id=0,uId=local:4627039422300187648,state=DOZE,pkg=null}
10-23 09:50:13.835 D/DisplayManagerService( 1875): Delivering display event: displayId=0, event=2
10-23 09:50:13.840 D/DisplayManagerService( 1875): performTraversalInternal pendingTraversal
10-23 09:50:13.840 D/DisplayDevice( 1875): setLayerStackLocked id=local:4627039422300187648 token=android.os.BinderProxy@f26bdc8 stack=-1->0
10-23 09:50:13.840 I/DisplayDevice( 1875): [0] Layerstack set to 0 for local:4627039422300187648
10-23 09:50:13.840 D/DisplayDevice( 1875): setLayerStackLocked id=virtual:com.android.shell,2000,scrcpy,0 token=android.os.BinderProxy@8396532 stack=5->5
10-23 09:50:13.841 I/WallpaperManagerServiceExt( 1875): removeDisplayData. displayId = 0
10-23 09:50:13.844 D/DisplayManagerService( 1875): Ignore redundant display event 0/2 to 10173/7544
10-23 09:50:13.844 D/DisplayManagerService( 1875): Ignore redundant display event 0/2 to 10080/7615
10-23 09:50:13.844 D/DisplayManagerService( 1875): Ignore redundant display event 0/2 to 10088/8440
10-23 09:50:13.845 D/DisplayManagerService( 1875): Ignore redundant display event 0/2 to 10344/10718
10-23 09:50:13.846 D/DisplayManagerService( 1875): Ignore redundant display event 0/2 to 10220/21242
10-23 09:50:13.846 D/DisplayManagerService( 1875): Ignore redundant display event 0/2 to 10153/21949
10-23 09:50:13.847 D/DisplayManagerService( 1875): Ignore redundant display event 0/2 to 10190/27866
10-23 09:50:13.847 D/DisplayManagerService( 1875): MSG_REQUEST_TRAVERSAL pendingCompleted=false
10-23 09:50:13.850 V/BiometricLogger( 1875): Acquired! Modality: 1, User: 0, IsCrypto: false, Action: 2, Client: 1, AcquiredInfo: 6, VendorCode: 6
10-23 09:50:13.850 V/Biometrics/AcquisitionClient( 1875): Acquired: 6 6, shouldSend: true
10-23 09:50:13.851 W/FingerprintManager( 2574): Invalid acquired message: 6, 6
10-23 09:50:13.867 D/OplusVFXScreenEffectFeature( 1875): notifySFCompatWindowStateChange entered false
10-23 09:50:13.868 D/FlexibleWindowManager( 1875): physicalDisplayChangedForFlexibleWindow displayId 0, current display info 1080 x 2412, new display info 1080 x 2412
10-23 09:50:13.868 D/FlexibleTaskController( 1875): onDisplayChanged displayId#0 ,cur:1080x2412 ,new:1080x2412
10-23 09:50:13.868 D/FlexibleTaskController( 1875): onDisplayChanged displayId not support flexible.
10-23 09:50:13.868 D/FlexibleWindowManager( 1875): physicalDisplayChangedForFlexibleWindow return for unsupported devices
10-23 09:50:13.884 V/WindowManager( 1875): Relayout Window{b8c0ee1 u0 OnScreenFingerprintPressedIcon}: viewVisibility=0, oldvis=8, req=187x187, vsysui=
10-23 09:50:13.884 I/WindowManager( 1875): Window{b8c0ee1 u0 OnScreenFingerprintPressedIcon} state from NO_SURFACE to DRAW_PENDING; reason: resetDrawState
10-23 09:50:13.899 I/WindowManager( 1875): Window{9efaa5c u0 OnScreenFingerprintIcon} state from DRAW_PENDING to COMMIT_DRAW_PENDING; reason: finishDrawingLocked
10-23 09:50:13.904 I/WindowManager( 1875): Window{9efaa5c u0 OnScreenFingerprintIcon} state from COMMIT_DRAW_PENDING to READY_TO_SHOW; reason: commitFinishDrawingLocked
10-23 09:50:13.904 I/WindowManager( 1875): Window{9efaa5c u0 OnScreenFingerprintIcon} state from READY_TO_SHOW to HAS_DRAWN; reason: performShowLocked
10-23 09:50:13.920 I/WindowManager( 1875): Window{b8c0ee1 u0 OnScreenFingerprintPressedIcon} state from DRAW_PENDING to COMMIT_DRAW_PENDING; reason: finishDrawingLocked
10-23 09:50:13.923 I/WindowManager( 1875): Window{b8c0ee1 u0 OnScreenFingerprintPressedIcon} state from COMMIT_DRAW_PENDING to READY_TO_SHOW; reason: commitFinishDrawingLocked
10-23 09:50:13.923 I/WindowManager( 1875): Window{b8c0ee1 u0 OnScreenFingerprintPressedIcon} state from READY_TO_SHOW to HAS_DRAWN; reason: performShowLocked
10-23 09:50:14.072 D/OplusScreenOffTorchHelper( 1875): not handle with turnOff,mFlashLightEnable = false,mFlashLightAvailable=true,mCameraId = 0
10-23 09:50:14.073 I/OplusJoystickManager( 1875): read game pad state for game manager -> false
10-23 09:50:14.073 W/OplusJoystickManager( 1875): mInterceptGamepadKey is false
10-23 09:50:14.073 D/OplusCustomizeRestrictionManagerService( 1875): isLongPressVolumeUpDisabled start
10-23 09:50:14.074 D/StrategyBlackscreenshot( 1875): notifyKeyBeforeQueueing, event=KeyEvent { action=ACTION_DOWN, keyCode=KEYCODE_POWER, scanCode=116, metaState=0, flags=0x8, repeatCount=0, eventTime=70173499613000, downTime=70173499613000, deviceId=4, source=0x101, displayId=-1 }, interactive=false
10-23 09:50:14.084 E/Orms_ManagerInner( 1875): cannot connect to orms core service!
10-23 09:50:14.086 D/OplusPowerManagerHelper( 1875): [isFaceAutoUnlockEnabled]
10-23 09:50:14.087 E/OplusCustomizeRestrictionManagerService( 1875): isBiometricDisabled start
10-23 09:50:14.087 E/Biometrics_DEBUG( 1875): execute mBlockReasonList.clear
10-23 09:50:14.087 I/DisplayManagerService( 1875): unblockScreenOnByBiometrics displayId = 0
10-23 09:50:14.087 D/OplusFeatureAOD( 1875): notifySfUnBlockScreenOn
10-23 09:50:14.088 D/OplusPowerManagerHelper( 1875): scheduleNotifyStopDream
10-23 09:50:14.089 D/OplusPowerManagerHelper( 1875): [onWakeUp]
10-23 09:50:14.089 E/OplusCustomizeRestrictionManagerService( 1875): isBiometricDisabled start
10-23 09:50:14.089 D/OplusPowerManagerHelper( 1875): handleMessage:102
10-23 09:50:14.089 D/OplusPowerManagerHelper( 1875): [requestKeyguard]
10-23 09:50:14.090 D/OplusPowerManagerHelper( 1875): MSG_STOP_DEAM
10-23 09:50:14.090 I/DreamManagerService( 1875): Leaving dreamland.
10-23 09:50:14.090 I/PowerGroup( 1875): Waking up power group from Dozing (groupId=0, uid=1000, reason=WAKE_REASON_POWER_BUTTON, details=android.policy:POWER)...
10-23 09:50:14.090 D/PowerManagerService( 1875): userActivityNoUpdateLocked: groupId=0, eventTime=70173499, event=other, flags=0x0, uid=1000
10-23 09:50:14.091 I/PowerManagerService( 1875): Waking up from Dozing (uid=1000, reason=WAKE_REASON_POWER_BUTTON, details=android.policy:POWER)...
10-23 09:50:14.094 D/OplusVFXScreenEffectFeature( 1875): notifySFUpdateVFXEffectState state VFX_SCREEN_POWER_ON NeedNotify true
10-23 09:50:14.096 E/ActivityManager( 1875): Cancel pending or running compactions as system is awake
10-23 09:50:14.096 D/OplusScreenOffTorchHelper( 1875): onWakeUp
10-23 09:50:14.097 D/DisplayPowerController[0]( 1875): requestPowerState: policy=BRIGHT, useProximitySensor=false, screenBrightnessOverride=-1.0, useAutoBrightness=false, screenAutoBrightnessAdjustmentOverride=NaN, screenLowPowerBrightnessFactor=0.5, blockScreenOn=false, lowPowerMode=false, boostScreenBrightness=false, dozeScreenBrightness=NaN, dozeScreenState=UNKNOWN, waitForNegativeProximity=false displayReady=false pendingRequest=true
10-23 09:50:14.097 D/DisplayManagerServiceExtImpl( 1875): request size(1,1),dpc=com.android.server.display.DisplayPowerController@3728398 size(0,2),flags=0X200F,id(0,0,local:4627039422300187648),enable=true,ready=false,waitForNegativeProximity=false policy=BRIGHT,useProximitySensor=false,dozeState=UNKNOWN,screenBrightnessOverride=-1.000000,useAuto=false,lowPower=false,lowPowerFactor=0.500000
10-23 09:50:14.098 D/OplusFeatureAOD( 1875): clearDozeStateMap
10-23 09:50:14.098 D/OplusSmartBrightnessController( 1875): onScreenEvent isScreenOn displayId[0]=true isFolding=false policy=BRIGHT
10-23 09:50:14.099 D/PowerManagerService( 1875): userActivityNoUpdateLocked: groupId=0, eventTime=70173499, event=button, flags=0x0, uid=1000
10-23 09:50:14.099 D/VRR [OPlusRefreshRateService]( 1875): handleScreenStateChange state: 2
10-23 09:50:14.100 D/DisplayPowerState[0]( 1875): setScreenState: state=2
10-23 09:50:14.100 D/BackLightStat( 1875): setScreenState: state changed:DOZE->ON
10-23 09:50:14.101 D/WindowManager( 1875): screenTurnedOn  Display{#0 state=DOZE size=1080x2412 ROTATION_0}
10-23 09:50:14.101 I/OplusSmartBrightnessController( 1875): handleMessage MSG_UPDATE_BRIGHTNESS_NO_ANIMATION changed:true
10-23 09:50:14.103 I/DreamController( 1875): Stopping dream: name=ComponentInfo{com.android.systemui/com.android.systemui.doze.DozeService}, isPreviewMode=false, canDoze=true, userId=0, reason='requested stopDream from power'
10-23 09:50:14.104 W/ProcessStats( 1875): Tracking association SourceState{b148c31 com.oplus.statistics.rom/10085 BFgs #85422} whose proc state 4 is better than process ProcessState{99c2c2c com.heytap.market/10087 pkg=com.heytap.market} proc state 14 (0 skipped)
10-23 09:50:14.108 D/OplusAlarmAdjustment( 1875): unproxyAlarmsByUid(), uid=10374, pkgName=com.example.translatorapp, requester=1
10-23 09:50:14.108 W/ContextImpl( 1875): Calling a method in the system process without a qualified user: android.app.ContextImpl.sendBroadcast:1232 com.android.server.am.OplusAppStartupConfig.handleCountRestrictedList:1385 com.android.server.am.OplusAppStartupManager.updateScreenStatus:5102 com.android.server.OplusSysStateManager$LocalService.onWakefulnessChanged:417 com.android.server.power.NotifierExtImpl.onWakefulnessChanged:130 
10-23 09:50:14.110 D/OAppNetControlService( 1875): Hans update:[10374=false][1|1] blackList:[10190, 10241, 10278, 10240, 10232, 10088, 10051]
10-23 09:50:14.110 D/NotifierExtImpl( 1875): notifyScreenOnOff: on = true
10-23 09:50:14.110 D/OplusPowerManagerServiceEnhance( 1875): notifyScreenOnOff on=true
10-23 09:50:14.115 D/OplusVFXScreenEffectFeature( 1875):  setColorFadeLevel 1.0
10-23 09:50:14.115 D/OplusVFXScreenEffectFeature( 1875): notifySFUpdateVFXEffectState state BRIGHTNESS_CHANGED NeedNotify false
10-23 09:50:14.116 I/ColorAutomaticBrightnessController( 1875): updateAutoBrightness: Auto, sendUpdate = false adjustment=4134.000000,changed:12->71,modified:12->12->71,changed=true,cameraMode=-1,ProximityNear=false
10-23 09:50:14.116 D/OplusSmartBrightnessController( 1875): wakeup displayId[0]=6400 -> 0
10-23 09:50:14.116 I/OplusSmartBrightnessController( 1875): setPowerOnRealTimeBrightness 4134.0
10-23 09:50:14.116 D/OplusFeatureHDREnhanceBrightness( 1875): setAnimating : displayId[0]=false
10-23 09:50:14.116 D/OplusFeatureReduceBrightness( 1875): setAnimating : animating = false
10-23 09:50:14.116 D/OplusFeatureEdrEnhanceBrightness( 1875): setAnimating: false
10-23 09:50:14.116 D/OplusFeaturePwEdrEnhanceBrightness( 1875): setAnimating: false
10-23 09:50:14.116 I/OplusSmartBrightnessController( 1875): handleMessage MSG_SET_SETTINGS_MIN_BRI_PREVIEW false
10-23 09:50:14.116 W/OplusStorageManagerFeature( 1875): turn screenOn, maintPrepared:false
10-23 09:50:14.116 D/DpcExtImpl[0]( 1875): Animating brightness: target=0->4134,rate=6400->0,type=temperature,byUse=false local:4627039422300187648
10-23 09:50:14.117 D/DisplayPowerController[0]( 1875): updatePowerStateInternal policy:DOZE->BRIGHT,state:DOZE->ON policy=BRIGHT, useProximitySensor=false, screenBrightnessOverride=-1.0, useAutoBrightness=false, screenAutoBrightnessAdjustmentOverride=NaN, screenLowPowerBrightnessFactor=0.5, blockScreenOn=false, lowPowerMode=false, boostScreenBrightness=false, dozeScreenBrightness=NaN, dozeScreenState=UNKNOWN
10-23 09:50:14.119 W/ContextImpl( 1875): Calling a method in the system process without a qualified user: android.app.ContextImpl.sendBroadcast:1247 com.android.server.policy.PhoneWindowManagerExtImpl$4.run:1373 java.lang.Thread.run:1012 <bottom of call stack> <bottom of call stack> 
10-23 09:50:14.122 D/vold    (  593): idle maintenance stopped
10-23 09:50:14.128 D/OplusAlarmAdjustment( 1875): unalignAlarmsByUid(), uid=10155, pkgName=com.coloros.sharescreen, actions=null, procs=null, requester=1
10-23 09:50:14.128 D/OplusUserManagerServiceEnhance( 1875): getMultiSystemUserId  res = -10000
10-23 09:50:14.130 D/OplusAlarmAdjustment( 1875): unalignAlarmsByUid(), uid=10192, pkgName=com.android.wallpaper.livepicker, actions=null, procs=null, requester=1
10-23 09:50:14.131 D/OplusUserManagerServiceEnhance( 1875): getMultiSystemUserId  res = -10000
10-23 09:50:14.138 D/OplusAlarmAdjustment( 1875): unalignAlarmsByUid(), uid=10313, pkgName=com.oplus.aiunit, actions=null, procs=null, requester=1
10-23 09:50:14.141 V/AlarmManager( 1875): sending alarm Alarm{e95dfdd type 3 origWhen 113379268 whenElapsed 113379268 android} uid 1000 whenElapsed 113379268 windowLength 0 maxWhenElapsed 113379268 repeatInterval 0 action null component null tag TIME_TICK flags 0x9 procName system_server
10-23 09:50:14.144 D/NAS-CallIssueController[0]( 2844): ActionsExecuteStateMachine recv msg:5
10-23 09:50:14.144 D/NAS-CallIssueController[1]( 2844): ActionsExecuteStateMachine recv msg:5
10-23 09:50:14.153 I/DisplayDeviceRepository( 1875): Display device changed state: "", DOZE
10-23 09:50:14.154 D/LogicalDisplayExt( 1875): set displayInfo flag FLAG_ROTATES_WITH_CONTENT
10-23 09:50:14.154 D/OplusAlarmAdjustMap( 1875): removeProxyUid, uid=10374, requester=1
10-23 09:50:14.154 D/OplusAlarmAdjustMap( 1875): removeAlignUid, uid=10155, requester=1
10-23 09:50:14.154 D/OplusAlarmAdjustMap( 1875): removeAlignUid, uid=10192, requester=1
10-23 09:50:14.154 D/OplusAlarmAdjustMap( 1875): removeAlignUid, uid=10313, requester=1
10-23 09:50:14.155 D/DeviceStateProviderImpl( 1875): keyguard show or sleep: true mLastReportedState 0
10-23 09:50:14.156 D/DisplayManagerServiceExtImpl( 1875): scheduleTraversalLocked intraversal=false
10-23 09:50:14.156 I/DisplayManagerServiceExtImpl( 1875): handle logical display changed logicalDisplay=id=0,stack=0,content=true,displayInfo{stack=0,type=1,id=0,uId=local:4627039422300187648,state=DOZE,pkg=null}
10-23 09:50:14.157 D/DisplayManagerService( 1875): Delivering display event: displayId=0, event=2
10-23 09:50:14.160 D/WindowManager( 1875): mKeyguardDelegate.ShowListener.onDrawn.
10-23 09:50:14.171 D/DisplayManagerService( 1875): performTraversalInternal pendingTraversal
10-23 09:50:14.171 D/DisplayDevice( 1875): setLayerStackLocked id=local:4627039422300187648 token=android.os.BinderProxy@f26bdc8 stack=0->0
10-23 09:50:14.172 D/DisplayDevice( 1875): setLayerStackLocked id=virtual:com.android.shell,2000,scrcpy,0 token=android.os.BinderProxy@8396532 stack=5->5
10-23 09:50:14.174 V/MonthTrafficAlert( 2844): getWarningNotification subId:1 numWarningNotificaion:0
10-23 09:50:14.174 V/TrafficAlert( 2844): getLimitNotification subId:1 ,numLimitNotificaion:0
10-23 09:50:14.182 D/DisplayManagerService( 1875): Ignore redundant display event 0/2 to 10173/7544
10-23 09:50:14.182 D/DisplayManagerService( 1875): Ignore redundant display event 0/2 to 10080/7615
10-23 09:50:14.182 D/DisplayManagerService( 1875): Ignore redundant display event 0/2 to 10088/8440
10-23 09:50:14.182 D/DisplayManagerService( 1875): Ignore redundant display event 0/2 to 10344/10718
